2025-06-06 01:38:07,075 | INFO | ---------------------------------------------------------------------------
2025-06-06 01:38:07,076 | INFO | ⏳ Updating 'DRT-4614: KPIT_TC_FNC_FM_0638_0001'...
2025-06-06 01:38:07,077 | INFO | ---------------------------------------------------------------------------
2025-06-06 01:38:07,078 | INFO |   🔄 Updating fields for DRT-4614: 'KPIT_TC_FNC_FM_0638_0001...
2025-06-06 01:38:07,078 | INFO |     Failure Category : KITE Issue
2025-06-06 01:38:07,078 | INFO |     Failure Sub Category : Image Comparison
2025-06-06 01:38:07,079 | INFO |     Root Cause Details : Image Comparison failed with 79%
2025-06-06 01:38:07,079 | INFO |     Fixation Performed : NA
2025-06-06 01:38:08,393 | INFO |   ✅ Updated fields for DRT-4614: 'KPIT_TC_FNC_FM_0638_0001.
2025-06-06 01:38:08,393 | INFO | ---------------------------------------------------------------------------
2025-06-06 01:38:08,393 | INFO |   🔄 Commenting on DRT-4614: 'KPIT_TC_FNC_FM_0638_0001...
2025-06-06 01:38:08,393 | INFO |     Date : 27 May 2025 (1407 REL)
2025-06-06 01:38:08,395 | INFO |     Result : Fail
2025-06-06 01:38:08,395 | INFO |     Failure Category : KITE Issue
2025-06-06 01:38:08,395 | INFO |     Failure Sub Category : Image Comparison
2025-06-06 01:38:08,395 | INFO |     Root Cause Details : Image Comparison failed with 79%
2025-06-06 01:38:08,395 | INFO |     Fixation Performed : NA
2025-06-06 01:38:09,751 | INFO |   ✅ Commented on DRT-4614: 'KPIT_TC_FNC_FM_0638_0001.

2025-06-06 01:38:09,752 | INFO | ---------------------------------------------------------------------------
2025-06-06 01:38:10,117 | INFO | ---------------------------------------------------------------------------
2025-06-06 01:38:10,117 | INFO | ⏳ Updating 'DRT-4614: KPIT_TC_FNC_FM_0638_0001'...
2025-06-06 01:38:10,118 | INFO | ---------------------------------------------------------------------------
2025-06-06 01:38:10,119 | INFO |   🔄 Commenting on DRT-4614: 'KPIT_TC_FNC_FM_0638_0001...
2025-06-06 01:38:10,119 | INFO |     Date : 29 May 2025 (1408 DEV)
2025-06-06 01:38:10,119 | INFO |     Result : Pass
2025-06-06 01:38:11,235 | INFO |   ✅ Commented on DRT-4614: 'KPIT_TC_FNC_FM_0638_0001.

2025-06-06 01:38:11,237 | INFO | ---------------------------------------------------------------------------
