2025-06-06 01:41:01,922 | INFO | ---------------------------------------------------------------------------
2025-06-06 01:41:01,923 | INFO | ⏳ Updating 'DRT-4614: KPIT_TC_FNC_FM_0638_0001'...
2025-06-06 01:41:01,923 | INFO | ---------------------------------------------------------------------------
2025-06-06 01:41:01,925 | INFO |   🔄 Updating fields for DRT-4614: 'KPIT_TC_FNC_FM_0638_0001...
2025-06-06 01:41:01,926 | INFO |     Failure Category : KITE Issue
2025-06-06 01:41:01,927 | INFO |     Failure Sub Category : Image Comparison
2025-06-06 01:41:01,927 | INFO |     Root Cause Details : Image Comparison failed with 79%
2025-06-06 01:41:01,928 | INFO |     Fixation Performed : NA
2025-06-06 01:41:02,744 | INFO |   ✅ Updated fields for DRT-4614: 'KPIT_TC_FNC_FM_0638_0001.
2025-06-06 01:41:02,745 | INFO | ---------------------------------------------------------------------------
2025-06-06 01:41:02,746 | INFO |   🔄 Commenting on DRT-4614: 'KPIT_TC_FNC_FM_0638_0001...
2025-06-06 01:41:02,746 | INFO |     Date : 27 May 2025 (1407 REL)
2025-06-06 01:41:02,747 | INFO |     Result : Fail
2025-06-06 01:41:02,748 | INFO |     Failure Category : KITE Issue
2025-06-06 01:41:02,748 | INFO |     Failure Sub Category : Image Comparison
2025-06-06 01:41:02,750 | INFO |     Root Cause Details : Image Comparison failed with 79%
2025-06-06 01:41:02,750 | INFO |     Fixation Performed : NA
2025-06-06 01:41:03,443 | INFO |   ✅ Commented on DRT-4614: 'KPIT_TC_FNC_FM_0638_0001.
2025-06-06 01:41:03,444 | INFO | ---------------------------------------------------------------------------

2025-06-06 01:41:03,803 | INFO | ---------------------------------------------------------------------------
2025-06-06 01:41:03,804 | INFO | ⏳ Updating 'DRT-4614: KPIT_TC_FNC_FM_0638_0001'...
2025-06-06 01:41:03,804 | INFO | ---------------------------------------------------------------------------
2025-06-06 01:41:03,804 | INFO |   🔄 Commenting on DRT-4614: 'KPIT_TC_FNC_FM_0638_0001...
2025-06-06 01:41:03,805 | INFO |     Date : 29 May 2025 (1408 DEV)
2025-06-06 01:41:03,805 | INFO |     Result : Pass
2025-06-06 01:41:04,368 | INFO |   ✅ Commented on DRT-4614: 'KPIT_TC_FNC_FM_0638_0001.
2025-06-06 01:41:04,376 | INFO | ---------------------------------------------------------------------------

