2026-06-12 12:03:45,915 - INFO - Found 25 cycles matching BFA1509R0.260603.1
2026-06-12 12:04:37,017 - INFO - Fetched details for cycle CNTKPIT-C1663
2026-06-12 12:04:37,667 - INFO - Updated result for CNTKPIT-T4 in cycle CNTKPIT-C1663
2026-06-12 12:04:38,186 - INFO - Updated result for CNTKPIT-T20 in cycle CNTKPIT-C1663
2026-06-12 12:04:38,799 - INFO - Updated result for CNTKPIT-T29 in cycle CNTKPIT-C1663
2026-06-12 12:04:39,439 - INFO - Updated result for CNTKPIT-T30 in cycle CNTKPIT-C1663
2026-06-12 12:04:39,707 - INFO - Fetched details for cycle CNTKPIT-C1662
2026-06-12 12:04:40,265 - INFO - Updated result for CNTKPIT-T4 in cycle CNTKPIT-C1662
2026-06-12 12:04:40,736 - INFO - Updated result for CNTKPIT-T20 in cycle CNTKPIT-C1662
2026-06-12 12:04:41,328 - INFO - Updated result for CNTKPIT-T29 in cycle CNTKPIT-C1662
2026-06-12 12:04:42,023 - INFO - Updated result for CNTKPIT-T30 in cycle CNTKPIT-C1662
2026-06-12 12:04:42,281 - INFO - Fetched details for cycle CNTKPIT-C1661
2026-06-12 12:04:42,810 - INFO - Updated result for CNTKPIT-T4 in cycle CNTKPIT-C1661
2026-06-12 12:04:43,302 - INFO - Updated result for CNTKPIT-T20 in cycle CNTKPIT-C1661
2026-06-12 12:04:43,877 - INFO - Updated result for CNTKPIT-T29 in cycle CNTKPIT-C1661
2026-06-12 12:04:44,508 - INFO - Updated result for CNTKPIT-T30 in cycle CNTKPIT-C1661
2026-06-12 12:04:44,776 - INFO - Fetched details for cycle CNTKPIT-C1660
2026-06-12 12:04:45,307 - INFO - Updated result for CNTKPIT-T4 in cycle CNTKPIT-C1660
2026-06-12 12:04:45,801 - INFO - Updated result for CNTKPIT-T20 in cycle CNTKPIT-C1660
2026-06-12 12:04:46,417 - INFO - Updated result for CNTKPIT-T29 in cycle CNTKPIT-C1660
2026-06-12 12:04:47,046 - INFO - Updated result for CNTKPIT-T30 in cycle CNTKPIT-C1660
2026-06-12 12:04:47,326 - INFO - Fetched details for cycle CNTKPIT-C1659
2026-06-12 12:04:47,885 - INFO - Updated result for CNTKPIT-T4 in cycle CNTKPIT-C1659
2026-06-12 12:04:48,381 - INFO - Updated result for CNTKPIT-T20 in cycle CNTKPIT-C1659
2026-06-12 12:04:49,006 - INFO - Updated result for CNTKPIT-T29 in cycle CNTKPIT-C1659
2026-06-12 12:04:49,632 - INFO - Updated result for CNTKPIT-T30 in cycle CNTKPIT-C1659
2026-06-12 12:04:49,898 - INFO - Fetched details for cycle CNTKPIT-C1658
2026-06-12 12:04:50,429 - INFO - Updated result for CNTKPIT-T4 in cycle CNTKPIT-C1658
2026-06-12 12:04:50,901 - INFO - Updated result for CNTKPIT-T20 in cycle CNTKPIT-C1658
2026-06-12 12:04:51,481 - INFO - Updated result for CNTKPIT-T29 in cycle CNTKPIT-C1658
2026-06-12 12:04:52,244 - INFO - Updated result for CNTKPIT-T30 in cycle CNTKPIT-C1658
2026-06-12 12:04:52,577 - INFO - Fetched details for cycle CNTKPIT-C1657
2026-06-12 12:04:53,185 - INFO - Updated result for CNTKPIT-T4 in cycle CNTKPIT-C1657
2026-06-12 12:04:53,668 - INFO - Updated result for CNTKPIT-T20 in cycle CNTKPIT-C1657
2026-06-12 12:04:54,248 - INFO - Updated result for CNTKPIT-T29 in cycle CNTKPIT-C1657
2026-06-12 12:04:54,865 - INFO - Updated result for CNTKPIT-T30 in cycle CNTKPIT-C1657
2026-06-12 12:04:55,141 - INFO - Fetched details for cycle CNTKPIT-C1656
2026-06-12 12:04:55,667 - INFO - Updated result for CNTKPIT-T4 in cycle CNTKPIT-C1656
2026-06-12 12:04:56,147 - INFO - Updated result for CNTKPIT-T20 in cycle CNTKPIT-C1656
2026-06-12 12:04:56,720 - INFO - Updated result for CNTKPIT-T29 in cycle CNTKPIT-C1656
2026-06-12 12:04:57,343 - INFO - Updated result for CNTKPIT-T30 in cycle CNTKPIT-C1656
2026-06-12 12:04:57,633 - INFO - Fetched details for cycle CNTKPIT-C1655
2026-06-12 12:04:58,179 - INFO - Updated result for CNTKPIT-T4 in cycle CNTKPIT-C1655
2026-06-12 12:04:58,659 - INFO - Updated result for CNTKPIT-T20 in cycle CNTKPIT-C1655
2026-06-12 12:04:59,243 - INFO - Updated result for CNTKPIT-T29 in cycle CNTKPIT-C1655
2026-06-12 12:04:59,882 - INFO - Updated result for CNTKPIT-T30 in cycle CNTKPIT-C1655
2026-06-12 12:05:00,230 - INFO - Fetched details for cycle CNTKPIT-C1654
2026-06-12 12:05:00,778 - INFO - Updated result for CNTKPIT-T4 in cycle CNTKPIT-C1654
2026-06-12 12:05:01,287 - INFO - Updated result for CNTKPIT-T20 in cycle CNTKPIT-C1654
2026-06-12 12:05:01,884 - INFO - Updated result for CNTKPIT-T29 in cycle CNTKPIT-C1654
2026-06-12 12:05:02,590 - INFO - Updated result for CNTKPIT-T30 in cycle CNTKPIT-C1654
2026-06-12 12:05:02,879 - INFO - Fetched details for cycle CNTKPIT-C1653
2026-06-12 12:05:03,417 - INFO - Updated result for CNTKPIT-T4 in cycle CNTKPIT-C1653
2026-06-12 12:05:03,906 - INFO - Updated result for CNTKPIT-T20 in cycle CNTKPIT-C1653
2026-06-12 12:05:04,492 - INFO - Updated result for CNTKPIT-T29 in cycle CNTKPIT-C1653
2026-06-12 12:05:05,130 - INFO - Updated result for CNTKPIT-T30 in cycle CNTKPIT-C1653
2026-06-12 12:05:05,405 - INFO - Fetched details for cycle CNTKPIT-C1652
2026-06-12 12:05:05,965 - INFO - Updated result for CNTKPIT-T4 in cycle CNTKPIT-C1652
2026-06-12 12:05:06,457 - INFO - Updated result for CNTKPIT-T20 in cycle CNTKPIT-C1652
2026-06-12 12:05:07,028 - INFO - Updated result for CNTKPIT-T29 in cycle CNTKPIT-C1652
2026-06-12 12:05:07,719 - INFO - Updated result for CNTKPIT-T30 in cycle CNTKPIT-C1652
2026-06-12 12:05:07,993 - INFO - Fetched details for cycle CNTKPIT-C1651
2026-06-12 12:05:08,525 - INFO - Updated result for CNTKPIT-T4 in cycle CNTKPIT-C1651
2026-06-12 12:05:09,017 - INFO - Updated result for CNTKPIT-T20 in cycle CNTKPIT-C1651
2026-06-12 12:05:09,592 - INFO - Updated result for CNTKPIT-T29 in cycle CNTKPIT-C1651
2026-06-12 12:05:10,232 - INFO - Updated result for CNTKPIT-T30 in cycle CNTKPIT-C1651
2026-06-12 12:05:10,518 - INFO - Fetched details for cycle CNTKPIT-C1650
2026-06-12 12:05:11,080 - INFO - Updated result for CNTKPIT-T4 in cycle CNTKPIT-C1650
2026-06-12 12:05:11,559 - INFO - Updated result for CNTKPIT-T20 in cycle CNTKPIT-C1650
2026-06-12 12:05:12,207 - INFO - Updated result for CNTKPIT-T29 in cycle CNTKPIT-C1650
2026-06-12 12:05:12,898 - INFO - Updated result for CNTKPIT-T30 in cycle CNTKPIT-C1650
2026-06-12 12:05:13,184 - INFO - Fetched details for cycle CNTKPIT-C1649
2026-06-12 12:05:13,747 - INFO - Updated result for CNTKPIT-T4 in cycle CNTKPIT-C1649
2026-06-12 12:05:14,269 - INFO - Updated result for CNTKPIT-T20 in cycle CNTKPIT-C1649
2026-06-12 12:05:14,949 - INFO - Updated result for CNTKPIT-T29 in cycle CNTKPIT-C1649
2026-06-12 12:05:15,615 - INFO - Updated result for CNTKPIT-T30 in cycle CNTKPIT-C1649
2026-06-12 12:05:15,905 - INFO - Fetched details for cycle CNTKPIT-C1648
2026-06-12 12:05:16,463 - INFO - Updated result for CNTKPIT-T4 in cycle CNTKPIT-C1648
2026-06-12 12:05:16,940 - INFO - Updated result for CNTKPIT-T20 in cycle CNTKPIT-C1648
2026-06-12 12:05:17,526 - INFO - Updated result for CNTKPIT-T29 in cycle CNTKPIT-C1648
2026-06-12 12:05:18,165 - INFO - Updated result for CNTKPIT-T30 in cycle CNTKPIT-C1648
2026-06-12 12:05:18,438 - INFO - Fetched details for cycle CNTKPIT-C1647
2026-06-12 12:05:19,049 - INFO - Updated result for CNTKPIT-T4 in cycle CNTKPIT-C1647
2026-06-12 12:05:19,532 - INFO - Updated result for CNTKPIT-T20 in cycle CNTKPIT-C1647
2026-06-12 12:05:20,131 - INFO - Updated result for CNTKPIT-T29 in cycle CNTKPIT-C1647
2026-06-12 12:05:20,760 - INFO - Updated result for CNTKPIT-T30 in cycle CNTKPIT-C1647
2026-06-12 12:05:21,059 - INFO - Fetched details for cycle CNTKPIT-C1646
2026-06-12 12:05:21,599 - INFO - Updated result for CNTKPIT-T4 in cycle CNTKPIT-C1646
2026-06-12 12:05:22,141 - INFO - Updated result for CNTKPIT-T20 in cycle CNTKPIT-C1646
2026-06-12 12:05:22,779 - INFO - Updated result for CNTKPIT-T29 in cycle CNTKPIT-C1646
2026-06-12 12:05:23,420 - INFO - Updated result for CNTKPIT-T30 in cycle CNTKPIT-C1646
2026-06-12 12:05:23,699 - INFO - Fetched details for cycle CNTKPIT-C1645
2026-06-12 12:05:24,237 - INFO - Updated result for CNTKPIT-T4 in cycle CNTKPIT-C1645
2026-06-12 12:05:24,704 - INFO - Updated result for CNTKPIT-T20 in cycle CNTKPIT-C1645
2026-06-12 12:05:25,281 - INFO - Updated result for CNTKPIT-T29 in cycle CNTKPIT-C1645
2026-06-12 12:05:25,927 - INFO - Updated result for CNTKPIT-T30 in cycle CNTKPIT-C1645
2026-06-12 12:05:26,194 - INFO - Fetched details for cycle CNTKPIT-C1644
2026-06-12 12:05:26,750 - INFO - Updated result for CNTKPIT-T4 in cycle CNTKPIT-C1644
2026-06-12 12:05:27,220 - INFO - Updated result for CNTKPIT-T20 in cycle CNTKPIT-C1644
2026-06-12 12:05:27,826 - INFO - Updated result for CNTKPIT-T29 in cycle CNTKPIT-C1644
2026-06-12 12:05:28,457 - INFO - Updated result for CNTKPIT-T30 in cycle CNTKPIT-C1644
2026-06-12 12:05:28,714 - INFO - Fetched details for cycle CNTKPIT-C1643
2026-06-12 12:05:29,248 - INFO - Updated result for CNTKPIT-T4 in cycle CNTKPIT-C1643
2026-06-12 12:05:29,734 - INFO - Updated result for CNTKPIT-T20 in cycle CNTKPIT-C1643
2026-06-12 12:05:30,385 - INFO - Updated result for CNTKPIT-T29 in cycle CNTKPIT-C1643
2026-06-12 12:05:31,047 - INFO - Updated result for CNTKPIT-T30 in cycle CNTKPIT-C1643
2026-06-12 12:05:31,340 - INFO - Fetched details for cycle CNTKPIT-C1642
2026-06-12 12:05:31,881 - INFO - Updated result for CNTKPIT-T4 in cycle CNTKPIT-C1642
2026-06-12 12:05:32,436 - INFO - Updated result for CNTKPIT-T20 in cycle CNTKPIT-C1642
2026-06-12 12:05:33,063 - INFO - Updated result for CNTKPIT-T29 in cycle CNTKPIT-C1642
2026-06-12 12:05:33,692 - INFO - Updated result for CNTKPIT-T30 in cycle CNTKPIT-C1642
2026-06-12 12:05:33,977 - INFO - Fetched details for cycle CNTKPIT-C1641
2026-06-12 12:05:34,520 - INFO - Updated result for CNTKPIT-T4 in cycle CNTKPIT-C1641
2026-06-12 12:05:35,020 - INFO - Updated result for CNTKPIT-T20 in cycle CNTKPIT-C1641
2026-06-12 12:05:35,630 - INFO - Updated result for CNTKPIT-T29 in cycle CNTKPIT-C1641
2026-06-12 12:05:36,287 - INFO - Updated result for CNTKPIT-T30 in cycle CNTKPIT-C1641
2026-06-12 12:05:36,569 - INFO - Fetched details for cycle CNTKPIT-C1640
2026-06-12 12:05:37,100 - INFO - Updated result for CNTKPIT-T4 in cycle CNTKPIT-C1640
2026-06-12 12:05:37,586 - INFO - Updated result for CNTKPIT-T20 in cycle CNTKPIT-C1640
2026-06-12 12:05:38,167 - INFO - Updated result for CNTKPIT-T29 in cycle CNTKPIT-C1640
2026-06-12 12:05:38,799 - INFO - Updated result for CNTKPIT-T30 in cycle CNTKPIT-C1640
2026-06-12 12:05:39,063 - INFO - Fetched details for cycle CNTKPIT-C1639
2026-06-12 12:05:39,613 - INFO - Updated result for CNTKPIT-T4 in cycle CNTKPIT-C1639
2026-06-12 12:05:40,097 - INFO - Updated result for CNTKPIT-T20 in cycle CNTKPIT-C1639
2026-06-12 12:05:40,684 - INFO - Updated result for CNTKPIT-T29 in cycle CNTKPIT-C1639
2026-06-12 12:05:41,362 - INFO - Updated result for CNTKPIT-T30 in cycle CNTKPIT-C1639
2026-06-12 12:15:04,857 - INFO - Found 25 cycles matching BFA1509R0.260603.1
2026-06-12 12:15:13,648 - INFO - Fetched details for cycle CNTKPIT-C1663
2026-06-12 12:15:16,249 - INFO - Updated result for CNTKPIT-T30 in cycle CNTKPIT-C1663
2026-06-12 12:15:16,555 - INFO - Fetched details for cycle CNTKPIT-C1662
2026-06-12 12:15:19,109 - INFO - Updated result for CNTKPIT-T30 in cycle CNTKPIT-C1662
2026-06-12 12:15:19,424 - INFO - Fetched details for cycle CNTKPIT-C1661
2026-06-12 12:15:21,788 - INFO - Updated result for CNTKPIT-T30 in cycle CNTKPIT-C1661
2026-06-12 12:15:22,101 - INFO - Fetched details for cycle CNTKPIT-C1660
2026-06-12 12:15:24,553 - INFO - Updated result for CNTKPIT-T30 in cycle CNTKPIT-C1660
2026-06-12 12:15:24,824 - INFO - Fetched details for cycle CNTKPIT-C1659
2026-06-12 12:15:27,317 - INFO - Updated result for CNTKPIT-T30 in cycle CNTKPIT-C1659
2026-06-12 12:15:27,609 - INFO - Fetched details for cycle CNTKPIT-C1658
2026-06-12 12:15:29,981 - INFO - Updated result for CNTKPIT-T30 in cycle CNTKPIT-C1658
2026-06-12 12:15:30,268 - INFO - Fetched details for cycle CNTKPIT-C1657
2026-06-12 12:15:32,634 - INFO - Updated result for CNTKPIT-T30 in cycle CNTKPIT-C1657
2026-06-12 12:15:32,910 - INFO - Fetched details for cycle CNTKPIT-C1656
2026-06-12 12:15:34,396 - INFO - Updated result for CNTKPIT-T30 in cycle CNTKPIT-C1656
2026-06-12 12:15:35,404 - INFO - Fetched details for cycle CNTKPIT-C1655
2026-06-12 12:15:36,778 - INFO - Updated result for CNTKPIT-T30 in cycle CNTKPIT-C1655
2026-06-12 12:15:37,058 - INFO - Fetched details for cycle CNTKPIT-C1654
2026-06-12 12:15:39,640 - INFO - Updated result for CNTKPIT-T30 in cycle CNTKPIT-C1654
2026-06-12 12:15:39,928 - INFO - Fetched details for cycle CNTKPIT-C1653
2026-06-12 12:15:42,417 - INFO - Updated result for CNTKPIT-T30 in cycle CNTKPIT-C1653
2026-06-12 12:15:42,714 - INFO - Fetched details for cycle CNTKPIT-C1652
2026-06-12 12:15:44,124 - INFO - Updated result for CNTKPIT-T30 in cycle CNTKPIT-C1652
2026-06-12 12:15:45,183 - INFO - Fetched details for cycle CNTKPIT-C1651
2026-06-12 12:15:46,579 - INFO - Updated result for CNTKPIT-T30 in cycle CNTKPIT-C1651
2026-06-12 12:15:46,861 - INFO - Fetched details for cycle CNTKPIT-C1650
2026-06-12 12:15:49,243 - INFO - Updated result for CNTKPIT-T30 in cycle CNTKPIT-C1650
2026-06-12 12:15:49,557 - INFO - Fetched details for cycle CNTKPIT-C1649
2026-06-12 12:15:52,184 - INFO - Updated result for CNTKPIT-T30 in cycle CNTKPIT-C1649
2026-06-12 12:15:52,470 - INFO - Fetched details for cycle CNTKPIT-C1648
2026-06-12 12:15:53,982 - INFO - Updated result for CNTKPIT-T30 in cycle CNTKPIT-C1648
2026-06-12 12:15:54,279 - INFO - Fetched details for cycle CNTKPIT-C1647
2026-06-12 12:15:54,855 - INFO - Updated result for CNTKPIT-T30 in cycle CNTKPIT-C1647
2026-06-12 12:15:55,146 - INFO - Fetched details for cycle CNTKPIT-C1646
2026-06-12 12:15:55,693 - INFO - Updated result for CNTKPIT-T30 in cycle CNTKPIT-C1646
2026-06-12 12:15:55,971 - INFO - Fetched details for cycle CNTKPIT-C1645
2026-06-12 12:15:56,520 - INFO - Updated result for CNTKPIT-T30 in cycle CNTKPIT-C1645
2026-06-12 12:15:56,793 - INFO - Fetched details for cycle CNTKPIT-C1644
2026-06-12 12:15:57,406 - INFO - Updated result for CNTKPIT-T30 in cycle CNTKPIT-C1644
2026-06-12 12:15:57,713 - INFO - Fetched details for cycle CNTKPIT-C1643
2026-06-12 12:15:58,269 - INFO - Updated result for CNTKPIT-T30 in cycle CNTKPIT-C1643
2026-06-12 12:15:58,551 - INFO - Fetched details for cycle CNTKPIT-C1642
2026-06-12 12:15:59,093 - INFO - Updated result for CNTKPIT-T30 in cycle CNTKPIT-C1642
2026-06-12 12:15:59,363 - INFO - Fetched details for cycle CNTKPIT-C1641
2026-06-12 12:15:59,906 - INFO - Updated result for CNTKPIT-T30 in cycle CNTKPIT-C1641
2026-06-12 12:16:00,213 - INFO - Fetched details for cycle CNTKPIT-C1640
2026-06-12 12:16:00,780 - INFO - Updated result for CNTKPIT-T30 in cycle CNTKPIT-C1640
2026-06-12 12:16:01,081 - INFO - Fetched details for cycle CNTKPIT-C1639
2026-06-12 12:16:02,498 - INFO - Updated result for CNTKPIT-T30 in cycle CNTKPIT-C1639
2026-06-12 12:34:32,461 - INFO - Found 25 cycles matching BFA1509R0.260603.1
2026-06-12 12:34:35,088 - INFO - Fetched details for cycle CNTKPIT-C1611
2026-06-12 12:34:35,763 - INFO - Updated result for CNTKPIT-T37 in cycle CNTKPIT-C1611
2026-06-12 12:34:36,270 - INFO - Updated result for CNTKPIT-T23 in cycle CNTKPIT-C1611
2026-06-12 12:34:36,538 - INFO - Fetched details for cycle CNTKPIT-C1610
2026-06-12 12:34:37,180 - INFO - Updated result for CNTKPIT-T37 in cycle CNTKPIT-C1610
2026-06-12 12:34:37,715 - INFO - Updated result for CNTKPIT-T23 in cycle CNTKPIT-C1610
2026-06-12 12:34:37,972 - INFO - Fetched details for cycle CNTKPIT-C1609
2026-06-12 12:34:38,650 - INFO - Updated result for CNTKPIT-T37 in cycle CNTKPIT-C1609
2026-06-12 12:34:39,174 - INFO - Updated result for CNTKPIT-T23 in cycle CNTKPIT-C1609
2026-06-12 12:34:39,435 - INFO - Fetched details for cycle CNTKPIT-C1608
2026-06-12 12:34:40,068 - INFO - Updated result for CNTKPIT-T37 in cycle CNTKPIT-C1608
2026-06-12 12:34:40,599 - INFO - Updated result for CNTKPIT-T23 in cycle CNTKPIT-C1608
2026-06-12 12:34:40,879 - INFO - Fetched details for cycle CNTKPIT-C1607
2026-06-12 12:34:41,470 - INFO - Updated result for CNTKPIT-T37 in cycle CNTKPIT-C1607
2026-06-12 12:34:41,978 - INFO - Updated result for CNTKPIT-T23 in cycle CNTKPIT-C1607
2026-06-12 12:34:42,250 - INFO - Fetched details for cycle CNTKPIT-C1606
2026-06-12 12:34:42,868 - INFO - Updated result for CNTKPIT-T37 in cycle CNTKPIT-C1606
2026-06-12 12:34:43,374 - INFO - Updated result for CNTKPIT-T23 in cycle CNTKPIT-C1606
2026-06-12 12:34:43,662 - INFO - Fetched details for cycle CNTKPIT-C1605
2026-06-12 12:34:44,280 - INFO - Updated result for CNTKPIT-T37 in cycle CNTKPIT-C1605
2026-06-12 12:34:44,809 - INFO - Updated result for CNTKPIT-T23 in cycle CNTKPIT-C1605
2026-06-12 12:34:45,086 - INFO - Fetched details for cycle CNTKPIT-C1604
2026-06-12 12:34:45,714 - INFO - Updated result for CNTKPIT-T37 in cycle CNTKPIT-C1604
2026-06-12 12:34:46,232 - INFO - Updated result for CNTKPIT-T23 in cycle CNTKPIT-C1604
2026-06-12 12:34:46,497 - INFO - Fetched details for cycle CNTKPIT-C1603
2026-06-12 12:34:47,087 - INFO - Updated result for CNTKPIT-T37 in cycle CNTKPIT-C1603
2026-06-12 12:34:47,591 - INFO - Updated result for CNTKPIT-T23 in cycle CNTKPIT-C1603
2026-06-12 12:34:47,853 - INFO - Fetched details for cycle CNTKPIT-C1602
2026-06-12 12:34:48,443 - INFO - Updated result for CNTKPIT-T37 in cycle CNTKPIT-C1602
2026-06-12 12:34:49,050 - INFO - Updated result for CNTKPIT-T23 in cycle CNTKPIT-C1602
2026-06-12 12:34:49,397 - INFO - Fetched details for cycle CNTKPIT-C1601
2026-06-12 12:34:50,083 - INFO - Updated result for CNTKPIT-T37 in cycle CNTKPIT-C1601
2026-06-12 12:34:50,632 - INFO - Updated result for CNTKPIT-T23 in cycle CNTKPIT-C1601
2026-06-12 12:34:50,918 - INFO - Fetched details for cycle CNTKPIT-C1600
2026-06-12 12:34:51,581 - INFO - Updated result for CNTKPIT-T37 in cycle CNTKPIT-C1600
2026-06-12 12:34:52,116 - INFO - Updated result for CNTKPIT-T23 in cycle CNTKPIT-C1600
2026-06-12 12:34:52,389 - INFO - Fetched details for cycle CNTKPIT-C1599
2026-06-12 12:34:53,025 - INFO - Updated result for CNTKPIT-T37 in cycle CNTKPIT-C1599
2026-06-12 12:34:53,583 - INFO - Updated result for CNTKPIT-T23 in cycle CNTKPIT-C1599
2026-06-12 12:34:53,851 - INFO - Fetched details for cycle CNTKPIT-C1598
2026-06-12 12:34:54,442 - INFO - Updated result for CNTKPIT-T37 in cycle CNTKPIT-C1598
2026-06-12 12:34:54,968 - INFO - Updated result for CNTKPIT-T23 in cycle CNTKPIT-C1598
2026-06-12 12:34:55,244 - INFO - Fetched details for cycle CNTKPIT-C1597
2026-06-12 12:34:55,885 - INFO - Updated result for CNTKPIT-T37 in cycle CNTKPIT-C1597
2026-06-12 12:34:56,419 - INFO - Updated result for CNTKPIT-T23 in cycle CNTKPIT-C1597
2026-06-12 12:34:56,668 - INFO - Fetched details for cycle CNTKPIT-C1596
2026-06-12 12:34:57,258 - INFO - Updated result for CNTKPIT-T37 in cycle CNTKPIT-C1596
2026-06-12 12:34:57,784 - INFO - Updated result for CNTKPIT-T23 in cycle CNTKPIT-C1596
2026-06-12 12:34:58,039 - INFO - Fetched details for cycle CNTKPIT-C1595
2026-06-12 12:34:59,262 - INFO - Updated result for CNTKPIT-T37 in cycle CNTKPIT-C1595
2026-06-12 12:34:59,769 - INFO - Updated result for CNTKPIT-T23 in cycle CNTKPIT-C1595
2026-06-12 12:35:00,030 - INFO - Fetched details for cycle CNTKPIT-C1594
2026-06-12 12:35:00,665 - INFO - Updated result for CNTKPIT-T37 in cycle CNTKPIT-C1594
2026-06-12 12:35:01,169 - INFO - Updated result for CNTKPIT-T23 in cycle CNTKPIT-C1594
2026-06-12 12:35:01,449 - INFO - Fetched details for cycle CNTKPIT-C1593
2026-06-12 12:35:02,059 - INFO - Updated result for CNTKPIT-T37 in cycle CNTKPIT-C1593
2026-06-12 12:35:02,593 - INFO - Updated result for CNTKPIT-T23 in cycle CNTKPIT-C1593
2026-06-12 12:35:02,856 - INFO - Fetched details for cycle CNTKPIT-C1592
2026-06-12 12:35:03,472 - INFO - Updated result for CNTKPIT-T37 in cycle CNTKPIT-C1592
2026-06-12 12:35:03,990 - INFO - Updated result for CNTKPIT-T23 in cycle CNTKPIT-C1592
2026-06-12 12:35:04,284 - INFO - Fetched details for cycle CNTKPIT-C1591
2026-06-12 12:35:04,907 - INFO - Updated result for CNTKPIT-T37 in cycle CNTKPIT-C1591
2026-06-12 12:35:05,419 - INFO - Updated result for CNTKPIT-T23 in cycle CNTKPIT-C1591
2026-06-12 12:35:05,709 - INFO - Fetched details for cycle CNTKPIT-C1590
2026-06-12 12:35:06,393 - INFO - Updated result for CNTKPIT-T37 in cycle CNTKPIT-C1590
2026-06-12 12:35:06,906 - INFO - Updated result for CNTKPIT-T23 in cycle CNTKPIT-C1590
2026-06-12 12:35:07,186 - INFO - Fetched details for cycle CNTKPIT-C1589
2026-06-12 12:35:07,787 - INFO - Updated result for CNTKPIT-T37 in cycle CNTKPIT-C1589
2026-06-12 12:35:08,288 - INFO - Updated result for CNTKPIT-T23 in cycle CNTKPIT-C1589
2026-06-12 12:35:08,545 - INFO - Fetched details for cycle CNTKPIT-C1588
2026-06-12 12:35:09,165 - INFO - Updated result for CNTKPIT-T37 in cycle CNTKPIT-C1588
2026-06-12 12:35:09,713 - INFO - Updated result for CNTKPIT-T23 in cycle CNTKPIT-C1588
2026-06-12 12:35:09,989 - INFO - Fetched details for cycle CNTKPIT-C1587
2026-06-12 12:35:10,578 - INFO - Updated result for CNTKPIT-T37 in cycle CNTKPIT-C1587
2026-06-12 12:35:11,080 - INFO - Updated result for CNTKPIT-T23 in cycle CNTKPIT-C1587
2026-06-12 12:42:13,695 - INFO - Found 25 cycles matching BFA1509R0.260603.1
2026-06-12 12:42:23,818 - INFO - Fetched details for cycle CNTKPIT-C1637
2026-06-12 12:42:24,447 - INFO - Updated result for CNTKPIT-T38 in cycle CNTKPIT-C1637
2026-06-12 12:42:24,983 - INFO - Updated result for CNTKPIT-T39 in cycle CNTKPIT-C1637
2026-06-12 12:42:25,673 - INFO - Updated result for CNTKPIT-T18 in cycle CNTKPIT-C1637
2026-06-12 12:42:26,167 - INFO - Updated result for CNTKPIT-T21 in cycle CNTKPIT-C1637
2026-06-12 12:42:26,770 - INFO - Updated result for CNTKPIT-T33 in cycle CNTKPIT-C1637
2026-06-12 12:42:27,274 - INFO - Updated result for CNTKPIT-T23 in cycle CNTKPIT-C1637
2026-06-12 12:42:27,536 - INFO - Fetched details for cycle CNTKPIT-C1636
2026-06-12 12:42:28,133 - INFO - Updated result for CNTKPIT-T38 in cycle CNTKPIT-C1636
2026-06-12 12:42:28,677 - INFO - Updated result for CNTKPIT-T39 in cycle CNTKPIT-C1636
2026-06-12 12:42:29,356 - INFO - Updated result for CNTKPIT-T18 in cycle CNTKPIT-C1636
2026-06-12 12:42:29,896 - INFO - Updated result for CNTKPIT-T21 in cycle CNTKPIT-C1636
2026-06-12 12:42:30,483 - INFO - Updated result for CNTKPIT-T33 in cycle CNTKPIT-C1636
2026-06-12 12:42:30,993 - INFO - Updated result for CNTKPIT-T23 in cycle CNTKPIT-C1636
2026-06-12 12:42:31,276 - INFO - Fetched details for cycle CNTKPIT-C1635
2026-06-12 12:42:31,915 - INFO - Updated result for CNTKPIT-T38 in cycle CNTKPIT-C1635
2026-06-12 12:42:32,448 - INFO - Updated result for CNTKPIT-T39 in cycle CNTKPIT-C1635
2026-06-12 12:42:33,178 - INFO - Updated result for CNTKPIT-T18 in cycle CNTKPIT-C1635
2026-06-12 12:42:33,667 - INFO - Updated result for CNTKPIT-T21 in cycle CNTKPIT-C1635
2026-06-12 12:42:34,320 - INFO - Updated result for CNTKPIT-T33 in cycle CNTKPIT-C1635
2026-06-12 12:42:34,796 - INFO - Updated result for CNTKPIT-T23 in cycle CNTKPIT-C1635
2026-06-12 12:42:35,090 - INFO - Fetched details for cycle CNTKPIT-C1634
2026-06-12 12:42:35,687 - INFO - Updated result for CNTKPIT-T38 in cycle CNTKPIT-C1634
2026-06-12 12:42:36,274 - INFO - Updated result for CNTKPIT-T39 in cycle CNTKPIT-C1634
2026-06-12 12:42:36,924 - INFO - Updated result for CNTKPIT-T18 in cycle CNTKPIT-C1634
2026-06-12 12:42:37,455 - INFO - Updated result for CNTKPIT-T21 in cycle CNTKPIT-C1634
2026-06-12 12:42:38,024 - INFO - Updated result for CNTKPIT-T33 in cycle CNTKPIT-C1634
2026-06-12 12:42:38,526 - INFO - Updated result for CNTKPIT-T23 in cycle CNTKPIT-C1634
2026-06-12 12:42:38,790 - INFO - Fetched details for cycle CNTKPIT-C1633
2026-06-12 12:42:39,441 - INFO - Updated result for CNTKPIT-T38 in cycle CNTKPIT-C1633
2026-06-12 12:42:40,021 - INFO - Updated result for CNTKPIT-T39 in cycle CNTKPIT-C1633
2026-06-12 12:42:40,724 - INFO - Updated result for CNTKPIT-T18 in cycle CNTKPIT-C1633
2026-06-12 12:42:41,204 - INFO - Updated result for CNTKPIT-T21 in cycle CNTKPIT-C1633
2026-06-12 12:42:41,794 - INFO - Updated result for CNTKPIT-T33 in cycle CNTKPIT-C1633
2026-06-12 12:42:42,280 - INFO - Updated result for CNTKPIT-T23 in cycle CNTKPIT-C1633
2026-06-12 12:42:42,571 - INFO - Fetched details for cycle CNTKPIT-C1632
2026-06-12 12:42:43,150 - INFO - Updated result for CNTKPIT-T38 in cycle CNTKPIT-C1632
2026-06-12 12:42:43,739 - INFO - Updated result for CNTKPIT-T39 in cycle CNTKPIT-C1632
2026-06-12 12:42:44,400 - INFO - Updated result for CNTKPIT-T18 in cycle CNTKPIT-C1632
2026-06-12 12:42:44,888 - INFO - Updated result for CNTKPIT-T21 in cycle CNTKPIT-C1632
2026-06-12 12:42:45,488 - INFO - Updated result for CNTKPIT-T33 in cycle CNTKPIT-C1632
2026-06-12 12:42:45,975 - INFO - Updated result for CNTKPIT-T23 in cycle CNTKPIT-C1632
2026-06-12 12:42:46,231 - INFO - Fetched details for cycle CNTKPIT-C1631
2026-06-12 12:42:46,891 - INFO - Updated result for CNTKPIT-T38 in cycle CNTKPIT-C1631
2026-06-12 12:42:47,448 - INFO - Updated result for CNTKPIT-T39 in cycle CNTKPIT-C1631
2026-06-12 12:42:48,183 - INFO - Updated result for CNTKPIT-T18 in cycle CNTKPIT-C1631
2026-06-12 12:42:48,650 - INFO - Updated result for CNTKPIT-T21 in cycle CNTKPIT-C1631
2026-06-12 12:42:49,324 - INFO - Updated result for CNTKPIT-T33 in cycle CNTKPIT-C1631
2026-06-12 12:42:49,919 - INFO - Updated result for CNTKPIT-T23 in cycle CNTKPIT-C1631
2026-06-12 12:42:50,207 - INFO - Fetched details for cycle CNTKPIT-C1630
2026-06-12 12:42:50,820 - INFO - Updated result for CNTKPIT-T38 in cycle CNTKPIT-C1630
2026-06-12 12:42:51,399 - INFO - Updated result for CNTKPIT-T39 in cycle CNTKPIT-C1630
2026-06-12 12:42:52,152 - INFO - Updated result for CNTKPIT-T18 in cycle CNTKPIT-C1630
2026-06-12 12:42:52,652 - INFO - Updated result for CNTKPIT-T21 in cycle CNTKPIT-C1630
2026-06-12 12:42:53,236 - INFO - Updated result for CNTKPIT-T33 in cycle CNTKPIT-C1630
2026-06-12 12:42:53,730 - INFO - Updated result for CNTKPIT-T23 in cycle CNTKPIT-C1630
2026-06-12 12:42:53,988 - INFO - Fetched details for cycle CNTKPIT-C1629
2026-06-12 12:42:54,627 - INFO - Updated result for CNTKPIT-T38 in cycle CNTKPIT-C1629
2026-06-12 12:42:55,156 - INFO - Updated result for CNTKPIT-T39 in cycle CNTKPIT-C1629
2026-06-12 12:42:55,872 - INFO - Updated result for CNTKPIT-T18 in cycle CNTKPIT-C1629
2026-06-12 12:42:56,354 - INFO - Updated result for CNTKPIT-T21 in cycle CNTKPIT-C1629
2026-06-12 12:42:56,966 - INFO - Updated result for CNTKPIT-T33 in cycle CNTKPIT-C1629
2026-06-12 12:42:57,455 - INFO - Updated result for CNTKPIT-T23 in cycle CNTKPIT-C1629
2026-06-12 12:42:57,731 - INFO - Fetched details for cycle CNTKPIT-C1628
2026-06-12 12:42:58,326 - INFO - Updated result for CNTKPIT-T38 in cycle CNTKPIT-C1628
2026-06-12 12:42:58,854 - INFO - Updated result for CNTKPIT-T39 in cycle CNTKPIT-C1628
2026-06-12 12:42:59,504 - INFO - Updated result for CNTKPIT-T18 in cycle CNTKPIT-C1628
2026-06-12 12:42:59,988 - INFO - Updated result for CNTKPIT-T21 in cycle CNTKPIT-C1628
2026-06-12 12:43:00,617 - INFO - Updated result for CNTKPIT-T33 in cycle CNTKPIT-C1628
2026-06-12 12:43:01,104 - INFO - Updated result for CNTKPIT-T23 in cycle CNTKPIT-C1628
2026-06-12 12:43:01,366 - INFO - Fetched details for cycle CNTKPIT-C1627
2026-06-12 12:43:01,997 - INFO - Updated result for CNTKPIT-T38 in cycle CNTKPIT-C1627
2026-06-12 12:43:02,516 - INFO - Updated result for CNTKPIT-T39 in cycle CNTKPIT-C1627
2026-06-12 12:43:03,151 - INFO - Updated result for CNTKPIT-T18 in cycle CNTKPIT-C1627
2026-06-12 12:43:03,632 - INFO - Updated result for CNTKPIT-T21 in cycle CNTKPIT-C1627
2026-06-12 12:43:04,246 - INFO - Updated result for CNTKPIT-T33 in cycle CNTKPIT-C1627
2026-06-12 12:43:04,725 - INFO - Updated result for CNTKPIT-T23 in cycle CNTKPIT-C1627
2026-06-12 12:43:04,979 - INFO - Fetched details for cycle CNTKPIT-C1626
2026-06-12 12:43:05,555 - INFO - Updated result for CNTKPIT-T38 in cycle CNTKPIT-C1626
2026-06-12 12:43:06,091 - INFO - Updated result for CNTKPIT-T39 in cycle CNTKPIT-C1626
2026-06-12 12:43:06,732 - INFO - Updated result for CNTKPIT-T18 in cycle CNTKPIT-C1626
2026-06-12 12:43:07,228 - INFO - Updated result for CNTKPIT-T21 in cycle CNTKPIT-C1626
2026-06-12 12:43:07,834 - INFO - Updated result for CNTKPIT-T33 in cycle CNTKPIT-C1626
2026-06-12 12:43:08,319 - INFO - Updated result for CNTKPIT-T23 in cycle CNTKPIT-C1626
2026-06-12 12:43:08,575 - INFO - Fetched details for cycle CNTKPIT-C1625
2026-06-12 12:43:09,134 - INFO - Updated result for CNTKPIT-T38 in cycle CNTKPIT-C1625
2026-06-12 12:43:09,673 - INFO - Updated result for CNTKPIT-T39 in cycle CNTKPIT-C1625
2026-06-12 12:43:10,323 - INFO - Updated result for CNTKPIT-T18 in cycle CNTKPIT-C1625
2026-06-12 12:43:10,805 - INFO - Updated result for CNTKPIT-T21 in cycle CNTKPIT-C1625
2026-06-12 12:43:11,386 - INFO - Updated result for CNTKPIT-T33 in cycle CNTKPIT-C1625
2026-06-12 12:43:11,887 - INFO - Updated result for CNTKPIT-T23 in cycle CNTKPIT-C1625
2026-06-12 12:43:12,190 - INFO - Fetched details for cycle CNTKPIT-C1624
2026-06-12 12:43:12,767 - INFO - Updated result for CNTKPIT-T38 in cycle CNTKPIT-C1624
2026-06-12 12:43:13,332 - INFO - Updated result for CNTKPIT-T39 in cycle CNTKPIT-C1624
2026-06-12 12:43:14,080 - INFO - Updated result for CNTKPIT-T18 in cycle CNTKPIT-C1624
2026-06-12 12:43:14,575 - INFO - Updated result for CNTKPIT-T21 in cycle CNTKPIT-C1624
2026-06-12 12:43:15,165 - INFO - Updated result for CNTKPIT-T33 in cycle CNTKPIT-C1624
2026-06-12 12:43:15,669 - INFO - Updated result for CNTKPIT-T23 in cycle CNTKPIT-C1624
2026-06-12 12:43:15,926 - INFO - Fetched details for cycle CNTKPIT-C1623
2026-06-12 12:43:16,563 - INFO - Updated result for CNTKPIT-T38 in cycle CNTKPIT-C1623
2026-06-12 12:43:17,115 - INFO - Updated result for CNTKPIT-T39 in cycle CNTKPIT-C1623
2026-06-12 12:43:17,939 - INFO - Updated result for CNTKPIT-T18 in cycle CNTKPIT-C1623
2026-06-12 12:43:18,481 - INFO - Updated result for CNTKPIT-T21 in cycle CNTKPIT-C1623
2026-06-12 12:43:19,149 - INFO - Updated result for CNTKPIT-T33 in cycle CNTKPIT-C1623
2026-06-12 12:43:19,697 - INFO - Updated result for CNTKPIT-T23 in cycle CNTKPIT-C1623
2026-06-12 12:43:20,040 - INFO - Fetched details for cycle CNTKPIT-C1622
2026-06-12 12:43:20,670 - INFO - Updated result for CNTKPIT-T38 in cycle CNTKPIT-C1622
2026-06-12 12:43:21,298 - INFO - Updated result for CNTKPIT-T39 in cycle CNTKPIT-C1622
2026-06-12 12:43:22,065 - INFO - Updated result for CNTKPIT-T18 in cycle CNTKPIT-C1622
2026-06-12 12:43:22,612 - INFO - Updated result for CNTKPIT-T21 in cycle CNTKPIT-C1622
2026-06-12 12:43:23,339 - INFO - Updated result for CNTKPIT-T33 in cycle CNTKPIT-C1622
2026-06-12 12:43:23,840 - INFO - Updated result for CNTKPIT-T23 in cycle CNTKPIT-C1622
2026-06-12 12:43:24,136 - INFO - Fetched details for cycle CNTKPIT-C1621
2026-06-12 12:43:24,750 - INFO - Updated result for CNTKPIT-T38 in cycle CNTKPIT-C1621
2026-06-12 12:43:25,306 - INFO - Updated result for CNTKPIT-T39 in cycle CNTKPIT-C1621
2026-06-12 12:43:25,948 - INFO - Updated result for CNTKPIT-T18 in cycle CNTKPIT-C1621
2026-06-12 12:43:26,448 - INFO - Updated result for CNTKPIT-T21 in cycle CNTKPIT-C1621
2026-06-12 12:43:27,056 - INFO - Updated result for CNTKPIT-T33 in cycle CNTKPIT-C1621
2026-06-12 12:43:27,561 - INFO - Updated result for CNTKPIT-T23 in cycle CNTKPIT-C1621
2026-06-12 12:43:27,841 - INFO - Fetched details for cycle CNTKPIT-C1620
2026-06-12 12:43:28,427 - INFO - Updated result for CNTKPIT-T38 in cycle CNTKPIT-C1620
2026-06-12 12:43:28,946 - INFO - Updated result for CNTKPIT-T39 in cycle CNTKPIT-C1620
2026-06-12 12:43:29,604 - INFO - Updated result for CNTKPIT-T18 in cycle CNTKPIT-C1620
2026-06-12 12:43:30,089 - INFO - Updated result for CNTKPIT-T21 in cycle CNTKPIT-C1620
2026-06-12 12:43:30,684 - INFO - Updated result for CNTKPIT-T33 in cycle CNTKPIT-C1620
2026-06-12 12:43:31,164 - INFO - Updated result for CNTKPIT-T23 in cycle CNTKPIT-C1620
2026-06-12 12:43:31,434 - INFO - Fetched details for cycle CNTKPIT-C1619
2026-06-12 12:43:32,026 - INFO - Updated result for CNTKPIT-T38 in cycle CNTKPIT-C1619
2026-06-12 12:43:32,574 - INFO - Updated result for CNTKPIT-T39 in cycle CNTKPIT-C1619
2026-06-12 12:43:33,230 - INFO - Updated result for CNTKPIT-T18 in cycle CNTKPIT-C1619
2026-06-12 12:43:33,704 - INFO - Updated result for CNTKPIT-T21 in cycle CNTKPIT-C1619
2026-06-12 12:43:34,282 - INFO - Updated result for CNTKPIT-T33 in cycle CNTKPIT-C1619
2026-06-12 12:43:34,776 - INFO - Updated result for CNTKPIT-T23 in cycle CNTKPIT-C1619
2026-06-12 12:43:35,050 - INFO - Fetched details for cycle CNTKPIT-C1618
2026-06-12 12:43:35,635 - INFO - Updated result for CNTKPIT-T38 in cycle CNTKPIT-C1618
2026-06-12 12:43:36,243 - INFO - Updated result for CNTKPIT-T39 in cycle CNTKPIT-C1618
2026-06-12 12:43:36,937 - INFO - Updated result for CNTKPIT-T18 in cycle CNTKPIT-C1618
2026-06-12 12:43:37,454 - INFO - Updated result for CNTKPIT-T21 in cycle CNTKPIT-C1618
2026-06-12 12:43:38,088 - INFO - Updated result for CNTKPIT-T33 in cycle CNTKPIT-C1618
2026-06-12 12:43:38,583 - INFO - Updated result for CNTKPIT-T23 in cycle CNTKPIT-C1618
2026-06-12 12:43:38,851 - INFO - Fetched details for cycle CNTKPIT-C1617
2026-06-12 12:43:39,496 - INFO - Updated result for CNTKPIT-T38 in cycle CNTKPIT-C1617
2026-06-12 12:43:40,023 - INFO - Updated result for CNTKPIT-T39 in cycle CNTKPIT-C1617
2026-06-12 12:43:40,691 - INFO - Updated result for CNTKPIT-T18 in cycle CNTKPIT-C1617
2026-06-12 12:43:41,223 - INFO - Updated result for CNTKPIT-T21 in cycle CNTKPIT-C1617
2026-06-12 12:43:41,808 - INFO - Updated result for CNTKPIT-T33 in cycle CNTKPIT-C1617
2026-06-12 12:43:42,326 - INFO - Updated result for CNTKPIT-T23 in cycle CNTKPIT-C1617
2026-06-12 12:43:42,592 - INFO - Fetched details for cycle CNTKPIT-C1616
2026-06-12 12:43:43,189 - INFO - Updated result for CNTKPIT-T38 in cycle CNTKPIT-C1616
2026-06-12 12:43:43,733 - INFO - Updated result for CNTKPIT-T39 in cycle CNTKPIT-C1616
2026-06-12 12:43:44,383 - INFO - Updated result for CNTKPIT-T18 in cycle CNTKPIT-C1616
2026-06-12 12:43:44,885 - INFO - Updated result for CNTKPIT-T21 in cycle CNTKPIT-C1616
2026-06-12 12:43:45,489 - INFO - Updated result for CNTKPIT-T33 in cycle CNTKPIT-C1616
2026-06-12 12:43:45,974 - INFO - Updated result for CNTKPIT-T23 in cycle CNTKPIT-C1616
2026-06-12 12:43:46,254 - INFO - Fetched details for cycle CNTKPIT-C1615
2026-06-12 12:43:46,857 - INFO - Updated result for CNTKPIT-T38 in cycle CNTKPIT-C1615
2026-06-12 12:43:47,427 - INFO - Updated result for CNTKPIT-T39 in cycle CNTKPIT-C1615
2026-06-12 12:43:48,147 - INFO - Updated result for CNTKPIT-T18 in cycle CNTKPIT-C1615
2026-06-12 12:43:48,631 - INFO - Updated result for CNTKPIT-T21 in cycle CNTKPIT-C1615
2026-06-12 12:43:49,299 - INFO - Updated result for CNTKPIT-T33 in cycle CNTKPIT-C1615
2026-06-12 12:43:49,902 - INFO - Updated result for CNTKPIT-T23 in cycle CNTKPIT-C1615
2026-06-12 12:43:50,199 - INFO - Fetched details for cycle CNTKPIT-C1614
2026-06-12 12:43:50,829 - INFO - Updated result for CNTKPIT-T38 in cycle CNTKPIT-C1614
2026-06-12 12:43:51,486 - INFO - Updated result for CNTKPIT-T39 in cycle CNTKPIT-C1614
2026-06-12 12:43:52,219 - INFO - Updated result for CNTKPIT-T18 in cycle CNTKPIT-C1614
2026-06-12 12:43:52,758 - INFO - Updated result for CNTKPIT-T21 in cycle CNTKPIT-C1614
2026-06-12 12:43:53,375 - INFO - Updated result for CNTKPIT-T33 in cycle CNTKPIT-C1614
2026-06-12 12:43:53,893 - INFO - Updated result for CNTKPIT-T23 in cycle CNTKPIT-C1614
2026-06-12 12:43:54,210 - INFO - Fetched details for cycle CNTKPIT-C1613
2026-06-12 12:43:54,896 - INFO - Updated result for CNTKPIT-T38 in cycle CNTKPIT-C1613
2026-06-12 12:43:55,506 - INFO - Updated result for CNTKPIT-T39 in cycle CNTKPIT-C1613
2026-06-12 12:43:56,290 - INFO - Updated result for CNTKPIT-T18 in cycle CNTKPIT-C1613
2026-06-12 12:43:56,825 - INFO - Updated result for CNTKPIT-T21 in cycle CNTKPIT-C1613
2026-06-12 12:43:57,511 - INFO - Updated result for CNTKPIT-T33 in cycle CNTKPIT-C1613
2026-06-12 12:43:58,061 - INFO - Updated result for CNTKPIT-T23 in cycle CNTKPIT-C1613
2026-06-12 12:58:12,138 - INFO - Found 25 cycles matching BFA1509R0.260603.1
2026-06-12 12:58:14,637 - INFO - Fetched details for cycle CNTKPIT-C1663
2026-06-12 12:58:15,093 - ERROR - Error updating CNTKPIT-T35: 401 Client Error:  for url: https://jira.honda-ivi.com/rest/atm/1.0/testrun/CNTKPIT-C1663/testcase/CNTKPIT-T35/testresult
2026-06-12 12:58:15,415 - ERROR - Error updating CNTKPIT-T36: 401 Client Error:  for url: https://jira.honda-ivi.com/rest/atm/1.0/testrun/CNTKPIT-C1663/testcase/CNTKPIT-T36/testresult
2026-06-12 12:58:15,694 - INFO - Fetched details for cycle CNTKPIT-C1662
2026-06-12 12:58:16,020 - ERROR - Error updating CNTKPIT-T35: 401 Client Error:  for url: https://jira.honda-ivi.com/rest/atm/1.0/testrun/CNTKPIT-C1662/testcase/CNTKPIT-T35/testresult
2026-06-12 12:58:16,358 - ERROR - Error updating CNTKPIT-T36: 401 Client Error:  for url: https://jira.honda-ivi.com/rest/atm/1.0/testrun/CNTKPIT-C1662/testcase/CNTKPIT-T36/testresult
2026-06-12 12:58:16,668 - INFO - Fetched details for cycle CNTKPIT-C1661
2026-06-12 12:58:16,994 - ERROR - Error updating CNTKPIT-T35: 401 Client Error:  for url: https://jira.honda-ivi.com/rest/atm/1.0/testrun/CNTKPIT-C1661/testcase/CNTKPIT-T35/testresult
2026-06-12 12:58:17,327 - ERROR - Error updating CNTKPIT-T36: 401 Client Error:  for url: https://jira.honda-ivi.com/rest/atm/1.0/testrun/CNTKPIT-C1661/testcase/CNTKPIT-T36/testresult
2026-06-12 12:58:17,646 - INFO - Fetched details for cycle CNTKPIT-C1660
2026-06-12 12:58:17,982 - ERROR - Error updating CNTKPIT-T35: 401 Client Error:  for url: https://jira.honda-ivi.com/rest/atm/1.0/testrun/CNTKPIT-C1660/testcase/CNTKPIT-T35/testresult
2026-06-12 12:58:18,313 - ERROR - Error updating CNTKPIT-T36: 401 Client Error:  for url: https://jira.honda-ivi.com/rest/atm/1.0/testrun/CNTKPIT-C1660/testcase/CNTKPIT-T36/testresult
2026-06-12 12:58:18,641 - INFO - Fetched details for cycle CNTKPIT-C1659
2026-06-12 12:58:18,979 - ERROR - Error updating CNTKPIT-T35: 401 Client Error:  for url: https://jira.honda-ivi.com/rest/atm/1.0/testrun/CNTKPIT-C1659/testcase/CNTKPIT-T35/testresult
2026-06-12 12:58:19,316 - ERROR - Error updating CNTKPIT-T36: 401 Client Error:  for url: https://jira.honda-ivi.com/rest/atm/1.0/testrun/CNTKPIT-C1659/testcase/CNTKPIT-T36/testresult
2026-06-12 12:58:19,648 - INFO - Fetched details for cycle CNTKPIT-C1658
2026-06-12 12:58:19,973 - ERROR - Error updating CNTKPIT-T35: 401 Client Error:  for url: https://jira.honda-ivi.com/rest/atm/1.0/testrun/CNTKPIT-C1658/testcase/CNTKPIT-T35/testresult
2026-06-12 12:58:20,318 - ERROR - Error updating CNTKPIT-T36: 401 Client Error:  for url: https://jira.honda-ivi.com/rest/atm/1.0/testrun/CNTKPIT-C1658/testcase/CNTKPIT-T36/testresult
2026-06-12 12:58:20,588 - INFO - Fetched details for cycle CNTKPIT-C1657
2026-06-12 12:58:20,919 - ERROR - Error updating CNTKPIT-T35: 401 Client Error:  for url: https://jira.honda-ivi.com/rest/atm/1.0/testrun/CNTKPIT-C1657/testcase/CNTKPIT-T35/testresult
2026-06-12 12:58:21,255 - ERROR - Error updating CNTKPIT-T36: 401 Client Error:  for url: https://jira.honda-ivi.com/rest/atm/1.0/testrun/CNTKPIT-C1657/testcase/CNTKPIT-T36/testresult
2026-06-12 12:58:21,555 - INFO - Fetched details for cycle CNTKPIT-C1656
2026-06-12 12:58:21,891 - ERROR - Error updating CNTKPIT-T35: 401 Client Error:  for url: https://jira.honda-ivi.com/rest/atm/1.0/testrun/CNTKPIT-C1656/testcase/CNTKPIT-T35/testresult
2026-06-12 12:58:22,224 - ERROR - Error updating CNTKPIT-T36: 401 Client Error:  for url: https://jira.honda-ivi.com/rest/atm/1.0/testrun/CNTKPIT-C1656/testcase/CNTKPIT-T36/testresult
2026-06-12 12:58:22,559 - INFO - Fetched details for cycle CNTKPIT-C1655
2026-06-12 12:58:22,895 - ERROR - Error updating CNTKPIT-T35: 401 Client Error:  for url: https://jira.honda-ivi.com/rest/atm/1.0/testrun/CNTKPIT-C1655/testcase/CNTKPIT-T35/testresult
2026-06-12 12:58:23,223 - ERROR - Error updating CNTKPIT-T36: 401 Client Error:  for url: https://jira.honda-ivi.com/rest/atm/1.0/testrun/CNTKPIT-C1655/testcase/CNTKPIT-T36/testresult
2026-06-12 12:58:23,500 - INFO - Fetched details for cycle CNTKPIT-C1654
2026-06-12 12:58:23,833 - ERROR - Error updating CNTKPIT-T35: 401 Client Error:  for url: https://jira.honda-ivi.com/rest/atm/1.0/testrun/CNTKPIT-C1654/testcase/CNTKPIT-T35/testresult
2026-06-12 12:58:24,161 - ERROR - Error updating CNTKPIT-T36: 401 Client Error:  for url: https://jira.honda-ivi.com/rest/atm/1.0/testrun/CNTKPIT-C1654/testcase/CNTKPIT-T36/testresult
2026-06-12 12:58:24,462 - INFO - Fetched details for cycle CNTKPIT-C1653
2026-06-12 12:58:24,795 - ERROR - Error updating CNTKPIT-T35: 401 Client Error:  for url: https://jira.honda-ivi.com/rest/atm/1.0/testrun/CNTKPIT-C1653/testcase/CNTKPIT-T35/testresult
2026-06-12 12:58:25,130 - ERROR - Error updating CNTKPIT-T36: 401 Client Error:  for url: https://jira.honda-ivi.com/rest/atm/1.0/testrun/CNTKPIT-C1653/testcase/CNTKPIT-T36/testresult
2026-06-12 12:58:25,428 - INFO - Fetched details for cycle CNTKPIT-C1652
2026-06-12 12:58:25,755 - ERROR - Error updating CNTKPIT-T35: 401 Client Error:  for url: https://jira.honda-ivi.com/rest/atm/1.0/testrun/CNTKPIT-C1652/testcase/CNTKPIT-T35/testresult
2026-06-12 12:58:26,102 - ERROR - Error updating CNTKPIT-T36: 401 Client Error:  for url: https://jira.honda-ivi.com/rest/atm/1.0/testrun/CNTKPIT-C1652/testcase/CNTKPIT-T36/testresult
2026-06-12 12:58:26,374 - INFO - Fetched details for cycle CNTKPIT-C1651
2026-06-12 12:58:26,708 - ERROR - Error updating CNTKPIT-T35: 401 Client Error:  for url: https://jira.honda-ivi.com/rest/atm/1.0/testrun/CNTKPIT-C1651/testcase/CNTKPIT-T35/testresult
2026-06-12 12:58:27,029 - ERROR - Error updating CNTKPIT-T36: 401 Client Error:  for url: https://jira.honda-ivi.com/rest/atm/1.0/testrun/CNTKPIT-C1651/testcase/CNTKPIT-T36/testresult
2026-06-12 12:58:27,304 - INFO - Fetched details for cycle CNTKPIT-C1650
2026-06-12 12:58:27,635 - ERROR - Error updating CNTKPIT-T35: 401 Client Error:  for url: https://jira.honda-ivi.com/rest/atm/1.0/testrun/CNTKPIT-C1650/testcase/CNTKPIT-T35/testresult
2026-06-12 12:58:27,957 - ERROR - Error updating CNTKPIT-T36: 401 Client Error:  for url: https://jira.honda-ivi.com/rest/atm/1.0/testrun/CNTKPIT-C1650/testcase/CNTKPIT-T36/testresult
2026-06-12 12:58:28,230 - INFO - Fetched details for cycle CNTKPIT-C1649
2026-06-12 12:58:28,560 - ERROR - Error updating CNTKPIT-T35: 401 Client Error:  for url: https://jira.honda-ivi.com/rest/atm/1.0/testrun/CNTKPIT-C1649/testcase/CNTKPIT-T35/testresult
2026-06-12 12:58:28,885 - ERROR - Error updating CNTKPIT-T36: 401 Client Error:  for url: https://jira.honda-ivi.com/rest/atm/1.0/testrun/CNTKPIT-C1649/testcase/CNTKPIT-T36/testresult
2026-06-12 12:58:29,171 - INFO - Fetched details for cycle CNTKPIT-C1648
2026-06-12 12:58:29,497 - ERROR - Error updating CNTKPIT-T35: 401 Client Error:  for url: https://jira.honda-ivi.com/rest/atm/1.0/testrun/CNTKPIT-C1648/testcase/CNTKPIT-T35/testresult
2026-06-12 12:58:29,822 - ERROR - Error updating CNTKPIT-T36: 401 Client Error:  for url: https://jira.honda-ivi.com/rest/atm/1.0/testrun/CNTKPIT-C1648/testcase/CNTKPIT-T36/testresult
2026-06-12 12:58:30,115 - INFO - Fetched details for cycle CNTKPIT-C1647
2026-06-12 12:58:30,443 - ERROR - Error updating CNTKPIT-T35: 401 Client Error:  for url: https://jira.honda-ivi.com/rest/atm/1.0/testrun/CNTKPIT-C1647/testcase/CNTKPIT-T35/testresult
2026-06-12 12:58:30,775 - ERROR - Error updating CNTKPIT-T36: 401 Client Error:  for url: https://jira.honda-ivi.com/rest/atm/1.0/testrun/CNTKPIT-C1647/testcase/CNTKPIT-T36/testresult
2026-06-12 12:58:31,053 - INFO - Fetched details for cycle CNTKPIT-C1646
2026-06-12 12:58:31,384 - ERROR - Error updating CNTKPIT-T35: 401 Client Error:  for url: https://jira.honda-ivi.com/rest/atm/1.0/testrun/CNTKPIT-C1646/testcase/CNTKPIT-T35/testresult
2026-06-12 12:58:31,712 - ERROR - Error updating CNTKPIT-T36: 401 Client Error:  for url: https://jira.honda-ivi.com/rest/atm/1.0/testrun/CNTKPIT-C1646/testcase/CNTKPIT-T36/testresult
2026-06-12 12:58:31,995 - INFO - Fetched details for cycle CNTKPIT-C1645
2026-06-12 12:58:32,332 - ERROR - Error updating CNTKPIT-T35: 401 Client Error:  for url: https://jira.honda-ivi.com/rest/atm/1.0/testrun/CNTKPIT-C1645/testcase/CNTKPIT-T35/testresult
2026-06-12 12:58:32,659 - ERROR - Error updating CNTKPIT-T36: 401 Client Error:  for url: https://jira.honda-ivi.com/rest/atm/1.0/testrun/CNTKPIT-C1645/testcase/CNTKPIT-T36/testresult
2026-06-12 12:58:32,960 - INFO - Fetched details for cycle CNTKPIT-C1644
2026-06-12 12:58:33,301 - ERROR - Error updating CNTKPIT-T35: 401 Client Error:  for url: https://jira.honda-ivi.com/rest/atm/1.0/testrun/CNTKPIT-C1644/testcase/CNTKPIT-T35/testresult
2026-06-12 12:58:33,637 - ERROR - Error updating CNTKPIT-T36: 401 Client Error:  for url: https://jira.honda-ivi.com/rest/atm/1.0/testrun/CNTKPIT-C1644/testcase/CNTKPIT-T36/testresult
2026-06-12 12:58:33,921 - INFO - Fetched details for cycle CNTKPIT-C1643
2026-06-12 12:58:34,255 - ERROR - Error updating CNTKPIT-T35: 401 Client Error:  for url: https://jira.honda-ivi.com/rest/atm/1.0/testrun/CNTKPIT-C1643/testcase/CNTKPIT-T35/testresult
2026-06-12 12:58:34,583 - ERROR - Error updating CNTKPIT-T36: 401 Client Error:  for url: https://jira.honda-ivi.com/rest/atm/1.0/testrun/CNTKPIT-C1643/testcase/CNTKPIT-T36/testresult
2026-06-12 12:58:34,876 - INFO - Fetched details for cycle CNTKPIT-C1642
2026-06-12 12:58:35,205 - ERROR - Error updating CNTKPIT-T35: 401 Client Error:  for url: https://jira.honda-ivi.com/rest/atm/1.0/testrun/CNTKPIT-C1642/testcase/CNTKPIT-T35/testresult
2026-06-12 12:58:35,528 - ERROR - Error updating CNTKPIT-T36: 401 Client Error:  for url: https://jira.honda-ivi.com/rest/atm/1.0/testrun/CNTKPIT-C1642/testcase/CNTKPIT-T36/testresult
2026-06-12 12:58:35,802 - INFO - Fetched details for cycle CNTKPIT-C1641
2026-06-12 12:58:36,130 - ERROR - Error updating CNTKPIT-T35: 401 Client Error:  for url: https://jira.honda-ivi.com/rest/atm/1.0/testrun/CNTKPIT-C1641/testcase/CNTKPIT-T35/testresult
2026-06-12 12:58:36,457 - ERROR - Error updating CNTKPIT-T36: 401 Client Error:  for url: https://jira.honda-ivi.com/rest/atm/1.0/testrun/CNTKPIT-C1641/testcase/CNTKPIT-T36/testresult
2026-06-12 12:58:36,730 - INFO - Fetched details for cycle CNTKPIT-C1640
2026-06-12 12:58:37,058 - ERROR - Error updating CNTKPIT-T35: 401 Client Error:  for url: https://jira.honda-ivi.com/rest/atm/1.0/testrun/CNTKPIT-C1640/testcase/CNTKPIT-T35/testresult
2026-06-12 12:58:37,380 - ERROR - Error updating CNTKPIT-T36: 401 Client Error:  for url: https://jira.honda-ivi.com/rest/atm/1.0/testrun/CNTKPIT-C1640/testcase/CNTKPIT-T36/testresult
2026-06-12 12:58:37,650 - INFO - Fetched details for cycle CNTKPIT-C1639
2026-06-12 12:58:37,979 - ERROR - Error updating CNTKPIT-T35: 401 Client Error:  for url: https://jira.honda-ivi.com/rest/atm/1.0/testrun/CNTKPIT-C1639/testcase/CNTKPIT-T35/testresult
2026-06-12 12:58:38,307 - ERROR - Error updating CNTKPIT-T36: 401 Client Error:  for url: https://jira.honda-ivi.com/rest/atm/1.0/testrun/CNTKPIT-C1639/testcase/CNTKPIT-T36/testresult
2026-06-12 13:02:00,458 - INFO - Found 25 cycles matching BFA1509R0.260603.1
2026-06-12 13:02:07,727 - INFO - Fetched details for cycle CNTKPIT-C1663
2026-06-12 13:02:08,144 - ERROR - Error updating CNTKPIT-T35: 401 Client Error:  for url: https://jira.honda-ivi.com/rest/atm/1.0/testrun/CNTKPIT-C1663/testcase/CNTKPIT-T35/testresult
2026-06-12 13:02:08,448 - ERROR - Error updating CNTKPIT-T36: 401 Client Error:  for url: https://jira.honda-ivi.com/rest/atm/1.0/testrun/CNTKPIT-C1663/testcase/CNTKPIT-T36/testresult
2026-06-12 13:02:08,716 - INFO - Fetched details for cycle CNTKPIT-C1662
2026-06-12 13:02:09,017 - ERROR - Error updating CNTKPIT-T35: 401 Client Error:  for url: https://jira.honda-ivi.com/rest/atm/1.0/testrun/CNTKPIT-C1662/testcase/CNTKPIT-T35/testresult
2026-06-12 13:02:09,316 - ERROR - Error updating CNTKPIT-T36: 401 Client Error:  for url: https://jira.honda-ivi.com/rest/atm/1.0/testrun/CNTKPIT-C1662/testcase/CNTKPIT-T36/testresult
2026-06-12 13:02:09,587 - INFO - Fetched details for cycle CNTKPIT-C1661
2026-06-12 13:02:09,888 - ERROR - Error updating CNTKPIT-T35: 401 Client Error:  for url: https://jira.honda-ivi.com/rest/atm/1.0/testrun/CNTKPIT-C1661/testcase/CNTKPIT-T35/testresult
2026-06-12 13:02:10,193 - ERROR - Error updating CNTKPIT-T36: 401 Client Error:  for url: https://jira.honda-ivi.com/rest/atm/1.0/testrun/CNTKPIT-C1661/testcase/CNTKPIT-T36/testresult
2026-06-12 13:02:10,458 - INFO - Fetched details for cycle CNTKPIT-C1660
2026-06-12 13:02:10,765 - ERROR - Error updating CNTKPIT-T35: 401 Client Error:  for url: https://jira.honda-ivi.com/rest/atm/1.0/testrun/CNTKPIT-C1660/testcase/CNTKPIT-T35/testresult
2026-06-12 13:02:11,062 - ERROR - Error updating CNTKPIT-T36: 401 Client Error:  for url: https://jira.honda-ivi.com/rest/atm/1.0/testrun/CNTKPIT-C1660/testcase/CNTKPIT-T36/testresult
2026-06-12 13:02:11,331 - INFO - Fetched details for cycle CNTKPIT-C1659
2026-06-12 13:02:11,637 - ERROR - Error updating CNTKPIT-T35: 401 Client Error:  for url: https://jira.honda-ivi.com/rest/atm/1.0/testrun/CNTKPIT-C1659/testcase/CNTKPIT-T35/testresult
2026-06-12 13:02:11,940 - ERROR - Error updating CNTKPIT-T36: 401 Client Error:  for url: https://jira.honda-ivi.com/rest/atm/1.0/testrun/CNTKPIT-C1659/testcase/CNTKPIT-T36/testresult
2026-06-12 13:02:12,223 - INFO - Fetched details for cycle CNTKPIT-C1658
2026-06-12 13:02:12,530 - ERROR - Error updating CNTKPIT-T35: 401 Client Error:  for url: https://jira.honda-ivi.com/rest/atm/1.0/testrun/CNTKPIT-C1658/testcase/CNTKPIT-T35/testresult
2026-06-12 13:02:12,828 - ERROR - Error updating CNTKPIT-T36: 401 Client Error:  for url: https://jira.honda-ivi.com/rest/atm/1.0/testrun/CNTKPIT-C1658/testcase/CNTKPIT-T36/testresult
2026-06-12 13:02:13,097 - INFO - Fetched details for cycle CNTKPIT-C1657
2026-06-12 13:02:13,395 - ERROR - Error updating CNTKPIT-T35: 401 Client Error:  for url: https://jira.honda-ivi.com/rest/atm/1.0/testrun/CNTKPIT-C1657/testcase/CNTKPIT-T35/testresult
2026-06-12 13:02:13,692 - ERROR - Error updating CNTKPIT-T36: 401 Client Error:  for url: https://jira.honda-ivi.com/rest/atm/1.0/testrun/CNTKPIT-C1657/testcase/CNTKPIT-T36/testresult
2026-06-12 13:02:13,987 - INFO - Fetched details for cycle CNTKPIT-C1656
2026-06-12 13:02:14,288 - ERROR - Error updating CNTKPIT-T35: 401 Client Error:  for url: https://jira.honda-ivi.com/rest/atm/1.0/testrun/CNTKPIT-C1656/testcase/CNTKPIT-T35/testresult
2026-06-12 13:02:14,589 - ERROR - Error updating CNTKPIT-T36: 401 Client Error:  for url: https://jira.honda-ivi.com/rest/atm/1.0/testrun/CNTKPIT-C1656/testcase/CNTKPIT-T36/testresult
2026-06-12 13:02:14,863 - INFO - Fetched details for cycle CNTKPIT-C1655
2026-06-12 13:02:15,169 - ERROR - Error updating CNTKPIT-T35: 401 Client Error:  for url: https://jira.honda-ivi.com/rest/atm/1.0/testrun/CNTKPIT-C1655/testcase/CNTKPIT-T35/testresult
2026-06-12 13:02:15,473 - ERROR - Error updating CNTKPIT-T36: 401 Client Error:  for url: https://jira.honda-ivi.com/rest/atm/1.0/testrun/CNTKPIT-C1655/testcase/CNTKPIT-T36/testresult
2026-06-12 13:02:15,749 - INFO - Fetched details for cycle CNTKPIT-C1654
2026-06-12 13:02:16,053 - ERROR - Error updating CNTKPIT-T35: 401 Client Error:  for url: https://jira.honda-ivi.com/rest/atm/1.0/testrun/CNTKPIT-C1654/testcase/CNTKPIT-T35/testresult
2026-06-12 13:02:16,349 - ERROR - Error updating CNTKPIT-T36: 401 Client Error:  for url: https://jira.honda-ivi.com/rest/atm/1.0/testrun/CNTKPIT-C1654/testcase/CNTKPIT-T36/testresult
2026-06-12 13:02:16,618 - INFO - Fetched details for cycle CNTKPIT-C1653
2026-06-12 13:02:16,927 - ERROR - Error updating CNTKPIT-T35: 401 Client Error:  for url: https://jira.honda-ivi.com/rest/atm/1.0/testrun/CNTKPIT-C1653/testcase/CNTKPIT-T35/testresult
2026-06-12 13:02:17,228 - ERROR - Error updating CNTKPIT-T36: 401 Client Error:  for url: https://jira.honda-ivi.com/rest/atm/1.0/testrun/CNTKPIT-C1653/testcase/CNTKPIT-T36/testresult
2026-06-12 13:02:17,522 - INFO - Fetched details for cycle CNTKPIT-C1652
2026-06-12 13:02:17,825 - ERROR - Error updating CNTKPIT-T35: 401 Client Error:  for url: https://jira.honda-ivi.com/rest/atm/1.0/testrun/CNTKPIT-C1652/testcase/CNTKPIT-T35/testresult
2026-06-12 13:02:18,130 - ERROR - Error updating CNTKPIT-T36: 401 Client Error:  for url: https://jira.honda-ivi.com/rest/atm/1.0/testrun/CNTKPIT-C1652/testcase/CNTKPIT-T36/testresult
2026-06-12 13:02:18,442 - INFO - Fetched details for cycle CNTKPIT-C1651
2026-06-12 13:02:18,753 - ERROR - Error updating CNTKPIT-T35: 401 Client Error:  for url: https://jira.honda-ivi.com/rest/atm/1.0/testrun/CNTKPIT-C1651/testcase/CNTKPIT-T35/testresult
2026-06-12 13:02:19,059 - ERROR - Error updating CNTKPIT-T36: 401 Client Error:  for url: https://jira.honda-ivi.com/rest/atm/1.0/testrun/CNTKPIT-C1651/testcase/CNTKPIT-T36/testresult
2026-06-12 13:02:19,365 - INFO - Fetched details for cycle CNTKPIT-C1650
2026-06-12 13:02:19,674 - ERROR - Error updating CNTKPIT-T35: 401 Client Error:  for url: https://jira.honda-ivi.com/rest/atm/1.0/testrun/CNTKPIT-C1650/testcase/CNTKPIT-T35/testresult
2026-06-12 13:02:19,976 - ERROR - Error updating CNTKPIT-T36: 401 Client Error:  for url: https://jira.honda-ivi.com/rest/atm/1.0/testrun/CNTKPIT-C1650/testcase/CNTKPIT-T36/testresult
2026-06-12 13:02:20,261 - INFO - Fetched details for cycle CNTKPIT-C1649
2026-06-12 13:02:20,576 - ERROR - Error updating CNTKPIT-T35: 401 Client Error:  for url: https://jira.honda-ivi.com/rest/atm/1.0/testrun/CNTKPIT-C1649/testcase/CNTKPIT-T35/testresult
2026-06-12 13:02:20,883 - ERROR - Error updating CNTKPIT-T36: 401 Client Error:  for url: https://jira.honda-ivi.com/rest/atm/1.0/testrun/CNTKPIT-C1649/testcase/CNTKPIT-T36/testresult
2026-06-12 13:02:21,159 - INFO - Fetched details for cycle CNTKPIT-C1648
2026-06-12 13:02:21,465 - ERROR - Error updating CNTKPIT-T35: 401 Client Error:  for url: https://jira.honda-ivi.com/rest/atm/1.0/testrun/CNTKPIT-C1648/testcase/CNTKPIT-T35/testresult
2026-06-12 13:02:21,773 - ERROR - Error updating CNTKPIT-T36: 401 Client Error:  for url: https://jira.honda-ivi.com/rest/atm/1.0/testrun/CNTKPIT-C1648/testcase/CNTKPIT-T36/testresult
2026-06-12 13:02:22,059 - INFO - Fetched details for cycle CNTKPIT-C1647
2026-06-12 13:02:22,359 - ERROR - Error updating CNTKPIT-T35: 401 Client Error:  for url: https://jira.honda-ivi.com/rest/atm/1.0/testrun/CNTKPIT-C1647/testcase/CNTKPIT-T35/testresult
2026-06-12 13:02:22,660 - ERROR - Error updating CNTKPIT-T36: 401 Client Error:  for url: https://jira.honda-ivi.com/rest/atm/1.0/testrun/CNTKPIT-C1647/testcase/CNTKPIT-T36/testresult
2026-06-12 13:02:22,946 - INFO - Fetched details for cycle CNTKPIT-C1646
2026-06-12 13:02:23,249 - ERROR - Error updating CNTKPIT-T35: 401 Client Error:  for url: https://jira.honda-ivi.com/rest/atm/1.0/testrun/CNTKPIT-C1646/testcase/CNTKPIT-T35/testresult
2026-06-12 13:02:23,548 - ERROR - Error updating CNTKPIT-T36: 401 Client Error:  for url: https://jira.honda-ivi.com/rest/atm/1.0/testrun/CNTKPIT-C1646/testcase/CNTKPIT-T36/testresult
2026-06-12 13:02:23,820 - INFO - Fetched details for cycle CNTKPIT-C1645
2026-06-12 13:02:24,122 - ERROR - Error updating CNTKPIT-T35: 401 Client Error:  for url: https://jira.honda-ivi.com/rest/atm/1.0/testrun/CNTKPIT-C1645/testcase/CNTKPIT-T35/testresult
2026-06-12 13:02:24,418 - ERROR - Error updating CNTKPIT-T36: 401 Client Error:  for url: https://jira.honda-ivi.com/rest/atm/1.0/testrun/CNTKPIT-C1645/testcase/CNTKPIT-T36/testresult
2026-06-12 13:02:24,677 - INFO - Fetched details for cycle CNTKPIT-C1644
2026-06-12 13:02:24,981 - ERROR - Error updating CNTKPIT-T35: 401 Client Error:  for url: https://jira.honda-ivi.com/rest/atm/1.0/testrun/CNTKPIT-C1644/testcase/CNTKPIT-T35/testresult
2026-06-12 13:02:25,281 - ERROR - Error updating CNTKPIT-T36: 401 Client Error:  for url: https://jira.honda-ivi.com/rest/atm/1.0/testrun/CNTKPIT-C1644/testcase/CNTKPIT-T36/testresult
2026-06-12 13:02:25,553 - INFO - Fetched details for cycle CNTKPIT-C1643
2026-06-12 13:02:25,855 - ERROR - Error updating CNTKPIT-T35: 401 Client Error:  for url: https://jira.honda-ivi.com/rest/atm/1.0/testrun/CNTKPIT-C1643/testcase/CNTKPIT-T35/testresult
2026-06-12 13:02:26,154 - ERROR - Error updating CNTKPIT-T36: 401 Client Error:  for url: https://jira.honda-ivi.com/rest/atm/1.0/testrun/CNTKPIT-C1643/testcase/CNTKPIT-T36/testresult
2026-06-12 13:02:26,423 - INFO - Fetched details for cycle CNTKPIT-C1642
2026-06-12 13:02:26,742 - ERROR - Error updating CNTKPIT-T35: 401 Client Error:  for url: https://jira.honda-ivi.com/rest/atm/1.0/testrun/CNTKPIT-C1642/testcase/CNTKPIT-T35/testresult
2026-06-12 13:02:27,037 - ERROR - Error updating CNTKPIT-T36: 401 Client Error:  for url: https://jira.honda-ivi.com/rest/atm/1.0/testrun/CNTKPIT-C1642/testcase/CNTKPIT-T36/testresult
2026-06-12 13:02:27,305 - INFO - Fetched details for cycle CNTKPIT-C1641
2026-06-12 13:02:27,613 - ERROR - Error updating CNTKPIT-T35: 401 Client Error:  for url: https://jira.honda-ivi.com/rest/atm/1.0/testrun/CNTKPIT-C1641/testcase/CNTKPIT-T35/testresult
2026-06-12 13:02:27,911 - ERROR - Error updating CNTKPIT-T36: 401 Client Error:  for url: https://jira.honda-ivi.com/rest/atm/1.0/testrun/CNTKPIT-C1641/testcase/CNTKPIT-T36/testresult
2026-06-12 13:02:28,173 - INFO - Fetched details for cycle CNTKPIT-C1640
2026-06-12 13:02:28,492 - ERROR - Error updating CNTKPIT-T35: 401 Client Error:  for url: https://jira.honda-ivi.com/rest/atm/1.0/testrun/CNTKPIT-C1640/testcase/CNTKPIT-T35/testresult
2026-06-12 13:02:28,790 - ERROR - Error updating CNTKPIT-T36: 401 Client Error:  for url: https://jira.honda-ivi.com/rest/atm/1.0/testrun/CNTKPIT-C1640/testcase/CNTKPIT-T36/testresult
2026-06-12 13:02:29,060 - INFO - Fetched details for cycle CNTKPIT-C1639
2026-06-12 13:02:29,362 - ERROR - Error updating CNTKPIT-T35: 401 Client Error:  for url: https://jira.honda-ivi.com/rest/atm/1.0/testrun/CNTKPIT-C1639/testcase/CNTKPIT-T35/testresult
2026-06-12 13:02:29,661 - ERROR - Error updating CNTKPIT-T36: 401 Client Error:  for url: https://jira.honda-ivi.com/rest/atm/1.0/testrun/CNTKPIT-C1639/testcase/CNTKPIT-T36/testresult
2026-06-12 13:07:03,989 - INFO - Found 25 cycles matching BFA1509R0.260603.1
2026-06-12 13:07:07,047 - INFO - Fetched details for cycle CNTKPIT-C1663
2026-06-12 13:07:07,800 - INFO - Updated result for CNTKPIT-T35 in cycle CNTKPIT-C1663
2026-06-12 13:07:08,283 - INFO - Updated result for CNTKPIT-T36 in cycle CNTKPIT-C1663
2026-06-12 13:07:08,560 - INFO - Fetched details for cycle CNTKPIT-C1662
2026-06-12 13:07:09,356 - INFO - Updated result for CNTKPIT-T35 in cycle CNTKPIT-C1662
2026-06-12 13:07:09,871 - INFO - Updated result for CNTKPIT-T36 in cycle CNTKPIT-C1662
2026-06-12 13:07:10,182 - INFO - Fetched details for cycle CNTKPIT-C1661
2026-06-12 13:07:10,913 - INFO - Updated result for CNTKPIT-T35 in cycle CNTKPIT-C1661
2026-06-12 13:07:11,394 - INFO - Updated result for CNTKPIT-T36 in cycle CNTKPIT-C1661
2026-06-12 13:07:11,668 - INFO - Fetched details for cycle CNTKPIT-C1660
2026-06-12 13:07:12,418 - INFO - Updated result for CNTKPIT-T35 in cycle CNTKPIT-C1660
2026-06-12 13:07:12,919 - INFO - Updated result for CNTKPIT-T36 in cycle CNTKPIT-C1660
2026-06-12 13:07:13,181 - INFO - Fetched details for cycle CNTKPIT-C1659
2026-06-12 13:07:13,921 - INFO - Updated result for CNTKPIT-T35 in cycle CNTKPIT-C1659
2026-06-12 13:07:14,407 - INFO - Updated result for CNTKPIT-T36 in cycle CNTKPIT-C1659
2026-06-12 13:07:14,677 - INFO - Fetched details for cycle CNTKPIT-C1658
2026-06-12 13:07:15,439 - INFO - Updated result for CNTKPIT-T35 in cycle CNTKPIT-C1658
2026-06-12 13:07:15,964 - INFO - Updated result for CNTKPIT-T36 in cycle CNTKPIT-C1658
2026-06-12 13:07:16,281 - INFO - Fetched details for cycle CNTKPIT-C1657
2026-06-12 13:07:17,176 - INFO - Updated result for CNTKPIT-T35 in cycle CNTKPIT-C1657
2026-06-12 13:07:17,708 - INFO - Updated result for CNTKPIT-T36 in cycle CNTKPIT-C1657
2026-06-12 13:07:18,026 - INFO - Fetched details for cycle CNTKPIT-C1656
2026-06-12 13:07:18,844 - INFO - Updated result for CNTKPIT-T35 in cycle CNTKPIT-C1656
2026-06-12 13:07:19,403 - INFO - Updated result for CNTKPIT-T36 in cycle CNTKPIT-C1656
2026-06-12 13:07:19,774 - INFO - Fetched details for cycle CNTKPIT-C1655
2026-06-12 13:07:20,643 - INFO - Updated result for CNTKPIT-T35 in cycle CNTKPIT-C1655
2026-06-12 13:07:21,154 - INFO - Updated result for CNTKPIT-T36 in cycle CNTKPIT-C1655
2026-06-12 13:07:21,439 - INFO - Fetched details for cycle CNTKPIT-C1654
2026-06-12 13:07:22,227 - INFO - Updated result for CNTKPIT-T35 in cycle CNTKPIT-C1654
2026-06-12 13:07:22,703 - INFO - Updated result for CNTKPIT-T36 in cycle CNTKPIT-C1654
2026-06-12 13:07:22,987 - INFO - Fetched details for cycle CNTKPIT-C1653
2026-06-12 13:07:23,737 - INFO - Updated result for CNTKPIT-T35 in cycle CNTKPIT-C1653
2026-06-12 13:07:24,212 - INFO - Updated result for CNTKPIT-T36 in cycle CNTKPIT-C1653
2026-06-12 13:07:24,478 - INFO - Fetched details for cycle CNTKPIT-C1652
2026-06-12 13:07:25,216 - INFO - Updated result for CNTKPIT-T35 in cycle CNTKPIT-C1652
2026-06-12 13:07:25,697 - INFO - Updated result for CNTKPIT-T36 in cycle CNTKPIT-C1652
2026-06-12 13:07:25,986 - INFO - Fetched details for cycle CNTKPIT-C1651
2026-06-12 13:07:26,745 - INFO - Updated result for CNTKPIT-T35 in cycle CNTKPIT-C1651
2026-06-12 13:07:27,236 - INFO - Updated result for CNTKPIT-T36 in cycle CNTKPIT-C1651
2026-06-12 13:07:27,499 - INFO - Fetched details for cycle CNTKPIT-C1650
2026-06-12 13:07:28,255 - INFO - Updated result for CNTKPIT-T35 in cycle CNTKPIT-C1650
2026-06-12 13:07:28,749 - INFO - Updated result for CNTKPIT-T36 in cycle CNTKPIT-C1650
2026-06-12 13:07:29,010 - INFO - Fetched details for cycle CNTKPIT-C1649
2026-06-12 13:07:29,802 - INFO - Updated result for CNTKPIT-T35 in cycle CNTKPIT-C1649
2026-06-12 13:07:30,379 - INFO - Updated result for CNTKPIT-T36 in cycle CNTKPIT-C1649
2026-06-12 13:07:30,690 - INFO - Fetched details for cycle CNTKPIT-C1648
2026-06-12 13:07:31,501 - INFO - Updated result for CNTKPIT-T35 in cycle CNTKPIT-C1648
2026-06-12 13:07:31,991 - INFO - Updated result for CNTKPIT-T36 in cycle CNTKPIT-C1648
2026-06-12 13:07:32,258 - INFO - Fetched details for cycle CNTKPIT-C1647
2026-06-12 13:07:33,038 - INFO - Updated result for CNTKPIT-T35 in cycle CNTKPIT-C1647
2026-06-12 13:07:33,552 - INFO - Updated result for CNTKPIT-T36 in cycle CNTKPIT-C1647
2026-06-12 13:07:33,828 - INFO - Fetched details for cycle CNTKPIT-C1646
2026-06-12 13:07:34,584 - INFO - Updated result for CNTKPIT-T35 in cycle CNTKPIT-C1646
2026-06-12 13:07:35,081 - INFO - Updated result for CNTKPIT-T36 in cycle CNTKPIT-C1646
2026-06-12 13:07:35,350 - INFO - Fetched details for cycle CNTKPIT-C1645
2026-06-12 13:07:36,110 - INFO - Updated result for CNTKPIT-T35 in cycle CNTKPIT-C1645
2026-06-12 13:07:36,591 - INFO - Updated result for CNTKPIT-T36 in cycle CNTKPIT-C1645
2026-06-12 13:07:36,869 - INFO - Fetched details for cycle CNTKPIT-C1644
2026-06-12 13:07:37,637 - INFO - Updated result for CNTKPIT-T35 in cycle CNTKPIT-C1644
2026-06-12 13:07:38,132 - INFO - Updated result for CNTKPIT-T36 in cycle CNTKPIT-C1644
2026-06-12 13:07:38,390 - INFO - Fetched details for cycle CNTKPIT-C1643
2026-06-12 13:07:39,172 - INFO - Updated result for CNTKPIT-T35 in cycle CNTKPIT-C1643
2026-06-12 13:07:39,668 - INFO - Updated result for CNTKPIT-T36 in cycle CNTKPIT-C1643
2026-06-12 13:07:39,937 - INFO - Fetched details for cycle CNTKPIT-C1642
2026-06-12 13:07:40,722 - INFO - Updated result for CNTKPIT-T35 in cycle CNTKPIT-C1642
2026-06-12 13:07:41,251 - INFO - Updated result for CNTKPIT-T36 in cycle CNTKPIT-C1642
2026-06-12 13:07:41,543 - INFO - Fetched details for cycle CNTKPIT-C1641
2026-06-12 13:07:42,327 - INFO - Updated result for CNTKPIT-T35 in cycle CNTKPIT-C1641
2026-06-12 13:07:42,837 - INFO - Updated result for CNTKPIT-T36 in cycle CNTKPIT-C1641
2026-06-12 13:07:43,108 - INFO - Fetched details for cycle CNTKPIT-C1640
2026-06-12 13:07:43,860 - INFO - Updated result for CNTKPIT-T35 in cycle CNTKPIT-C1640
2026-06-12 13:07:44,359 - INFO - Updated result for CNTKPIT-T36 in cycle CNTKPIT-C1640
2026-06-12 13:07:44,632 - INFO - Fetched details for cycle CNTKPIT-C1639
2026-06-12 13:07:45,405 - INFO - Updated result for CNTKPIT-T35 in cycle CNTKPIT-C1639
2026-06-12 13:07:45,904 - INFO - Updated result for CNTKPIT-T36 in cycle CNTKPIT-C1639
2026-06-12 14:16:03,160 - INFO - Found 25 cycles matching BFA1509R0.260603.1
2026-06-12 14:16:09,871 - INFO - Fetched details for cycle CNTKPIT-C1637
2026-06-12 14:16:10,601 - INFO - Updated result for CNTKPIT-T7 in cycle CNTKPIT-C1637
2026-06-12 14:16:11,484 - INFO - Updated result for CNTKPIT-T31 in cycle CNTKPIT-C1637
2026-06-12 14:16:11,744 - INFO - Fetched details for cycle CNTKPIT-C1636
2026-06-12 14:16:12,418 - INFO - Updated result for CNTKPIT-T7 in cycle CNTKPIT-C1636
2026-06-12 14:16:13,302 - INFO - Updated result for CNTKPIT-T31 in cycle CNTKPIT-C1636
2026-06-12 14:16:13,564 - INFO - Fetched details for cycle CNTKPIT-C1635
2026-06-12 14:16:14,229 - INFO - Updated result for CNTKPIT-T7 in cycle CNTKPIT-C1635
2026-06-12 14:16:15,099 - INFO - Updated result for CNTKPIT-T31 in cycle CNTKPIT-C1635
2026-06-12 14:16:15,370 - INFO - Fetched details for cycle CNTKPIT-C1634
2026-06-12 14:16:16,032 - INFO - Updated result for CNTKPIT-T7 in cycle CNTKPIT-C1634
2026-06-12 14:16:16,902 - INFO - Updated result for CNTKPIT-T31 in cycle CNTKPIT-C1634
2026-06-12 14:16:17,179 - INFO - Fetched details for cycle CNTKPIT-C1633
2026-06-12 14:16:17,843 - INFO - Updated result for CNTKPIT-T7 in cycle CNTKPIT-C1633
2026-06-12 14:16:18,720 - INFO - Updated result for CNTKPIT-T31 in cycle CNTKPIT-C1633
2026-06-12 14:16:19,043 - INFO - Fetched details for cycle CNTKPIT-C1632
2026-06-12 14:16:19,823 - INFO - Updated result for CNTKPIT-T7 in cycle CNTKPIT-C1632
2026-06-12 14:16:20,757 - INFO - Updated result for CNTKPIT-T31 in cycle CNTKPIT-C1632
2026-06-12 14:16:21,027 - INFO - Fetched details for cycle CNTKPIT-C1631
2026-06-12 14:16:21,704 - INFO - Updated result for CNTKPIT-T7 in cycle CNTKPIT-C1631
2026-06-12 14:16:22,649 - INFO - Updated result for CNTKPIT-T31 in cycle CNTKPIT-C1631
2026-06-12 14:16:22,919 - INFO - Fetched details for cycle CNTKPIT-C1630
2026-06-12 14:16:23,584 - INFO - Updated result for CNTKPIT-T7 in cycle CNTKPIT-C1630
2026-06-12 14:16:24,464 - INFO - Updated result for CNTKPIT-T31 in cycle CNTKPIT-C1630
2026-06-12 14:16:24,720 - INFO - Fetched details for cycle CNTKPIT-C1629
2026-06-12 14:16:25,400 - INFO - Updated result for CNTKPIT-T7 in cycle CNTKPIT-C1629
2026-06-12 14:16:26,254 - INFO - Updated result for CNTKPIT-T31 in cycle CNTKPIT-C1629
2026-06-12 14:16:26,521 - INFO - Fetched details for cycle CNTKPIT-C1628
2026-06-12 14:16:27,178 - INFO - Updated result for CNTKPIT-T7 in cycle CNTKPIT-C1628
2026-06-12 14:16:28,018 - INFO - Updated result for CNTKPIT-T31 in cycle CNTKPIT-C1628
2026-06-12 14:16:28,278 - INFO - Fetched details for cycle CNTKPIT-C1627
2026-06-12 14:16:28,988 - INFO - Updated result for CNTKPIT-T7 in cycle CNTKPIT-C1627
2026-06-12 14:16:29,809 - INFO - Updated result for CNTKPIT-T31 in cycle CNTKPIT-C1627
2026-06-12 14:16:30,061 - INFO - Fetched details for cycle CNTKPIT-C1626
2026-06-12 14:16:30,739 - INFO - Updated result for CNTKPIT-T7 in cycle CNTKPIT-C1626
2026-06-12 14:16:31,604 - INFO - Updated result for CNTKPIT-T31 in cycle CNTKPIT-C1626
2026-06-12 14:16:31,853 - INFO - Fetched details for cycle CNTKPIT-C1625
2026-06-12 14:16:32,515 - INFO - Updated result for CNTKPIT-T7 in cycle CNTKPIT-C1625
2026-06-12 14:16:33,400 - INFO - Updated result for CNTKPIT-T31 in cycle CNTKPIT-C1625
2026-06-12 14:16:33,653 - INFO - Fetched details for cycle CNTKPIT-C1624
2026-06-12 14:16:34,348 - INFO - Updated result for CNTKPIT-T7 in cycle CNTKPIT-C1624
2026-06-12 14:16:35,220 - INFO - Updated result for CNTKPIT-T31 in cycle CNTKPIT-C1624
2026-06-12 14:16:35,483 - INFO - Fetched details for cycle CNTKPIT-C1623
2026-06-12 14:16:36,213 - INFO - Updated result for CNTKPIT-T7 in cycle CNTKPIT-C1623
2026-06-12 14:16:37,119 - INFO - Updated result for CNTKPIT-T31 in cycle CNTKPIT-C1623
2026-06-12 14:16:37,379 - INFO - Fetched details for cycle CNTKPIT-C1622
2026-06-12 14:16:38,080 - INFO - Updated result for CNTKPIT-T7 in cycle CNTKPIT-C1622
2026-06-12 14:16:38,954 - INFO - Updated result for CNTKPIT-T31 in cycle CNTKPIT-C1622
2026-06-12 14:16:39,242 - INFO - Fetched details for cycle CNTKPIT-C1621
2026-06-12 14:16:39,902 - INFO - Updated result for CNTKPIT-T7 in cycle CNTKPIT-C1621
2026-06-12 14:16:40,804 - INFO - Updated result for CNTKPIT-T31 in cycle CNTKPIT-C1621
2026-06-12 14:16:41,256 - INFO - Fetched details for cycle CNTKPIT-C1620
2026-06-12 14:16:41,976 - INFO - Updated result for CNTKPIT-T7 in cycle CNTKPIT-C1620
2026-06-12 14:16:42,874 - INFO - Updated result for CNTKPIT-T31 in cycle CNTKPIT-C1620
2026-06-12 14:16:43,351 - INFO - Fetched details for cycle CNTKPIT-C1619
2026-06-12 14:16:44,072 - INFO - Updated result for CNTKPIT-T7 in cycle CNTKPIT-C1619
2026-06-12 14:16:45,006 - INFO - Updated result for CNTKPIT-T31 in cycle CNTKPIT-C1619
2026-06-12 14:16:45,426 - INFO - Fetched details for cycle CNTKPIT-C1618
2026-06-12 14:16:46,197 - INFO - Updated result for CNTKPIT-T7 in cycle CNTKPIT-C1618
2026-06-12 14:16:47,232 - INFO - Updated result for CNTKPIT-T31 in cycle CNTKPIT-C1618
2026-06-12 14:16:47,484 - INFO - Fetched details for cycle CNTKPIT-C1617
2026-06-12 14:16:48,154 - INFO - Updated result for CNTKPIT-T7 in cycle CNTKPIT-C1617
2026-06-12 14:16:49,038 - INFO - Updated result for CNTKPIT-T31 in cycle CNTKPIT-C1617
2026-06-12 14:16:49,338 - INFO - Fetched details for cycle CNTKPIT-C1616
2026-06-12 14:16:50,081 - INFO - Updated result for CNTKPIT-T7 in cycle CNTKPIT-C1616
2026-06-12 14:16:50,922 - INFO - Updated result for CNTKPIT-T31 in cycle CNTKPIT-C1616
2026-06-12 14:16:51,174 - INFO - Fetched details for cycle CNTKPIT-C1615
2026-06-12 14:16:51,872 - INFO - Updated result for CNTKPIT-T7 in cycle CNTKPIT-C1615
2026-06-12 14:16:52,743 - INFO - Updated result for CNTKPIT-T31 in cycle CNTKPIT-C1615
2026-06-12 14:16:53,005 - INFO - Fetched details for cycle CNTKPIT-C1614
2026-06-12 14:16:53,672 - INFO - Updated result for CNTKPIT-T7 in cycle CNTKPIT-C1614
2026-06-12 14:16:54,564 - INFO - Updated result for CNTKPIT-T31 in cycle CNTKPIT-C1614
2026-06-12 14:16:54,824 - INFO - Fetched details for cycle CNTKPIT-C1613
2026-06-12 14:16:55,492 - INFO - Updated result for CNTKPIT-T7 in cycle CNTKPIT-C1613
2026-06-12 14:16:56,355 - INFO - Updated result for CNTKPIT-T31 in cycle CNTKPIT-C1613
2026-06-12 14:32:44,582 - INFO - Found 25 cycles matching BFA1509R0.260603.1
2026-06-12 14:32:53,165 - INFO - Fetched details for cycle CNTKPIT-C1663
2026-06-12 14:32:53,442 - INFO - Fetched details for cycle CNTKPIT-C1662
2026-06-12 14:32:53,705 - INFO - Fetched details for cycle CNTKPIT-C1661
2026-06-12 14:32:53,964 - INFO - Fetched details for cycle CNTKPIT-C1660
2026-06-12 14:32:54,226 - INFO - Fetched details for cycle CNTKPIT-C1659
2026-06-12 14:32:54,482 - INFO - Fetched details for cycle CNTKPIT-C1658
2026-06-12 14:32:54,760 - INFO - Fetched details for cycle CNTKPIT-C1657
2026-06-12 14:32:55,032 - INFO - Fetched details for cycle CNTKPIT-C1656
2026-06-12 14:32:55,297 - INFO - Fetched details for cycle CNTKPIT-C1655
2026-06-12 14:32:55,555 - INFO - Fetched details for cycle CNTKPIT-C1654
2026-06-12 14:32:55,813 - INFO - Fetched details for cycle CNTKPIT-C1653
2026-06-12 14:32:56,079 - INFO - Fetched details for cycle CNTKPIT-C1652
2026-06-12 14:32:56,369 - INFO - Fetched details for cycle CNTKPIT-C1651
2026-06-12 14:32:56,661 - INFO - Fetched details for cycle CNTKPIT-C1650
2026-06-12 14:32:56,939 - INFO - Fetched details for cycle CNTKPIT-C1649
2026-06-12 14:32:57,227 - INFO - Fetched details for cycle CNTKPIT-C1648
2026-06-12 14:32:57,509 - INFO - Fetched details for cycle CNTKPIT-C1647
2026-06-12 14:32:57,776 - INFO - Fetched details for cycle CNTKPIT-C1646
2026-06-12 14:32:58,036 - INFO - Fetched details for cycle CNTKPIT-C1645
2026-06-12 14:32:58,314 - INFO - Fetched details for cycle CNTKPIT-C1644
2026-06-12 14:32:58,586 - INFO - Fetched details for cycle CNTKPIT-C1643
2026-06-12 14:32:58,859 - INFO - Fetched details for cycle CNTKPIT-C1642
2026-06-12 14:32:59,120 - INFO - Fetched details for cycle CNTKPIT-C1641
2026-06-12 14:32:59,434 - INFO - Fetched details for cycle CNTKPIT-C1640
2026-06-12 14:32:59,735 - INFO - Fetched details for cycle CNTKPIT-C1639
2026-06-12 14:34:31,918 - INFO - Found 25 cycles matching BFA1509R0.260603.1
2026-06-12 14:34:38,955 - INFO - Fetched details for cycle CNTKPIT-C1663
2026-06-12 14:34:39,766 - INFO - Updated result for CNTKPIT-T13 in cycle CNTKPIT-C1663
2026-06-12 14:34:40,058 - INFO - Fetched details for cycle CNTKPIT-C1662
2026-06-12 14:34:40,835 - INFO - Updated result for CNTKPIT-T13 in cycle CNTKPIT-C1662
2026-06-12 14:34:41,130 - INFO - Fetched details for cycle CNTKPIT-C1661
2026-06-12 14:34:41,865 - INFO - Updated result for CNTKPIT-T13 in cycle CNTKPIT-C1661
2026-06-12 14:34:42,160 - INFO - Fetched details for cycle CNTKPIT-C1660
2026-06-12 14:34:42,910 - INFO - Updated result for CNTKPIT-T13 in cycle CNTKPIT-C1660
2026-06-12 14:34:43,177 - INFO - Fetched details for cycle CNTKPIT-C1659
2026-06-12 14:34:43,882 - INFO - Updated result for CNTKPIT-T13 in cycle CNTKPIT-C1659
2026-06-12 14:34:44,160 - INFO - Fetched details for cycle CNTKPIT-C1658
2026-06-12 14:34:44,849 - INFO - Updated result for CNTKPIT-T13 in cycle CNTKPIT-C1658
2026-06-12 14:34:45,132 - INFO - Fetched details for cycle CNTKPIT-C1657
2026-06-12 14:34:45,852 - INFO - Updated result for CNTKPIT-T13 in cycle CNTKPIT-C1657
2026-06-12 14:34:46,133 - INFO - Fetched details for cycle CNTKPIT-C1656
2026-06-12 14:34:46,857 - INFO - Updated result for CNTKPIT-T13 in cycle CNTKPIT-C1656
2026-06-12 14:34:47,120 - INFO - Fetched details for cycle CNTKPIT-C1655
2026-06-12 14:34:47,831 - INFO - Updated result for CNTKPIT-T13 in cycle CNTKPIT-C1655
2026-06-12 14:34:48,100 - INFO - Fetched details for cycle CNTKPIT-C1654
2026-06-12 14:34:48,785 - INFO - Updated result for CNTKPIT-T13 in cycle CNTKPIT-C1654
2026-06-12 14:34:49,083 - INFO - Fetched details for cycle CNTKPIT-C1653
2026-06-12 14:34:49,780 - INFO - Updated result for CNTKPIT-T13 in cycle CNTKPIT-C1653
2026-06-12 14:34:50,057 - INFO - Fetched details for cycle CNTKPIT-C1652
2026-06-12 14:34:50,762 - INFO - Updated result for CNTKPIT-T13 in cycle CNTKPIT-C1652
2026-06-12 14:34:51,032 - INFO - Fetched details for cycle CNTKPIT-C1651
2026-06-12 14:34:51,742 - INFO - Updated result for CNTKPIT-T13 in cycle CNTKPIT-C1651
2026-06-12 14:34:52,044 - INFO - Fetched details for cycle CNTKPIT-C1650
2026-06-12 14:34:52,800 - INFO - Updated result for CNTKPIT-T13 in cycle CNTKPIT-C1650
2026-06-12 14:34:53,081 - INFO - Fetched details for cycle CNTKPIT-C1649
2026-06-12 14:34:53,777 - INFO - Updated result for CNTKPIT-T13 in cycle CNTKPIT-C1649
2026-06-12 14:34:54,049 - INFO - Fetched details for cycle CNTKPIT-C1648
2026-06-12 14:34:54,757 - INFO - Updated result for CNTKPIT-T13 in cycle CNTKPIT-C1648
2026-06-12 14:34:55,022 - INFO - Fetched details for cycle CNTKPIT-C1647
2026-06-12 14:34:55,749 - INFO - Updated result for CNTKPIT-T13 in cycle CNTKPIT-C1647
2026-06-12 14:34:56,022 - INFO - Fetched details for cycle CNTKPIT-C1646
2026-06-12 14:34:56,715 - INFO - Updated result for CNTKPIT-T13 in cycle CNTKPIT-C1646
2026-06-12 14:34:56,997 - INFO - Fetched details for cycle CNTKPIT-C1645
2026-06-12 14:34:57,708 - INFO - Updated result for CNTKPIT-T13 in cycle CNTKPIT-C1645
2026-06-12 14:34:57,981 - INFO - Fetched details for cycle CNTKPIT-C1644
2026-06-12 14:34:58,682 - INFO - Updated result for CNTKPIT-T13 in cycle CNTKPIT-C1644
2026-06-12 14:34:58,957 - INFO - Fetched details for cycle CNTKPIT-C1643
2026-06-12 14:34:59,669 - INFO - Updated result for CNTKPIT-T13 in cycle CNTKPIT-C1643
2026-06-12 14:34:59,944 - INFO - Fetched details for cycle CNTKPIT-C1642
2026-06-12 14:35:00,692 - INFO - Updated result for CNTKPIT-T13 in cycle CNTKPIT-C1642
2026-06-12 14:35:00,963 - INFO - Fetched details for cycle CNTKPIT-C1641
2026-06-12 14:35:01,676 - INFO - Updated result for CNTKPIT-T13 in cycle CNTKPIT-C1641
2026-06-12 14:35:01,957 - INFO - Fetched details for cycle CNTKPIT-C1640
2026-06-12 14:35:02,730 - INFO - Updated result for CNTKPIT-T13 in cycle CNTKPIT-C1640
2026-06-12 14:35:03,014 - INFO - Fetched details for cycle CNTKPIT-C1639
2026-06-12 14:35:03,704 - INFO - Updated result for CNTKPIT-T13 in cycle CNTKPIT-C1639
