2026-03-18 03:11:55 | 🚀 Jira Update Started.

2026-03-18 03:11:57 | ⏳ Updating    		            : DRT-3915 ('KPIT_TC_DRT_VEND_006')
2026-03-18 03:11:57 |   🔄 Commenting               : DRT-3915 ('KPIT_TC_DRT_VEND_006')
2026-03-18 03:11:57 |     Date                      : 2026-03-13
2026-03-18 03:11:57 |     Result                    : Pass
2026-03-18 03:11:57 |     Build Number              : AEA1418D0.260313.1
2026-03-18 03:11:58 |   🔄 Commented                : DRT-3915 ('KPIT_TC_DRT_VEND_006') | Comment ID: 174328

2026-03-18 03:11:58 | ⏳ Updating    		            : DRT-3914 ('KPIT_TC_DRT_VEND_115')
2026-03-18 03:11:59 |   🔄 Commenting               : DRT-3914 ('KPIT_TC_DRT_VEND_115')
2026-03-18 03:11:59 |     Date                      : 2026-03-13
2026-03-18 03:11:59 |     Result                    : Pass
2026-03-18 03:11:59 |     Build Number              : AEA1418D0.260313.1
2026-03-18 03:12:00 |   🔄 Commented                : DRT-3914 ('KPIT_TC_DRT_VEND_115') | Comment ID: 174329

2026-03-18 03:12:01 | ⏳ Updating    		            : DRT-2122 ('KPIT_TC_DRT_VEND_092')
2026-03-18 03:12:01 |   🔄 Commenting               : DRT-2122 ('KPIT_TC_DRT_VEND_092')
2026-03-18 03:12:01 |     Date                      : 2026-03-13
2026-03-18 03:12:01 |     Result                    : Pass
2026-03-18 03:12:01 |     Build Number              : AEA1418D0.260313.1
2026-03-18 03:12:02 |   🔄 Commented                : DRT-2122 ('KPIT_TC_DRT_VEND_092') | Comment ID: 174330

2026-03-18 03:12:03 | ⏳ Updating    		            : DRT-1880 ('KPIT_TC_DRT_BZA_013')
2026-03-18 03:12:03 |   🔄 Commenting               : DRT-1880 ('KPIT_TC_DRT_BZA_013')
2026-03-18 03:12:03 |     Date                      : 2026-03-13
2026-03-18 03:12:03 |     Result                    : Pass
2026-03-18 03:12:03 |     Build Number              : AEA1418D0.260313.1
2026-03-18 03:12:04 |   🔄 Commented                : DRT-1880 ('KPIT_TC_DRT_BZA_013') | Comment ID: 174331

2026-03-18 03:12:05 | ⏳ Updating    		            : DRT-3915 ('KPIT_TC_DRT_VEND_006')
2026-03-18 03:12:05 |   🔄 Commenting               : DRT-3915 ('KPIT_TC_DRT_VEND_006')
2026-03-18 03:12:05 |     Date                      : 2026-03-16
2026-03-18 03:12:05 |     Result                    : Pass
2026-03-18 03:12:05 |     Build Number              : AEA1418D0.260316.1
2026-03-18 03:12:06 |   🔄 Commented                : DRT-3915 ('KPIT_TC_DRT_VEND_006') | Comment ID: 174332

2026-03-18 03:12:07 | ⏳ Updating    		            : DRT-3914 ('KPIT_TC_DRT_VEND_115')
2026-03-18 03:12:07 |   🔄 Commenting               : DRT-3914 ('KPIT_TC_DRT_VEND_115')
2026-03-18 03:12:07 |     Date                      : 2026-03-16
2026-03-18 03:12:07 |     Result                    : Pass
2026-03-18 03:12:07 |     Build Number              : AEA1418D0.260316.1
2026-03-18 03:12:08 |   🔄 Commented                : DRT-3914 ('KPIT_TC_DRT_VEND_115') | Comment ID: 174333

2026-03-18 03:12:08 | ⏳ Updating    		            : DRT-2122 ('KPIT_TC_DRT_VEND_092')
2026-03-18 03:12:08 |   🔄 Commenting               : DRT-2122 ('KPIT_TC_DRT_VEND_092')
2026-03-18 03:12:08 |     Date                      : 2026-03-16
2026-03-18 03:12:08 |     Result                    : Pass
2026-03-18 03:12:08 |     Build Number              : AEA1418D0.260316.1
2026-03-18 03:12:10 |   🔄 Commented                : DRT-2122 ('KPIT_TC_DRT_VEND_092') | Comment ID: 174334

2026-03-18 03:12:10 | ⏳ Updating    		            : DRT-1880 ('KPIT_TC_DRT_BZA_013')
2026-03-18 03:12:10 |   🔄 Commenting               : DRT-1880 ('KPIT_TC_DRT_BZA_013')
2026-03-18 03:12:10 |     Date                      : 2026-03-16
2026-03-18 03:12:10 |     Result                    : Pass
2026-03-18 03:12:10 |     Build Number              : AEA1418D0.260316.1
2026-03-18 03:12:12 |   🔄 Commented                : DRT-1880 ('KPIT_TC_DRT_BZA_013') | Comment ID: 174335

2026-03-18 03:12:12 | ✅ Jira Update Completed.
