2026-01-06 13:02:35 | 🚀 Jira Update Started.

2026-01-06 13:02:35 | ⏳ Updating    		            : DRT-6153 ('KPIT_TC_DRT_MET_046')
2026-01-06 13:02:35 |   🔄 Updating fields          : DRT-6153 ('KPIT_TC_DRT_MET_046')
2026-01-06 13:02:35 |     Failure Category          : ICB Issue (Once)
2026-01-06 13:02:35 |     Failure Sub Category      : Timing Issue
2026-01-06 13:02:35 |     Previous Failure Category : ['Test Env Issue']
2026-01-06 13:02:35 |     Root Cause Details        : ICB took more time for anti-theft screen.
2026-01-06 13:02:35 |     Fixation Performed        : Increased loop counter for whilenot loop.
2026-01-06 13:02:37 |   ✅ Updated fields           : DRT-6153 ('KPIT_TC_DRT_MET_046')
2026-01-06 13:02:37 |   🔄 Commenting               : DRT-6153 ('KPIT_TC_DRT_MET_046')
2026-01-06 13:02:37 |     Date                      : 2025-12-24
2026-01-06 13:02:37 |     Build Number              : AEA1412S1.251223.1
2026-01-06 13:02:37 |     Result                    : Fail
2026-01-06 13:02:37 |     Failure Category          : ICB Issue (Once)
2026-01-06 13:02:37 |     Failure Sub Category      : Timing Issue
2026-01-06 13:02:37 |     Root Cause Details        : ICB took more time for anti-theft screen.
2026-01-06 13:02:37 |     Fixation Performed        : Increased loop counter for whilenot loop.
2026-01-06 13:02:37 |     Remarks                   : Executed in daytime, result: Pass.
2026-01-06 13:02:37 |     Reviewer                  : Rajashri
2026-01-06 13:02:38 |   🔄 Commented                : DRT-6153 ('KPIT_TC_DRT_MET_046') | Comment ID: 137051

2026-01-06 13:02:38 | ⏳ Updating    		            : DRT-4430 ('KPIT_TC_DRT_SPCAA_022')
2026-01-06 13:02:38 |   🔄 Updating fields          : DRT-4430 ('KPIT_TC_DRT_SPCAA_022')
2026-01-06 13:02:38 |     Failure Category          : ICB Issue (Once)
2026-01-06 13:02:38 |     Failure Sub Category      : Timing Issue
2026-01-06 13:02:38 |     Previous Failure Category : ['Human Error', 'ICB Issue (Always)']
2026-01-06 13:02:38 |     Root Cause Details        : ICB took more time for anti-theft screen.
2026-01-06 13:02:38 |     Fixation Performed        : Increased loop counter for whilenot loop.
2026-01-06 13:02:40 |   ✅ Updated fields           : DRT-4430 ('KPIT_TC_DRT_SPCAA_022')
2026-01-06 13:02:40 |   🔄 Commenting               : DRT-4430 ('KPIT_TC_DRT_SPCAA_022')
2026-01-06 13:02:40 |     Date                      : 2025-12-24
2026-01-06 13:02:40 |     Build Number              : AEA1412S1.251223.1
2026-01-06 13:02:40 |     Result                    : Fail
2026-01-06 13:02:40 |     Failure Category          : ICB Issue (Once)
2026-01-06 13:02:40 |     Failure Sub Category      : Timing Issue
2026-01-06 13:02:40 |     Root Cause Details        : ICB took more time for anti-theft screen.
2026-01-06 13:02:40 |     Fixation Performed        : Increased loop counter for whilenot loop.
2026-01-06 13:02:40 |     Remarks                   : Executed in daytime, result: Pass.
2026-01-06 13:02:40 |     Reviewer                  : Rajashri
2026-01-06 13:02:41 |   🔄 Commented                : DRT-4430 ('KPIT_TC_DRT_SPCAA_022') | Comment ID: 137052

2026-01-06 13:02:41 | ⏳ Updating    		            : DRT-4429 ('KPIT_TC_DRT_SPCAA_023')
2026-01-06 13:02:41 |   🔄 Updating fields          : DRT-4429 ('KPIT_TC_DRT_SPCAA_023')
2026-01-06 13:02:41 |     Failure Category          : ICB Issue (Once)
2026-01-06 13:02:41 |     Failure Sub Category      : Timing Issue
2026-01-06 13:02:41 |     Previous Failure Category : ['Human Error', 'ICB Issue (Always)']
2026-01-06 13:02:41 |     Root Cause Details        : ICB took more time for anti-theft screen.
2026-01-06 13:02:41 |     Fixation Performed        : Increased loop counter for whilenot loop.
2026-01-06 13:02:42 |   ✅ Updated fields           : DRT-4429 ('KPIT_TC_DRT_SPCAA_023')
2026-01-06 13:02:43 |   🔄 Commenting               : DRT-4429 ('KPIT_TC_DRT_SPCAA_023')
2026-01-06 13:02:43 |     Date                      : 2025-12-24
2026-01-06 13:02:43 |     Build Number              : AEA1412S1.251223.1
2026-01-06 13:02:43 |     Result                    : Fail
2026-01-06 13:02:43 |     Failure Category          : ICB Issue (Once)
2026-01-06 13:02:43 |     Failure Sub Category      : Timing Issue
2026-01-06 13:02:43 |     Root Cause Details        : ICB took more time for anti-theft screen.
2026-01-06 13:02:43 |     Fixation Performed        : Increased loop counter for whilenot loop.
2026-01-06 13:02:43 |     Remarks                   : Executed in daytime, result: Pass.
2026-01-06 13:02:43 |     Reviewer                  : Rajashri
2026-01-06 13:02:43 |   🔄 Commented                : DRT-4429 ('KPIT_TC_DRT_SPCAA_023') | Comment ID: 137053

2026-01-06 13:02:44 | ⏳ Updating    		            : DRT-2053 ('KPIT_TC_DRT_SPCAA_026')
2026-01-06 13:02:44 |   🔄 Updating fields          : DRT-2053 ('KPIT_TC_DRT_SPCAA_026')
2026-01-06 13:02:44 |     Failure Category          : ICB Issue (Once)
2026-01-06 13:02:44 |     Failure Sub Category      : Timing Issue
2026-01-06 13:02:44 |     Previous Failure Category : ['KITE Issue', 'Test Env Issue']
2026-01-06 13:02:44 |     Root Cause Details        : ICB took more time for anti-theft screen.
2026-01-06 13:02:44 |     Fixation Performed        : Increased loop counter for whilenot loop.
2026-01-06 13:02:45 |   ✅ Updated fields           : DRT-2053 ('KPIT_TC_DRT_SPCAA_026')
2026-01-06 13:02:45 |   🔄 Commenting               : DRT-2053 ('KPIT_TC_DRT_SPCAA_026')
2026-01-06 13:02:45 |     Date                      : 2025-12-24
2026-01-06 13:02:45 |     Build Number              : AEA1412S1.251223.1
2026-01-06 13:02:45 |     Result                    : Fail
2026-01-06 13:02:45 |     Failure Category          : ICB Issue (Once)
2026-01-06 13:02:45 |     Failure Sub Category      : Timing Issue
2026-01-06 13:02:45 |     Root Cause Details        : ICB took more time for anti-theft screen.
2026-01-06 13:02:45 |     Fixation Performed        : Increased loop counter for whilenot loop.
2026-01-06 13:02:45 |     Remarks                   : Executed in daytime, result: Pass.
2026-01-06 13:02:45 |     Reviewer                  : Rajashri
2026-01-06 13:02:46 |   🔄 Commented                : DRT-2053 ('KPIT_TC_DRT_SPCAA_026') | Comment ID: 137054

2026-01-06 13:02:47 | ⏳ Updating    		            : DRT-2050 ('KPIT_TC_DRT_MET_103')
2026-01-06 13:02:47 |   🔄 Updating fields          : DRT-2050 ('KPIT_TC_DRT_MET_103')
2026-01-06 13:02:47 |     Failure Category          : ICB Issue (Once)
2026-01-06 13:02:47 |     Failure Sub Category      : Timing Issue
2026-01-06 13:02:47 |     Previous Failure Category : ['Human Error', 'ICB Issue (Always)']
2026-01-06 13:02:47 |     Root Cause Details        : ICB took more time for anti-theft screen.
2026-01-06 13:02:47 |     Fixation Performed        : Increased loop counter for whilenot loop.
2026-01-06 13:02:48 |   ✅ Updated fields           : DRT-2050 ('KPIT_TC_DRT_MET_103')
2026-01-06 13:02:48 |   🔄 Commenting               : DRT-2050 ('KPIT_TC_DRT_MET_103')
2026-01-06 13:02:48 |     Date                      : 2025-12-24
2026-01-06 13:02:48 |     Build Number              : AEA1412S1.251223.1
2026-01-06 13:02:48 |     Result                    : Fail
2026-01-06 13:02:48 |     Failure Category          : ICB Issue (Once)
2026-01-06 13:02:48 |     Failure Sub Category      : Timing Issue
2026-01-06 13:02:48 |     Root Cause Details        : ICB took more time for anti-theft screen.
2026-01-06 13:02:48 |     Fixation Performed        : Increased loop counter for whilenot loop.
2026-01-06 13:02:48 |     Remarks                   : Executed in daytime, result: Pass.
2026-01-06 13:02:48 |     Reviewer                  : Rajashri
2026-01-06 13:02:48 |   🔄 Commented                : DRT-2050 ('KPIT_TC_DRT_MET_103') | Comment ID: 137055

2026-01-06 13:02:49 | ⏳ Updating    		            : DRT-5112 ('KPIT_TC_DRT_SRW_003')
2026-01-06 13:02:49 |   🔄 Updating fields          : DRT-5112 ('KPIT_TC_DRT_SRW_003')
2026-01-06 13:02:49 |     Failure Category          : ICB Issue (Once)
2026-01-06 13:02:49 |     Failure Sub Category      : Timing Issue
2026-01-06 13:02:49 |     Previous Failure Category : ['Test Env Issue']
2026-01-06 13:02:49 |     Root Cause Details        : ICB took more time for anti-theft screen.
2026-01-06 13:02:49 |     Fixation Performed        : Increased loop counter for whilenot loop.
2026-01-06 13:02:50 |   ✅ Updated fields           : DRT-5112 ('KPIT_TC_DRT_SRW_003')
2026-01-06 13:02:50 |   🔄 Commenting               : DRT-5112 ('KPIT_TC_DRT_SRW_003')
2026-01-06 13:02:50 |     Date                      : 2025-12-24
2026-01-06 13:02:50 |     Build Number              : AEA1412S1.251223.1
2026-01-06 13:02:50 |     Result                    : Fail
2026-01-06 13:02:50 |     Failure Category          : ICB Issue (Once)
2026-01-06 13:02:50 |     Failure Sub Category      : Timing Issue
2026-01-06 13:02:50 |     Root Cause Details        : ICB took more time for anti-theft screen.
2026-01-06 13:02:50 |     Fixation Performed        : Increased loop counter for whilenot loop.
2026-01-06 13:02:50 |     Remarks                   : Executed in daytime, result: Pass.
2026-01-06 13:02:50 |     Reviewer                  : Rajashri
2026-01-06 13:02:51 |   🔄 Commented                : DRT-5112 ('KPIT_TC_DRT_SRW_003') | Comment ID: 137056

2026-01-06 13:02:51 | ⏳ Updating    		            : DRT-4032 ('KPIT_TC_DRT_MET_012')
2026-01-06 13:02:51 |   🔄 Updating fields          : DRT-4032 ('KPIT_TC_DRT_MET_012')
2026-01-06 13:02:51 |     Failure Category          : ICB Issue (Once)
2026-01-06 13:02:51 |     Failure Sub Category      : Timing Issue
2026-01-06 13:02:51 |     Previous Failure Category : ['ICB Issue (Always)', 'ICB Issue (Once)']
2026-01-06 13:02:51 |     Root Cause Details        : ICB took more time for anti-theft screen.
2026-01-06 13:02:51 |     Fixation Performed        : Increased loop counter for whilenot loop.
2026-01-06 13:02:52 |   ✅ Updated fields           : DRT-4032 ('KPIT_TC_DRT_MET_012')
2026-01-06 13:02:52 |   🔄 Commenting               : DRT-4032 ('KPIT_TC_DRT_MET_012')
2026-01-06 13:02:52 |     Date                      : 2025-12-24
2026-01-06 13:02:52 |     Build Number              : AEA1412S1.251223.1
2026-01-06 13:02:52 |     Result                    : Fail
2026-01-06 13:02:52 |     Failure Category          : ICB Issue (Once)
2026-01-06 13:02:52 |     Failure Sub Category      : Timing Issue
2026-01-06 13:02:52 |     Root Cause Details        : ICB took more time for anti-theft screen.
2026-01-06 13:02:52 |     Fixation Performed        : Increased loop counter for whilenot loop.
2026-01-06 13:02:52 |     Remarks                   : Executed in daytime, result: Pass.
2026-01-06 13:02:52 |     Reviewer                  : Rajashri
2026-01-06 13:02:52 |   🔄 Commented                : DRT-4032 ('KPIT_TC_DRT_MET_012') | Comment ID: 137057

2026-01-06 13:02:53 | ⏳ Updating    		            : DRT-3493 ('KPIT_TC_DRT_SND_008')
2026-01-06 13:02:53 |   🔄 Updating fields          : DRT-3493 ('KPIT_TC_DRT_SND_008')
2026-01-06 13:02:53 |     Failure Category          : ICB Issue (Once)
2026-01-06 13:02:53 |     Failure Sub Category      : Timing Issue
2026-01-06 13:02:53 |     Previous Failure Category : ['Test Env Issue', 'ICB Issue (Once)']
2026-01-06 13:02:53 |     Root Cause Details        : ICB took more time for anti-theft screen.
2026-01-06 13:02:53 |     Fixation Performed        : Increased loop counter for whilenot loop.
2026-01-06 13:02:54 |   ✅ Updated fields           : DRT-3493 ('KPIT_TC_DRT_SND_008')
2026-01-06 13:02:54 |   🔄 Commenting               : DRT-3493 ('KPIT_TC_DRT_SND_008')
2026-01-06 13:02:54 |     Date                      : 2025-12-24
2026-01-06 13:02:54 |     Build Number              : AEA1412S1.251223.1
2026-01-06 13:02:54 |     Result                    : Fail
2026-01-06 13:02:54 |     Failure Category          : ICB Issue (Once)
2026-01-06 13:02:54 |     Failure Sub Category      : Timing Issue
2026-01-06 13:02:54 |     Root Cause Details        : ICB took more time for anti-theft screen.
2026-01-06 13:02:54 |     Fixation Performed        : Increased loop counter for whilenot loop.
2026-01-06 13:02:54 |     Remarks                   : Executed in daytime, result: Pass.
2026-01-06 13:02:54 |     Reviewer                  : Rajashri
2026-01-06 13:02:55 |   🔄 Commented                : DRT-3493 ('KPIT_TC_DRT_SND_008') | Comment ID: 137058

2026-01-06 13:02:55 | ⏳ Updating    		            : DRT-3310 ('KPIT_TC_DRT_MET_014')
2026-01-06 13:02:55 |   🔄 Updating fields          : DRT-3310 ('KPIT_TC_DRT_MET_014')
2026-01-06 13:02:55 |     Failure Category          : ICB Issue (Once)
2026-01-06 13:02:55 |     Failure Sub Category      : Timing Issue
2026-01-06 13:02:55 |     Previous Failure Category : ['ICB Issue (Always)', 'ICB Issue (Once)']
2026-01-06 13:02:55 |     Root Cause Details        : ICB took more time for anti-theft screen.
2026-01-06 13:02:55 |     Fixation Performed        : Increased loop counter for whilenot loop.
2026-01-06 13:02:56 |   ✅ Updated fields           : DRT-3310 ('KPIT_TC_DRT_MET_014')
2026-01-06 13:02:56 |   🔄 Commenting               : DRT-3310 ('KPIT_TC_DRT_MET_014')
2026-01-06 13:02:56 |     Date                      : 2025-12-24
2026-01-06 13:02:56 |     Build Number              : AEA1412S1.251223.1
2026-01-06 13:02:56 |     Result                    : Fail
2026-01-06 13:02:56 |     Failure Category          : ICB Issue (Once)
2026-01-06 13:02:56 |     Failure Sub Category      : Timing Issue
2026-01-06 13:02:56 |     Root Cause Details        : ICB took more time for anti-theft screen.
2026-01-06 13:02:56 |     Fixation Performed        : Increased loop counter for whilenot loop.
2026-01-06 13:02:56 |     Remarks                   : Executed in daytime, result: Pass.
2026-01-06 13:02:56 |     Reviewer                  : Rajashri
2026-01-06 13:02:57 |   🔄 Commented                : DRT-3310 ('KPIT_TC_DRT_MET_014') | Comment ID: 137059

2026-01-06 13:02:57 | ⏳ Updating    		            : DRT-3278 ('KPIT_TC_DRT_MET_011')
2026-01-06 13:02:57 |   🔄 Updating fields          : DRT-3278 ('KPIT_TC_DRT_MET_011')
2026-01-06 13:02:57 |     Failure Category          : ICB Issue (Once)
2026-01-06 13:02:57 |     Failure Sub Category      : Timing Issue
2026-01-06 13:02:57 |     Previous Failure Category : ['ICB Issue (Always)', 'ICB Issue (Once)']
2026-01-06 13:02:57 |     Root Cause Details        : ICB took more time for anti-theft screen.
2026-01-06 13:02:57 |     Fixation Performed        : Increased loop counter for whilenot loop.
2026-01-06 13:02:58 |   ✅ Updated fields           : DRT-3278 ('KPIT_TC_DRT_MET_011')
2026-01-06 13:02:58 |   🔄 Commenting               : DRT-3278 ('KPIT_TC_DRT_MET_011')
2026-01-06 13:02:58 |     Date                      : 2025-12-24
2026-01-06 13:02:58 |     Build Number              : AEA1412S1.251223.1
2026-01-06 13:02:58 |     Result                    : Fail
2026-01-06 13:02:58 |     Failure Category          : ICB Issue (Once)
2026-01-06 13:02:58 |     Failure Sub Category      : Timing Issue
2026-01-06 13:02:58 |     Root Cause Details        : ICB took more time for anti-theft screen.
2026-01-06 13:02:58 |     Fixation Performed        : Increased loop counter for whilenot loop.
2026-01-06 13:02:58 |     Remarks                   : Executed in daytime, result: Pass.
2026-01-06 13:02:58 |     Reviewer                  : Rajashri
2026-01-06 13:02:59 |   🔄 Commented                : DRT-3278 ('KPIT_TC_DRT_MET_011') | Comment ID: 137060

2026-01-06 13:02:59 | ⏳ Updating    		            : DRT-3277 ('KPIT_TC_DRT_MET_021')
2026-01-06 13:02:59 |   🔄 Updating fields          : DRT-3277 ('KPIT_TC_DRT_MET_021')
2026-01-06 13:02:59 |     Failure Category          : ICB Issue (Once)
2026-01-06 13:02:59 |     Failure Sub Category      : Timing Issue
2026-01-06 13:02:59 |     Previous Failure Category : ['ICB Issue (Always)', 'ICB Issue (Once)']
2026-01-06 13:02:59 |     Root Cause Details        : ICB took more time for anti-theft screen.
2026-01-06 13:02:59 |     Fixation Performed        : Increased loop counter for whilenot loop.
2026-01-06 13:03:00 |   ✅ Updated fields           : DRT-3277 ('KPIT_TC_DRT_MET_021')
2026-01-06 13:03:00 |   🔄 Commenting               : DRT-3277 ('KPIT_TC_DRT_MET_021')
2026-01-06 13:03:00 |     Date                      : 2025-12-24
2026-01-06 13:03:00 |     Build Number              : AEA1412S1.251223.1
2026-01-06 13:03:00 |     Result                    : Fail
2026-01-06 13:03:00 |     Failure Category          : ICB Issue (Once)
2026-01-06 13:03:00 |     Failure Sub Category      : Timing Issue
2026-01-06 13:03:00 |     Root Cause Details        : ICB took more time for anti-theft screen.
2026-01-06 13:03:00 |     Fixation Performed        : Increased loop counter for whilenot loop.
2026-01-06 13:03:00 |     Remarks                   : Executed in daytime, result: Pass.
2026-01-06 13:03:00 |     Reviewer                  : Rajashri
2026-01-06 13:03:00 |   🔄 Commented                : DRT-3277 ('KPIT_TC_DRT_MET_021') | Comment ID: 137061

2026-01-06 13:03:01 | ⏳ Updating    		            : DRT-3136 ('KPIT_TC_DRT_SPCCP_069')
2026-01-06 13:03:01 |   🔄 Updating fields          : DRT-3136 ('KPIT_TC_DRT_SPCCP_069')
2026-01-06 13:03:01 |     Failure Category          : ICB Issue (Once)
2026-01-06 13:03:01 |     Failure Sub Category      : Timing Issue
2026-01-06 13:03:01 |     Previous Failure Category : ['Human Error', 'Test Env Issue']
2026-01-06 13:03:01 |     Root Cause Details        : ICB took more time for anti-theft screen.
2026-01-06 13:03:01 |     Fixation Performed        : Increased loop counter for whilenot loop.
2026-01-06 13:03:02 |   ✅ Updated fields           : DRT-3136 ('KPIT_TC_DRT_SPCCP_069')
2026-01-06 13:03:02 |   🔄 Commenting               : DRT-3136 ('KPIT_TC_DRT_SPCCP_069')
2026-01-06 13:03:02 |     Date                      : 2025-12-24
2026-01-06 13:03:02 |     Build Number              : AEA1412S1.251223.1
2026-01-06 13:03:02 |     Result                    : Fail
2026-01-06 13:03:02 |     Failure Category          : ICB Issue (Once)
2026-01-06 13:03:02 |     Failure Sub Category      : Timing Issue
2026-01-06 13:03:02 |     Root Cause Details        : ICB took more time for anti-theft screen.
2026-01-06 13:03:02 |     Fixation Performed        : Increased loop counter for whilenot loop.
2026-01-06 13:03:02 |     Remarks                   : Executed in daytime, result: Pass.
2026-01-06 13:03:02 |     Reviewer                  : Rajashri
2026-01-06 13:03:03 |   🔄 Commented                : DRT-3136 ('KPIT_TC_DRT_SPCCP_069') | Comment ID: 137062

2026-01-06 13:03:03 | ⏳ Updating    		            : DRT-2049 ('KPIT_TC_DRT_MET_022')
2026-01-06 13:03:03 |   🔄 Updating fields          : DRT-2049 ('KPIT_TC_DRT_MET_022')
2026-01-06 13:03:03 |     Failure Category          : ICB Issue (Once)
2026-01-06 13:03:03 |     Failure Sub Category      : Timing Issue
2026-01-06 13:03:03 |     Previous Failure Category : ['ICB Issue (Always)', 'ICB Issue (Once)']
2026-01-06 13:03:03 |     Root Cause Details        : ICB took more time for anti-theft screen.
2026-01-06 13:03:03 |     Fixation Performed        : Increased loop counter for whilenot loop.
2026-01-06 13:03:05 |   ✅ Updated fields           : DRT-2049 ('KPIT_TC_DRT_MET_022')
2026-01-06 13:03:05 |   🔄 Commenting               : DRT-2049 ('KPIT_TC_DRT_MET_022')
2026-01-06 13:03:05 |     Date                      : 2025-12-24
2026-01-06 13:03:05 |     Build Number              : AEA1412S1.251223.1
2026-01-06 13:03:05 |     Result                    : Fail
2026-01-06 13:03:05 |     Failure Category          : ICB Issue (Once)
2026-01-06 13:03:05 |     Failure Sub Category      : Timing Issue
2026-01-06 13:03:05 |     Root Cause Details        : ICB took more time for anti-theft screen.
2026-01-06 13:03:05 |     Fixation Performed        : Increased loop counter for whilenot loop.
2026-01-06 13:03:05 |     Remarks                   : Executed in daytime, result: Pass.
2026-01-06 13:03:05 |     Reviewer                  : Rajashri
2026-01-06 13:03:05 |   🔄 Commented                : DRT-2049 ('KPIT_TC_DRT_MET_022') | Comment ID: 137063

2026-01-06 13:03:05 | ✅ Jira Update Completed.
