2026-02-02 19:38:53 | 🚀 Jira Update Started.

2026-02-02 19:38:53 | ⏳ Updating    		            : DRT-4715 ('KPIT_TC_DRT_LMG_009')
2026-02-02 19:38:53 |   🔄 Updating fields          : DRT-4715 ('KPIT_TC_DRT_LMG_009')
2026-02-02 19:38:54 |     Failure Category          : KITE Issue
2026-02-02 19:38:54 |     Failure Sub Category      : KITE Application Issue
2026-02-02 19:38:54 |     Previous Failure Category : ['Test Env Issue', 'KITE Issue']
2026-02-02 19:38:54 |     Root Cause Details        : "KITE Internal Error" for CAPTURE_SCREEN command for Phone8.
2026-02-02 19:38:54 |     Fixation Performed        : Uninstalled Appium apks.
2026-02-02 19:38:55 |   ✅ Updated fields           : DRT-4715 ('KPIT_TC_DRT_LMG_009')
2026-02-02 19:38:55 |   🔄 Commenting               : DRT-4715 ('KPIT_TC_DRT_LMG_009')
2026-02-02 19:38:55 |     Date                      : 2026-02-02
2026-02-02 19:38:55 |     Build Number              : AEA1414R0.260202.1
2026-02-02 19:38:55 |     Result                    : Fail
2026-02-02 19:38:55 |     Failure Category          : KITE Issue
2026-02-02 19:38:55 |     Failure Sub Category      : KITE Application Issue
2026-02-02 19:38:55 |     Root Cause Details        : "KITE Internal Error" for CAPTURE_SCREEN command for Phone8.
2026-02-02 19:38:55 |     Fixation Performed        : Uninstalled Appium apks.
2026-02-02 19:38:55 |     Remarks                   : Executed in daytime, result: Pass.
2026-02-02 19:38:55 |     Reviewer                  : Rajashri
2026-02-02 19:38:56 |   🔄 Commented                : DRT-4715 ('KPIT_TC_DRT_LMG_009') | Comment ID: 151222

2026-02-02 19:38:56 | ⏳ Updating    		            : DRT-3931 ('KPIT_TC_DRT_VEND_115')
2026-02-02 19:38:56 |   🔄 Updating fields          : DRT-3931 ('KPIT_TC_DRT_VEND_115')
2026-02-02 19:38:56 |     Failure Category          : Test Env Issue
2026-02-02 19:38:56 |     Failure Sub Category      : External Application Issue
2026-02-02 19:38:56 |     Previous Failure Category : ['Test Env Issue']
2026-02-02 19:38:56 |     Root Cause Details        : Vendor Extension Application Issue.
2026-02-02 19:38:56 |     Fixation Performed        : NA
2026-02-02 19:38:57 |   ✅ Updated fields           : DRT-3931 ('KPIT_TC_DRT_VEND_115')
2026-02-02 19:38:57 |   🔄 Commenting               : DRT-3931 ('KPIT_TC_DRT_VEND_115')
2026-02-02 19:38:57 |     Date                      : 2026-02-02
2026-02-02 19:38:57 |     Build Number              : AEA1414R0.260202.1
2026-02-02 19:38:57 |     Result                    : Fail
2026-02-02 19:38:57 |     Failure Category          : Test Env Issue
2026-02-02 19:38:57 |     Failure Sub Category      : External Application Issue
2026-02-02 19:38:57 |     Root Cause Details        : Vendor Extension Application Issue.
2026-02-02 19:38:57 |     Fixation Performed        : NA
2026-02-02 19:38:57 |     Remarks                   : QA is already raised: https://jira.honda-ivi.com/browse/IVIKPIT-2881.
2026-02-02 19:38:57 |     Reviewer                  : Rajashri
2026-02-02 19:38:58 |   🔄 Commented                : DRT-3931 ('KPIT_TC_DRT_VEND_115') | Comment ID: 151223

2026-02-02 19:38:58 | ⏳ Updating    		            : DRT-2305 ('KPIT_TC_DRT_VEND_092')
2026-02-02 19:38:58 |   🔄 Updating fields          : DRT-2305 ('KPIT_TC_DRT_VEND_092')
2026-02-02 19:38:58 |     Failure Category          : KITE Issue
2026-02-02 19:38:58 |     Failure Sub Category      : KITE Application Issue
2026-02-02 19:38:58 |     Previous Failure Category : ['Test Env Issue', 'KITE Issue']
2026-02-02 19:38:58 |     Root Cause Details        : In Wired Android Auto Connection Precondition, "KITE Internal Error" for CAPTURE_SCREEN command for Phone8.
2026-02-02 19:38:58 |     Fixation Performed        : Uninstalled Appium apks.
2026-02-02 19:38:59 |   ✅ Updated fields           : DRT-2305 ('KPIT_TC_DRT_VEND_092')
2026-02-02 19:38:59 |   🔄 Commenting               : DRT-2305 ('KPIT_TC_DRT_VEND_092')
2026-02-02 19:38:59 |     Date                      : 2026-02-02
2026-02-02 19:38:59 |     Build Number              : AEA1414R0.260202.1
2026-02-02 19:38:59 |     Result                    : Fail
2026-02-02 19:38:59 |     Failure Category          : KITE Issue
2026-02-02 19:38:59 |     Failure Sub Category      : KITE Application Issue
2026-02-02 19:38:59 |     Root Cause Details        : In Wired Android Auto Connection Precondition, "KITE Internal Error" for CAPTURE_SCREEN command for Phone8.
2026-02-02 19:38:59 |     Fixation Performed        : Uninstalled Appium apks.
2026-02-02 19:38:59 |     Remarks                   : Executed in daytime, result: Pass.
2026-02-02 19:38:59 |     Reviewer                  : Rajashri
2026-02-02 19:39:00 |   🔄 Commented                : DRT-2305 ('KPIT_TC_DRT_VEND_092') | Comment ID: 151224

2026-02-02 19:39:00 | ⏳ Updating    		            : DRT-2304 ('KPIT_TC_FNC_VEND_0063_0001')
2026-02-02 19:39:00 |   🔄 Updating fields          : DRT-2304 ('KPIT_TC_FNC_VEND_0063_0001')
2026-02-02 19:39:00 |     Failure Category          : KITE Issue
2026-02-02 19:39:00 |     Failure Sub Category      : KITE Application Issue
2026-02-02 19:39:00 |     Previous Failure Category : ['Test Env Issue', 'KITE Issue']
2026-02-02 19:39:01 |     Root Cause Details        : In Wired Android Auto Connection Precondition, "KITE Internal Error" for CAPTURE_SCREEN command for Phone8.
2026-02-02 19:39:01 |     Fixation Performed        : Uninstalled Appium apks.
2026-02-02 19:39:02 |   ✅ Updated fields           : DRT-2304 ('KPIT_TC_FNC_VEND_0063_0001')
2026-02-02 19:39:02 |   🔄 Commenting               : DRT-2304 ('KPIT_TC_FNC_VEND_0063_0001')
2026-02-02 19:39:02 |     Date                      : 2026-02-02
2026-02-02 19:39:02 |     Build Number              : AEA1414R0.260202.1
2026-02-02 19:39:02 |     Result                    : Fail
2026-02-02 19:39:02 |     Failure Category          : KITE Issue
2026-02-02 19:39:02 |     Failure Sub Category      : KITE Application Issue
2026-02-02 19:39:02 |     Root Cause Details        : In Wired Android Auto Connection Precondition, "KITE Internal Error" for CAPTURE_SCREEN command for Phone8.
2026-02-02 19:39:02 |     Fixation Performed        : Uninstalled Appium apks.
2026-02-02 19:39:02 |     Remarks                   : Executed in daytime, result: Pass.
2026-02-02 19:39:02 |     Reviewer                  : Rajashri
2026-02-02 19:39:03 |   🔄 Commented                : DRT-2304 ('KPIT_TC_FNC_VEND_0063_0001') | Comment ID: 151225

2026-02-02 19:39:03 | ⏳ Updating    		            : DRT-3933 ('KPIT_TC_DRT_VEND_114')
2026-02-02 19:39:03 |   🔄 Updating fields          : DRT-3933 ('KPIT_TC_DRT_VEND_114')
2026-02-02 19:39:03 |     Failure Category          : KITE Issue
2026-02-02 19:39:03 |     Failure Sub Category      : KITE Application Issue
2026-02-02 19:39:03 |     Previous Failure Category : ['Test Env Issue', 'KITE Issue']
2026-02-02 19:39:03 |     Root Cause Details        : In Wired Android Auto Connection Precondition, "KITE Internal Error" for CAPTURE_SCREEN command for Phone8.
2026-02-02 19:39:04 |     Fixation Performed        : Uninstalled Appium apks.
2026-02-02 19:39:04 |   ✅ Updated fields           : DRT-3933 ('KPIT_TC_DRT_VEND_114')
2026-02-02 19:39:04 |   🔄 Commenting               : DRT-3933 ('KPIT_TC_DRT_VEND_114')
2026-02-02 19:39:04 |     Date                      : 2026-02-02
2026-02-02 19:39:04 |     Build Number              : AEA1414R0.260202.1
2026-02-02 19:39:04 |     Result                    : Fail
2026-02-02 19:39:04 |     Failure Category          : KITE Issue
2026-02-02 19:39:05 |     Failure Sub Category      : KITE Application Issue
2026-02-02 19:39:05 |     Root Cause Details        : In Wired Android Auto Connection Precondition, "KITE Internal Error" for CAPTURE_SCREEN command for Phone8.
2026-02-02 19:39:05 |     Fixation Performed        : Uninstalled Appium apks.
2026-02-02 19:39:05 |     Remarks                   : Executed in daytime, result: Pass.
2026-02-02 19:39:05 |     Reviewer                  : Rajashri
2026-02-02 19:39:05 |   🔄 Commented                : DRT-3933 ('KPIT_TC_DRT_VEND_114') | Comment ID: 151226

2026-02-02 19:39:06 | ⏳ Updating    		            : DRT-2308 ('KPIT_TC_DRT_BZA_005')
2026-02-02 19:39:06 |   🔄 Updating fields          : DRT-2308 ('KPIT_TC_DRT_BZA_005')
2026-02-02 19:39:06 |     Failure Category          : KITE Issue
2026-02-02 19:39:06 |     Failure Sub Category      : KITE Application Issue
2026-02-02 19:39:06 |     Previous Failure Category : ['Test Env Issue', 'KITE Issue']
2026-02-02 19:39:06 |     Root Cause Details        : In Wired Android Auto Connection Precondition, "KITE Internal Error" for CAPTURE_SCREEN command for Phone8.
2026-02-02 19:39:06 |     Fixation Performed        : Uninstalled Appium apks.
2026-02-02 19:39:07 |   ✅ Updated fields           : DRT-2308 ('KPIT_TC_DRT_BZA_005')
2026-02-02 19:39:07 |   🔄 Commenting               : DRT-2308 ('KPIT_TC_DRT_BZA_005')
2026-02-02 19:39:07 |     Date                      : 2026-02-02
2026-02-02 19:39:07 |     Build Number              : AEA1414R0.260202.1
2026-02-02 19:39:07 |     Result                    : Fail
2026-02-02 19:39:07 |     Failure Category          : KITE Issue
2026-02-02 19:39:07 |     Failure Sub Category      : KITE Application Issue
2026-02-02 19:39:07 |     Root Cause Details        : In Wired Android Auto Connection Precondition, "KITE Internal Error" for CAPTURE_SCREEN command for Phone8.
2026-02-02 19:39:07 |     Fixation Performed        : Uninstalled Appium apks.
2026-02-02 19:39:07 |     Remarks                   : Executed in daytime, result: Pass.
2026-02-02 19:39:07 |     Reviewer                  : Rajashri
2026-02-02 19:39:08 |   🔄 Commented                : DRT-2308 ('KPIT_TC_DRT_BZA_005') | Comment ID: 151227

2026-02-02 19:39:09 | ⏳ Updating    		            : DRT-2309 ('KPIT_TC_DRT_BZA_015')
2026-02-02 19:39:09 |   🔄 Updating fields          : DRT-2309 ('KPIT_TC_DRT_BZA_015')
2026-02-02 19:39:09 |     Failure Category          : KITE Issue
2026-02-02 19:39:09 |     Failure Sub Category      : KITE Application Issue
2026-02-02 19:39:09 |     Previous Failure Category : ['Test Env Issue', 'KITE Issue']
2026-02-02 19:39:09 |     Root Cause Details        : In Wired Android Auto Connection Precondition, "KITE Internal Error" for CAPTURE_SCREEN command for Phone8.
2026-02-02 19:39:09 |     Fixation Performed        : Uninstalled Appium apks.
2026-02-02 19:39:10 |   ✅ Updated fields           : DRT-2309 ('KPIT_TC_DRT_BZA_015')
2026-02-02 19:39:10 |   🔄 Commenting               : DRT-2309 ('KPIT_TC_DRT_BZA_015')
2026-02-02 19:39:10 |     Date                      : 2026-02-02
2026-02-02 19:39:10 |     Build Number              : AEA1414R0.260202.1
2026-02-02 19:39:10 |     Result                    : Fail
2026-02-02 19:39:10 |     Failure Category          : KITE Issue
2026-02-02 19:39:10 |     Failure Sub Category      : KITE Application Issue
2026-02-02 19:39:10 |     Root Cause Details        : In Wired Android Auto Connection Precondition, "KITE Internal Error" for CAPTURE_SCREEN command for Phone8.
2026-02-02 19:39:10 |     Fixation Performed        : Uninstalled Appium apks.
2026-02-02 19:39:10 |     Remarks                   : Executed in daytime, result: Pass.
2026-02-02 19:39:10 |     Reviewer                  : Rajashri
2026-02-02 19:39:11 |   🔄 Commented                : DRT-2309 ('KPIT_TC_DRT_BZA_015') | Comment ID: 151228

2026-02-02 19:39:11 | ⏳ Updating    		            : DRT-2306 ('KPIT_TC_DRT_VEND_113')
2026-02-02 19:39:11 |   🔄 Updating fields          : DRT-2306 ('KPIT_TC_DRT_VEND_113')
2026-02-02 19:39:11 |     Failure Category          : KITE Issue
2026-02-02 19:39:11 |     Failure Sub Category      : KITE Application Issue
2026-02-02 19:39:11 |     Previous Failure Category : ['Test Env Issue', 'KITE Issue']
2026-02-02 19:39:11 |     Root Cause Details        : In Wired Android Auto Connection Precondition, "KITE Internal Error" for CAPTURE_SCREEN command for Phone8.
2026-02-02 19:39:11 |     Fixation Performed        : Uninstalled Appium apks.
2026-02-02 19:39:12 |   ✅ Updated fields           : DRT-2306 ('KPIT_TC_DRT_VEND_113')
2026-02-02 19:39:13 |   🔄 Commenting               : DRT-2306 ('KPIT_TC_DRT_VEND_113')
2026-02-02 19:39:13 |     Date                      : 2026-02-02
2026-02-02 19:39:13 |     Build Number              : AEA1414R0.260202.1
2026-02-02 19:39:13 |     Result                    : Fail
2026-02-02 19:39:13 |     Failure Category          : KITE Issue
2026-02-02 19:39:13 |     Failure Sub Category      : KITE Application Issue
2026-02-02 19:39:13 |     Root Cause Details        : In Wired Android Auto Connection Precondition, "KITE Internal Error" for CAPTURE_SCREEN command for Phone8.
2026-02-02 19:39:13 |     Fixation Performed        : Uninstalled Appium apks.
2026-02-02 19:39:13 |     Remarks                   : Executed in daytime, result: Pass.
2026-02-02 19:39:13 |     Reviewer                  : Rajashri
2026-02-02 19:39:13 |   🔄 Commented                : DRT-2306 ('KPIT_TC_DRT_VEND_113') | Comment ID: 151229

2026-02-02 19:39:13 | ✅ Jira Update Completed.
