2026-01-15 22:52:06 | 🚀 Jira Update Started.

2026-01-15 22:52:07 | ⏳ Updating    		            : DRT-6365 ('KPIT_TC_DRT_USB_157')
2026-01-15 22:52:07 |   🔄 Commenting               : DRT-6365 ('KPIT_TC_DRT_USB_157')
2026-01-15 22:52:07 |     Date                      : 2026-01-15
2026-01-15 22:52:07 |     Result                    : Pass
2026-01-15 22:52:07 |     Build Number              : AEA1416D0.260115.1 
2026-01-15 22:52:08 |   🔄 Commented                : DRT-6365 ('KPIT_TC_DRT_USB_157') | Comment ID: 142206

2026-01-15 22:52:08 | ⏳ Updating    		            : DRT-6364 ('KPIT_TC_DRT_USB_042')
2026-01-15 22:52:08 |   🔄 Commenting               : DRT-6364 ('KPIT_TC_DRT_USB_042')
2026-01-15 22:52:08 |     Date                      : 2026-01-15
2026-01-15 22:52:08 |     Result                    : Pass
2026-01-15 22:52:08 |     Build Number              : AEA1416D0.260115.1 
2026-01-15 22:52:09 |   🔄 Commented                : DRT-6364 ('KPIT_TC_DRT_USB_042') | Comment ID: 142207

2026-01-15 22:52:10 | ⏳ Updating    		            : DRT-6294 ('KPIT_TC_DRT_USB_073')
2026-01-15 22:52:10 |   🔄 Commenting               : DRT-6294 ('KPIT_TC_DRT_USB_073')
2026-01-15 22:52:10 |     Date                      : 2026-01-15
2026-01-15 22:52:10 |     Result                    : Pass
2026-01-15 22:52:10 |     Build Number              : AEA1416D0.260115.1 
2026-01-15 22:52:11 |   🔄 Commented                : DRT-6294 ('KPIT_TC_DRT_USB_073') | Comment ID: 142208

2026-01-15 22:52:12 | ⏳ Updating    		            : DRT-4436 ('KPIT_TC_DRT_USB_012')
2026-01-15 22:52:12 |   🔄 Commenting               : DRT-4436 ('KPIT_TC_DRT_USB_012')
2026-01-15 22:52:12 |     Date                      : 2026-01-15
2026-01-15 22:52:12 |     Result                    : Pass
2026-01-15 22:52:12 |     Build Number              : AEA1416D0.260115.1 
2026-01-15 22:52:13 |   🔄 Commented                : DRT-4436 ('KPIT_TC_DRT_USB_012') | Comment ID: 142209

2026-01-15 22:52:13 | ⏳ Updating    		            : DRT-3863 ('KPIT_TC_DRT_USB_100')
2026-01-15 22:52:13 |   🔄 Commenting               : DRT-3863 ('KPIT_TC_DRT_USB_100')
2026-01-15 22:52:13 |     Date                      : 2026-01-15
2026-01-15 22:52:13 |     Result                    : Pass
2026-01-15 22:52:13 |     Build Number              : AEA1416D0.260115.1 
2026-01-15 22:52:14 |   🔄 Commented                : DRT-3863 ('KPIT_TC_DRT_USB_100') | Comment ID: 142210

2026-01-15 22:52:15 | ⏳ Updating    		            : DRT-3470 ('KPIT_TC_DRT_USB_066')
2026-01-15 22:52:15 |   🔄 Commenting               : DRT-3470 ('KPIT_TC_DRT_USB_066')
2026-01-15 22:52:15 |     Date                      : 2026-01-15
2026-01-15 22:52:15 |     Result                    : Pass
2026-01-15 22:52:15 |     Build Number              : AEA1416D0.260115.1 
2026-01-15 22:52:16 |   🔄 Commented                : DRT-3470 ('KPIT_TC_DRT_USB_066') | Comment ID: 142211

2026-01-15 22:52:16 | ⏳ Updating    		            : DRT-2551 ('KPIT_TC_FNC_USB_0796_0001')
2026-01-15 22:52:16 |   🔄 Commenting               : DRT-2551 ('KPIT_TC_FNC_USB_0796_0001')
2026-01-15 22:52:16 |     Date                      : 2026-01-15
2026-01-15 22:52:16 |     Result                    : Pass
2026-01-15 22:52:16 |     Build Number              : AEA1416D0.260115.1 
2026-01-15 22:52:17 |   🔄 Commented                : DRT-2551 ('KPIT_TC_FNC_USB_0796_0001') | Comment ID: 142212

2026-01-15 22:52:18 | ⏳ Updating    		            : DRT-2011 ('KPIT_TC_DRT_SPCCP_096')
2026-01-15 22:52:18 |   🔄 Commenting               : DRT-2011 ('KPIT_TC_DRT_SPCCP_096')
2026-01-15 22:52:18 |     Date                      : 2026-01-15
2026-01-15 22:52:18 |     Result                    : Pass
2026-01-15 22:52:18 |     Build Number              : AEA1416D0.260115.1 
2026-01-15 22:52:19 |   🔄 Commented                : DRT-2011 ('KPIT_TC_DRT_SPCCP_096') | Comment ID: 142213

2026-01-15 22:52:19 | ⏳ Updating    		            : DRT-2010 ('KPIT_TC_DRT_SPCCP_097')
2026-01-15 22:52:19 |   🔄 Commenting               : DRT-2010 ('KPIT_TC_DRT_SPCCP_097')
2026-01-15 22:52:19 |     Date                      : 2026-01-15
2026-01-15 22:52:19 |     Result                    : Pass
2026-01-15 22:52:19 |     Build Number              : AEA1416D0.260115.1 
2026-01-15 22:52:20 |   🔄 Commented                : DRT-2010 ('KPIT_TC_DRT_SPCCP_097') | Comment ID: 142214

2026-01-15 22:52:20 | ⏳ Updating    		            : DRT-2009 ('KPIT_TC_DRT_SPCCP_103')
2026-01-15 22:52:20 |   🔄 Commenting               : DRT-2009 ('KPIT_TC_DRT_SPCCP_103')
2026-01-15 22:52:20 |     Date                      : 2026-01-15
2026-01-15 22:52:20 |     Result                    : Pass
2026-01-15 22:52:20 |     Build Number              : AEA1416D0.260115.1 
2026-01-15 22:52:21 |   🔄 Commented                : DRT-2009 ('KPIT_TC_DRT_SPCCP_103') | Comment ID: 142215

2026-01-15 22:52:22 | ⏳ Updating    		            : DRT-1998 ('KPIT_TC_DRT_SPCCP_037')
2026-01-15 22:52:22 |   🔄 Commenting               : DRT-1998 ('KPIT_TC_DRT_SPCCP_037')
2026-01-15 22:52:22 |     Date                      : 2026-01-15
2026-01-15 22:52:22 |     Result                    : Pass
2026-01-15 22:52:22 |     Build Number              : AEA1416D0.260115.1 
2026-01-15 22:52:22 |   🔄 Commented                : DRT-1998 ('KPIT_TC_DRT_SPCCP_037') | Comment ID: 142216

2026-01-15 22:52:23 | ⏳ Updating    		            : DRT-1906 ('KPIT_TC_DRT_USB_140')
2026-01-15 22:52:23 |   🔄 Commenting               : DRT-1906 ('KPIT_TC_DRT_USB_140')
2026-01-15 22:52:23 |     Date                      : 2026-01-15
2026-01-15 22:52:23 |     Result                    : Pass
2026-01-15 22:52:23 |     Build Number              : AEA1416D0.260115.1 
2026-01-15 22:52:24 |   🔄 Commented                : DRT-1906 ('KPIT_TC_DRT_USB_140') | Comment ID: 142217

2026-01-15 22:52:24 | ⏳ Updating    		            : DRT-1737 ('KPIT_TC_DRT_USB_065')
2026-01-15 22:52:24 |   🔄 Commenting               : DRT-1737 ('KPIT_TC_DRT_USB_065')
2026-01-15 22:52:24 |     Date                      : 2026-01-15
2026-01-15 22:52:24 |     Result                    : Pass
2026-01-15 22:52:24 |     Build Number              : AEA1416D0.260115.1 
2026-01-15 22:52:25 |   🔄 Commented                : DRT-1737 ('KPIT_TC_DRT_USB_065') | Comment ID: 142218

2026-01-15 22:52:25 | ✅ Jira Update Completed.
