2026-01-15 23:13:31 | 🚀 Jira Update Started.

2026-01-15 23:13:31 | ⏳ Updating    		            : DRT-3831 ('KPIT_TC_DRT_IPD_047')
2026-01-15 23:13:31 |   🔄 Updating fields          : DRT-3831 ('KPIT_TC_DRT_IPD_047')
2026-01-15 23:13:31 |     Failure Category          : Test Env Issue
2026-01-15 23:13:31 |     Failure Sub Category      : External Hardware Setup Malfunction
2026-01-15 23:13:31 |     Previous Failure Category : ['Test Env Issue']
2026-01-15 23:13:31 |     Root Cause Details        : Even if iPod is connected, Current Playlist is not operable on Music Library Screen. After ending last somg in current playlist screen.
2026-01-15 23:13:31 |     Fixation Performed        : NA
2026-01-15 23:13:32 |   ✅ Updated fields           : DRT-3831 ('KPIT_TC_DRT_IPD_047')
2026-01-15 23:13:32 |   🔄 Commenting               : DRT-3831 ('KPIT_TC_DRT_IPD_047')
2026-01-15 23:13:32 |     Date                      : 2026-01-15
2026-01-15 23:13:32 |     Build Number              : AEA1416D0.260115.1 
2026-01-15 23:13:32 |     Result                    : Fail
2026-01-15 23:13:32 |     Failure Category          : Test Env Issue
2026-01-15 23:13:32 |     Failure Sub Category      : External Hardware Setup Malfunction
2026-01-15 23:13:32 |     Root Cause Details        : Even if iPod is connected, Current Playlist is not operable on Music Library Screen. After ending last somg in current playlist screen.
2026-01-15 23:13:32 |     Fixation Performed        : NA
2026-01-15 23:13:32 |     Remarks                   : Executed in daytime, result: Pass.
2026-01-15 23:13:33 |     Reviewer                  : Rajashri
2026-01-15 23:13:33 |   🔄 Commented                : DRT-3831 ('KPIT_TC_DRT_IPD_047') | Comment ID: 142232

2026-01-15 23:13:34 | ⏳ Updating    		            : DRT-4777 ('KPIT_TC_DRT_LMG_1232')
2026-01-15 23:13:34 |   🔄 Updating fields          : DRT-4777 ('KPIT_TC_DRT_LMG_1232')
2026-01-15 23:13:34 |     Failure Category          : ICB Issue (Always)
2026-01-15 23:13:34 |     Failure Sub Category      : CR Change
2026-01-15 23:13:34 |     Previous Failure Category : ['Test Env Issue', 'ICB Issue (Once)', 'ICB Issue (Always)']
2026-01-15 23:13:34 |     Root Cause Details        : Select OK on Disclaimer Popup Failed, As Disclaimer Popup is changed due to CR Change for Data Sharing.
2026-01-15 23:13:34 |     Fixation Performed        : Modified the FB as per CR Change.
2026-01-15 23:13:35 |   ✅ Updated fields           : DRT-4777 ('KPIT_TC_DRT_LMG_1232')
2026-01-15 23:13:35 |   🔄 Commenting               : DRT-4777 ('KPIT_TC_DRT_LMG_1232')
2026-01-15 23:13:35 |     Date                      : 2026-01-15
2026-01-15 23:13:35 |     Build Number              : AEA1416D0.260115.1 
2026-01-15 23:13:35 |     Result                    : Fail
2026-01-15 23:13:35 |     Failure Category          : ICB Issue (Always)
2026-01-15 23:13:35 |     Failure Sub Category      : CR Change
2026-01-15 23:13:35 |     Root Cause Details        : Select OK on Disclaimer Popup Failed, As Disclaimer Popup is changed due to CR Change for Data Sharing.
2026-01-15 23:13:35 |     Fixation Performed        : Modified the FB as per CR Change.
2026-01-15 23:13:35 |     Remarks                   : TS objective pass in overnight, no re-execution needed. 
2026-01-15 23:13:35 |     Reviewer                  : Rajashri
2026-01-15 23:13:36 |   🔄 Commented                : DRT-4777 ('KPIT_TC_DRT_LMG_1232') | Comment ID: 142233

2026-01-15 23:13:36 | ⏳ Updating    		            : DRT-1759 ('KPIT_TC_DRT_LMG_024')
2026-01-15 23:13:36 |   🔄 Updating fields          : DRT-1759 ('KPIT_TC_DRT_LMG_024')
2026-01-15 23:13:36 |     Failure Category          : Test Env Issue
2026-01-15 23:13:36 |     Failure Sub Category      : External Hardware Setup Malfunction
2026-01-15 23:13:36 |     Previous Failure Category : ['Test Env Issue', 'ICB Issue (Always)']
2026-01-15 23:13:36 |     Root Cause Details        : "Pairing code could not be verified" popup displayed while doing active pairing to phone1.
2026-01-15 23:13:36 |     Fixation Performed        : NA
2026-01-15 23:13:37 |   ✅ Updated fields           : DRT-1759 ('KPIT_TC_DRT_LMG_024')
2026-01-15 23:13:37 |   🔄 Commenting               : DRT-1759 ('KPIT_TC_DRT_LMG_024')
2026-01-15 23:13:37 |     Date                      : 2026-01-15
2026-01-15 23:13:37 |     Build Number              : AEA1416D0.260115.1 
2026-01-15 23:13:37 |     Result                    : Fail
2026-01-15 23:13:37 |     Failure Category          : Test Env Issue
2026-01-15 23:13:37 |     Failure Sub Category      : External Hardware Setup Malfunction
2026-01-15 23:13:37 |     Root Cause Details        : "Pairing code could not be verified" popup displayed while doing active pairing to phone1.
2026-01-15 23:13:37 |     Fixation Performed        : NA
2026-01-15 23:13:37 |     Remarks                   : Executed in daytime, result: Pass.
2026-01-15 23:13:37 |     Reviewer                  : Rajashri
2026-01-15 23:13:38 |   🔄 Commented                : DRT-1759 ('KPIT_TC_DRT_LMG_024') | Comment ID: 142234

2026-01-15 23:13:38 | ⏳ Updating    		            : DRT-1732 ('KPIT_TC_DRT_LMG_021')
2026-01-15 23:13:38 |   🔄 Updating fields          : DRT-1732 ('KPIT_TC_DRT_LMG_021')
2026-01-15 23:13:38 |     Failure Category          : Test Env Issue
2026-01-15 23:13:38 |     Failure Sub Category      : External Hardware Setup Malfunction
2026-01-15 23:13:38 |     Previous Failure Category : ['Test Env Issue', 'ICB Issue (Always)']
2026-01-15 23:13:38 |     Root Cause Details        : "Pairing code could not be verified" popup displayed while doing active pairing to phone1.
2026-01-15 23:13:38 |     Fixation Performed        : NA
2026-01-15 23:13:39 |   ✅ Updated fields           : DRT-1732 ('KPIT_TC_DRT_LMG_021')
2026-01-15 23:13:39 |   🔄 Commenting               : DRT-1732 ('KPIT_TC_DRT_LMG_021')
2026-01-15 23:13:39 |     Date                      : 2026-01-15
2026-01-15 23:13:39 |     Build Number              : AEA1416D0.260115.1 
2026-01-15 23:13:39 |     Result                    : Fail
2026-01-15 23:13:39 |     Failure Category          : Test Env Issue
2026-01-15 23:13:39 |     Failure Sub Category      : External Hardware Setup Malfunction
2026-01-15 23:13:39 |     Root Cause Details        : "Pairing code could not be verified" popup displayed while doing active pairing to phone1.
2026-01-15 23:13:39 |     Fixation Performed        : NA
2026-01-15 23:13:39 |     Remarks                   : Executed in daytime, result: Pass.
2026-01-15 23:13:39 |     Reviewer                  : Rajashri
2026-01-15 23:13:40 |   🔄 Commented                : DRT-1732 ('KPIT_TC_DRT_LMG_021') | Comment ID: 142235

2026-01-15 23:13:40 | ⏳ Updating    		            : DRT-1731 ('KPIT_TC_DRT_LMG_012')
2026-01-15 23:13:40 |   🔄 Updating fields          : DRT-1731 ('KPIT_TC_DRT_LMG_012')
2026-01-15 23:13:40 |     Failure Category          : KITE Issue
2026-01-15 23:13:40 |     Failure Sub Category      : KITE Application Issue
2026-01-15 23:13:40 |     Previous Failure Category : ['Test Env Issue', 'ICB Issue (Once)', 'KITE Issue']
2026-01-15 23:13:40 |     Root Cause Details        : KITE Application Stuck Issue.
2026-01-15 23:13:40 |     Fixation Performed        : NA
2026-01-15 23:13:41 |   ✅ Updated fields           : DRT-1731 ('KPIT_TC_DRT_LMG_012')
2026-01-15 23:13:41 |   🔄 Commenting               : DRT-1731 ('KPIT_TC_DRT_LMG_012')
2026-01-15 23:13:41 |     Date                      : 2026-01-15
2026-01-15 23:13:41 |     Build Number              : AEA1416D0.260115.1 
2026-01-15 23:13:41 |     Result                    : Fail
2026-01-15 23:13:41 |     Failure Category          : KITE Issue
2026-01-15 23:13:41 |     Failure Sub Category      : KITE Application Issue
2026-01-15 23:13:41 |     Root Cause Details        : KITE Application Stuck Issue.
2026-01-15 23:13:41 |     Fixation Performed        : NA
2026-01-15 23:13:41 |     Remarks                   : We will keep this under observation.
2026-01-15 23:13:41 |     Reviewer                  : Rajashri
2026-01-15 23:13:43 |   🔄 Commented                : DRT-1731 ('KPIT_TC_DRT_LMG_012') | Comment ID: 142236

2026-01-15 23:13:43 | ⏳ Updating    		            : DRT-4639 ('KPIT_TC_DRT_LMG_009')
2026-01-15 23:13:43 |   🔄 Updating fields          : DRT-4639 ('KPIT_TC_DRT_LMG_009')
2026-01-15 23:13:43 |     Failure Category          : KITE Issue
2026-01-15 23:13:43 |     Failure Sub Category      : KITE Application Issue
2026-01-15 23:13:43 |     Previous Failure Category : ['Test Env Issue', 'KITE Issue']
2026-01-15 23:13:43 |     Root Cause Details        : KITE Application Stuck Issue.
2026-01-15 23:13:43 |     Fixation Performed        : NA
2026-01-15 23:13:44 |   ✅ Updated fields           : DRT-4639 ('KPIT_TC_DRT_LMG_009')
2026-01-15 23:13:44 |   🔄 Commenting               : DRT-4639 ('KPIT_TC_DRT_LMG_009')
2026-01-15 23:13:44 |     Date                      : 2026-01-15
2026-01-15 23:13:44 |     Build Number              : AEA1416D0.260115.1 
2026-01-15 23:13:44 |     Result                    : Fail
2026-01-15 23:13:44 |     Failure Category          : KITE Issue
2026-01-15 23:13:44 |     Failure Sub Category      : KITE Application Issue
2026-01-15 23:13:44 |     Root Cause Details        : KITE Application Stuck Issue.
2026-01-15 23:13:44 |     Fixation Performed        : NA
2026-01-15 23:13:44 |     Remarks                   : We will keep this under observation.
2026-01-15 23:13:44 |     Reviewer                  : Rajashri
2026-01-15 23:13:45 |   🔄 Commented                : DRT-4639 ('KPIT_TC_DRT_LMG_009') | Comment ID: 142237

2026-01-15 23:13:45 | ⏳ Updating    		            : DRT-3914 ('KPIT_TC_DRT_VEND_115')
2026-01-15 23:13:45 |   🔄 Updating fields          : DRT-3914 ('KPIT_TC_DRT_VEND_115')
2026-01-15 23:13:45 |     Failure Category          : Test Env Issue
2026-01-15 23:13:45 |     Failure Sub Category      : External Application Issue
2026-01-15 23:13:45 |     Previous Failure Category : ['Test Env Issue', 'ICB Issue (Always)']
2026-01-15 23:13:45 |     Root Cause Details        : Vendor Extension Application Issue.
2026-01-15 23:13:45 |     Fixation Performed        : NA
2026-01-15 23:13:46 |   ✅ Updated fields           : DRT-3914 ('KPIT_TC_DRT_VEND_115')
2026-01-15 23:13:46 |   🔄 Commenting               : DRT-3914 ('KPIT_TC_DRT_VEND_115')
2026-01-15 23:13:46 |     Date                      : 2026-01-15
2026-01-15 23:13:46 |     Build Number              : AEA1416D0.260115.1 
2026-01-15 23:13:46 |     Result                    : Fail
2026-01-15 23:13:46 |     Failure Category          : Test Env Issue
2026-01-15 23:13:46 |     Failure Sub Category      : External Application Issue
2026-01-15 23:13:46 |     Root Cause Details        : Vendor Extension Application Issue.
2026-01-15 23:13:46 |     Fixation Performed        : NA
2026-01-15 23:13:46 |     Remarks                   : QA is already raised: https://jira.honda-ivi.com/browse/IVIKPIT-2881.
2026-01-15 23:13:46 |     Reviewer                  : Rajashri
2026-01-15 23:13:47 |   🔄 Commented                : DRT-3914 ('KPIT_TC_DRT_VEND_115') | Comment ID: 142238

2026-01-15 23:13:47 | ⏳ Updating    		            : DRT-3981 ('KPIT_TC_DRT_BT_003')
2026-01-15 23:13:47 |   🔄 Updating fields          : DRT-3981 ('KPIT_TC_DRT_BT_003')
2026-01-15 23:13:47 |     Failure Category          : Test Env Issue
2026-01-15 23:13:47 |     Failure Sub Category      : External Hardware Setup Malfunction
2026-01-15 23:13:47 |     Previous Failure Category : ['Test Env Issue']
2026-01-15 23:13:47 |     Root Cause Details        : "Pairing code could not be verified" popup displayed while doing active pairing to phone1.
2026-01-15 23:13:47 |     Fixation Performed        : NA
2026-01-15 23:13:48 |   ✅ Updated fields           : DRT-3981 ('KPIT_TC_DRT_BT_003')
2026-01-15 23:13:48 |   🔄 Commenting               : DRT-3981 ('KPIT_TC_DRT_BT_003')
2026-01-15 23:13:48 |     Date                      : 2026-01-15
2026-01-15 23:13:48 |     Build Number              : AEA1416D0.260115.1 
2026-01-15 23:13:48 |     Result                    : Fail
2026-01-15 23:13:48 |     Failure Category          : Test Env Issue
2026-01-15 23:13:48 |     Failure Sub Category      : External Hardware Setup Malfunction
2026-01-15 23:13:48 |     Root Cause Details        : "Pairing code could not be verified" popup displayed while doing active pairing to phone1.
2026-01-15 23:13:48 |     Fixation Performed        : NA
2026-01-15 23:13:48 |     Remarks                   : Executed in daytime, result: Pass.
2026-01-15 23:13:48 |     Reviewer                  : Rajashri
2026-01-15 23:13:49 |   🔄 Commented                : DRT-3981 ('KPIT_TC_DRT_BT_003') | Comment ID: 142239

2026-01-15 23:13:49 | ⏳ Updating    		            : DRT-1965 ('KPIT_TC_DRT_BT_002')
2026-01-15 23:13:49 |   🔄 Updating fields          : DRT-1965 ('KPIT_TC_DRT_BT_002')
2026-01-15 23:13:49 |     Failure Category          : Test Env Issue
2026-01-15 23:13:49 |     Failure Sub Category      : External Hardware Setup Malfunction
2026-01-15 23:13:49 |     Previous Failure Category : ['Test Env Issue']
2026-01-15 23:13:49 |     Root Cause Details        : "Pairing code could not be verified" popup displayed while doing active pairing to phone1.
2026-01-15 23:13:49 |     Fixation Performed        : NA
2026-01-15 23:13:50 |   ✅ Updated fields           : DRT-1965 ('KPIT_TC_DRT_BT_002')
2026-01-15 23:13:50 |   🔄 Commenting               : DRT-1965 ('KPIT_TC_DRT_BT_002')
2026-01-15 23:13:50 |     Date                      : 2026-01-15
2026-01-15 23:13:50 |     Build Number              : AEA1416D0.260115.1 
2026-01-15 23:13:50 |     Result                    : Fail
2026-01-15 23:13:50 |     Failure Category          : Test Env Issue
2026-01-15 23:13:50 |     Failure Sub Category      : External Hardware Setup Malfunction
2026-01-15 23:13:50 |     Root Cause Details        : "Pairing code could not be verified" popup displayed while doing active pairing to phone1.
2026-01-15 23:13:50 |     Fixation Performed        : NA
2026-01-15 23:13:50 |     Remarks                   : Executed in daytime, result: Pass.
2026-01-15 23:13:50 |     Reviewer                  : Rajashri
2026-01-15 23:13:51 |   🔄 Commented                : DRT-1965 ('KPIT_TC_DRT_BT_002') | Comment ID: 142240

2026-01-15 23:13:51 | ⏳ Updating    		            : DRT-2122 ('KPIT_TC_DRT_VEND_092')
2026-01-15 23:13:51 |   🔄 Updating fields          : DRT-2122 ('KPIT_TC_DRT_VEND_092')
2026-01-15 23:13:51 |     Failure Category          : KITE Issue
2026-01-15 23:13:51 |     Failure Sub Category      : KITE Application Issue
2026-01-15 23:13:51 |     Previous Failure Category : ['Test Env Issue', 'KITE Issue']
2026-01-15 23:13:51 |     Root Cause Details        : KITE Application Stuck Issue.
2026-01-15 23:13:51 |     Fixation Performed        : NA
2026-01-15 23:13:52 |   ✅ Updated fields           : DRT-2122 ('KPIT_TC_DRT_VEND_092')
2026-01-15 23:13:52 |   🔄 Commenting               : DRT-2122 ('KPIT_TC_DRT_VEND_092')
2026-01-15 23:13:52 |     Date                      : 2026-01-15
2026-01-15 23:13:52 |     Build Number              : AEA1416D0.260115.1 
2026-01-15 23:13:52 |     Result                    : Fail
2026-01-15 23:13:52 |     Failure Category          : KITE Issue
2026-01-15 23:13:52 |     Failure Sub Category      : KITE Application Issue
2026-01-15 23:13:52 |     Root Cause Details        : KITE Application Stuck Issue.
2026-01-15 23:13:52 |     Fixation Performed        : NA
2026-01-15 23:13:52 |     Remarks                   : We will keep this under observation.
2026-01-15 23:13:52 |     Reviewer                  : Rajashri
2026-01-15 23:13:53 |   🔄 Commented                : DRT-2122 ('KPIT_TC_DRT_VEND_092') | Comment ID: 142241

2026-01-15 23:13:53 | ⏳ Updating    		            : DRT-2119 ('KPIT_TC_FNC_VEND_0063_0001')
2026-01-15 23:13:53 |   🔄 Updating fields          : DRT-2119 ('KPIT_TC_FNC_VEND_0063_0001')
2026-01-15 23:13:53 |     Failure Category          : KITE Issue
2026-01-15 23:13:53 |     Failure Sub Category      : KITE Application Issue
2026-01-15 23:13:53 |     Previous Failure Category : ['Test Env Issue', 'KITE Issue']
2026-01-15 23:13:53 |     Root Cause Details        : KITE Application Stuck Issue.
2026-01-15 23:13:53 |     Fixation Performed        : NA
2026-01-15 23:13:54 |   ✅ Updated fields           : DRT-2119 ('KPIT_TC_FNC_VEND_0063_0001')
2026-01-15 23:13:54 |   🔄 Commenting               : DRT-2119 ('KPIT_TC_FNC_VEND_0063_0001')
2026-01-15 23:13:54 |     Date                      : 2026-01-15
2026-01-15 23:13:54 |     Build Number              : AEA1416D0.260115.1 
2026-01-15 23:13:54 |     Result                    : Fail
2026-01-15 23:13:54 |     Failure Category          : KITE Issue
2026-01-15 23:13:54 |     Failure Sub Category      : KITE Application Issue
2026-01-15 23:13:54 |     Root Cause Details        : KITE Application Stuck Issue.
2026-01-15 23:13:54 |     Fixation Performed        : NA
2026-01-15 23:13:54 |     Remarks                   : We will keep this under observation.
2026-01-15 23:13:54 |     Reviewer                  : Rajashri
2026-01-15 23:13:55 |   🔄 Commented                : DRT-2119 ('KPIT_TC_FNC_VEND_0063_0001') | Comment ID: 142242

2026-01-15 23:13:55 | ⏳ Updating    		            : DRT-3980 ('KPIT_TC_DRT_VEND_114')
2026-01-15 23:13:55 |   🔄 Updating fields          : DRT-3980 ('KPIT_TC_DRT_VEND_114')
2026-01-15 23:13:55 |     Failure Category          : KITE Issue
2026-01-15 23:13:55 |     Failure Sub Category      : KITE Application Issue
2026-01-15 23:13:55 |     Previous Failure Category : ['Test Env Issue', 'KITE Issue']
2026-01-15 23:13:55 |     Root Cause Details        : KITE Application Stuck Issue.
2026-01-15 23:13:55 |     Fixation Performed        : NA
2026-01-15 23:13:56 |   ✅ Updated fields           : DRT-3980 ('KPIT_TC_DRT_VEND_114')
2026-01-15 23:13:56 |   🔄 Commenting               : DRT-3980 ('KPIT_TC_DRT_VEND_114')
2026-01-15 23:13:56 |     Date                      : 2026-01-15
2026-01-15 23:13:56 |     Build Number              : AEA1416D0.260115.1 
2026-01-15 23:13:56 |     Result                    : Fail
2026-01-15 23:13:56 |     Failure Category          : KITE Issue
2026-01-15 23:13:56 |     Failure Sub Category      : KITE Application Issue
2026-01-15 23:13:56 |     Root Cause Details        : KITE Application Stuck Issue.
2026-01-15 23:13:56 |     Fixation Performed        : NA
2026-01-15 23:13:56 |     Remarks                   : We will keep this under observation.
2026-01-15 23:13:56 |     Reviewer                  : Rajashri
2026-01-15 23:13:57 |   🔄 Commented                : DRT-3980 ('KPIT_TC_DRT_VEND_114') | Comment ID: 142243

2026-01-15 23:13:57 | ⏳ Updating    		            : DRT-2127 ('KPIT_TC_DRT_BZA_005')
2026-01-15 23:13:57 |   🔄 Updating fields          : DRT-2127 ('KPIT_TC_DRT_BZA_005')
2026-01-15 23:13:57 |     Failure Category          : KITE Issue
2026-01-15 23:13:57 |     Failure Sub Category      : KITE Application Issue
2026-01-15 23:13:57 |     Previous Failure Category : ['Test Env Issue', 'KITE Issue']
2026-01-15 23:13:57 |     Root Cause Details        : KITE Application Stuck Issue.
2026-01-15 23:13:57 |     Fixation Performed        : NA
2026-01-15 23:13:58 |   ✅ Updated fields           : DRT-2127 ('KPIT_TC_DRT_BZA_005')
2026-01-15 23:13:58 |   🔄 Commenting               : DRT-2127 ('KPIT_TC_DRT_BZA_005')
2026-01-15 23:13:58 |     Date                      : 2026-01-15
2026-01-15 23:13:58 |     Build Number              : AEA1416D0.260115.1 
2026-01-15 23:13:58 |     Result                    : Fail
2026-01-15 23:13:58 |     Failure Category          : KITE Issue
2026-01-15 23:13:58 |     Failure Sub Category      : KITE Application Issue
2026-01-15 23:13:58 |     Root Cause Details        : KITE Application Stuck Issue.
2026-01-15 23:13:58 |     Fixation Performed        : NA
2026-01-15 23:13:58 |     Remarks                   : We will keep this under observation.
2026-01-15 23:13:58 |     Reviewer                  : Rajashri
2026-01-15 23:13:59 |   🔄 Commented                : DRT-2127 ('KPIT_TC_DRT_BZA_005') | Comment ID: 142244

2026-01-15 23:13:59 | ⏳ Updating    		            : DRT-2132 ('KPIT_TC_DRT_BZA_015')
2026-01-15 23:13:59 |   🔄 Updating fields          : DRT-2132 ('KPIT_TC_DRT_BZA_015')
2026-01-15 23:13:59 |     Failure Category          : KITE Issue
2026-01-15 23:13:59 |     Failure Sub Category      : KITE Application Issue
2026-01-15 23:13:59 |     Previous Failure Category : ['Test Env Issue', 'ICB Issue (Once)', 'KITE Issue']
2026-01-15 23:13:59 |     Root Cause Details        : KITE Application Stuck Issue.
2026-01-15 23:13:59 |     Fixation Performed        : NA
2026-01-15 23:14:00 |   ✅ Updated fields           : DRT-2132 ('KPIT_TC_DRT_BZA_015')
2026-01-15 23:14:00 |   🔄 Commenting               : DRT-2132 ('KPIT_TC_DRT_BZA_015')
2026-01-15 23:14:00 |     Date                      : 2026-01-15
2026-01-15 23:14:00 |     Build Number              : AEA1416D0.260115.1 
2026-01-15 23:14:00 |     Result                    : Fail
2026-01-15 23:14:00 |     Failure Category          : KITE Issue
2026-01-15 23:14:00 |     Failure Sub Category      : KITE Application Issue
2026-01-15 23:14:00 |     Root Cause Details        : KITE Application Stuck Issue.
2026-01-15 23:14:00 |     Fixation Performed        : NA
2026-01-15 23:14:00 |     Remarks                   : We will keep this under observation.
2026-01-15 23:14:00 |     Reviewer                  : Rajashri
2026-01-15 23:14:01 |   🔄 Commented                : DRT-2132 ('KPIT_TC_DRT_BZA_015') | Comment ID: 142245

2026-01-15 23:14:01 | ⏳ Updating    		            : DRT-2125 ('KPIT_TC_DRT_VEND_113')
2026-01-15 23:14:01 |   🔄 Updating fields          : DRT-2125 ('KPIT_TC_DRT_VEND_113')
2026-01-15 23:14:01 |     Failure Category          : KITE Issue
2026-01-15 23:14:01 |     Failure Sub Category      : KITE Application Issue
2026-01-15 23:14:01 |     Previous Failure Category : ['Test Env Issue', 'KITE Issue']
2026-01-15 23:14:01 |     Root Cause Details        : KITE Application Stuck Issue.
2026-01-15 23:14:01 |     Fixation Performed        : NA
2026-01-15 23:14:03 |   ✅ Updated fields           : DRT-2125 ('KPIT_TC_DRT_VEND_113')
2026-01-15 23:14:03 |   🔄 Commenting               : DRT-2125 ('KPIT_TC_DRT_VEND_113')
2026-01-15 23:14:03 |     Date                      : 2026-01-15
2026-01-15 23:14:03 |     Build Number              : AEA1416D0.260115.1 
2026-01-15 23:14:03 |     Result                    : Fail
2026-01-15 23:14:03 |     Failure Category          : KITE Issue
2026-01-15 23:14:03 |     Failure Sub Category      : KITE Application Issue
2026-01-15 23:14:03 |     Root Cause Details        : KITE Application Stuck Issue.
2026-01-15 23:14:03 |     Fixation Performed        : NA
2026-01-15 23:14:03 |     Remarks                   : We will keep this under observation.
2026-01-15 23:14:03 |     Reviewer                  : Rajashri
2026-01-15 23:14:03 |   🔄 Commented                : DRT-2125 ('KPIT_TC_DRT_VEND_113') | Comment ID: 142246

2026-01-15 23:14:04 | ⏳ Updating    		            : DRT-5207 ('KPIT_TC_DRT_ILL_027')
2026-01-15 23:14:04 |   🔄 Updating fields          : DRT-5207 ('KPIT_TC_DRT_ILL_027')
2026-01-15 23:14:04 |     Failure Category          : Test Env Issue
2026-01-15 23:14:04 |     Failure Sub Category      : Automation Setup Malfunction
2026-01-15 23:14:04 |     Previous Failure Category : ['ICB Issue (Once)']
2026-01-15 23:14:04 |     Root Cause Details        : Precondition failed due to high brightness during image comparision.
2026-01-15 23:14:04 |     Fixation Performed        : Performed camera calibration on bench setup.
2026-01-15 23:14:05 |   ✅ Updated fields           : DRT-5207 ('KPIT_TC_DRT_ILL_027')
2026-01-15 23:14:05 |   🔄 Commenting               : DRT-5207 ('KPIT_TC_DRT_ILL_027')
2026-01-15 23:14:05 |     Date                      : 2026-01-15
2026-01-15 23:14:05 |     Build Number              : AEA1416D0.260115.1 
2026-01-15 23:14:05 |     Result                    : Fail
2026-01-15 23:14:05 |     Failure Category          : Test Env Issue
2026-01-15 23:14:05 |     Failure Sub Category      : Automation Setup Malfunction
2026-01-15 23:14:05 |     Root Cause Details        : Precondition failed due to high brightness during image comparision.
2026-01-15 23:14:05 |     Fixation Performed        : Performed camera calibration on bench setup.
2026-01-15 23:14:05 |     Remarks                   : Executed in daytime, result: Pass.
2026-01-15 23:14:05 |     Reviewer                  : Rajashri
2026-01-15 23:14:06 |   🔄 Commented                : DRT-5207 ('KPIT_TC_DRT_ILL_027') | Comment ID: 142247

2026-01-15 23:14:06 | ⏳ Updating    		            : DRT-5715 ('KPIT_TC_DRT_INL_006')
2026-01-15 23:14:06 |   🔄 Updating fields          : DRT-5715 ('KPIT_TC_DRT_INL_006')
2026-01-15 23:14:06 |     Failure Category          : Test Env Issue
2026-01-15 23:14:06 |     Failure Sub Category      : Automation Setup Malfunction
2026-01-15 23:14:06 |     Previous Failure Category : ['ICB Issue (Always)']
2026-01-15 23:14:06 |     Root Cause Details        : Precondition failed due to high brightness during image comparision, In prevous Test  Pack.
2026-01-15 23:14:06 |     Fixation Performed        : Performed camera calibration on bench setup.
2026-01-15 23:14:07 |   ✅ Updated fields           : DRT-5715 ('KPIT_TC_DRT_INL_006')
2026-01-15 23:14:07 |   🔄 Commenting               : DRT-5715 ('KPIT_TC_DRT_INL_006')
2026-01-15 23:14:07 |     Date                      : 2026-01-15
2026-01-15 23:14:07 |     Build Number              : AEA1416D0.260115.1 
2026-01-15 23:14:07 |     Result                    : Fail
2026-01-15 23:14:07 |     Failure Category          : Test Env Issue
2026-01-15 23:14:07 |     Failure Sub Category      : Automation Setup Malfunction
2026-01-15 23:14:07 |     Root Cause Details        : Precondition failed due to high brightness during image comparision, In prevous Test  Pack.
2026-01-15 23:14:07 |     Fixation Performed        : Performed camera calibration on bench setup.
2026-01-15 23:14:07 |     Remarks                   : Executed in daytime, result: Pass.
2026-01-15 23:14:07 |     Reviewer                  : Rajashri
2026-01-15 23:14:08 |   🔄 Commented                : DRT-5715 ('KPIT_TC_DRT_INL_006') | Comment ID: 142248

2026-01-15 23:14:08 | ⏳ Updating    		            : DRT-1746 ('KPIT_TC_DRT_BT_010')
2026-01-15 23:14:08 |   🔄 Updating fields          : DRT-1746 ('KPIT_TC_DRT_BT_010')
2026-01-15 23:14:08 |     Failure Category          : ICB Issue (Always)
2026-01-15 23:14:08 |     Failure Sub Category      : CR Change
2026-01-15 23:14:08 |     Previous Failure Category : ['Test Env Issue']
2026-01-15 23:14:08 |     Root Cause Details        : Select OK on Disclaimer Popup Failed, As Disclaimer Popup is changed due to CR Change for Data Sharing.
2026-01-15 23:14:08 |     Fixation Performed        : Modified the FB as per CR Change.
2026-01-15 23:14:09 |   ✅ Updated fields           : DRT-1746 ('KPIT_TC_DRT_BT_010')
2026-01-15 23:14:09 |   🔄 Commenting               : DRT-1746 ('KPIT_TC_DRT_BT_010')
2026-01-15 23:14:09 |     Date                      : 2026-01-15
2026-01-15 23:14:09 |     Build Number              : AEA1416D0.260115.1 
2026-01-15 23:14:09 |     Result                    : Fail
2026-01-15 23:14:09 |     Failure Category          : ICB Issue (Always)
2026-01-15 23:14:09 |     Failure Sub Category      : CR Change
2026-01-15 23:14:09 |     Root Cause Details        : Select OK on Disclaimer Popup Failed, As Disclaimer Popup is changed due to CR Change for Data Sharing.
2026-01-15 23:14:09 |     Fixation Performed        : Modified the FB as per CR Change.
2026-01-15 23:14:09 |     Remarks                   : TS objective pass in overnight, no re-execution needed. 
2026-01-15 23:14:09 |     Reviewer                  : Rajashri
2026-01-15 23:14:10 |   🔄 Commented                : DRT-1746 ('KPIT_TC_DRT_BT_010') | Comment ID: 142249

2026-01-15 23:14:10 | ✅ Jira Update Completed.
