2026-01-30 19:14:33 | 🚀 Jira Update Started.

2026-01-30 19:14:33 | ⏳ Updating    		            : DRT-5715 ('KPIT_TC_DRT_INL_006')
2026-01-30 19:14:33 |   🔄 Commenting               : DRT-5715 ('KPIT_TC_DRT_INL_006')
2026-01-30 19:14:33 |     Date                      : 2026-01-30
2026-01-30 19:14:33 |     Result                    : Pass
2026-01-30 19:14:33 |     Build Number              : AEA1416D0.260130.1
2026-01-30 19:14:34 |   🔄 Commented                : DRT-5715 ('KPIT_TC_DRT_INL_006') | Comment ID: 150787

2026-01-30 19:14:34 | ⏳ Updating    		            : DRT-3832 ('KPIT_TC_DRT_SND_009')
2026-01-30 19:14:34 |   🔄 Commenting               : DRT-3832 ('KPIT_TC_DRT_SND_009')
2026-01-30 19:14:34 |     Date                      : 2026-01-30
2026-01-30 19:14:34 |     Result                    : Pass
2026-01-30 19:14:34 |     Build Number              : AEA1416D0.260130.1
2026-01-30 19:14:35 |   🔄 Commented                : DRT-3832 ('KPIT_TC_DRT_SND_009') | Comment ID: 150788

2026-01-30 19:14:35 | ⏳ Updating    		            : DRT-1789 ('KPIT_TC_DRT_BTA_052')
2026-01-30 19:14:35 |   🔄 Commenting               : DRT-1789 ('KPIT_TC_DRT_BTA_052')
2026-01-30 19:14:35 |     Date                      : 2026-01-30
2026-01-30 19:14:35 |     Result                    : Pass
2026-01-30 19:14:35 |     Build Number              : AEA1416D0.260130.1
2026-01-30 19:14:36 |   🔄 Commented                : DRT-1789 ('KPIT_TC_DRT_BTA_052') | Comment ID: 150789

2026-01-30 19:14:36 | ✅ Jira Update Completed.
