2026-02-02 19:42:44 | 🚀 Jira Update Started.

2026-02-02 19:42:44 | ⏳ Updating    		            : DRT-6166 ('KPIT_TC_FNC_IPD_0534_0001')
2026-02-02 19:42:44 |   🔄 Updating fields          : DRT-6166 ('KPIT_TC_FNC_IPD_0534_0001')
2026-02-02 19:42:45 |     Failure Category          : ICB Issue (Once)
2026-02-02 19:42:45 |     Failure Sub Category      : Timing Issue
2026-02-02 19:42:45 |     Previous Failure Category : ['ICB Issue (Once)', 'Test Env Issue']
2026-02-02 19:42:45 |     Root Cause Details        : Playing song changed at iPod main screen validation, Hence Pause Button validation failed.
2026-02-02 19:42:45 |     Fixation Performed        : NA
2026-02-02 19:42:46 |   ✅ Updated fields           : DRT-6166 ('KPIT_TC_FNC_IPD_0534_0001')
2026-02-02 19:42:46 |   🔄 Commenting               : DRT-6166 ('KPIT_TC_FNC_IPD_0534_0001')
2026-02-02 19:42:46 |     Date                      : 2026-02-02
2026-02-02 19:42:46 |     Build Number              : AEA1415R1.260202.1
2026-02-02 19:42:46 |     Result                    : Fail
2026-02-02 19:42:46 |     Failure Category          : ICB Issue (Once)
2026-02-02 19:42:46 |     Failure Sub Category      : Timing Issue
2026-02-02 19:42:46 |     Root Cause Details        : Playing song changed at iPod main screen validation, Hence Pause Button validation failed.
2026-02-02 19:42:46 |     Fixation Performed        : NA
2026-02-02 19:42:46 |     Remarks                   : Executed in daytime, result: Pass.
2026-02-02 19:42:46 |     Reviewer                  : Rajashri
2026-02-02 19:42:47 |   🔄 Commented                : DRT-6166 ('KPIT_TC_FNC_IPD_0534_0001') | Comment ID: 151233

2026-02-02 19:42:47 | ⏳ Updating    		            : DRT-4639 ('KPIT_TC_DRT_LMG_009')
2026-02-02 19:42:47 |   🔄 Updating fields          : DRT-4639 ('KPIT_TC_DRT_LMG_009')
2026-02-02 19:42:47 |     Failure Category          : KITE Issue
2026-02-02 19:42:47 |     Failure Sub Category      : KITE Application Issue
2026-02-02 19:42:47 |     Previous Failure Category : ['ICB Issue (Once)', 'Test Env Issue', 'KITE Issue']
2026-02-02 19:42:48 |     Root Cause Details        : Failed to CAPTURE_SCREEN as it says no active session for Phone8. Even if the SET_DEVICE command is Pass.
2026-02-02 19:42:48 |     Fixation Performed        : Uninstalled Appium apks.
2026-02-02 19:42:49 |   ✅ Updated fields           : DRT-4639 ('KPIT_TC_DRT_LMG_009')
2026-02-02 19:42:49 |   🔄 Commenting               : DRT-4639 ('KPIT_TC_DRT_LMG_009')
2026-02-02 19:42:49 |     Date                      : 2026-02-02
2026-02-02 19:42:49 |     Build Number              : AEA1415R1.260202.1
2026-02-02 19:42:49 |     Result                    : Fail
2026-02-02 19:42:49 |     Failure Category          : KITE Issue
2026-02-02 19:42:49 |     Failure Sub Category      : KITE Application Issue
2026-02-02 19:42:49 |     Root Cause Details        : Failed to CAPTURE_SCREEN as it says no active session for Phone8. Even if the SET_DEVICE command is Pass.
2026-02-02 19:42:49 |     Fixation Performed        : Uninstalled Appium apks.
2026-02-02 19:42:49 |     Remarks                   : Executed in daytime, result: Pass.
2026-02-02 19:42:49 |     Reviewer                  : Rajashri
2026-02-02 19:42:50 |   🔄 Commented                : DRT-4639 ('KPIT_TC_DRT_LMG_009') | Comment ID: 151234

2026-02-02 19:42:50 | ⏳ Updating    		            : DRT-3915 ('KPIT_TC_DRT_VEND_006')
2026-02-02 19:42:50 |   🔄 Updating fields          : DRT-3915 ('KPIT_TC_DRT_VEND_006')
2026-02-02 19:42:50 |     Failure Category          : Test Env Issue
2026-02-02 19:42:50 |     Failure Sub Category      : External Application Issue
2026-02-02 19:42:50 |     Previous Failure Category : ['ICB Issue (Always)', 'Test Env Issue']
2026-02-02 19:42:50 |     Root Cause Details        : Metadata is not loaded on Vendor Extension Application.
2026-02-02 19:42:50 |     Fixation Performed        : NA
2026-02-02 19:42:51 |   ✅ Updated fields           : DRT-3915 ('KPIT_TC_DRT_VEND_006')
2026-02-02 19:42:51 |   🔄 Commenting               : DRT-3915 ('KPIT_TC_DRT_VEND_006')
2026-02-02 19:42:51 |     Date                      : 2026-02-02
2026-02-02 19:42:51 |     Build Number              : AEA1415R1.260202.1
2026-02-02 19:42:51 |     Result                    : Fail
2026-02-02 19:42:51 |     Failure Category          : Test Env Issue
2026-02-02 19:42:51 |     Failure Sub Category      : External Application Issue
2026-02-02 19:42:51 |     Root Cause Details        : Metadata is not loaded on Vendor Extension Application.
2026-02-02 19:42:51 |     Fixation Performed        : NA
2026-02-02 19:42:51 |     Remarks                   : Executed in daytime, result: Pass.
2026-02-02 19:42:51 |     Reviewer                  : Rajashri
2026-02-02 19:42:51 |   🔄 Commented                : DRT-3915 ('KPIT_TC_DRT_VEND_006') | Comment ID: 151236

2026-02-02 19:42:52 | ⏳ Updating    		            : DRT-3914 ('KPIT_TC_DRT_VEND_115')
2026-02-02 19:42:52 |   🔄 Updating fields          : DRT-3914 ('KPIT_TC_DRT_VEND_115')
2026-02-02 19:42:52 |     Failure Category          : Test Env Issue
2026-02-02 19:42:52 |     Failure Sub Category      : External Application Issue
2026-02-02 19:42:52 |     Previous Failure Category : ['ICB Issue (Always)', 'Test Env Issue']
2026-02-02 19:42:52 |     Root Cause Details        : Metadata is not loaded on Vendor Extension Application.
2026-02-02 19:42:52 |     Fixation Performed        : NA
2026-02-02 19:42:53 |   ✅ Updated fields           : DRT-3914 ('KPIT_TC_DRT_VEND_115')
2026-02-02 19:42:53 |   🔄 Commenting               : DRT-3914 ('KPIT_TC_DRT_VEND_115')
2026-02-02 19:42:53 |     Date                      : 2026-02-02
2026-02-02 19:42:53 |     Build Number              : AEA1415R1.260202.1
2026-02-02 19:42:53 |     Result                    : Fail
2026-02-02 19:42:53 |     Failure Category          : Test Env Issue
2026-02-02 19:42:53 |     Failure Sub Category      : External Application Issue
2026-02-02 19:42:53 |     Root Cause Details        : Metadata is not loaded on Vendor Extension Application.
2026-02-02 19:42:53 |     Fixation Performed        : NA
2026-02-02 19:42:53 |     Remarks                   : Executed in daytime, result: Pass.
2026-02-02 19:42:53 |     Reviewer                  : Rajashri
2026-02-02 19:42:54 |   🔄 Commented                : DRT-3914 ('KPIT_TC_DRT_VEND_115') | Comment ID: 151237

2026-02-02 19:42:54 | ⏳ Updating    		            : DRT-1880 ('KPIT_TC_DRT_BZA_013')
2026-02-02 19:42:55 |   🔄 Updating fields          : DRT-1880 ('KPIT_TC_DRT_BZA_013')
2026-02-02 19:42:55 |     Failure Category          : Test Env Issue
2026-02-02 19:42:55 |     Failure Sub Category      : External Application Issue
2026-02-02 19:42:55 |     Previous Failure Category : ['ICB Issue (Always)', 'Test Env Issue']
2026-02-02 19:42:55 |     Root Cause Details        : Metadata is not loaded on Vendor Extension Application.
2026-02-02 19:42:55 |     Fixation Performed        : NA
2026-02-02 19:42:56 |   ✅ Updated fields           : DRT-1880 ('KPIT_TC_DRT_BZA_013')
2026-02-02 19:42:56 |   🔄 Commenting               : DRT-1880 ('KPIT_TC_DRT_BZA_013')
2026-02-02 19:42:56 |     Date                      : 2026-02-02
2026-02-02 19:42:56 |     Build Number              : AEA1415R1.260202.1
2026-02-02 19:42:56 |     Result                    : Fail
2026-02-02 19:42:56 |     Failure Category          : Test Env Issue
2026-02-02 19:42:56 |     Failure Sub Category      : External Application Issue
2026-02-02 19:42:56 |     Root Cause Details        : Metadata is not loaded on Vendor Extension Application.
2026-02-02 19:42:56 |     Fixation Performed        : NA
2026-02-02 19:42:56 |     Remarks                   : Executed in daytime, result: Pass.
2026-02-02 19:42:56 |     Reviewer                  : Rajashri
2026-02-02 19:42:57 |   🔄 Commented                : DRT-1880 ('KPIT_TC_DRT_BZA_013') | Comment ID: 151238

2026-02-02 19:42:57 | ⏳ Updating    		            : DRT-3981 ('KPIT_TC_DRT_BT_003')
2026-02-02 19:42:57 |   🔄 Updating fields          : DRT-3981 ('KPIT_TC_DRT_BT_003')
2026-02-02 19:42:57 |     Failure Category          : Test Env Issue
2026-02-02 19:42:57 |     Failure Sub Category      : Automation Setup Malfunction
2026-02-02 19:42:57 |     Previous Failure Category : ['Test Env Issue']
2026-02-02 19:42:57 |     Root Cause Details        : "Pairing code could not be verified" popup displayed while doing active pairing to phone5.
2026-02-02 19:42:57 |     Fixation Performed        : NA
2026-02-02 19:42:58 |   ✅ Updated fields           : DRT-3981 ('KPIT_TC_DRT_BT_003')
2026-02-02 19:42:58 |   🔄 Commenting               : DRT-3981 ('KPIT_TC_DRT_BT_003')
2026-02-02 19:42:58 |     Date                      : 2026-02-02
2026-02-02 19:42:58 |     Build Number              : AEA1415R1.260202.1
2026-02-02 19:42:58 |     Result                    : Fail
2026-02-02 19:42:58 |     Failure Category          : Test Env Issue
2026-02-02 19:42:58 |     Failure Sub Category      : Automation Setup Malfunction
2026-02-02 19:42:58 |     Root Cause Details        : "Pairing code could not be verified" popup displayed while doing active pairing to phone5.
2026-02-02 19:42:58 |     Fixation Performed        : NA
2026-02-02 19:42:58 |     Remarks                   : Executed in daytime, result: Pass.
2026-02-02 19:42:58 |     Reviewer                  : Rajashri
2026-02-02 19:42:59 |   🔄 Commented                : DRT-3981 ('KPIT_TC_DRT_BT_003') | Comment ID: 151239

2026-02-02 19:42:59 | ⏳ Updating    		            : DRT-3980 ('KPIT_TC_DRT_VEND_114')
2026-02-02 19:42:59 |   🔄 Updating fields          : DRT-3980 ('KPIT_TC_DRT_VEND_114')
2026-02-02 19:42:59 |     Failure Category          : Test Env Issue
2026-02-02 19:42:59 |     Failure Sub Category      : External Application Issue
2026-02-02 19:42:59 |     Previous Failure Category : ['Test Env Issue', 'KITE Issue']
2026-02-02 19:42:59 |     Root Cause Details        : Vendor Extension Application Issue
2026-02-02 19:42:59 |     Fixation Performed        : NA
2026-02-02 19:43:01 |   ✅ Updated fields           : DRT-3980 ('KPIT_TC_DRT_VEND_114')
2026-02-02 19:43:01 |   🔄 Commenting               : DRT-3980 ('KPIT_TC_DRT_VEND_114')
2026-02-02 19:43:01 |     Date                      : 2026-02-02
2026-02-02 19:43:01 |     Build Number              : AEA1415R1.260202.1
2026-02-02 19:43:01 |     Result                    : Fail
2026-02-02 19:43:01 |     Failure Category          : Test Env Issue
2026-02-02 19:43:01 |     Failure Sub Category      : External Application Issue
2026-02-02 19:43:01 |     Root Cause Details        : Vendor Extension Application Issue
2026-02-02 19:43:01 |     Fixation Performed        : NA
2026-02-02 19:43:01 |     Remarks                   : QA is already raised: https://jira.honda-ivi.com/browse/IVIKPIT-2881.
2026-02-02 19:43:01 |     Reviewer                  : Rajashri
2026-02-02 19:43:02 |   🔄 Commented                : DRT-3980 ('KPIT_TC_DRT_VEND_114') | Comment ID: 151240

2026-02-02 19:43:02 | ⏳ Updating    		            : DRT-2125 ('KPIT_TC_DRT_VEND_113')
2026-02-02 19:43:02 |   🔄 Updating fields          : DRT-2125 ('KPIT_TC_DRT_VEND_113')
2026-02-02 19:43:02 |     Failure Category          : Test Env Issue
2026-02-02 19:43:02 |     Failure Sub Category      : External Application Issue
2026-02-02 19:43:02 |     Previous Failure Category : ['Test Env Issue', 'KITE Issue']
2026-02-02 19:43:02 |     Root Cause Details        : Vendor Extension Application Issue
2026-02-02 19:43:02 |     Fixation Performed        : NA
2026-02-02 19:43:03 |   ✅ Updated fields           : DRT-2125 ('KPIT_TC_DRT_VEND_113')
2026-02-02 19:43:03 |   🔄 Commenting               : DRT-2125 ('KPIT_TC_DRT_VEND_113')
2026-02-02 19:43:03 |     Date                      : 2026-02-02
2026-02-02 19:43:03 |     Build Number              : AEA1415R1.260202.1
2026-02-02 19:43:03 |     Result                    : Fail
2026-02-02 19:43:03 |     Failure Category          : Test Env Issue
2026-02-02 19:43:03 |     Failure Sub Category      : External Application Issue
2026-02-02 19:43:03 |     Root Cause Details        : Vendor Extension Application Issue
2026-02-02 19:43:03 |     Fixation Performed        : NA
2026-02-02 19:43:03 |     Remarks                   : QA is already raised: https://jira.honda-ivi.com/browse/IVIKPIT-2881.
2026-02-02 19:43:03 |     Reviewer                  : Rajashri
2026-02-02 19:43:04 |   🔄 Commented                : DRT-2125 ('KPIT_TC_DRT_VEND_113') | Comment ID: 151241

2026-02-02 19:43:04 | ✅ Jira Update Completed.
