2026-02-09 13:13:42 | 🚀 Jira Update Started.

2026-02-09 13:13:42 | ⏳ Updating    		            : DRT-1820 ('KPIT_TC_DRT_BT_010')
2026-02-09 13:13:42 |   🔄 Commenting               : DRT-1820 ('KPIT_TC_DRT_BT_010')
2026-02-09 13:13:43 |     Date                      : 2026-02-06
2026-02-09 13:13:43 |     Result                    : Pass
2026-02-09 13:13:43 |     Build Number              : AEA1416R0.260206.1
2026-02-09 13:13:44 |   🔄 Commented                : DRT-1820 ('KPIT_TC_DRT_BT_010') | Comment ID: 156401

2026-02-09 13:13:44 | ⏳ Updating    		            : DRT-1811 ('KPIT_TC_DRT_BT_003')
2026-02-09 13:13:44 |   🔄 Commenting               : DRT-1811 ('KPIT_TC_DRT_BT_003')
2026-02-09 13:13:44 |     Date                      : 2026-02-06
2026-02-09 13:13:44 |     Result                    : Pass
2026-02-09 13:13:44 |     Build Number              : AEA1416R0.260206.1
2026-02-09 13:13:45 |   🔄 Commented                : DRT-1811 ('KPIT_TC_DRT_BT_003') | Comment ID: 156402

2026-02-09 13:13:45 | ⏳ Updating    		            : DRT-1800 ('KPIT_TC_DRT_BT_002')
2026-02-09 13:13:45 |   🔄 Commenting               : DRT-1800 ('KPIT_TC_DRT_BT_002')
2026-02-09 13:13:45 |     Date                      : 2026-02-06
2026-02-09 13:13:45 |     Result                    : Pass
2026-02-09 13:13:45 |     Build Number              : AEA1416R0.260206.1
2026-02-09 13:13:46 |   🔄 Commented                : DRT-1800 ('KPIT_TC_DRT_BT_002') | Comment ID: 156403

2026-02-09 13:13:46 | ⏳ Updating    		            : DRT-3932 ('KPIT_TC_DRT_VEND_006')
2026-02-09 13:13:46 |   🔄 Commenting               : DRT-3932 ('KPIT_TC_DRT_VEND_006')
2026-02-09 13:13:46 |     Date                      : 2026-02-06
2026-02-09 13:13:46 |     Result                    : Pass
2026-02-09 13:13:46 |     Build Number              : AEA1416R0.260206.1
2026-02-09 13:13:47 |   🔄 Commented                : DRT-3932 ('KPIT_TC_DRT_VEND_006') | Comment ID: 156404

2026-02-09 13:13:48 | ⏳ Updating    		            : DRT-2139 ('KPIT_TC_DRT_BZA_013')
2026-02-09 13:13:48 |   🔄 Commenting               : DRT-2139 ('KPIT_TC_DRT_BZA_013')
2026-02-09 13:13:48 |     Date                      : 2026-02-06
2026-02-09 13:13:48 |     Result                    : Pass
2026-02-09 13:13:48 |     Build Number              : AEA1416R0.260206.1
2026-02-09 13:13:49 |   🔄 Commented                : DRT-2139 ('KPIT_TC_DRT_BZA_013') | Comment ID: 156405

2026-02-09 13:13:49 | ⏳ Updating    		            : DRT-2042 ('KPIT_TC_DRT_BT_034')
2026-02-09 13:13:49 |   🔄 Commenting               : DRT-2042 ('KPIT_TC_DRT_BT_034')
2026-02-09 13:13:49 |     Date                      : 2026-02-06
2026-02-09 13:13:49 |     Result                    : Pass
2026-02-09 13:13:49 |     Build Number              : AEA1416R0.260206.1
2026-02-09 13:13:51 |   🔄 Commented                : DRT-2042 ('KPIT_TC_DRT_BT_034') | Comment ID: 156406

2026-02-09 13:13:52 | ⏳ Updating    		            : DRT-3517 ('KPIT_TC_DRT_SPCCP_100')
2026-02-09 13:13:52 |   🔄 Commenting               : DRT-3517 ('KPIT_TC_DRT_SPCCP_100')
2026-02-09 13:13:52 |     Date                      : 2026-02-06
2026-02-09 13:13:52 |     Result                    : Pass
2026-02-09 13:13:52 |     Build Number              : AEA1416R0.260206.1
2026-02-09 13:13:53 |   🔄 Commented                : DRT-3517 ('KPIT_TC_DRT_SPCCP_100') | Comment ID: 156407

2026-02-09 13:13:53 | ✅ Jira Update Completed.
