2026-03-18 03:27:38 | 🚀 Jira Update Started.

2026-03-18 03:27:50 | ⏳ Updating    		            : DRT-7396 ('KPIT_TC_DRT_SPCAA_075')
2026-03-18 03:27:50 |   🔄 Commenting               : DRT-7396 ('KPIT_TC_DRT_SPCAA_075')
2026-03-18 03:27:50 |     Date                      : 2026-03-05
2026-03-18 03:27:50 |     Result                    : Pass
2026-03-18 03:27:50 |     Build Number              : AEA1414S0.260305.1 
2026-03-18 03:27:51 |   🔄 Commented                : DRT-7396 ('KPIT_TC_DRT_SPCAA_075') | Comment ID: 174336

2026-03-18 03:27:51 | ⏳ Updating    		            : DRT-7395 ('KPIT_TC_DRT_SPCAA_074')
2026-03-18 03:27:51 |   🔄 Commenting               : DRT-7395 ('KPIT_TC_DRT_SPCAA_074')
2026-03-18 03:27:52 |     Date                      : 2026-03-05
2026-03-18 03:27:52 |     Result                    : Pass
2026-03-18 03:27:52 |     Build Number              : AEA1414S0.260305.1 
2026-03-18 03:27:53 |   🔄 Commented                : DRT-7395 ('KPIT_TC_DRT_SPCAA_074') | Comment ID: 174337

2026-03-18 03:27:53 | ⏳ Updating    		            : DRT-5927 ('KPIT_TC_DRT_HFT_020')
2026-03-18 03:27:53 |   🔄 Commenting               : DRT-5927 ('KPIT_TC_DRT_HFT_020')
2026-03-18 03:27:53 |     Date                      : 2026-03-05
2026-03-18 03:27:53 |     Result                    : Pass
2026-03-18 03:27:53 |     Build Number              : AEA1414S0.260305.1 
2026-03-18 03:27:54 |   🔄 Commented                : DRT-5927 ('KPIT_TC_DRT_HFT_020') | Comment ID: 174338

2026-03-18 03:27:55 | ⏳ Updating    		            : DRT-5002 ('KPIT_TC_DRT_PKS_004')
2026-03-18 03:27:55 |   🔄 Commenting               : DRT-5002 ('KPIT_TC_DRT_PKS_004')
2026-03-18 03:27:55 |     Date                      : 2026-03-05
2026-03-18 03:27:55 |     Result                    : Pass
2026-03-18 03:27:55 |     Build Number              : AEA1414S0.260305.1 
2026-03-18 03:27:56 |   🔄 Commented                : DRT-5002 ('KPIT_TC_DRT_PKS_004') | Comment ID: 174339

2026-03-18 03:27:57 | ⏳ Updating    		            : DRT-2306 ('KPIT_TC_DRT_VEND_113')
2026-03-18 03:27:57 |   🔄 Commenting               : DRT-2306 ('KPIT_TC_DRT_VEND_113')
2026-03-18 03:27:57 |     Date                      : 2026-03-05
2026-03-18 03:27:57 |     Result                    : Pass
2026-03-18 03:27:57 |     Build Number              : AEA1414S0.260305.1 
2026-03-18 03:27:58 |   🔄 Commented                : DRT-2306 ('KPIT_TC_DRT_VEND_113') | Comment ID: 174340

2026-03-18 03:27:58 | ✅ Jira Update Completed.
