2026-01-15 22:45:39 | 🚀 Jira Update Started.

2026-01-15 22:45:40 | ⏳ Updating    		            : DRT-6365 ('KPIT_TC_DRT_USB_157')
2026-01-15 22:45:40 |   🔄 Commenting               : DRT-6365 ('KPIT_TC_DRT_USB_157')
2026-01-15 22:45:41 |     Date                      : 2025-01-15
2026-01-15 22:45:41 |     Result                    : Pass
2026-01-15 22:45:41 |     Build Number              : AEA1416D0.260115.1 
2026-01-15 22:45:43 |   🔄 Commented                : DRT-6365 ('KPIT_TC_DRT_USB_157') | Comment ID: 142193

2026-01-15 22:45:43 | ⏳ Updating    		            : DRT-6364 ('KPIT_TC_DRT_USB_042')
2026-01-15 22:45:43 |   🔄 Commenting               : DRT-6364 ('KPIT_TC_DRT_USB_042')
2026-01-15 22:45:43 |     Date                      : 2025-01-15
2026-01-15 22:45:43 |     Result                    : Pass
2026-01-15 22:45:43 |     Build Number              : AEA1416D0.260115.1 
2026-01-15 22:45:44 |   🔄 Commented                : DRT-6364 ('KPIT_TC_DRT_USB_042') | Comment ID: 142194

2026-01-15 22:45:44 | ⏳ Updating    		            : DRT-6294 ('KPIT_TC_DRT_USB_073')
2026-01-15 22:45:44 |   🔄 Commenting               : DRT-6294 ('KPIT_TC_DRT_USB_073')
2026-01-15 22:45:45 |     Date                      : 2025-01-15
2026-01-15 22:45:45 |     Result                    : Pass
2026-01-15 22:45:45 |     Build Number              : AEA1416D0.260115.1 
2026-01-15 22:45:45 |   🔄 Commented                : DRT-6294 ('KPIT_TC_DRT_USB_073') | Comment ID: 142195

2026-01-15 22:45:46 | ⏳ Updating    		            : DRT-4436 ('KPIT_TC_DRT_USB_012')
2026-01-15 22:45:46 |   🔄 Commenting               : DRT-4436 ('KPIT_TC_DRT_USB_012')
2026-01-15 22:45:46 |     Date                      : 2025-01-15
2026-01-15 22:45:46 |     Result                    : Pass
2026-01-15 22:45:46 |     Build Number              : AEA1416D0.260115.1 
2026-01-15 22:45:47 |   🔄 Commented                : DRT-4436 ('KPIT_TC_DRT_USB_012') | Comment ID: 142196

2026-01-15 22:45:47 | ⏳ Updating    		            : DRT-3863 ('KPIT_TC_DRT_USB_100')
2026-01-15 22:45:47 |   🔄 Commenting               : DRT-3863 ('KPIT_TC_DRT_USB_100')
2026-01-15 22:45:47 |     Date                      : 2025-01-15
2026-01-15 22:45:47 |     Result                    : Pass
2026-01-15 22:45:47 |     Build Number              : AEA1416D0.260115.1 
2026-01-15 22:45:48 |   🔄 Commented                : DRT-3863 ('KPIT_TC_DRT_USB_100') | Comment ID: 142197

2026-01-15 22:45:49 | ⏳ Updating    		            : DRT-3470 ('KPIT_TC_DRT_USB_066')
2026-01-15 22:45:49 |   🔄 Commenting               : DRT-3470 ('KPIT_TC_DRT_USB_066')
2026-01-15 22:45:49 |     Date                      : 2025-01-15
2026-01-15 22:45:49 |     Result                    : Pass
2026-01-15 22:45:49 |     Build Number              : AEA1416D0.260115.1 
2026-01-15 22:45:50 |   🔄 Commented                : DRT-3470 ('KPIT_TC_DRT_USB_066') | Comment ID: 142198

2026-01-15 22:45:50 | ⏳ Updating    		            : DRT-2551 ('KPIT_TC_FNC_USB_0796_0001')
2026-01-15 22:45:50 |   🔄 Commenting               : DRT-2551 ('KPIT_TC_FNC_USB_0796_0001')
2026-01-15 22:45:50 |     Date                      : 2025-01-15
2026-01-15 22:45:50 |     Result                    : Pass
2026-01-15 22:45:50 |     Build Number              : AEA1416D0.260115.1 
2026-01-15 22:45:51 |   🔄 Commented                : DRT-2551 ('KPIT_TC_FNC_USB_0796_0001') | Comment ID: 142199

2026-01-15 22:45:52 | ⏳ Updating    		            : DRT-2011 ('KPIT_TC_DRT_SPCCP_096')
2026-01-15 22:45:52 |   🔄 Commenting               : DRT-2011 ('KPIT_TC_DRT_SPCCP_096')
2026-01-15 22:45:52 |     Date                      : 2025-01-15
2026-01-15 22:45:52 |     Result                    : Pass
2026-01-15 22:45:52 |     Build Number              : AEA1416D0.260115.1 
2026-01-15 22:45:53 |   🔄 Commented                : DRT-2011 ('KPIT_TC_DRT_SPCCP_096') | Comment ID: 142200

2026-01-15 22:45:53 | ⏳ Updating    		            : DRT-2010 ('KPIT_TC_DRT_SPCCP_097')
2026-01-15 22:45:53 |   🔄 Commenting               : DRT-2010 ('KPIT_TC_DRT_SPCCP_097')
2026-01-15 22:45:53 |     Date                      : 2025-01-15
2026-01-15 22:45:53 |     Result                    : Pass
2026-01-15 22:45:53 |     Build Number              : AEA1416D0.260115.1 
2026-01-15 22:45:54 |   🔄 Commented                : DRT-2010 ('KPIT_TC_DRT_SPCCP_097') | Comment ID: 142201

2026-01-15 22:45:55 | ⏳ Updating    		            : DRT-2009 ('KPIT_TC_DRT_SPCCP_103')
2026-01-15 22:45:55 |   🔄 Commenting               : DRT-2009 ('KPIT_TC_DRT_SPCCP_103')
2026-01-15 22:45:55 |     Date                      : 2025-01-15
2026-01-15 22:45:55 |     Result                    : Pass
2026-01-15 22:45:55 |     Build Number              : AEA1416D0.260115.1 
2026-01-15 22:45:55 |   🔄 Commented                : DRT-2009 ('KPIT_TC_DRT_SPCCP_103') | Comment ID: 142202

2026-01-15 22:45:56 | ⏳ Updating    		            : DRT-1998 ('KPIT_TC_DRT_SPCCP_037')
2026-01-15 22:45:56 |   🔄 Commenting               : DRT-1998 ('KPIT_TC_DRT_SPCCP_037')
2026-01-15 22:45:56 |     Date                      : 2025-01-15
2026-01-15 22:45:56 |     Result                    : Pass
2026-01-15 22:45:56 |     Build Number              : AEA1416D0.260115.1 
2026-01-15 22:45:56 |   🔄 Commented                : DRT-1998 ('KPIT_TC_DRT_SPCCP_037') | Comment ID: 142203

2026-01-15 22:45:57 | ⏳ Updating    		            : DRT-1906 ('KPIT_TC_DRT_USB_140')
2026-01-15 22:45:57 |   🔄 Commenting               : DRT-1906 ('KPIT_TC_DRT_USB_140')
2026-01-15 22:45:57 |     Date                      : 2025-01-15
2026-01-15 22:45:57 |     Result                    : Pass
2026-01-15 22:45:57 |     Build Number              : AEA1416D0.260115.1 
2026-01-15 22:45:58 |   🔄 Commented                : DRT-1906 ('KPIT_TC_DRT_USB_140') | Comment ID: 142204

2026-01-15 22:45:58 | ⏳ Updating    		            : DRT-1737 ('KPIT_TC_DRT_USB_065')
2026-01-15 22:45:58 |   🔄 Commenting               : DRT-1737 ('KPIT_TC_DRT_USB_065')
2026-01-15 22:45:58 |     Date                      : 2025-01-15
2026-01-15 22:45:58 |     Result                    : Pass
2026-01-15 22:45:58 |     Build Number              : AEA1416D0.260115.1 
2026-01-15 22:45:58 |   🔄 Commented                : DRT-1737 ('KPIT_TC_DRT_USB_065') | Comment ID: 142205

2026-01-15 22:45:58 | ✅ Jira Update Completed.
