2026-03-18 03:28:56 | 🚀 Jira Update Started.

2026-03-18 03:28:57 | ⏳ Updating    		            : DRT-7396 ('KPIT_TC_DRT_SPCAA_075')
2026-03-18 03:28:57 |   🔄 Commenting               : DRT-7396 ('KPIT_TC_DRT_SPCAA_075')
2026-03-18 03:28:57 |     Date                      : 2026-03-06
2026-03-18 03:28:57 |     Result                    : Pass
2026-03-18 03:28:57 |     Build Number              : AEA1416R0.260206.1
2026-03-18 03:28:59 |   🔄 Commented                : DRT-7396 ('KPIT_TC_DRT_SPCAA_075') | Comment ID: 174341

2026-03-18 03:28:59 | ⏳ Updating    		            : DRT-7395 ('KPIT_TC_DRT_SPCAA_074')
2026-03-18 03:28:59 |   🔄 Commenting               : DRT-7395 ('KPIT_TC_DRT_SPCAA_074')
2026-03-18 03:28:59 |     Date                      : 2026-03-06
2026-03-18 03:28:59 |     Result                    : Pass
2026-03-18 03:28:59 |     Build Number              : AEA1416R0.260206.1
2026-03-18 03:29:00 |   🔄 Commented                : DRT-7395 ('KPIT_TC_DRT_SPCAA_074') | Comment ID: 174342

2026-03-18 03:29:01 | ⏳ Updating    		            : DRT-5927 ('KPIT_TC_DRT_HFT_020')
2026-03-18 03:29:01 |   🔄 Commenting               : DRT-5927 ('KPIT_TC_DRT_HFT_020')
2026-03-18 03:29:01 |     Date                      : 2026-03-06
2026-03-18 03:29:01 |     Result                    : Pass
2026-03-18 03:29:01 |     Build Number              : AEA1416R0.260206.1
2026-03-18 03:29:02 |   🔄 Commented                : DRT-5927 ('KPIT_TC_DRT_HFT_020') | Comment ID: 174343

2026-03-18 03:29:02 | ⏳ Updating    		            : DRT-5002 ('KPIT_TC_DRT_PKS_004')
2026-03-18 03:29:02 |   🔄 Commenting               : DRT-5002 ('KPIT_TC_DRT_PKS_004')
2026-03-18 03:29:03 |     Date                      : 2026-03-06
2026-03-18 03:29:03 |     Result                    : Pass
2026-03-18 03:29:03 |     Build Number              : AEA1416R0.260206.1
2026-03-18 03:29:03 |   🔄 Commented                : DRT-5002 ('KPIT_TC_DRT_PKS_004') | Comment ID: 174344

2026-03-18 03:29:04 | ⏳ Updating    		            : DRT-2306 ('KPIT_TC_DRT_VEND_113')
2026-03-18 03:29:04 |   🔄 Commenting               : DRT-2306 ('KPIT_TC_DRT_VEND_113')
2026-03-18 03:29:04 |     Date                      : 2026-03-06
2026-03-18 03:29:04 |     Result                    : Pass
2026-03-18 03:29:04 |     Build Number              : AEA1416R0.260206.1
2026-03-18 03:29:05 |   🔄 Commented                : DRT-2306 ('KPIT_TC_DRT_VEND_113') | Comment ID: 174345

2026-03-18 03:29:05 | ✅ Jira Update Completed.
