2026-03-18 02:44:55 | 🚀 Jira Update Started.

2026-03-18 02:44:56 | ⏳ Updating    		            : DRT-7522 ('KPIT_TC_DRT_IDS_018')
2026-03-18 02:44:56 |   🔄 Commenting               : DRT-7522 ('KPIT_TC_DRT_IDS_018')
2026-03-18 02:44:56 |     Date                      : 2026-03-16 
2026-03-18 02:44:56 |     Result                    : Pass
2026-03-18 02:44:56 |     Build Number              : AEA1418D0.260316.1
2026-03-18 02:44:58 |   🔄 Commented                : DRT-7522 ('KPIT_TC_DRT_IDS_018') | Comment ID: 174278

2026-03-18 02:44:58 | ⏳ Updating    		            : DRT-7521 ('KPIT_TC_DRT_IDS_007')
2026-03-18 02:44:58 |   🔄 Commenting               : DRT-7521 ('KPIT_TC_DRT_IDS_007')
2026-03-18 02:44:58 |     Date                      : 2026-03-16 
2026-03-18 02:44:58 |     Result                    : Pass
2026-03-18 02:44:58 |     Build Number              : AEA1418D0.260316.1
2026-03-18 02:45:00 |   🔄 Commented                : DRT-7521 ('KPIT_TC_DRT_IDS_007') | Comment ID: 174279

2026-03-18 02:45:00 | ⏳ Updating    		            : DRT-7520 ('KPIT_TC_DRT_IDS_016')
2026-03-18 02:45:00 |   🔄 Commenting               : DRT-7520 ('KPIT_TC_DRT_IDS_016')
2026-03-18 02:45:00 |     Date                      : 2026-03-16 
2026-03-18 02:45:00 |     Result                    : Pass
2026-03-18 02:45:00 |     Build Number              : AEA1418D0.260316.1
2026-03-18 02:45:01 |   🔄 Commented                : DRT-7520 ('KPIT_TC_DRT_IDS_016') | Comment ID: 174280

2026-03-18 02:45:02 | ⏳ Updating    		            : DRT-7510 ('KPIT_TC_DRT_USB_157')
2026-03-18 02:45:02 |   🔄 Commenting               : DRT-7510 ('KPIT_TC_DRT_USB_157')
2026-03-18 02:45:02 |     Date                      : 2026-03-16 
2026-03-18 02:45:02 |     Result                    : Pass
2026-03-18 02:45:02 |     Build Number              : AEA1418D0.260316.1
2026-03-18 02:45:03 |   🔄 Commented                : DRT-7510 ('KPIT_TC_DRT_USB_157') | Comment ID: 174281

2026-03-18 02:45:04 | ⏳ Updating    		            : DRT-7509 ('KPIT_TC_DRT_USB_042')
2026-03-18 02:45:04 |   🔄 Commenting               : DRT-7509 ('KPIT_TC_DRT_USB_042')
2026-03-18 02:45:04 |     Date                      : 2026-03-16 
2026-03-18 02:45:04 |     Result                    : Pass
2026-03-18 02:45:04 |     Build Number              : AEA1418D0.260316.1
2026-03-18 02:45:05 |   🔄 Commented                : DRT-7509 ('KPIT_TC_DRT_USB_042') | Comment ID: 174282

2026-03-18 02:45:05 | ⏳ Updating    		            : DRT-7508 ('KPIT_TC_DRT_USB_097')
2026-03-18 02:45:05 |   🔄 Commenting               : DRT-7508 ('KPIT_TC_DRT_USB_097')
2026-03-18 02:45:05 |     Date                      : 2026-03-16 
2026-03-18 02:45:05 |     Result                    : Pass
2026-03-18 02:45:05 |     Build Number              : AEA1418D0.260316.1
2026-03-18 02:45:06 |   🔄 Commented                : DRT-7508 ('KPIT_TC_DRT_USB_097') | Comment ID: 174283

2026-03-18 02:45:07 | ⏳ Updating    		            : DRT-6154 ('KPIT_TC_DRT_USB_1192')
2026-03-18 02:45:07 |   🔄 Commenting               : DRT-6154 ('KPIT_TC_DRT_USB_1192')
2026-03-18 02:45:07 |     Date                      : 2026-03-16 
2026-03-18 02:45:07 |     Result                    : Pass
2026-03-18 02:45:07 |     Build Number              : AEA1418D0.260316.1
2026-03-18 02:45:08 |   🔄 Commented                : DRT-6154 ('KPIT_TC_DRT_USB_1192') | Comment ID: 174284

2026-03-18 02:45:08 | ⏳ Updating    		            : DRT-5698 ('KPIT_TC_DRT_USB_178')
2026-03-18 02:45:08 |   🔄 Commenting               : DRT-5698 ('KPIT_TC_DRT_USB_178')
2026-03-18 02:45:08 |     Date                      : 2026-03-16 
2026-03-18 02:45:08 |     Result                    : Pass
2026-03-18 02:45:08 |     Build Number              : AEA1418D0.260316.1
2026-03-18 02:45:10 |   🔄 Commented                : DRT-5698 ('KPIT_TC_DRT_USB_178') | Comment ID: 174285

2026-03-18 02:45:10 | ⏳ Updating    		            : DRT-5099 ('KPIT_TC_DRT_WLC_003')
2026-03-18 02:45:10 |   🔄 Commenting               : DRT-5099 ('KPIT_TC_DRT_WLC_003')
2026-03-18 02:45:10 |     Date                      : 2026-03-16 
2026-03-18 02:45:10 |     Result                    : Pass
2026-03-18 02:45:10 |     Build Number              : AEA1418D0.260316.1
2026-03-18 02:45:11 |   🔄 Commented                : DRT-5099 ('KPIT_TC_DRT_WLC_003') | Comment ID: 174286

2026-03-18 02:45:11 | ⏳ Updating    		            : DRT-4438 ('KPIT_TC_DRT_AMFM_189')
2026-03-18 02:45:11 |   🔄 Commenting               : DRT-4438 ('KPIT_TC_DRT_AMFM_189')
2026-03-18 02:45:11 |     Date                      : 2026-03-16 
2026-03-18 02:45:11 |     Result                    : Pass
2026-03-18 02:45:11 |     Build Number              : AEA1418D0.260316.1
2026-03-18 02:45:12 |   🔄 Commented                : DRT-4438 ('KPIT_TC_DRT_AMFM_189') | Comment ID: 174287

2026-03-18 02:45:12 | ⏳ Updating    		            : DRT-4436 ('KPIT_TC_DRT_USB_012')
2026-03-18 02:45:12 |   🔄 Commenting               : DRT-4436 ('KPIT_TC_DRT_USB_012')
2026-03-18 02:45:12 |     Date                      : 2026-03-16 
2026-03-18 02:45:12 |     Result                    : Pass
2026-03-18 02:45:12 |     Build Number              : AEA1418D0.260316.1
2026-03-18 02:45:13 |   🔄 Commented                : DRT-4436 ('KPIT_TC_DRT_USB_012') | Comment ID: 174288

2026-03-18 02:45:14 | ⏳ Updating    		            : DRT-4435 ('KPIT_TC_DRT_USB_112')
2026-03-18 02:45:14 |   🔄 Commenting               : DRT-4435 ('KPIT_TC_DRT_USB_112')
2026-03-18 02:45:14 |     Date                      : 2026-03-16 
2026-03-18 02:45:14 |     Result                    : Pass
2026-03-18 02:45:14 |     Build Number              : AEA1418D0.260316.1
2026-03-18 02:45:15 |   🔄 Commented                : DRT-4435 ('KPIT_TC_DRT_USB_112') | Comment ID: 174289

2026-03-18 02:45:15 | ⏳ Updating    		            : DRT-4433 ('KPIT_TC_DRT_USB_132')
2026-03-18 02:45:15 |   🔄 Commenting               : DRT-4433 ('KPIT_TC_DRT_USB_132')
2026-03-18 02:45:15 |     Date                      : 2026-03-16 
2026-03-18 02:45:15 |     Result                    : Pass
2026-03-18 02:45:15 |     Build Number              : AEA1418D0.260316.1
2026-03-18 02:45:17 |   🔄 Commented                : DRT-4433 ('KPIT_TC_DRT_USB_132') | Comment ID: 174290

2026-03-18 02:45:17 | ⏳ Updating    		            : DRT-4432 ('KPIT_TC_DRT_CLK_007')
2026-03-18 02:45:17 |   🔄 Commenting               : DRT-4432 ('KPIT_TC_DRT_CLK_007')
2026-03-18 02:45:17 |     Date                      : 2026-03-16 
2026-03-18 02:45:17 |     Result                    : Pass
2026-03-18 02:45:17 |     Build Number              : AEA1418D0.260316.1
2026-03-18 02:45:18 |   🔄 Commented                : DRT-4432 ('KPIT_TC_DRT_CLK_007') | Comment ID: 174291

2026-03-18 02:45:18 | ⏳ Updating    		            : DRT-3863 ('KPIT_TC_DRT_USB_100')
2026-03-18 02:45:18 |   🔄 Commenting               : DRT-3863 ('KPIT_TC_DRT_USB_100')
2026-03-18 02:45:18 |     Date                      : 2026-03-16 
2026-03-18 02:45:18 |     Result                    : Pass
2026-03-18 02:45:18 |     Build Number              : AEA1418D0.260316.1
2026-03-18 02:45:19 |   🔄 Commented                : DRT-3863 ('KPIT_TC_DRT_USB_100') | Comment ID: 174292

2026-03-18 02:45:20 | ⏳ Updating    		            : DRT-3411 ('KPIT_TC_DRT_AMFM_196')
2026-03-18 02:45:20 |   🔄 Commenting               : DRT-3411 ('KPIT_TC_DRT_AMFM_196')
2026-03-18 02:45:20 |     Date                      : 2026-03-16 
2026-03-18 02:45:20 |     Result                    : Pass
2026-03-18 02:45:20 |     Build Number              : AEA1418D0.260316.1
2026-03-18 02:45:21 |   🔄 Commented                : DRT-3411 ('KPIT_TC_DRT_AMFM_196') | Comment ID: 174293

2026-03-18 02:45:21 | ⏳ Updating    		            : DRT-3402 ('KPIT_TC_DRT_AMFM_017')
2026-03-18 02:45:21 |   🔄 Commenting               : DRT-3402 ('KPIT_TC_DRT_AMFM_017')
2026-03-18 02:45:21 |     Date                      : 2026-03-16 
2026-03-18 02:45:21 |     Result                    : Pass
2026-03-18 02:45:21 |     Build Number              : AEA1418D0.260316.1
2026-03-18 02:45:22 |   🔄 Commented                : DRT-3402 ('KPIT_TC_DRT_AMFM_017') | Comment ID: 174294

2026-03-18 02:45:22 | ⏳ Updating    		            : DRT-2561 ('KPIT_TC_DRT_USB_111')
2026-03-18 02:45:22 |   🔄 Commenting               : DRT-2561 ('KPIT_TC_DRT_USB_111')
2026-03-18 02:45:22 |     Date                      : 2026-03-16 
2026-03-18 02:45:22 |     Result                    : Pass
2026-03-18 02:45:22 |     Build Number              : AEA1418D0.260316.1
2026-03-18 02:45:23 |   🔄 Commented                : DRT-2561 ('KPIT_TC_DRT_USB_111') | Comment ID: 174295

2026-03-18 02:45:24 | ⏳ Updating    		            : DRT-2559 ('KPIT_TC_DRT_USB_139')
2026-03-18 02:45:24 |   🔄 Commenting               : DRT-2559 ('KPIT_TC_DRT_USB_139')
2026-03-18 02:45:24 |     Date                      : 2026-03-16 
2026-03-18 02:45:24 |     Result                    : Pass
2026-03-18 02:45:24 |     Build Number              : AEA1418D0.260316.1
2026-03-18 02:45:25 |   🔄 Commented                : DRT-2559 ('KPIT_TC_DRT_USB_139') | Comment ID: 174296

2026-03-18 02:45:25 | ⏳ Updating    		            : DRT-2555 ('KPIT_TC_DRT_USB_050')
2026-03-18 02:45:25 |   🔄 Commenting               : DRT-2555 ('KPIT_TC_DRT_USB_050')
2026-03-18 02:45:25 |     Date                      : 2026-03-16 
2026-03-18 02:45:25 |     Result                    : Pass
2026-03-18 02:45:25 |     Build Number              : AEA1418D0.260316.1
2026-03-18 02:45:26 |   🔄 Commented                : DRT-2555 ('KPIT_TC_DRT_USB_050') | Comment ID: 174297

2026-03-18 02:45:27 | ⏳ Updating    		            : DRT-2553 ('KPIT_TC_DRT_USB_138')
2026-03-18 02:45:27 |   🔄 Commenting               : DRT-2553 ('KPIT_TC_DRT_USB_138')
2026-03-18 02:45:27 |     Date                      : 2026-03-16 
2026-03-18 02:45:27 |     Result                    : Pass
2026-03-18 02:45:27 |     Build Number              : AEA1418D0.260316.1
2026-03-18 02:45:28 |   🔄 Commented                : DRT-2553 ('KPIT_TC_DRT_USB_138') | Comment ID: 174298

2026-03-18 02:45:28 | ⏳ Updating    		            : DRT-2551 ('KPIT_TC_FNC_USB_0796_0001')
2026-03-18 02:45:28 |   🔄 Commenting               : DRT-2551 ('KPIT_TC_FNC_USB_0796_0001')
2026-03-18 02:45:28 |     Date                      : 2026-03-16 
2026-03-18 02:45:28 |     Result                    : Pass
2026-03-18 02:45:28 |     Build Number              : AEA1418D0.260316.1
2026-03-18 02:45:29 |   🔄 Commented                : DRT-2551 ('KPIT_TC_FNC_USB_0796_0001') | Comment ID: 174299

2026-03-18 02:45:29 | ⏳ Updating    		            : DRT-2179 ('KPIT_TC_DRT_USB_124')
2026-03-18 02:45:29 |   🔄 Commenting               : DRT-2179 ('KPIT_TC_DRT_USB_124')
2026-03-18 02:45:29 |     Date                      : 2026-03-16 
2026-03-18 02:45:29 |     Result                    : Pass
2026-03-18 02:45:29 |     Build Number              : AEA1418D0.260316.1
2026-03-18 02:45:30 |   🔄 Commented                : DRT-2179 ('KPIT_TC_DRT_USB_124') | Comment ID: 174300

2026-03-18 02:45:31 | ⏳ Updating    		            : DRT-1906 ('KPIT_TC_DRT_USB_140')
2026-03-18 02:45:31 |   🔄 Commenting               : DRT-1906 ('KPIT_TC_DRT_USB_140')
2026-03-18 02:45:31 |     Date                      : 2026-03-16 
2026-03-18 02:45:31 |     Result                    : Pass
2026-03-18 02:45:31 |     Build Number              : AEA1418D0.260316.1
2026-03-18 02:45:32 |   🔄 Commented                : DRT-1906 ('KPIT_TC_DRT_USB_140') | Comment ID: 174301

2026-03-18 02:45:32 | ✅ Jira Update Completed.
