2026-03-18 03:02:36 | 🚀 Jira Update Started.

2026-03-18 03:02:37 | ⏳ Updating    		            : DRT-7499 ('KPIT_TC_DRT_SPCAA_075')
2026-03-18 03:02:37 |   [ERROR] Could not process       : DRT-7499 ('KPIT_TC_DRT_SPCAA_075') : 'Test Env Issue'.

2026-03-18 03:02:37 | ⏳ Updating    		            : DRT-7498 ('KPIT_TC_DRT_SPCAA_074')
2026-03-18 03:02:37 |   [ERROR] Could not process       : DRT-7498 ('KPIT_TC_DRT_SPCAA_074') : 'Test Env Issue'.

2026-03-18 03:02:38 | ⏳ Updating    		            : DRT-7497 ('KPIT_TC_DRT_HFT_020')
2026-03-18 03:02:38 |   [ERROR] Could not process       : DRT-7497 ('KPIT_TC_DRT_HFT_020') : 'Test Env Issue'.

2026-03-18 03:02:39 | ⏳ Updating    		            : DRT-4639 ('KPIT_TC_DRT_LMG_009')
2026-03-18 03:02:39 |   [ERROR] Could not process       : DRT-4639 ('KPIT_TC_DRT_LMG_009') : 'Test Env Issue'.

2026-03-18 03:02:40 | ⏳ Updating    		            : DRT-3980 ('KPIT_TC_DRT_VEND_114')
2026-03-18 03:02:40 |   [ERROR] Could not process       : DRT-3980 ('KPIT_TC_DRT_VEND_114') : 'Test Env Issue'.

2026-03-18 03:02:40 | ⏳ Updating    		            : DRT-7499 ('KPIT_TC_DRT_SPCAA_075')
2026-03-18 03:02:40 |   🔄 Commenting               : DRT-7499 ('KPIT_TC_DRT_SPCAA_075')
2026-03-18 03:02:40 |     Date                      : 2026-03-16
2026-03-18 03:02:40 |     Result                    : Pass
2026-03-18 03:02:40 |     Build Number              : AEA1418D0.260316.1
2026-03-18 03:02:41 |   🔄 Commented                : DRT-7499 ('KPIT_TC_DRT_SPCAA_075') | Comment ID: 174326

2026-03-18 03:02:42 | ⏳ Updating    		            : DRT-7498 ('KPIT_TC_DRT_SPCAA_074')
2026-03-18 03:02:42 |   🔄 Commenting               : DRT-7498 ('KPIT_TC_DRT_SPCAA_074')
2026-03-18 03:02:42 |     Date                      : 2026-03-16
2026-03-18 03:02:42 |     Result                    : Pass
2026-03-18 03:02:42 |     Build Number              : AEA1418D0.260316.1
2026-03-18 03:02:43 |   🔄 Commented                : DRT-7498 ('KPIT_TC_DRT_SPCAA_074') | Comment ID: 174327

2026-03-18 03:02:44 | ⏳ Updating    		            : DRT-7497 ('KPIT_TC_DRT_HFT_020')
2026-03-18 03:02:44 |   [ERROR] Could not process       : DRT-7497 ('KPIT_TC_DRT_HFT_020') : 'Test Env Issue'.

2026-03-18 03:02:44 | ⏳ Updating    		            : DRT-4639 ('KPIT_TC_DRT_LMG_009')
2026-03-18 03:02:44 |   [ERROR] Could not process       : DRT-4639 ('KPIT_TC_DRT_LMG_009') : 'Test Env Issue'.

2026-03-18 03:02:45 | ⏳ Updating    		            : DRT-3980 ('KPIT_TC_DRT_VEND_114')
2026-03-18 03:02:45 |   [ERROR] Could not process       : DRT-3980 ('KPIT_TC_DRT_VEND_114') : 'Test Env Issue'.

2026-03-18 03:02:45 | ✅ Jira Update Completed.
