2026-02-02 19:55:33 | 🚀 Jira Update Started.

2026-02-02 19:55:33 | ⏳ Updating    		            : DRT-3831 ('KPIT_TC_DRT_IPD_047')
2026-02-02 19:55:33 |   🔄 Commenting               : DRT-3831 ('KPIT_TC_DRT_IPD_047')
2026-02-02 19:55:33 |     Date                      : 2026-02-02
2026-02-02 19:55:33 |     Result                    : Pass
2026-02-02 19:55:33 |     Build Number              : AEA1415R1.260202.1
2026-02-02 19:55:34 |   🔄 Commented                : DRT-3831 ('KPIT_TC_DRT_IPD_047') | Comment ID: 151250

2026-02-02 19:55:34 | ⏳ Updating    		            : DRT-1740 ('KPIT_TC_DRT_LMG_014')
2026-02-02 19:55:34 |   🔄 Commenting               : DRT-1740 ('KPIT_TC_DRT_LMG_014')
2026-02-02 19:55:34 |     Date                      : 2026-02-02
2026-02-02 19:55:34 |     Result                    : Pass
2026-02-02 19:55:34 |     Build Number              : AEA1415R1.260202.1
2026-02-02 19:55:35 |   🔄 Commented                : DRT-1740 ('KPIT_TC_DRT_LMG_014') | Comment ID: 151251

2026-02-02 19:55:36 | ⏳ Updating    		            : DRT-1733 ('KPIT_TC_DRT_LMG_005')
2026-02-02 19:55:36 |   🔄 Commenting               : DRT-1733 ('KPIT_TC_DRT_LMG_005')
2026-02-02 19:55:36 |     Date                      : 2026-02-02
2026-02-02 19:55:36 |     Result                    : Pass
2026-02-02 19:55:36 |     Build Number              : AEA1415R1.260202.1
2026-02-02 19:55:36 |   🔄 Commented                : DRT-1733 ('KPIT_TC_DRT_LMG_005') | Comment ID: 151252

2026-02-02 19:55:37 | ⏳ Updating    		            : DRT-1732 ('KPIT_TC_DRT_LMG_021')
2026-02-02 19:55:37 |   🔄 Commenting               : DRT-1732 ('KPIT_TC_DRT_LMG_021')
2026-02-02 19:55:37 |     Date                      : 2026-02-02
2026-02-02 19:55:37 |     Result                    : Pass
2026-02-02 19:55:37 |     Build Number              : AEA1415R1.260202.1
2026-02-02 19:55:37 |   🔄 Commented                : DRT-1732 ('KPIT_TC_DRT_LMG_021') | Comment ID: 151253

2026-02-02 19:55:37 | ✅ Jira Update Completed.
