2026-02-09 11:02:20 | 🚀 Jira Update Started.

2026-02-09 11:02:21 | ⏳ Updating    		            : DRT-2305 ('KPIT_TC_DRT_VEND_092')
2026-02-09 11:02:21 |   🔄 Updating fields          : DRT-2305 ('KPIT_TC_DRT_VEND_092')
2026-02-09 11:02:21 |     Failure Category          : KITE Issue
2026-02-09 11:02:21 |     Failure Sub Category      : KITE Application Issue
2026-02-09 11:02:21 |     Previous Failure Category : ['Test Env Issue', 'KITE Issue']
2026-02-09 11:02:21 |     Root Cause Details        : CAPTURE_SCREEN command failed with "KITE Internal Error: The information is missing from plugin" for Phone8, Even though SET_DEVICE was Pass earlier, Hence wired android auto connection precondition failed.
2026-02-09 11:02:21 |     Fixation Performed        : Modified the batch file to connect adb over wifi connection. 

2026-02-09 11:02:23 |   ✅ Updated fields           : DRT-2305 ('KPIT_TC_DRT_VEND_092')
2026-02-09 11:02:23 |   🔄 Commenting               : DRT-2305 ('KPIT_TC_DRT_VEND_092')
2026-02-09 11:02:23 |     Date                      : 2026-02-06
2026-02-09 11:02:23 |     Build Number              : AEA1416R0.260206.1
2026-02-09 11:02:23 |     Result                    : Fail
2026-02-09 11:02:23 |     Failure Category          : KITE Issue
2026-02-09 11:02:23 |     Failure Sub Category      : KITE Application Issue
2026-02-09 11:02:23 |     Root Cause Details        : CAPTURE_SCREEN command failed with "KITE Internal Error: The information is missing from plugin" for Phone8, Even though SET_DEVICE was Pass earlier, Hence wired android auto connection precondition failed.
2026-02-09 11:02:23 |     Fixation Performed        : Modified the batch file to connect adb over wifi connection. 

2026-02-09 11:02:23 |     Remarks                   : Executed in daytime, result: Pass.
2026-02-09 11:02:23 |     Reviewer                  : Rajashri
2026-02-09 11:02:23 |   🔄 Commented                : DRT-2305 ('KPIT_TC_DRT_VEND_092') | Comment ID: 156284

2026-02-09 11:02:23 | ✅ Jira Update Completed.
