2026-02-02 19:51:18 | 🚀 Jira Update Started.

2026-02-02 19:51:19 | ⏳ Updating    		            : DRT-3841 ('Dummy')
2026-02-02 19:51:19 |   🔄 Commenting               : DRT-3841 ('Dummy')
2026-02-02 19:51:19 |     Date                      : 2026-02-02
2026-02-02 19:51:19 |     Result                    : Pass
2026-02-02 19:51:19 |     Build Number              : AEA1414R0.260202.1
2026-02-02 19:51:20 |   🔄 Commented                : DRT-3841 ('Dummy') | Comment ID: 151246

2026-02-02 19:51:21 | ⏳ Updating    		            : DRT-2140 ('Dummy')
2026-02-02 19:51:21 |   🔄 Commenting               : DRT-2140 ('Dummy')
2026-02-02 19:51:21 |     Date                      : 2026-02-02
2026-02-02 19:51:21 |     Result                    : Pass
2026-02-02 19:51:21 |     Build Number              : AEA1414R0.260202.1
2026-02-02 19:51:22 |   🔄 Commented                : DRT-2140 ('Dummy') | Comment ID: 151247

2026-02-02 19:51:22 | ⏳ Updating    		            : DRT-1859 ('Dummy')
2026-02-02 19:51:22 |   🔄 Commenting               : DRT-1859 ('Dummy')
2026-02-02 19:51:22 |     Date                      : 2026-02-02
2026-02-02 19:51:22 |     Result                    : Pass
2026-02-02 19:51:22 |     Build Number              : AEA1414R0.260202.1
2026-02-02 19:51:23 |   🔄 Commented                : DRT-1859 ('Dummy') | Comment ID: 151248

2026-02-02 19:51:24 | ⏳ Updating    		            : DRT-1800 ('Dummy')
2026-02-02 19:51:24 |   🔄 Commenting               : DRT-1800 ('Dummy')
2026-02-02 19:51:24 |     Date                      : 2026-02-02
2026-02-02 19:51:24 |     Result                    : Pass
2026-02-02 19:51:24 |     Build Number              : AEA1414R0.260202.1
2026-02-02 19:51:25 |   🔄 Commented                : DRT-1800 ('Dummy') | Comment ID: 151249

2026-02-02 19:51:25 | ✅ Jira Update Completed.
