2025-07-04 10:11:53,407 | INFO | ⏳ Updating 'OSV-4439: KPIT_TC_DRT_USB_103'...
2025-07-04 10:11:53,408 | INFO |   🔄 Commenting on OSV-4439: 'KPIT_TC_DRT_USB_103...
2025-07-04 10:11:53,408 | INFO |     Date                 : 27th June 2025
2025-07-04 10:11:53,408 | INFO |     Analysis Done By     : Chandrakant
2025-07-04 10:11:53,409 | INFO |     Result               : Pass
2025-07-04 10:11:54,151 | INFO |   ✅ Commented on OSV-4439: 'KPIT_TC_DRT_USB_103.

2025-07-04 10:11:54,627 | INFO | ⏳ Updating 'OSV-4438: KPIT_TC_DRT_USB_102'...
2025-07-04 10:11:54,628 | INFO |   🔄 Commenting on OSV-4438: 'KPIT_TC_DRT_USB_102...
2025-07-04 10:11:54,628 | INFO |     Date                 : 27th June 2025
2025-07-04 10:11:54,639 | INFO |     Analysis Done By     : Chandrakant
2025-07-04 10:11:54,639 | INFO |     Result               : Pass
2025-07-04 10:11:55,355 | INFO |   ✅ Commented on OSV-4438: 'KPIT_TC_DRT_USB_102.

2025-07-04 10:11:55,750 | INFO | ⏳ Updating 'OSV-4427: KPIT_TC_DRT_BTA_021'...
2025-07-04 10:11:55,751 | INFO |   🔄 Commenting on OSV-4427: 'KPIT_TC_DRT_BTA_021...
2025-07-04 10:11:55,751 | INFO |     Date                 : 27th June 2025
2025-07-04 10:11:55,751 | INFO |     Analysis Done By     : Chandrakant
2025-07-04 10:11:55,752 | INFO |     Result               : Pass
2025-07-04 10:11:56,366 | INFO |   ✅ Commented on OSV-4427: 'KPIT_TC_DRT_BTA_021.

2025-07-04 10:11:56,727 | INFO | ⏳ Updating 'OSV-4421: KPIT_TC_DRT_PRM_003'...
2025-07-04 10:11:56,728 | INFO |   🔄 Commenting on OSV-4421: 'KPIT_TC_DRT_PRM_003...
2025-07-04 10:11:56,728 | INFO |     Date                 : 27th June 2025
2025-07-04 10:11:56,729 | INFO |     Analysis Done By     : Chandrakant
2025-07-04 10:11:56,729 | INFO |     Result               : Pass
2025-07-04 10:11:57,799 | INFO |   ✅ Commented on OSV-4421: 'KPIT_TC_DRT_PRM_003.

2025-07-04 10:11:58,165 | INFO | ⏳ Updating 'OSV-4378: KPIT_TC_DRT_USB_1245'...
2025-07-04 10:11:58,165 | INFO |   🔄 Commenting on OSV-4378: 'KPIT_TC_DRT_USB_1245...
2025-07-04 10:11:58,165 | INFO |     Date                 : 27th June 2025
2025-07-04 10:11:58,166 | INFO |     Analysis Done By     : Chandrakant
2025-07-04 10:11:58,166 | INFO |     Result               : Pass
2025-07-04 10:11:58,842 | INFO |   ✅ Commented on OSV-4378: 'KPIT_TC_DRT_USB_1245.

2025-07-04 10:11:59,244 | INFO | ⏳ Updating 'OSV-4377: KPIT_TC_DRT_HFT_046'...
2025-07-04 10:11:59,245 | INFO |   🔄 Commenting on OSV-4377: 'KPIT_TC_DRT_HFT_046...
2025-07-04 10:11:59,245 | INFO |     Date                 : 27th June 2025
2025-07-04 10:11:59,246 | INFO |     Analysis Done By     : Chandrakant
2025-07-04 10:11:59,246 | INFO |     Result               : Pass
2025-07-04 10:11:59,963 | INFO |   ✅ Commented on OSV-4377: 'KPIT_TC_DRT_HFT_046.

2025-07-04 10:12:00,366 | INFO | ⏳ Updating 'OSV-4376: KPIT_TC_FNC_SPCAA_0447_0001'...
2025-07-04 10:12:00,366 | INFO |   🔄 Commenting on OSV-4376: 'KPIT_TC_FNC_SPCAA_0447_0001...
2025-07-04 10:12:00,367 | INFO |     Date                 : 27th June 2025
2025-07-04 10:12:00,367 | INFO |     Analysis Done By     : Chandrakant
2025-07-04 10:12:00,368 | INFO |     Result               : Pass
2025-07-04 10:12:01,023 | INFO |   ✅ Commented on OSV-4376: 'KPIT_TC_FNC_SPCAA_0447_0001.

2025-07-04 10:12:01,420 | INFO | ⏳ Updating 'OSV-4373: KPIT_TC_DRT_KBD_003'...
2025-07-04 10:12:01,420 | INFO |   🔄 Commenting on OSV-4373: 'KPIT_TC_DRT_KBD_003...
2025-07-04 10:12:01,421 | INFO |     Date                 : 27th June 2025
2025-07-04 10:12:01,421 | INFO |     Analysis Done By     : Chandrakant
2025-07-04 10:12:01,421 | INFO |     Result               : Pass
2025-07-04 10:12:02,371 | INFO |   ✅ Commented on OSV-4373: 'KPIT_TC_DRT_KBD_003.

2025-07-04 10:12:02,743 | INFO | ⏳ Updating 'OSV-4368: KPIT_TC_DRT_BTA_032'...
2025-07-04 10:12:02,743 | INFO |   🔄 Commenting on OSV-4368: 'KPIT_TC_DRT_BTA_032...
2025-07-04 10:12:02,743 | INFO |     Date                 : 27th June 2025
2025-07-04 10:12:02,744 | INFO |     Analysis Done By     : Chandrakant
2025-07-04 10:12:02,744 | INFO |     Result               : Pass
2025-07-04 10:12:03,364 | INFO |   ✅ Commented on OSV-4368: 'KPIT_TC_DRT_BTA_032.

2025-07-04 10:12:03,727 | INFO | ⏳ Updating 'OSV-4366: KPIT_TC_DRT_BTA_024'...
2025-07-04 10:12:03,727 | INFO |   🔄 Commenting on OSV-4366: 'KPIT_TC_DRT_BTA_024...
2025-07-04 10:12:03,728 | INFO |     Date                 : 27th June 2025
2025-07-04 10:12:03,728 | INFO |     Analysis Done By     : Chandrakant
2025-07-04 10:12:03,728 | INFO |     Result               : Pass
2025-07-04 10:12:04,873 | INFO |   ✅ Commented on OSV-4366: 'KPIT_TC_DRT_BTA_024.

2025-07-04 10:12:05,243 | INFO | ⏳ Updating 'OSV-4363: KPIT_TC_DRT_HFT_017'...
2025-07-04 10:12:05,243 | INFO |   🔄 Commenting on OSV-4363: 'KPIT_TC_DRT_HFT_017...
2025-07-04 10:12:05,245 | INFO |     Date                 : 27th June 2025
2025-07-04 10:12:05,246 | INFO |     Analysis Done By     : Chandrakant
2025-07-04 10:12:05,247 | INFO |     Result               : Pass
2025-07-04 10:12:05,918 | INFO |   ✅ Commented on OSV-4363: 'KPIT_TC_DRT_HFT_017.

2025-07-04 10:12:06,305 | INFO | ⏳ Updating 'OSV-4361: KPIT_TC_DRT_HFT_059'...
2025-07-04 10:12:06,306 | INFO |   🔄 Commenting on OSV-4361: 'KPIT_TC_DRT_HFT_059...
2025-07-04 10:12:06,307 | INFO |     Date                 : 27th June 2025
2025-07-04 10:12:06,308 | INFO |     Analysis Done By     : Chandrakant
2025-07-04 10:12:06,309 | INFO |     Result               : Pass
2025-07-04 10:12:06,974 | INFO |   ✅ Commented on OSV-4361: 'KPIT_TC_DRT_HFT_059.

2025-07-04 10:12:07,338 | INFO | ⏳ Updating 'OSV-4358: KPIT_TC_DRT_BTA_049'...
2025-07-04 10:12:07,339 | INFO |   🔄 Commenting on OSV-4358: 'KPIT_TC_DRT_BTA_049...
2025-07-04 10:12:07,339 | INFO |     Date                 : 27th June 2025
2025-07-04 10:12:07,340 | INFO |     Analysis Done By     : Chandrakant
2025-07-04 10:12:07,340 | INFO |     Result               : Pass
2025-07-04 10:12:08,046 | INFO |   ✅ Commented on OSV-4358: 'KPIT_TC_DRT_BTA_049.

2025-07-04 10:12:08,422 | INFO | ⏳ Updating 'OSV-4356: KPIT_TC_DRT_HED_013'...
2025-07-04 10:12:08,422 | INFO |   🔄 Commenting on OSV-4356: 'KPIT_TC_DRT_HED_013...
2025-07-04 10:12:08,422 | INFO |     Date                 : 27th June 2025
2025-07-04 10:12:08,423 | INFO |     Analysis Done By     : Chandrakant
2025-07-04 10:12:08,428 | INFO |     Result               : Pass
2025-07-04 10:12:09,058 | INFO |   ✅ Commented on OSV-4356: 'KPIT_TC_DRT_HED_013.

2025-07-04 10:12:09,480 | INFO | ⏳ Updating 'OSV-4354: KPIT_TC_DRT_HFT_054'...
2025-07-04 10:12:09,481 | INFO |   🔄 Commenting on OSV-4354: 'KPIT_TC_DRT_HFT_054...
2025-07-04 10:12:09,482 | INFO |     Date                 : 27th June 2025
2025-07-04 10:12:09,482 | INFO |     Analysis Done By     : Chandrakant
2025-07-04 10:12:09,482 | INFO |     Result               : Pass
2025-07-04 10:12:10,171 | INFO |   ✅ Commented on OSV-4354: 'KPIT_TC_DRT_HFT_054.

2025-07-04 10:12:10,537 | INFO | ⏳ Updating 'OSV-4353: KPIT_TC_DRT_HFT_052'...
2025-07-04 10:12:10,537 | INFO |   🔄 Commenting on OSV-4353: 'KPIT_TC_DRT_HFT_052...
2025-07-04 10:12:10,538 | INFO |     Date                 : 27th June 2025
2025-07-04 10:12:10,538 | INFO |     Analysis Done By     : Chandrakant
2025-07-04 10:12:10,538 | INFO |     Result               : Pass
2025-07-04 10:12:11,636 | INFO |   ✅ Commented on OSV-4353: 'KPIT_TC_DRT_HFT_052.

2025-07-04 10:12:12,022 | INFO | ⏳ Updating 'OSV-4351: KPIT_TC_DRT_HFT_047'...
2025-07-04 10:12:12,022 | INFO |   🔄 Commenting on OSV-4351: 'KPIT_TC_DRT_HFT_047...
2025-07-04 10:12:12,023 | INFO |     Date                 : 27th June 2025
2025-07-04 10:12:12,023 | INFO |     Analysis Done By     : Chandrakant
2025-07-04 10:12:12,023 | INFO |     Result               : Pass
2025-07-04 10:12:12,656 | INFO |   ✅ Commented on OSV-4351: 'KPIT_TC_DRT_HFT_047.

2025-07-04 10:12:13,059 | INFO | ⏳ Updating 'OSV-4435: KPIT_TC_DRT_HOM_005'...
2025-07-04 10:12:13,061 | INFO |   🔄 Commenting on OSV-4435: 'KPIT_TC_DRT_HOM_005...
2025-07-04 10:12:13,061 | INFO |     Date                 : 27th June 2025
2025-07-04 10:12:13,062 | INFO |     Analysis Done By     : Chandrakant
2025-07-04 10:12:13,062 | INFO |     Result               : Pass
2025-07-04 10:12:13,777 | INFO |   ✅ Commented on OSV-4435: 'KPIT_TC_DRT_HOM_005.

2025-07-04 10:12:14,188 | INFO | ⏳ Updating 'OSV-4436: KPIT_TC_DRT_HOM_006'...
2025-07-04 10:12:14,189 | INFO |   🔄 Commenting on OSV-4436: 'KPIT_TC_DRT_HOM_006...
2025-07-04 10:12:14,189 | INFO |     Date                 : 27th June 2025
2025-07-04 10:12:14,189 | INFO |     Analysis Done By     : Chandrakant
2025-07-04 10:12:14,190 | INFO |     Result               : Pass
2025-07-04 10:12:14,817 | INFO |   ✅ Commented on OSV-4436: 'KPIT_TC_DRT_HOM_006.

2025-07-04 10:12:15,179 | INFO | ⏳ Updating 'OSV-4433: KPIT_TC_DRT_HOM_009'...
2025-07-04 10:12:15,180 | INFO |   🔄 Commenting on OSV-4433: 'KPIT_TC_DRT_HOM_009...
2025-07-04 10:12:15,180 | INFO |     Date                 : 27th June 2025
2025-07-04 10:12:15,180 | INFO |     Analysis Done By     : Chandrakant
2025-07-04 10:12:15,181 | INFO |     Result               : Pass
2025-07-04 10:12:16,233 | INFO |   ✅ Commented on OSV-4433: 'KPIT_TC_DRT_HOM_009.

2025-07-04 10:12:16,651 | INFO | ⏳ Updating 'OSV-4434: KPIT_TC_DRT_HOM_012'...
2025-07-04 10:12:16,651 | INFO |   🔄 Commenting on OSV-4434: 'KPIT_TC_DRT_HOM_012...
2025-07-04 10:12:16,652 | INFO |     Date                 : 27th June 2025
2025-07-04 10:12:16,652 | INFO |     Analysis Done By     : Chandrakant
2025-07-04 10:12:16,652 | INFO |     Result               : Pass
2025-07-04 10:12:17,769 | INFO |   ✅ Commented on OSV-4434: 'KPIT_TC_DRT_HOM_012.

2025-07-04 10:12:18,199 | INFO | ⏳ Updating 'OSV-4424: KPIT_TC_DRT_HOM_028'...
2025-07-04 10:12:18,200 | INFO |   🔄 Commenting on OSV-4424: 'KPIT_TC_DRT_HOM_028...
2025-07-04 10:12:18,203 | INFO |     Date                 : 27th June 2025
2025-07-04 10:12:18,205 | INFO |     Analysis Done By     : Chandrakant
2025-07-04 10:12:18,206 | INFO |     Result               : Pass
2025-07-04 10:12:18,888 | INFO |   ✅ Commented on OSV-4424: 'KPIT_TC_DRT_HOM_028.

2025-07-04 10:12:19,264 | INFO | ⏳ Updating 'OSV-4431: KPIT_TC_DRT_HOM_031'...
2025-07-04 10:12:19,265 | INFO |   🔄 Commenting on OSV-4431: 'KPIT_TC_DRT_HOM_031...
2025-07-04 10:12:19,265 | INFO |     Date                 : 27th June 2025
2025-07-04 10:12:19,266 | INFO |     Analysis Done By     : Chandrakant
2025-07-04 10:12:19,266 | INFO |     Result               : Pass
2025-07-04 10:12:20,437 | INFO |   ✅ Commented on OSV-4431: 'KPIT_TC_DRT_HOM_031.

2025-07-04 10:12:20,804 | INFO | ⏳ Updating 'OSV-4419: KPIT_TC_DRT_HOM_035'...
2025-07-04 10:12:20,805 | INFO |   🔄 Commenting on OSV-4419: 'KPIT_TC_DRT_HOM_035...
2025-07-04 10:12:20,806 | INFO |     Date                 : 27th June 2025
2025-07-04 10:12:20,806 | INFO |     Analysis Done By     : Chandrakant
2025-07-04 10:12:20,807 | INFO |     Result               : Pass
2025-07-04 10:12:21,411 | INFO |   ✅ Commented on OSV-4419: 'KPIT_TC_DRT_HOM_035.

2025-07-04 10:12:21,785 | INFO | ⏳ Updating 'OSV-4417: KPIT_TC_DRT_HOM_049'...
2025-07-04 10:12:21,785 | INFO |   🔄 Commenting on OSV-4417: 'KPIT_TC_DRT_HOM_049...
2025-07-04 10:12:21,786 | INFO |     Date                 : 27th June 2025
2025-07-04 10:12:21,786 | INFO |     Analysis Done By     : Chandrakant
2025-07-04 10:12:21,787 | INFO |     Result               : Pass
2025-07-04 10:12:22,842 | INFO |   ✅ Commented on OSV-4417: 'KPIT_TC_DRT_HOM_049.

2025-07-04 10:12:23,204 | INFO | ⏳ Updating 'OSV-4418: KPIT_TC_DRT_HOM_050'...
2025-07-04 10:12:23,205 | INFO |   🔄 Commenting on OSV-4418: 'KPIT_TC_DRT_HOM_050...
2025-07-04 10:12:23,205 | INFO |     Date                 : 27th June 2025
2025-07-04 10:12:23,205 | INFO |     Analysis Done By     : Chandrakant
2025-07-04 10:12:23,205 | INFO |     Result               : Pass
2025-07-04 10:12:23,795 | INFO |   ✅ Commented on OSV-4418: 'KPIT_TC_DRT_HOM_050.

2025-07-04 10:12:24,153 | INFO | ⏳ Updating 'OSV-4429: KPIT_TC_DRT_MCS_036'...
2025-07-04 10:12:24,153 | INFO |   🔄 Commenting on OSV-4429: 'KPIT_TC_DRT_MCS_036...
2025-07-04 10:12:24,153 | INFO |     Date                 : 27th June 2025
2025-07-04 10:12:24,154 | INFO |     Analysis Done By     : Chandrakant
2025-07-04 10:12:24,154 | INFO |     Result               : Pass
2025-07-04 10:12:25,175 | INFO |   ✅ Commented on OSV-4429: 'KPIT_TC_DRT_MCS_036.

2025-07-04 10:12:25,550 | INFO | ⏳ Updating 'OSV-4425: KPIT_TC_DRT_PRM_006'...
2025-07-04 10:12:25,558 | INFO |   🔄 Commenting on OSV-4425: 'KPIT_TC_DRT_PRM_006...
2025-07-04 10:12:25,558 | INFO |     Date                 : 27th June 2025
2025-07-04 10:12:25,558 | INFO |     Analysis Done By     : Chandrakant
2025-07-04 10:12:25,559 | INFO |     Result               : Pass
2025-07-04 10:12:26,277 | INFO |   ✅ Commented on OSV-4425: 'KPIT_TC_DRT_PRM_006.

2025-07-04 10:12:26,684 | INFO | ⏳ Updating 'OSV-4422: KPIT_TC_DRT_PRM_007'...
2025-07-04 10:12:26,685 | INFO |   🔄 Commenting on OSV-4422: 'KPIT_TC_DRT_PRM_007...
2025-07-04 10:12:26,685 | INFO |     Date                 : 27th June 2025
2025-07-04 10:12:26,686 | INFO |     Analysis Done By     : Chandrakant
2025-07-04 10:12:26,686 | INFO |     Result               : Pass
2025-07-04 10:12:27,318 | INFO |   ✅ Commented on OSV-4422: 'KPIT_TC_DRT_PRM_007.

2025-07-04 10:12:27,704 | INFO | ⏳ Updating 'OSV-4413: KPIT_TC_DRT_PRM_011'...
2025-07-04 10:12:27,705 | INFO |   🔄 Commenting on OSV-4413: 'KPIT_TC_DRT_PRM_011...
2025-07-04 10:12:27,706 | INFO |     Date                 : 27th June 2025
2025-07-04 10:12:27,706 | INFO |     Analysis Done By     : Chandrakant
2025-07-04 10:12:27,706 | INFO |     Result               : Pass
2025-07-04 10:12:28,285 | INFO |   ✅ Commented on OSV-4413: 'KPIT_TC_DRT_PRM_011.

2025-07-04 10:12:28,743 | INFO | ⏳ Updating 'OSV-4414: KPIT_TC_DRT_PRM_014'...
2025-07-04 10:12:28,744 | INFO |   🔄 Commenting on OSV-4414: 'KPIT_TC_DRT_PRM_014...
2025-07-04 10:12:28,744 | INFO |     Date                 : 27th June 2025
2025-07-04 10:12:28,745 | INFO |     Analysis Done By     : Chandrakant
2025-07-04 10:12:28,745 | INFO |     Result               : Pass
2025-07-04 10:12:29,401 | INFO |   ✅ Commented on OSV-4414: 'KPIT_TC_DRT_PRM_014.

2025-07-04 10:12:29,768 | INFO | ⏳ Updating 'OSV-4415: KPIT_TC_DRT_PRM_015'...
2025-07-04 10:12:29,768 | INFO |   🔄 Commenting on OSV-4415: 'KPIT_TC_DRT_PRM_015...
2025-07-04 10:12:29,769 | INFO |     Date                 : 27th June 2025
2025-07-04 10:12:29,770 | INFO |     Analysis Done By     : Chandrakant
2025-07-04 10:12:29,771 | INFO |     Result               : Pass
2025-07-04 10:12:30,468 | INFO |   ✅ Commented on OSV-4415: 'KPIT_TC_DRT_PRM_015.

2025-07-04 10:12:30,883 | INFO | ⏳ Updating 'OSV-4441: KPIT_TC_DRT_SUW_003'...
2025-07-04 10:12:30,884 | INFO |   🔄 Commenting on OSV-4441: 'KPIT_TC_DRT_SUW_003...
2025-07-04 10:12:30,884 | INFO |     Date                 : 27th June 2025
2025-07-04 10:12:30,884 | INFO |     Analysis Done By     : Chandrakant
2025-07-04 10:12:30,884 | INFO |     Result               : Pass
2025-07-04 10:12:31,469 | INFO |   ✅ Commented on OSV-4441: 'KPIT_TC_DRT_SUW_003.

2025-07-04 10:12:31,912 | INFO | ⏳ Updating 'OSV-4410: KPIT_TC_DRT_SUW_004'...
2025-07-04 10:12:31,913 | INFO |   🔄 Commenting on OSV-4410: 'KPIT_TC_DRT_SUW_004...
2025-07-04 10:12:31,914 | INFO |     Date                 : 27th June 2025
2025-07-04 10:12:31,914 | INFO |     Analysis Done By     : Chandrakant
2025-07-04 10:12:31,915 | INFO |     Result               : Pass
2025-07-04 10:12:32,531 | INFO |   ✅ Commented on OSV-4410: 'KPIT_TC_DRT_SUW_004.

2025-07-04 10:12:32,930 | INFO | ⏳ Updating 'OSV-4411: KPIT_TC_DRT_SUW_005'...
2025-07-04 10:12:32,931 | INFO |   🔄 Commenting on OSV-4411: 'KPIT_TC_DRT_SUW_005...
2025-07-04 10:12:32,931 | INFO |     Date                 : 27th June 2025
2025-07-04 10:12:32,932 | INFO |     Analysis Done By     : Chandrakant
2025-07-04 10:12:32,932 | INFO |     Result               : Pass
2025-07-04 10:12:33,643 | INFO |   ✅ Commented on OSV-4411: 'KPIT_TC_DRT_SUW_005.

2025-07-04 10:12:34,058 | INFO | ⏳ Updating 'OSV-4412: KPIT_TC_DRT_SUW_006'...
2025-07-04 10:12:34,058 | INFO |   🔄 Commenting on OSV-4412: 'KPIT_TC_DRT_SUW_006...
2025-07-04 10:12:34,059 | INFO |     Date                 : 27th June 2025
2025-07-04 10:12:34,059 | INFO |     Analysis Done By     : Chandrakant
2025-07-04 10:12:34,059 | INFO |     Result               : Pass
2025-07-04 10:12:34,572 | INFO |   ✅ Commented on OSV-4412: 'KPIT_TC_DRT_SUW_006.

2025-07-04 10:12:34,974 | INFO | ⏳ Updating 'OSV-4440: KPIT_TC_FNC_SUW_0005_0001'...
2025-07-04 10:12:34,975 | INFO |   🔄 Commenting on OSV-4440: 'KPIT_TC_FNC_SUW_0005_0001...
2025-07-04 10:12:34,975 | INFO |     Date                 : 27th June 2025
2025-07-04 10:12:34,976 | INFO |     Analysis Done By     : Chandrakant
2025-07-04 10:12:34,976 | INFO |     Result               : Pass
2025-07-04 10:12:35,691 | INFO |   ✅ Commented on OSV-4440: 'KPIT_TC_FNC_SUW_0005_0001.

2025-07-04 10:12:36,101 | INFO | ⏳ Updating 'OSV-4505: KPIT_TC_DRT_SND_039'...
2025-07-04 10:12:36,101 | INFO |   🔄 Commenting on OSV-4505: 'KPIT_TC_DRT_SND_039...
2025-07-04 10:12:36,102 | INFO |     Date                 : 27th June 2025
2025-07-04 10:12:36,102 | INFO |     Analysis Done By     : Chandrakant
2025-07-04 10:12:36,102 | INFO |     Result               : Pass
2025-07-04 10:12:36,835 | INFO |   ✅ Commented on OSV-4505: 'KPIT_TC_DRT_SND_039.

2025-07-04 10:12:37,335 | INFO | ⏳ Updating 'OSV-4506: KPIT_TC_DRT_WLC_013'...
2025-07-04 10:12:37,336 | INFO |   🔄 Commenting on OSV-4506: 'KPIT_TC_DRT_WLC_013...
2025-07-04 10:12:37,336 | INFO |     Date                 : 27th June 2025
2025-07-04 10:12:37,336 | INFO |     Analysis Done By     : Chandrakant
2025-07-04 10:12:37,336 | INFO |     Result               : Pass
2025-07-04 10:12:38,057 | INFO |   ✅ Commented on OSV-4506: 'KPIT_TC_DRT_WLC_013.

