2025-07-24 01:19:02,578 | INFO | ⏳ Updating 'OSV-4432: KPIT_TC_DRT_KBD_013'...
2025-07-24 01:19:02,578 | INFO |   🔄 Commenting on OSV-4432: 'KPIT_TC_DRT_KBD_013...
2025-07-24 01:19:02,578 | INFO |     Date                 : 30th June 2025
2025-07-24 01:19:02,579 | INFO |     Analysis Done By     : Chandrakant
2025-07-24 01:19:02,579 | INFO |     Result               : Pass
2025-07-24 01:19:03,526 | INFO |   ✅ Commented on OSV-4432: 'KPIT_TC_DRT_KBD_013.

2025-07-24 01:19:03,838 | INFO | ⏳ Updating 'OSV-4432: KPIT_TC_DRT_KBD_013'...
2025-07-24 01:19:03,839 | INFO |   🔄 Commenting on OSV-4432: 'KPIT_TC_DRT_KBD_013...
2025-07-24 01:19:03,839 | INFO |     Date                 : 1st July 2025
2025-07-24 01:19:03,851 | INFO |     Analysis Done By     : Neha
2025-07-24 01:19:03,852 | INFO |     Result               : Pass
2025-07-24 01:19:04,667 | INFO |   ✅ Commented on OSV-4432: 'KPIT_TC_DRT_KBD_013.

2025-07-24 01:19:05,016 | INFO | ⏳ Updating 'OSV-4432: KPIT_TC_DRT_KBD_013'...
2025-07-24 01:19:05,017 | INFO |   🔄 Commenting on OSV-4432: 'KPIT_TC_DRT_KBD_013...
2025-07-24 01:19:05,018 | INFO |     Date                 : 2nd July 2025
2025-07-24 01:19:05,018 | INFO |     Analysis Done By     : Chandrakant
2025-07-24 01:19:05,018 | INFO |     Result               : Pass
2025-07-24 01:19:05,870 | INFO |   ✅ Commented on OSV-4432: 'KPIT_TC_DRT_KBD_013.

2025-07-24 01:19:06,193 | INFO | ⏳ Updating 'OSV-4432: KPIT_TC_DRT_KBD_013'...
2025-07-24 01:19:06,193 | INFO |   🔄 Commenting on OSV-4432: 'KPIT_TC_DRT_KBD_013...
2025-07-24 01:19:06,194 | INFO |     Date                 : 3rd July 2025
2025-07-24 01:19:06,195 | INFO |     Analysis Done By     : Chandrakant
2025-07-24 01:19:06,195 | INFO |     Result               : Pass
2025-07-24 01:19:07,102 | INFO |   ✅ Commented on OSV-4432: 'KPIT_TC_DRT_KBD_013.

2025-07-24 01:19:07,422 | INFO | ⏳ Updating 'OSV-4432: KPIT_TC_DRT_KBD_013'...
2025-07-24 01:19:07,422 | INFO |   🔄 Commenting on OSV-4432: 'KPIT_TC_DRT_KBD_013...
2025-07-24 01:19:07,423 | INFO |     Date                 : 4th July 2025
2025-07-24 01:19:07,423 | INFO |     Analysis Done By     : Chandrakant
2025-07-24 01:19:07,424 | INFO |     Result               : Pass
2025-07-24 01:19:08,253 | INFO |   ✅ Commented on OSV-4432: 'KPIT_TC_DRT_KBD_013.

2025-07-24 01:19:08,585 | INFO | ⏳ Updating 'OSV-4432: KPIT_TC_DRT_KBD_013'...
2025-07-24 01:19:08,586 | INFO |   🔄 Commenting on OSV-4432: 'KPIT_TC_DRT_KBD_013...
2025-07-24 01:19:08,586 | INFO |     Date                 : 7th July 2025
2025-07-24 01:19:08,587 | INFO |     Analysis Done By     : Chandrakant
2025-07-24 01:19:08,587 | INFO |     Result               : Pass
2025-07-24 01:19:09,066 | INFO |   ✅ Commented on OSV-4432: 'KPIT_TC_DRT_KBD_013.

2025-07-24 01:19:09,397 | INFO | ⏳ Updating 'OSV-4432: KPIT_TC_DRT_KBD_013'...
2025-07-24 01:19:09,397 | INFO |   🔄 Commenting on OSV-4432: 'KPIT_TC_DRT_KBD_013...
2025-07-24 01:19:09,398 | INFO |     Date                 : 8th July 2025
2025-07-24 01:19:09,398 | INFO |     Analysis Done By     : Neha
2025-07-24 01:19:09,399 | INFO |     Result               : Pass
2025-07-24 01:19:10,267 | INFO |   ✅ Commented on OSV-4432: 'KPIT_TC_DRT_KBD_013.

2025-07-24 01:19:10,604 | INFO | ⏳ Updating 'OSV-4432: KPIT_TC_DRT_KBD_013'...
2025-07-24 01:19:10,605 | INFO |   🔄 Commenting on OSV-4432: 'KPIT_TC_DRT_KBD_013...
2025-07-24 01:19:10,608 | INFO |     Date                 : 9th July 2025
2025-07-24 01:19:10,609 | INFO |     Analysis Done By     : Chandrakant
2025-07-24 01:19:10,613 | INFO |     Result               : Pass
2025-07-24 01:19:11,526 | INFO |   ✅ Commented on OSV-4432: 'KPIT_TC_DRT_KBD_013.

2025-07-24 01:19:11,848 | INFO | ⏳ Updating 'OSV-4432: KPIT_TC_DRT_KBD_013'...
2025-07-24 01:19:11,849 | INFO |   🔄 Commenting on OSV-4432: 'KPIT_TC_DRT_KBD_013...
2025-07-24 01:19:11,849 | INFO |     Date                 : 14th July 2025
2025-07-24 01:19:11,849 | INFO |     Analysis Done By     : Chandrakant
2025-07-24 01:19:11,850 | INFO |     Result               : Pass
2025-07-24 01:19:12,277 | INFO |   ✅ Commented on OSV-4432: 'KPIT_TC_DRT_KBD_013.

2025-07-24 01:19:12,585 | INFO | ⏳ Updating 'OSV-4432: KPIT_TC_DRT_KBD_013'...
2025-07-24 01:19:12,586 | INFO |   🔄 Commenting on OSV-4432: 'KPIT_TC_DRT_KBD_013...
2025-07-24 01:19:12,586 | INFO |     Date                 : 15th July 2025
2025-07-24 01:19:12,586 | INFO |     Analysis Done By     : Neha
2025-07-24 01:19:12,587 | INFO |     Result               : Pass
2025-07-24 01:19:13,113 | INFO |   ✅ Commented on OSV-4432: 'KPIT_TC_DRT_KBD_013.

2025-07-24 01:19:13,425 | INFO | ⏳ Updating 'OSV-4432: KPIT_TC_DRT_KBD_013'...
2025-07-24 01:19:13,426 | INFO |   🔄 Commenting on OSV-4432: 'KPIT_TC_DRT_KBD_013...
2025-07-24 01:19:13,426 | INFO |     Date                 : 16th July 2025
2025-07-24 01:19:13,426 | INFO |     Analysis Done By     : Neha
2025-07-24 01:19:13,427 | INFO |     Result               : Pass
2025-07-24 01:19:14,353 | INFO |   ✅ Commented on OSV-4432: 'KPIT_TC_DRT_KBD_013.

2025-07-24 01:19:14,666 | INFO | ⏳ Updating 'OSV-4432: KPIT_TC_DRT_KBD_013'...
2025-07-24 01:19:14,666 | INFO |   🔄 Commenting on OSV-4432: 'KPIT_TC_DRT_KBD_013...
2025-07-24 01:19:14,667 | INFO |     Date                 : 17th July 2025
2025-07-24 01:19:14,667 | INFO |     Analysis Done By     : Neha
2025-07-24 01:19:14,668 | INFO |     Result               : Pass
2025-07-24 01:19:15,167 | INFO |   ✅ Commented on OSV-4432: 'KPIT_TC_DRT_KBD_013.

2025-07-24 01:19:15,464 | INFO | ⏳ Updating 'OSV-4432: KPIT_TC_DRT_KBD_013'...
2025-07-24 01:19:15,464 | INFO |   🔄 Commenting on OSV-4432: 'KPIT_TC_DRT_KBD_013...
2025-07-24 01:19:15,465 | INFO |     Date                 : 21st July 2025
2025-07-24 01:19:15,465 | INFO |     Analysis Done By     : Chandrakant
2025-07-24 01:19:15,466 | INFO |     Result               : Pass
2025-07-24 01:19:16,372 | INFO |   ✅ Commented on OSV-4432: 'KPIT_TC_DRT_KBD_013.

2025-07-24 01:19:16,707 | INFO | ⏳ Updating 'OSV-4432: KPIT_TC_DRT_KBD_013'...
2025-07-24 01:19:16,708 | INFO |   🔄 Commenting on OSV-4432: 'KPIT_TC_DRT_KBD_013...
2025-07-24 01:19:16,708 | INFO |     Date                 : 22nd July 2025
2025-07-24 01:19:16,708 | INFO |     Analysis Done By     : Chandrakant
2025-07-24 01:19:16,709 | INFO |     Result               : Pass
2025-07-24 01:19:17,650 | INFO |   ✅ Commented on OSV-4432: 'KPIT_TC_DRT_KBD_013.

2025-07-24 01:19:17,977 | INFO | ⏳ Updating 'OSV-4432: KPIT_TC_DRT_KBD_013'...
2025-07-24 01:19:17,978 | INFO |   🔄 Commenting on OSV-4432: 'KPIT_TC_DRT_KBD_013...
2025-07-24 01:19:17,978 | INFO |     Date                 : 23rd July 2025
2025-07-24 01:19:17,979 | INFO |     Analysis Done By     : Chandrakant
2025-07-24 01:19:17,979 | INFO |     Result               : Pass
2025-07-24 01:19:18,508 | INFO |   ✅ Commented on OSV-4432: 'KPIT_TC_DRT_KBD_013.

