2025-06-20 00:03:28,890 | ERROR | [ERROR] Could not process OSV-2612: 'KPIT_TC_DRT_BTA_024 : 'Root Cause Details'.

2025-06-20 00:03:28,892 | ERROR | [ERROR] Could not process OSV-3225: 'KPIT_TC_DRT_BTA_032 : 'Root Cause Details'.

2025-06-20 00:03:28,894 | ERROR | [ERROR] Could not process OSV-3488: 'KPIT_TC_DRT_HFT_017 : 'Root Cause Details'.

2025-06-20 00:03:28,895 | ERROR | [ERROR] Could not process OSV-3493: 'KPIT_TC_DRT_HFT_046 : 'Root Cause Details'.

2025-06-20 00:03:28,897 | ERROR | [ERROR] Could not process OSV-3484: 'KPIT_TC_DRT_HFT_052 : 'Root Cause Details'.

2025-06-20 00:03:28,898 | ERROR | [ERROR] Could not process OSV-3485: 'KPIT_TC_DRT_HFT_054 : 'Root Cause Details'.

2025-06-20 00:03:28,900 | ERROR | [ERROR] Could not process OSV-3487: 'KPIT_TC_DRT_HFT_059 : 'Root Cause Details'.

2025-06-20 00:03:28,902 | ERROR | [ERROR] Could not process OSV-2780: 'KPIT_TC_DRT_HOM_005 : 'Root Cause Details'.

2025-06-20 00:03:28,903 | ERROR | [ERROR] Could not process OSV-2781: 'KPIT_TC_DRT_HOM_006 : 'Root Cause Details'.

2025-06-20 00:03:28,904 | ERROR | [ERROR] Could not process OSV-2778: 'KPIT_TC_DRT_HOM_009 : 'Root Cause Details'.

2025-06-20 00:03:28,905 | ERROR | [ERROR] Could not process OSV-2779: 'KPIT_TC_DRT_HOM_012 : 'Root Cause Details'.

2025-06-20 00:03:28,906 | ERROR | [ERROR] Could not process OSV-2494: 'KPIT_TC_DRT_HOM_013 : 'Root Cause Details'.

2025-06-20 00:03:28,907 | ERROR | [ERROR] Could not process OSV-2774: 'KPIT_TC_DRT_HOM_028 : 'Root Cause Details'.

2025-06-20 00:03:28,908 | ERROR | [ERROR] Could not process OSV-2776: 'KPIT_TC_DRT_HOM_031 : 'Root Cause Details'.

2025-06-20 00:03:28,909 | ERROR | [ERROR] Could not process OSV-2773: 'KPIT_TC_DRT_HOM_035 : 'Root Cause Details'.

2025-06-20 00:03:28,910 | ERROR | [ERROR] Could not process OSV-2771: 'KPIT_TC_DRT_HOM_050 : 'Root Cause Details'.

2025-06-20 00:03:28,911 | ERROR | [ERROR] Could not process OSV-3010: 'KPIT_TC_DRT_IPD_1193 : 'Root Cause Details'.

2025-06-20 00:03:28,913 | ERROR | [ERROR] Could not process OSV-3490: 'KPIT_TC_DRT_KBD_003 : 'Root Cause Details'.

2025-06-20 00:03:28,914 | ERROR | [ERROR] Could not process OSV-2777: 'KPIT_TC_DRT_KBD_013 : 'Root Cause Details'.

2025-06-20 00:03:28,915 | ERROR | [ERROR] Could not process OSV-2491: 'KPIT_TC_DRT_MCS_036 : 'Root Cause Details'.

2025-06-20 00:03:28,917 | ERROR | [ERROR] Could not process OSV-2483: 'KPIT_TC_DRT_MCS_045 : 'Root Cause Details'.

2025-06-20 00:03:28,918 | ERROR | [ERROR] Could not process OSV-2493: 'KPIT_TC_DRT_SPCAA_010 : 'Root Cause Details'.

2025-06-20 00:03:28,919 | ERROR | [ERROR] Could not process OSV-2492: 'KPIT_TC_DRT_SPCAA_024 : 'Root Cause Details'.

2025-06-20 00:03:28,920 | ERROR | [ERROR] Could not process OSV-2478: 'KPIT_TC_DRT_SPCAA_078 : 'Root Cause Details'.

2025-06-20 00:03:28,921 | ERROR | [ERROR] Could not process OSV-2490: 'KPIT_TC_DRT_SSR_004 : 'Root Cause Details'.

2025-06-20 00:03:28,923 | ERROR | [ERROR] Could not process OSV-2482: 'KPIT_TC_DRT_SSR_012 : 'Root Cause Details'.

2025-06-20 00:03:28,924 | ERROR | [ERROR] Could not process OSV-2496: 'KPIT_TC_DRT_SUW_003 : 'Root Cause Details'.

2025-06-20 00:03:28,925 | ERROR | [ERROR] Could not process OSV-2479: 'KPIT_TC_DRT_SUW_004 : 'Root Cause Details'.

2025-06-20 00:03:28,926 | ERROR | [ERROR] Could not process OSV-2488: 'KPIT_TC_DRT_USB_060 : 'Root Cause Details'.

2025-06-20 00:03:28,928 | ERROR | [ERROR] Could not process OSV-2775: 'KPIT_TC_DRT_VEH_002 : 'Root Cause Details'.

2025-06-20 00:03:28,929 | ERROR | [ERROR] Could not process OSV-2782: 'KPIT_TC_DRT_VEH_059 : 'Root Cause Details'.

2025-06-20 00:03:28,930 | ERROR | [ERROR] Could not process OSV-2495: 'KPIT_TC_FNC_SPCAA_0447_0001 : 'Root Cause Details'.

2025-06-20 00:03:28,931 | ERROR | [ERROR] Could not process : 'KPIT_TC_FNC_SSR_0396_0001 : 'Root Cause Details'.

2025-06-20 00:03:28,932 | ERROR | [ERROR] Could not process OSV-3009: 'KPIT_TC_DRT_BTA_018 : 'Root Cause Details'.

2025-06-20 00:03:28,933 | ERROR | [ERROR] Could not process OSV-2489: 'KPIT_TC_DRT_BTA_020 : 'Root Cause Details'.

2025-06-20 00:03:28,935 | ERROR | [ERROR] Could not process OSV-3008: 'KPIT_TC_DRT_BTA_021 : 'Root Cause Details'.

2025-06-20 00:03:28,936 | ERROR | [ERROR] Could not process OSV-2487: 'KPIT_TC_DRT_BTA_025 : 'Root Cause Details'.

2025-06-20 00:03:28,937 | ERROR | [ERROR] Could not process OSV-2610: 'KPIT_TC_DRT_BTA_053 : 'Root Cause Details'.

2025-06-20 00:03:28,938 | ERROR | [ERROR] Could not process OSV-2607: 'KPIT_TC_DRT_HFT_048 : 'Root Cause Details'.

2025-06-20 00:03:28,939 | ERROR | [ERROR] Could not process OSV-2609: 'KPIT_TC_DRT_HMI_001 : 'Root Cause Details'.

2025-06-20 00:03:28,940 | ERROR | [ERROR] Could not process OSV-3275: 'KPIT_TC_DRT_KBD_002 : 'Root Cause Details'.

2025-06-20 00:03:28,941 | ERROR | [ERROR] Could not process OSV-3286: 'KPIT_TC_DRT_KBD_004 : 'Root Cause Details'.

2025-06-20 00:03:28,942 | ERROR | [ERROR] Could not process OSV-3288: 'KPIT_TC_DRT_KBD_005 : 'Root Cause Details'.

2025-06-20 00:03:28,943 | ERROR | [ERROR] Could not process OSV-3287: 'KPIT_TC_DRT_KBD_011 : 'Root Cause Details'.

2025-06-20 00:03:28,944 | ERROR | [ERROR] Could not process OSV-3279: 'KPIT_TC_DRT_KBD_012 : 'Root Cause Details'.

2025-06-20 00:03:28,945 | ERROR | [ERROR] Could not process OSV-2611: 'KPIT_TC_DRT_KBD_017 : 'Root Cause Details'.

2025-06-20 00:03:28,947 | ERROR | [ERROR] Could not process OSV-3280: 'KPIT_TC_DRT_KBD_022 : 'Root Cause Details'.

2025-06-20 00:03:28,948 | ERROR | [ERROR] Could not process OSV-3276: 'KPIT_TC_DRT_KBD_023 : 'Root Cause Details'.

2025-06-20 00:03:28,949 | ERROR | [ERROR] Could not process OSV-3277: 'KPIT_TC_DRT_KBD_024 : 'Root Cause Details'.

2025-06-20 00:03:28,950 | ERROR | [ERROR] Could not process OSV-3281: 'KPIT_TC_DRT_KBD_031 : 'Root Cause Details'.

2025-06-20 00:03:28,951 | ERROR | [ERROR] Could not process OSV-3274: 'KPIT_TC_DRT_KBD_040 : 'Root Cause Details'.

2025-06-20 00:03:28,952 | ERROR | [ERROR] Could not process OSV-3278: 'KPIT_TC_DRT_KBD_041 : 'Root Cause Details'.

2025-06-20 00:03:28,953 | ERROR | [ERROR] Could not process OSV-3282: 'KPIT_TC_DRT_KBD_048 : 'Root Cause Details'.

2025-06-20 00:03:28,954 | ERROR | [ERROR] Could not process OSV-3272: 'KPIT_TC_DRT_KBD_054 : 'Root Cause Details'.

2025-06-20 00:03:28,956 | ERROR | [ERROR] Could not process OSV-3273: 'KPIT_TC_DRT_KBD_055 : 'Root Cause Details'.

2025-06-20 00:03:28,957 | ERROR | [ERROR] Could not process OSV-2485: 'KPIT_TC_DRT_PRM_003 : 'Root Cause Details'.

2025-06-20 00:03:28,958 | ERROR | [ERROR] Could not process OSV-3007: 'KPIT_TC_DRT_SND_039 : 'Root Cause Details'.

2025-06-20 00:03:28,959 | ERROR | [ERROR] Could not process OSV-2613: 'KPIT_TC_DRT_SPCCP_021 : 'Root Cause Details'.

2025-06-20 00:03:28,960 | ERROR | [ERROR] Could not process OSV-2608: 'KPIT_TC_DRT_SPCCP_099 : 'Root Cause Details'.

2025-06-20 00:03:28,961 | ERROR | [ERROR] Could not process OSV-2480: 'KPIT_TC_DRT_SUW_005 : 'Root Cause Details'.

2025-06-20 00:03:28,962 | ERROR | [ERROR] Could not process OSV-2481: 'KPIT_TC_DRT_SUW_006 : 'Root Cause Details'.

2025-06-20 00:03:28,963 | ERROR | [ERROR] Could not process OSV-3011: 'KPIT_TC_DRT_USB_1245 : 'Root Cause Details'.

2025-06-20 00:03:28,964 | ERROR | [ERROR] Could not process OSV-2484: 'KPIT_TC_FNC_AVG_0878_0001 : 'Root Cause Details'.

