2025-06-27 01:44:01,969 | INFO | ⏳ Updating OSV-4407 - KPIT_TC_DRT_HFT_048
2025-06-27 01:44:01,970 | INFO |     ➤ Current Failure Category : Test Env issue
2025-06-27 01:44:01,971 | INFO |     ➤ Previous Failure Category: ['ICB Issue (Always)', 'Icb Issue (always)', 'Test Env Issue']
2025-06-27 01:44:02,324 | ERROR | [ERROR] Could not process OSV-4407 - KPIT_TC_DRT_HFT_048: JiraError HTTP 400 url: https://kpithondajapan.atlassian.net/rest/api/2/issue/2088252
	
	response headers = {'Content-Type': 'application/json;charset=UTF-8', 'Transfer-Encoding': 'chunked', 'Connection': 'keep-alive', 'Date': 'Thu, 26 Jun 2025 20:14:02 GMT', 'Server': 'AtlassianEdge', 'Timing-Allow-Origin': '*', 'X-Arequestid': '0d1400f96b35b23ca3de3a376e2b2c10', 'X-Aaccountid': '712020%3A7ebd6444-898e-4d1e-ba7a-2710a262ffa7', 'Cache-Control': 'no-store, no-cache', 'X-Content-Type-Options': 'nosniff', 'X-Xss-Protection': '1; mode=block', 'Atl-Traceid': '7330e074280641238a7cf5c6f2369c57', 'Atl-Request-Id': '7330e074-2806-4123-8a7c-f5c6f2369c57', 'Strict-Transport-Security': 'max-age=63072000; includeSubDomains; preload', 'Report-To': '{"endpoints": [{"url": "https://dz8aopenkvv6s.cloudfront.net"}], "group": "endpoint-1", "include_subdomains": true, "max_age": 600}', 'Nel': '{"failure_fraction": 0.001, "include_subdomains": true, "max_age": 600, "report_to": "endpoint-1"}', 'Content-Encoding': 'br', 'Vary': 'Accept-Encoding', 'Server-Timing': 'atl-edge;dur=211,atl-edge-internal;dur=15,atl-edge-upstream;dur=196,atl-edge-pop;desc="aws-eu-west-1"', 'X-Cache': 'Error from cloudfront', 'Via': '1.1 99ed9c8a5c7493aadc79c846e0863ad0.cloudfront.net (CloudFront)', 'X-Amz-Cf-Pop': 'BOM78-P11', 'X-Amz-Cf-Id': 'z3quoEEYnsOi2bVtqUDHfJC8kw48fdQPxrPO7XNeckfowru_kZf4Dg=='}
	response text = {"errorMessages":[],"errors":{"customfield_12208":"Option value 'Icb Issue (always)' is not valid"}}

2025-06-27 01:44:02,644 | INFO | ⏳ Updating OSV-4408 - KPIT_TC_DRT_SPCCP_099
2025-06-27 01:44:02,644 | INFO |     ➤ Current Failure Category : Test Env issue
2025-06-27 01:44:02,645 | INFO |     ➤ Previous Failure Category: ['ICB Issue (Always)', 'Icb Issue (always)', 'Test Env Issue']
2025-06-27 01:44:03,346 | ERROR | [ERROR] Could not process OSV-4408 - KPIT_TC_DRT_SPCCP_099: JiraError HTTP 400 url: https://kpithondajapan.atlassian.net/rest/api/2/issue/2088254
	
	response headers = {'Content-Type': 'application/json;charset=UTF-8', 'Transfer-Encoding': 'chunked', 'Connection': 'keep-alive', 'Date': 'Thu, 26 Jun 2025 20:14:03 GMT', 'Server': 'AtlassianEdge', 'Timing-Allow-Origin': '*', 'X-Arequestid': '68b743bb8ebaa6bff496d436804e443a', 'X-Aaccountid': '712020%3A7ebd6444-898e-4d1e-ba7a-2710a262ffa7', 'Cache-Control': 'no-store, no-cache', 'X-Content-Type-Options': 'nosniff', 'X-Xss-Protection': '1; mode=block', 'Atl-Traceid': '64ecf032059b4d728f6b14d28371cbcf', 'Atl-Request-Id': '64ecf032-059b-4d72-8f6b-14d28371cbcf', 'Strict-Transport-Security': 'max-age=63072000; includeSubDomains; preload', 'Report-To': '{"endpoints": [{"url": "https://dz8aopenkvv6s.cloudfront.net"}], "group": "endpoint-1", "include_subdomains": true, "max_age": 600}', 'Nel': '{"failure_fraction": 0.001, "include_subdomains": true, "max_age": 600, "report_to": "endpoint-1"}', 'Content-Encoding': 'br', 'Vary': 'Accept-Encoding', 'Server-Timing': 'atl-edge;dur=176,atl-edge-internal;dur=15,atl-edge-upstream;dur=161,atl-edge-pop;desc="aws-eu-west-1"', 'X-Cache': 'Error from cloudfront', 'Via': '1.1 99ed9c8a5c7493aadc79c846e0863ad0.cloudfront.net (CloudFront)', 'X-Amz-Cf-Pop': 'BOM78-P11', 'X-Amz-Cf-Id': '_xAiye0MjHDjAHCoK08fAMcokYV4zSlTdOGZIEm0CbZARwPAY7eVJg=='}
	response text = {"errorMessages":[],"errors":{"customfield_12208":"Option value 'Icb Issue (always)' is not valid"}}

2025-06-27 01:44:03,703 | INFO | ⏳ Updating OSV-4409 - KPIT_TC_DRT_HMI_001
2025-06-27 01:44:03,704 | INFO |     ➤ Current Failure Category : Test Env issue
2025-06-27 01:44:03,704 | INFO |     ➤ Previous Failure Category: ['ICB Issue (Always)', 'Icb Issue (always)', 'Test Env Issue']
2025-06-27 01:44:04,000 | ERROR | [ERROR] Could not process OSV-4409 - KPIT_TC_DRT_HMI_001: JiraError HTTP 400 url: https://kpithondajapan.atlassian.net/rest/api/2/issue/2088255
	
	response headers = {'Content-Type': 'application/json;charset=UTF-8', 'Transfer-Encoding': 'chunked', 'Connection': 'keep-alive', 'Date': 'Thu, 26 Jun 2025 20:14:03 GMT', 'Server': 'AtlassianEdge', 'Timing-Allow-Origin': '*', 'X-Arequestid': 'e0767dfa1ce562d34d1e09b74b346c90', 'X-Aaccountid': '712020%3A7ebd6444-898e-4d1e-ba7a-2710a262ffa7', 'Cache-Control': 'no-store, no-cache', 'X-Content-Type-Options': 'nosniff', 'X-Xss-Protection': '1; mode=block', 'Atl-Traceid': 'b15ec7dcd12b4f9cbc5377d82dc12a54', 'Atl-Request-Id': 'b15ec7dc-d12b-4f9c-bc53-77d82dc12a54', 'Strict-Transport-Security': 'max-age=63072000; includeSubDomains; preload', 'Report-To': '{"endpoints": [{"url": "https://dz8aopenkvv6s.cloudfront.net"}], "group": "endpoint-1", "include_subdomains": true, "max_age": 600}', 'Nel': '{"failure_fraction": 0.001, "include_subdomains": true, "max_age": 600, "report_to": "endpoint-1"}', 'Content-Encoding': 'br', 'Vary': 'Accept-Encoding', 'Server-Timing': 'atl-edge;dur=150,atl-edge-internal;dur=15,atl-edge-upstream;dur=136,atl-edge-pop;desc="aws-eu-west-1"', 'X-Cache': 'Error from cloudfront', 'Via': '1.1 99ed9c8a5c7493aadc79c846e0863ad0.cloudfront.net (CloudFront)', 'X-Amz-Cf-Pop': 'BOM78-P11', 'X-Amz-Cf-Id': 'Oqzvkv2RqhIYqo42z6_vnzBzI7GY9YDjrhk-iUHdxKADHHjL1RTYBw=='}
	response text = {"errorMessages":[],"errors":{"customfield_12208":"Option value 'Icb Issue (always)' is not valid"}}

2025-06-27 01:44:04,367 | INFO | ⏳ Updating OSV-4416 - KPIT_TC_DRT_BTA_053
2025-06-27 01:44:04,367 | INFO |     ➤ Current Failure Category : Test Env issue
2025-06-27 01:44:04,367 | INFO |     ➤ Previous Failure Category: ['ICB Issue (Always)', 'Icb Issue (always)', 'Test Env Issue']
2025-06-27 01:44:04,698 | ERROR | [ERROR] Could not process OSV-4416 - KPIT_TC_DRT_BTA_053: JiraError HTTP 400 url: https://kpithondajapan.atlassian.net/rest/api/2/issue/2088262
	
	response headers = {'Content-Type': 'application/json;charset=UTF-8', 'Transfer-Encoding': 'chunked', 'Connection': 'keep-alive', 'Date': 'Thu, 26 Jun 2025 20:14:04 GMT', 'Server': 'AtlassianEdge', 'Timing-Allow-Origin': '*', 'X-Arequestid': '0972c3d78be79dbb0a5ad195a0bcd9a1', 'X-Aaccountid': '712020%3A7ebd6444-898e-4d1e-ba7a-2710a262ffa7', 'Cache-Control': 'no-store, no-cache', 'X-Content-Type-Options': 'nosniff', 'X-Xss-Protection': '1; mode=block', 'Atl-Traceid': '7ef6e4113e274b75aba30279f887fa68', 'Atl-Request-Id': '7ef6e411-3e27-4b75-aba3-0279f887fa68', 'Strict-Transport-Security': 'max-age=63072000; includeSubDomains; preload', 'Report-To': '{"endpoints": [{"url": "https://dz8aopenkvv6s.cloudfront.net"}], "group": "endpoint-1", "include_subdomains": true, "max_age": 600}', 'Nel': '{"failure_fraction": 0.001, "include_subdomains": true, "max_age": 600, "report_to": "endpoint-1"}', 'Content-Encoding': 'br', 'Vary': 'Accept-Encoding', 'Server-Timing': 'atl-edge;dur=188,atl-edge-internal;dur=14,atl-edge-upstream;dur=174,atl-edge-pop;desc="aws-eu-west-1"', 'X-Cache': 'Error from cloudfront', 'Via': '1.1 99ed9c8a5c7493aadc79c846e0863ad0.cloudfront.net (CloudFront)', 'X-Amz-Cf-Pop': 'BOM78-P11', 'X-Amz-Cf-Id': 'SxHwxFkRqdeJPl3JtTYeN3YX6vIVurPQtAkYShFTIpNOOlFIjeEIdQ=='}
	response text = {"errorMessages":[],"errors":{"customfield_12208":"Option value 'Icb Issue (always)' is not valid"}}

2025-06-27 01:44:05,055 | INFO | ⏳ Updating OSV-4420 - KPIT_TC_FNC_AVG_0878_0001
2025-06-27 01:44:05,056 | INFO |     ➤ Current Failure Category : Test Env issue
2025-06-27 01:44:05,056 | INFO |     ➤ Previous Failure Category: ['ICB Issue (Always)', 'Icb Issue (always)', 'Test Env Issue']
2025-06-27 01:44:05,361 | ERROR | [ERROR] Could not process OSV-4420 - KPIT_TC_FNC_AVG_0878_0001: JiraError HTTP 400 url: https://kpithondajapan.atlassian.net/rest/api/2/issue/2088267
	
	response headers = {'Content-Type': 'application/json;charset=UTF-8', 'Transfer-Encoding': 'chunked', 'Connection': 'keep-alive', 'Date': 'Thu, 26 Jun 2025 20:14:05 GMT', 'Server': 'AtlassianEdge', 'Timing-Allow-Origin': '*', 'X-Arequestid': 'ca919e4619b93ce7ffc0e429a9763bb4', 'X-Aaccountid': '712020%3A7ebd6444-898e-4d1e-ba7a-2710a262ffa7', 'Cache-Control': 'no-store, no-cache', 'X-Content-Type-Options': 'nosniff', 'X-Xss-Protection': '1; mode=block', 'Atl-Traceid': '2ce0bee5afb442718f1586ee321c3fbe', 'Atl-Request-Id': '2ce0bee5-afb4-4271-8f15-86ee321c3fbe', 'Strict-Transport-Security': 'max-age=63072000; includeSubDomains; preload', 'Report-To': '{"endpoints": [{"url": "https://dz8aopenkvv6s.cloudfront.net"}], "group": "endpoint-1", "include_subdomains": true, "max_age": 600}', 'Nel': '{"failure_fraction": 0.001, "include_subdomains": true, "max_age": 600, "report_to": "endpoint-1"}', 'Content-Encoding': 'br', 'Vary': 'Accept-Encoding', 'Server-Timing': 'atl-edge;dur=146,atl-edge-internal;dur=16,atl-edge-upstream;dur=131,atl-edge-pop;desc="aws-eu-west-1"', 'X-Cache': 'Error from cloudfront', 'Via': '1.1 99ed9c8a5c7493aadc79c846e0863ad0.cloudfront.net (CloudFront)', 'X-Amz-Cf-Pop': 'BOM78-P11', 'X-Amz-Cf-Id': 'M31Mr49XcCYJIRa64z44twFSq8C6IEVFNsFjxa1Kg8QqKSV_ZmH7dA=='}
	response text = {"errorMessages":[],"errors":{"customfield_12208":"Option value 'Icb Issue (always)' is not valid"}}

2025-06-27 01:44:05,739 | INFO | ⏳ Updating OSV-4421 - KPIT_TC_DRT_PRM_003
2025-06-27 01:44:05,739 | INFO |     ➤ Current Failure Category : ICB issue (Once)
2025-06-27 01:44:05,740 | INFO |     ➤ Previous Failure Category: ['ICB Issue (Once)', 'Test Env Issue']
2025-06-27 01:44:06,816 | INFO | ✅ Updated OSV-4421 - KPIT_TC_DRT_PRM_003

2025-06-27 01:44:07,170 | INFO | ⏳ Updating OSV-4423 - KPIT_TC_DRT_BTA_025
2025-06-27 01:44:07,170 | INFO |     ➤ Current Failure Category : Test Env issue
2025-06-27 01:44:07,170 | INFO |     ➤ Previous Failure Category: ['ICB Issue (Always)', 'Icb Issue (always)', 'Test Env Issue']
2025-06-27 01:44:07,481 | ERROR | [ERROR] Could not process OSV-4423 - KPIT_TC_DRT_BTA_025: JiraError HTTP 400 url: https://kpithondajapan.atlassian.net/rest/api/2/issue/2088270
	
	response headers = {'Content-Type': 'application/json;charset=UTF-8', 'Transfer-Encoding': 'chunked', 'Connection': 'keep-alive', 'Date': 'Thu, 26 Jun 2025 20:14:07 GMT', 'Server': 'AtlassianEdge', 'Timing-Allow-Origin': '*', 'X-Arequestid': 'a5a535e47e77e46940b31073ab7fe784', 'X-Aaccountid': '712020%3A7ebd6444-898e-4d1e-ba7a-2710a262ffa7', 'Cache-Control': 'no-store, no-cache', 'X-Content-Type-Options': 'nosniff', 'X-Xss-Protection': '1; mode=block', 'Atl-Traceid': '6a0870dad07e40ebb7757088c3241219', 'Atl-Request-Id': '6a0870da-d07e-40eb-b775-7088c3241219', 'Strict-Transport-Security': 'max-age=63072000; includeSubDomains; preload', 'Report-To': '{"endpoints": [{"url": "https://dz8aopenkvv6s.cloudfront.net"}], "group": "endpoint-1", "include_subdomains": true, "max_age": 600}', 'Nel': '{"failure_fraction": 0.001, "include_subdomains": true, "max_age": 600, "report_to": "endpoint-1"}', 'Content-Encoding': 'br', 'Vary': 'Accept-Encoding', 'Server-Timing': 'atl-edge;dur=164,atl-edge-internal;dur=15,atl-edge-upstream;dur=150,atl-edge-pop;desc="aws-eu-west-1"', 'X-Cache': 'Error from cloudfront', 'Via': '1.1 99ed9c8a5c7493aadc79c846e0863ad0.cloudfront.net (CloudFront)', 'X-Amz-Cf-Pop': 'BOM78-P11', 'X-Amz-Cf-Id': '3nATFx7owo72H49m0oT7aFVA5nqObjog_hmMUxKxy0kvZrajWV71Ww=='}
	response text = {"errorMessages":[],"errors":{"customfield_12208":"Option value 'Icb Issue (always)' is not valid"}}

2025-06-27 01:44:07,791 | INFO | ⏳ Updating OSV-4426 - KPIT_TC_DRT_BTA_020
2025-06-27 01:44:07,792 | INFO |     ➤ Current Failure Category : Test Env issue
2025-06-27 01:44:07,792 | INFO |     ➤ Previous Failure Category: ['ICB Issue (Always)', 'Icb Issue (always)', 'Test Env Issue']
2025-06-27 01:44:08,092 | ERROR | [ERROR] Could not process OSV-4426 - KPIT_TC_DRT_BTA_020: JiraError HTTP 400 url: https://kpithondajapan.atlassian.net/rest/api/2/issue/2088273
	
	response headers = {'Content-Type': 'application/json;charset=UTF-8', 'Transfer-Encoding': 'chunked', 'Connection': 'keep-alive', 'Date': 'Thu, 26 Jun 2025 20:14:07 GMT', 'Server': 'AtlassianEdge', 'Timing-Allow-Origin': '*', 'X-Arequestid': 'b920b5af5e4a98398ec87741d136dfd2', 'X-Aaccountid': '712020%3A7ebd6444-898e-4d1e-ba7a-2710a262ffa7', 'Cache-Control': 'no-store, no-cache', 'X-Content-Type-Options': 'nosniff', 'X-Xss-Protection': '1; mode=block', 'Atl-Traceid': 'e28e00e7c66d4f8890cc46299d05f384', 'Atl-Request-Id': 'e28e00e7-c66d-4f88-90cc-46299d05f384', 'Strict-Transport-Security': 'max-age=63072000; includeSubDomains; preload', 'Report-To': '{"endpoints": [{"url": "https://dz8aopenkvv6s.cloudfront.net"}], "group": "endpoint-1", "include_subdomains": true, "max_age": 600}', 'Nel': '{"failure_fraction": 0.001, "include_subdomains": true, "max_age": 600, "report_to": "endpoint-1"}', 'Content-Encoding': 'br', 'Vary': 'Accept-Encoding', 'Server-Timing': 'atl-edge;dur=157,atl-edge-internal;dur=15,atl-edge-upstream;dur=142,atl-edge-pop;desc="aws-eu-west-1"', 'X-Cache': 'Error from cloudfront', 'Via': '1.1 99ed9c8a5c7493aadc79c846e0863ad0.cloudfront.net (CloudFront)', 'X-Amz-Cf-Pop': 'BOM78-P11', 'X-Amz-Cf-Id': 'lWegdSeJv-8kOrG-6IeqQ1i9e5KoiOWZa2EMFelJO25LvhMDrT2gsA=='}
	response text = {"errorMessages":[],"errors":{"customfield_12208":"Option value 'Icb Issue (always)' is not valid"}}

2025-06-27 01:44:08,414 | INFO | ⏳ Updating OSV-4428 - KPIT_TC_DRT_BTA_018
2025-06-27 01:44:08,414 | INFO |     ➤ Current Failure Category : Test Env issue
2025-06-27 01:44:08,414 | INFO |     ➤ Previous Failure Category: ['ICB Issue (Always)', 'Icb Issue (always)', 'Test Env Issue']
2025-06-27 01:44:08,688 | ERROR | [ERROR] Could not process OSV-4428 - KPIT_TC_DRT_BTA_018: JiraError HTTP 400 url: https://kpithondajapan.atlassian.net/rest/api/2/issue/2088275
	
	response headers = {'Content-Type': 'application/json;charset=UTF-8', 'Transfer-Encoding': 'chunked', 'Connection': 'keep-alive', 'Date': 'Thu, 26 Jun 2025 20:14:08 GMT', 'Server': 'AtlassianEdge', 'Timing-Allow-Origin': '*', 'X-Arequestid': '5fd15ee1518432b7db3d093f9411c686', 'X-Aaccountid': '712020%3A7ebd6444-898e-4d1e-ba7a-2710a262ffa7', 'Cache-Control': 'no-store, no-cache', 'X-Content-Type-Options': 'nosniff', 'X-Xss-Protection': '1; mode=block', 'Atl-Traceid': '75551c2d073442efb7d6eefc241565a4', 'Atl-Request-Id': '75551c2d-0734-42ef-b7d6-eefc241565a4', 'Strict-Transport-Security': 'max-age=63072000; includeSubDomains; preload', 'Report-To': '{"endpoints": [{"url": "https://dz8aopenkvv6s.cloudfront.net"}], "group": "endpoint-1", "include_subdomains": true, "max_age": 600}', 'Nel': '{"failure_fraction": 0.001, "include_subdomains": true, "max_age": 600, "report_to": "endpoint-1"}', 'Content-Encoding': 'br', 'Vary': 'Accept-Encoding', 'Server-Timing': 'atl-edge;dur=131,atl-edge-internal;dur=14,atl-edge-upstream;dur=116,atl-edge-pop;desc="aws-eu-west-1"', 'X-Cache': 'Error from cloudfront', 'Via': '1.1 99ed9c8a5c7493aadc79c846e0863ad0.cloudfront.net (CloudFront)', 'X-Amz-Cf-Pop': 'BOM78-P11', 'X-Amz-Cf-Id': 'Nlo8QEU_-yCuahDuN3uVHLup5FdBpX-5-LnDlEvkmdseP2NWKmZZcw=='}
	response text = {"errorMessages":[],"errors":{"customfield_12208":"Option value 'Icb Issue (always)' is not valid"}}

2025-06-27 01:44:09,039 | INFO | ⏳ Updating OSV-4430 - KPIT_TC_DRT_SPCCP_021
2025-06-27 01:44:09,039 | INFO |     ➤ Current Failure Category : Test Env issue
2025-06-27 01:44:09,040 | INFO |     ➤ Previous Failure Category: ['ICB Issue (Always)', 'Icb Issue (always)', 'Test Env Issue']
2025-06-27 01:44:09,341 | ERROR | [ERROR] Could not process OSV-4430 - KPIT_TC_DRT_SPCCP_021: JiraError HTTP 400 url: https://kpithondajapan.atlassian.net/rest/api/2/issue/2088277
	
	response headers = {'Content-Type': 'application/json;charset=UTF-8', 'Transfer-Encoding': 'chunked', 'Connection': 'keep-alive', 'Date': 'Thu, 26 Jun 2025 20:14:09 GMT', 'Server': 'AtlassianEdge', 'Timing-Allow-Origin': '*', 'X-Arequestid': '06ab0cc8e69a4aa9f6c55a4cd2f7b2db', 'X-Aaccountid': '712020%3A7ebd6444-898e-4d1e-ba7a-2710a262ffa7', 'Cache-Control': 'no-store, no-cache', 'X-Content-Type-Options': 'nosniff', 'X-Xss-Protection': '1; mode=block', 'Atl-Traceid': 'f197583d60f54968a7617fc1be6bc762', 'Atl-Request-Id': 'f197583d-60f5-4968-a761-7fc1be6bc762', 'Strict-Transport-Security': 'max-age=63072000; includeSubDomains; preload', 'Report-To': '{"endpoints": [{"url": "https://dz8aopenkvv6s.cloudfront.net"}], "group": "endpoint-1", "include_subdomains": true, "max_age": 600}', 'Nel': '{"failure_fraction": 0.001, "include_subdomains": true, "max_age": 600, "report_to": "endpoint-1"}', 'Content-Encoding': 'br', 'Vary': 'Accept-Encoding', 'Server-Timing': 'atl-edge;dur=158,atl-edge-internal;dur=14,atl-edge-upstream;dur=145,atl-edge-pop;desc="aws-eu-west-1"', 'X-Cache': 'Error from cloudfront', 'Via': '1.1 99ed9c8a5c7493aadc79c846e0863ad0.cloudfront.net (CloudFront)', 'X-Amz-Cf-Pop': 'BOM78-P11', 'X-Amz-Cf-Id': '-jP9g0kENduM6roEHqyipyAvVMY33rRRaB0DfNmKXx3W79G997JkaA=='}
	response text = {"errorMessages":[],"errors":{"customfield_12208":"Option value 'Icb Issue (always)' is not valid"}}

