2025-06-27 00:12:27,518 | INFO | ⏳ Updating 'OSV-4384: KPIT_TC_DRT_PRM_011'...
2025-06-27 00:12:27,520 | INFO |   🔄 Commenting on OSV-4384: 'KPIT_TC_DRT_PRM_011...
2025-06-27 00:12:27,521 | INFO |     Date                 : 16th June 2025
2025-06-27 00:12:27,522 | INFO |     Analysis Done By     : Chandrakant
2025-06-27 00:12:27,522 | INFO |     Result               : Pass
2025-06-27 00:12:28,057 | INFO |   ✅ Commented on OSV-4384: 'KPIT_TC_DRT_PRM_011.

2025-06-27 00:12:28,417 | INFO | ⏳ Updating 'OSV-4385: KPIT_TC_DRT_PRM_014'...
2025-06-27 00:12:28,418 | INFO |   🔄 Commenting on OSV-4385: 'KPIT_TC_DRT_PRM_014...
2025-06-27 00:12:28,418 | INFO |     Date                 : 16th June 2025
2025-06-27 00:12:28,421 | INFO |     Analysis Done By     : Chandrakant
2025-06-27 00:12:28,421 | INFO |     Result               : Pass
2025-06-27 00:12:28,970 | INFO |   ✅ Commented on OSV-4385: 'KPIT_TC_DRT_PRM_014.

2025-06-27 00:12:29,288 | INFO | ⏳ Updating 'OSV-4397: KPIT_TC_DRT_HOM_005'...
2025-06-27 00:12:29,289 | INFO |   🔄 Commenting on OSV-4397: 'KPIT_TC_DRT_HOM_005...
2025-06-27 00:12:29,290 | INFO |     Date                 : 16th June 2025
2025-06-27 00:12:29,290 | INFO |     Analysis Done By     : Chandrakant
2025-06-27 00:12:29,291 | INFO |     Result               : Pass
2025-06-27 00:12:30,218 | INFO |   ✅ Commented on OSV-4397: 'KPIT_TC_DRT_HOM_005.

2025-06-27 00:12:30,553 | INFO | ⏳ Updating 'OSV-4398: KPIT_TC_DRT_HOM_006'...
2025-06-27 00:12:30,553 | INFO |   🔄 Commenting on OSV-4398: 'KPIT_TC_DRT_HOM_006...
2025-06-27 00:12:30,554 | INFO |     Date                 : 16th June 2025
2025-06-27 00:12:30,554 | INFO |     Analysis Done By     : Chandrakant
2025-06-27 00:12:30,555 | INFO |     Result               : Pass
2025-06-27 00:12:31,412 | INFO |   ✅ Commented on OSV-4398: 'KPIT_TC_DRT_HOM_006.

2025-06-27 00:12:31,747 | INFO | ⏳ Updating 'OSV-4395: KPIT_TC_DRT_HOM_009'...
2025-06-27 00:12:31,747 | INFO |   🔄 Commenting on OSV-4395: 'KPIT_TC_DRT_HOM_009...
2025-06-27 00:12:31,747 | INFO |     Date                 : 16th June 2025
2025-06-27 00:12:31,748 | INFO |     Analysis Done By     : Chandrakant
2025-06-27 00:12:31,748 | INFO |     Result               : Pass
2025-06-27 00:12:32,293 | INFO |   ✅ Commented on OSV-4395: 'KPIT_TC_DRT_HOM_009.

2025-06-27 00:12:33,015 | INFO | ⏳ Updating 'OSV-4396: KPIT_TC_DRT_HOM_012'...
2025-06-27 00:12:33,015 | INFO |   🔄 Commenting on OSV-4396: 'KPIT_TC_DRT_HOM_012...
2025-06-27 00:12:33,016 | INFO |     Date                 : 16th June 2025
2025-06-27 00:12:33,016 | INFO |     Analysis Done By     : Chandrakant
2025-06-27 00:12:33,016 | INFO |     Result               : Pass
2025-06-27 00:12:33,915 | INFO |   ✅ Commented on OSV-4396: 'KPIT_TC_DRT_HOM_012.

2025-06-27 00:12:34,267 | INFO | ⏳ Updating 'OSV-4399: KPIT_TC_DRT_HOM_013'...
2025-06-27 00:12:34,267 | INFO |   🔄 Commenting on OSV-4399: 'KPIT_TC_DRT_HOM_013...
2025-06-27 00:12:34,267 | INFO |     Date                 : 16th June 2025
2025-06-27 00:12:34,268 | INFO |     Analysis Done By     : Chandrakant
2025-06-27 00:12:34,268 | INFO |     Result               : Pass
2025-06-27 00:12:35,136 | INFO |   ✅ Commented on OSV-4399: 'KPIT_TC_DRT_HOM_013.

2025-06-27 00:12:35,495 | INFO | ⏳ Updating 'OSV-4394: KPIT_TC_DRT_HOM_031'...
2025-06-27 00:12:35,496 | INFO |   🔄 Commenting on OSV-4394: 'KPIT_TC_DRT_HOM_031...
2025-06-27 00:12:35,496 | INFO |     Date                 : 16th June 2025
2025-06-27 00:12:35,497 | INFO |     Analysis Done By     : Chandrakant
2025-06-27 00:12:35,497 | INFO |     Result               : Pass
2025-06-27 00:12:36,064 | INFO |   ✅ Commented on OSV-4394: 'KPIT_TC_DRT_HOM_031.

2025-06-27 00:12:36,388 | INFO | ⏳ Updating 'OSV-4389: KPIT_TC_DRT_HOM_035'...
2025-06-27 00:12:36,388 | INFO |   🔄 Commenting on OSV-4389: 'KPIT_TC_DRT_HOM_035...
2025-06-27 00:12:36,389 | INFO |     Date                 : 16th June 2025
2025-06-27 00:12:36,389 | INFO |     Analysis Done By     : Chandrakant
2025-06-27 00:12:36,389 | INFO |     Result               : Pass
2025-06-27 00:12:36,824 | INFO |   ✅ Commented on OSV-4389: 'KPIT_TC_DRT_HOM_035.

2025-06-27 00:12:37,197 | INFO | ⏳ Updating 'OSV-4387: KPIT_TC_DRT_HOM_049'...
2025-06-27 00:12:37,197 | INFO |   🔄 Commenting on OSV-4387: 'KPIT_TC_DRT_HOM_049...
2025-06-27 00:12:37,197 | INFO |     Date                 : 16th June 2025
2025-06-27 00:12:37,198 | INFO |     Analysis Done By     : Chandrakant
2025-06-27 00:12:37,198 | INFO |     Result               : Pass
2025-06-27 00:12:37,604 | INFO |   ✅ Commented on OSV-4387: 'KPIT_TC_DRT_HOM_049.

2025-06-27 00:12:37,970 | INFO | ⏳ Updating 'OSV-4388: KPIT_TC_DRT_HOM_050'...
2025-06-27 00:12:37,970 | INFO |   🔄 Commenting on OSV-4388: 'KPIT_TC_DRT_HOM_050...
2025-06-27 00:12:37,970 | INFO |     Date                 : 16th June 2025
2025-06-27 00:12:37,971 | INFO |     Analysis Done By     : Chandrakant
2025-06-27 00:12:37,971 | INFO |     Result               : Pass
2025-06-27 00:12:38,840 | INFO |   ✅ Commented on OSV-4388: 'KPIT_TC_DRT_HOM_050.

2025-06-27 00:12:39,199 | INFO | ⏳ Updating 'OSV-4400: KPIT_TC_DRT_USB_102'...
2025-06-27 00:12:39,200 | INFO |   🔄 Commenting on OSV-4400: 'KPIT_TC_DRT_USB_102...
2025-06-27 00:12:39,201 | INFO |     Date                 : 16th June 2025
2025-06-27 00:12:39,201 | INFO |     Analysis Done By     : Chandrakant
2025-06-27 00:12:39,202 | INFO |     Result               : Pass
2025-06-27 00:12:39,651 | INFO |   ✅ Commented on OSV-4400: 'KPIT_TC_DRT_USB_102.

2025-06-27 00:12:39,983 | INFO | ⏳ Updating 'OSV-4401: KPIT_TC_DRT_USB_103'...
2025-06-27 00:12:39,984 | INFO |   🔄 Commenting on OSV-4401: 'KPIT_TC_DRT_USB_103...
2025-06-27 00:12:39,984 | INFO |     Date                 : 16th June 2025
2025-06-27 00:12:39,985 | INFO |     Analysis Done By     : Chandrakant
2025-06-27 00:12:39,985 | INFO |     Result               : Pass
2025-06-27 00:12:40,481 | INFO |   ✅ Commented on OSV-4401: 'KPIT_TC_DRT_USB_103.

2025-06-27 00:12:40,836 | INFO | ⏳ Updating 'OSV-4393: KPIT_TC_DRT_BTA_018'...
2025-06-27 00:12:40,836 | INFO |   🔄 Commenting on OSV-4393: 'KPIT_TC_DRT_BTA_018...
2025-06-27 00:12:40,836 | INFO |     Date                 : 16th June 2025
2025-06-27 00:12:40,837 | INFO |     Analysis Done By     : Chandrakant
2025-06-27 00:12:40,837 | INFO |     Result               : Pass
2025-06-27 00:12:41,374 | INFO |   ✅ Commented on OSV-4393: 'KPIT_TC_DRT_BTA_018.

2025-06-27 00:12:41,711 | INFO | ⏳ Updating 'OSV-4386: KPIT_TC_DRT_BTA_053'...
2025-06-27 00:12:41,711 | INFO |   🔄 Commenting on OSV-4386: 'KPIT_TC_DRT_BTA_053...
2025-06-27 00:12:41,711 | INFO |     Date                 : 16th June 2025
2025-06-27 00:12:41,712 | INFO |     Analysis Done By     : Chandrakant
2025-06-27 00:12:41,712 | INFO |     Result               : Pass
2025-06-27 00:12:42,142 | INFO |   ✅ Commented on OSV-4386: 'KPIT_TC_DRT_BTA_053.

2025-06-27 00:12:42,499 | INFO | ⏳ Updating 'OSV-4390: KPIT_TC_FNC_AVG_0878_0001'...
2025-06-27 00:12:42,500 | INFO |   🔄 Commenting on OSV-4390: 'KPIT_TC_FNC_AVG_0878_0001...
2025-06-27 00:12:42,500 | INFO |     Date                 : 16th June 2025
2025-06-27 00:12:42,500 | INFO |     Analysis Done By     : Chandrakant
2025-06-27 00:12:42,501 | INFO |     Result               : Pass
2025-06-27 00:12:43,459 | INFO |   ✅ Commented on OSV-4390: 'KPIT_TC_FNC_AVG_0878_0001.

2025-06-27 00:12:43,811 | INFO | ⏳ Updating 'OSV-4392: KPIT_TC_DRT_BTA_020'...
2025-06-27 00:12:43,811 | INFO |   🔄 Commenting on OSV-4392: 'KPIT_TC_DRT_BTA_020...
2025-06-27 00:12:43,812 | INFO |     Date                 : 16th June 2025
2025-06-27 00:12:43,812 | INFO |     Analysis Done By     : Chandrakant
2025-06-27 00:12:43,813 | INFO |     Result               : Pass
2025-06-27 00:12:44,357 | INFO |   ✅ Commented on OSV-4392: 'KPIT_TC_DRT_BTA_020.

2025-06-27 00:12:44,684 | INFO | ⏳ Updating 'OSV-4391: KPIT_TC_DRT_BTA_025'...
2025-06-27 00:12:44,684 | INFO |   🔄 Commenting on OSV-4391: 'KPIT_TC_DRT_BTA_025...
2025-06-27 00:12:44,684 | INFO |     Date                 : 16th June 2025
2025-06-27 00:12:44,685 | INFO |     Analysis Done By     : Chandrakant
2025-06-27 00:12:44,685 | INFO |     Result               : Pass
2025-06-27 00:12:45,599 | INFO |   ✅ Commented on OSV-4391: 'KPIT_TC_DRT_BTA_025.

2025-06-27 00:12:45,940 | INFO | ⏳ Updating 'OSV-4381: KPIT_TC_DRT_SPCCP_099'...
2025-06-27 00:12:45,941 | INFO |   🔄 Commenting on OSV-4381: 'KPIT_TC_DRT_SPCCP_099...
2025-06-27 00:12:45,942 | INFO |     Date                 : 16th June 2025
2025-06-27 00:12:45,943 | INFO |     Analysis Done By     : Chandrakant
2025-06-27 00:12:45,944 | INFO |     Result               : Pass
2025-06-27 00:12:46,404 | INFO |   ✅ Commented on OSV-4381: 'KPIT_TC_DRT_SPCCP_099.

2025-06-27 00:12:46,775 | INFO | ⏳ Updating 'OSV-4380: KPIT_TC_DRT_HFT_048'...
2025-06-27 00:12:46,776 | INFO |   🔄 Commenting on OSV-4380: 'KPIT_TC_DRT_HFT_048...
2025-06-27 00:12:46,776 | INFO |     Date                 : 16th June 2025
2025-06-27 00:12:46,776 | INFO |     Analysis Done By     : Chandrakant
2025-06-27 00:12:46,776 | INFO |     Result               : Pass
2025-06-27 00:12:47,583 | INFO |   ✅ Commented on OSV-4380: 'KPIT_TC_DRT_HFT_048.

2025-06-27 00:12:47,921 | INFO | ⏳ Updating 'OSV-4403: KPIT_TC_DRT_SUW_003'...
2025-06-27 00:12:47,922 | INFO |   🔄 Commenting on OSV-4403: 'KPIT_TC_DRT_SUW_003...
2025-06-27 00:12:47,922 | INFO |     Date                 : 16th June 2025
2025-06-27 00:12:47,922 | INFO |     Analysis Done By     : Chandrakant
2025-06-27 00:12:47,923 | INFO |     Result               : Pass
2025-06-27 00:12:48,869 | INFO |   ✅ Commented on OSV-4403: 'KPIT_TC_DRT_SUW_003.

2025-06-27 00:12:49,230 | INFO | ⏳ Updating 'OSV-4383: KPIT_TC_DRT_SUW_006'...
2025-06-27 00:12:49,230 | INFO |   🔄 Commenting on OSV-4383: 'KPIT_TC_DRT_SUW_006...
2025-06-27 00:12:49,230 | INFO |     Date                 : 16th June 2025
2025-06-27 00:12:49,231 | INFO |     Analysis Done By     : Chandrakant
2025-06-27 00:12:49,231 | INFO |     Result               : Pass
2025-06-27 00:12:49,765 | INFO |   ✅ Commented on OSV-4383: 'KPIT_TC_DRT_SUW_006.

2025-06-27 00:12:50,095 | INFO | ⏳ Updating 'OSV-4402: KPIT_TC_FNC_SUW_0005_0001'...
2025-06-27 00:12:50,096 | INFO |   🔄 Commenting on OSV-4402: 'KPIT_TC_FNC_SUW_0005_0001...
2025-06-27 00:12:50,096 | INFO |     Date                 : 16th June 2025
2025-06-27 00:12:50,096 | INFO |     Analysis Done By     : Chandrakant
2025-06-27 00:12:50,096 | INFO |     Result               : Pass
2025-06-27 00:12:50,564 | INFO |   ✅ Commented on OSV-4402: 'KPIT_TC_FNC_SUW_0005_0001.

2025-06-27 00:12:50,899 | INFO | ⏳ Updating 'OSV-4382: KPIT_TC_DRT_SUW_004'...
2025-06-27 00:12:50,899 | INFO |   🔄 Commenting on OSV-4382: 'KPIT_TC_DRT_SUW_004...
2025-06-27 00:12:50,899 | INFO |     Date                 : 16th June 2025
2025-06-27 00:12:50,899 | INFO |     Analysis Done By     : Chandrakant
2025-06-27 00:12:50,900 | INFO |     Result               : Pass
2025-06-27 00:12:51,414 | INFO |   ✅ Commented on OSV-4382: 'KPIT_TC_DRT_SUW_004.

