2025-07-24 01:12:24,750 | INFO | ⏳ Updating 'OSV-4798: KPIT_TC_DRT_SPCAA_010'...
2025-07-24 01:12:24,751 | INFO |   🔄 Commenting on OSV-4798: 'KPIT_TC_DRT_SPCAA_010...
2025-07-24 01:12:24,752 | INFO |     Date                 : 14th July 2025
2025-07-24 01:12:24,752 | INFO |     Analysis Done By     : Chandrakant
2025-07-24 01:12:24,753 | INFO |     Result               : Pass
2025-07-24 01:12:25,356 | INFO |   ✅ Commented on OSV-4798: 'KPIT_TC_DRT_SPCAA_010.

2025-07-24 01:12:25,740 | INFO | ⏳ Updating 'OSV-4798: KPIT_TC_DRT_SPCAA_010'...
2025-07-24 01:12:25,741 | INFO |   🔄 Commenting on OSV-4798: 'KPIT_TC_DRT_SPCAA_010...
2025-07-24 01:12:25,741 | INFO |     Date                 : 15th July 2025
2025-07-24 01:12:25,742 | INFO |     Analysis Done By     : Neha
2025-07-24 01:12:25,744 | INFO |     Result               : Pass
2025-07-24 01:12:26,694 | INFO |   ✅ Commented on OSV-4798: 'KPIT_TC_DRT_SPCAA_010.

2025-07-24 01:12:27,084 | INFO | ⏳ Updating 'OSV-4798: KPIT_TC_DRT_SPCAA_010'...
2025-07-24 01:12:27,085 | INFO |   🔄 Commenting on OSV-4798: 'KPIT_TC_DRT_SPCAA_010...
2025-07-24 01:12:27,086 | INFO |     Date                 : 16th July 2025
2025-07-24 01:12:27,086 | INFO |     Analysis Done By     : Neha
2025-07-24 01:12:27,086 | INFO |     Result               : Pass
2025-07-24 01:12:27,923 | INFO |   ✅ Commented on OSV-4798: 'KPIT_TC_DRT_SPCAA_010.

2025-07-24 01:12:28,258 | INFO | ⏳ Updating 'OSV-4798: KPIT_TC_DRT_SPCAA_010'...
2025-07-24 01:12:28,259 | INFO |   🔄 Commenting on OSV-4798: 'KPIT_TC_DRT_SPCAA_010...
2025-07-24 01:12:28,259 | INFO |     Date                 : 17th July 2025
2025-07-24 01:12:28,260 | INFO |     Analysis Done By     : Neha
2025-07-24 01:12:28,260 | INFO |     Result               : Pass
2025-07-24 01:12:29,158 | INFO |   ✅ Commented on OSV-4798: 'KPIT_TC_DRT_SPCAA_010.

2025-07-24 01:12:29,489 | INFO | ⏳ Updating 'OSV-4798: KPIT_TC_DRT_SPCAA_010'...
2025-07-24 01:12:29,490 | INFO |   🔄 Commenting on OSV-4798: 'KPIT_TC_DRT_SPCAA_010...
2025-07-24 01:12:29,491 | INFO |     Date                 : 21st July 2025
2025-07-24 01:12:29,491 | INFO |     Analysis Done By     : Chandrakant
2025-07-24 01:12:29,493 | INFO |     Result               : Pass
2025-07-24 01:12:30,039 | INFO |   ✅ Commented on OSV-4798: 'KPIT_TC_DRT_SPCAA_010.

2025-07-24 01:12:30,369 | INFO | ⏳ Updating 'OSV-4798: KPIT_TC_DRT_SPCAA_010'...
2025-07-24 01:12:30,370 | INFO |   🔄 Commenting on OSV-4798: 'KPIT_TC_DRT_SPCAA_010...
2025-07-24 01:12:30,370 | INFO |     Date                 : 22nd July 2025
2025-07-24 01:12:30,370 | INFO |     Analysis Done By     : Chandrakant
2025-07-24 01:12:30,371 | INFO |     Result               : Pass
2025-07-24 01:12:30,869 | INFO |   ✅ Commented on OSV-4798: 'KPIT_TC_DRT_SPCAA_010.

2025-07-24 01:12:31,191 | INFO | ⏳ Updating 'OSV-4798: KPIT_TC_DRT_SPCAA_010'...
2025-07-24 01:12:31,191 | INFO |   🔄 Commenting on OSV-4798: 'KPIT_TC_DRT_SPCAA_010...
2025-07-24 01:12:31,192 | INFO |     Date                 : 23rd July 2025
2025-07-24 01:12:31,192 | INFO |     Analysis Done By     : Chandrakant
2025-07-24 01:12:31,193 | INFO |     Result               : Pass
2025-07-24 01:12:32,160 | INFO |   ✅ Commented on OSV-4798: 'KPIT_TC_DRT_SPCAA_010.

