2025-06-19 23:37:37,499 | INFO | ⏳ Updating 'OSV-2612: KPIT_TC_DRT_BTA_024'...
2025-06-19 23:37:37,500 | INFO |   🔄 Commenting on OSV-2612: 'KPIT_TC_DRT_BTA_024...
2025-06-19 23:37:37,500 | INFO |     Date                 : 31st May 2025
2025-06-19 23:37:37,500 | INFO |     Analysis Done By     : Pratham
2025-06-19 23:37:37,501 | INFO |     Result               : Pass
2025-06-19 23:37:38,048 | INFO |   ✅ Commented on OSV-2612: 'KPIT_TC_DRT_BTA_024.

2025-06-19 23:37:38,455 | INFO | ⏳ Updating 'OSV-3488: KPIT_TC_DRT_HFT_017'...
2025-06-19 23:37:38,456 | INFO |   🔄 Commenting on OSV-3488: 'KPIT_TC_DRT_HFT_017...
2025-06-19 23:37:38,457 | INFO |     Date                 : 31st May 2025
2025-06-19 23:37:38,467 | INFO |     Analysis Done By     : Pratham
2025-06-19 23:37:38,468 | INFO |     Result               : Pass
2025-06-19 23:37:39,447 | INFO |   ✅ Commented on OSV-3488: 'KPIT_TC_DRT_HFT_017.

2025-06-19 23:37:39,856 | INFO | ⏳ Updating 'OSV-3493: KPIT_TC_DRT_HFT_046'...
2025-06-19 23:37:39,857 | INFO |   🔄 Commenting on OSV-3493: 'KPIT_TC_DRT_HFT_046...
2025-06-19 23:37:39,858 | INFO |     Date                 : 31st May 2025
2025-06-19 23:37:39,859 | INFO |     Analysis Done By     : Pratham
2025-06-19 23:37:39,860 | INFO |     Result               : Pass
2025-06-19 23:37:40,826 | INFO |   ✅ Commented on OSV-3493: 'KPIT_TC_DRT_HFT_046.

2025-06-19 23:37:41,217 | INFO | ⏳ Updating 'OSV-3484: KPIT_TC_DRT_HFT_052'...
2025-06-19 23:37:41,217 | INFO |   🔄 Commenting on OSV-3484: 'KPIT_TC_DRT_HFT_052...
2025-06-19 23:37:41,218 | INFO |     Date                 : 31st May 2025
2025-06-19 23:37:41,219 | INFO |     Analysis Done By     : Pratham
2025-06-19 23:37:41,219 | INFO |     Result               : Pass
2025-06-19 23:37:41,694 | INFO |   ✅ Commented on OSV-3484: 'KPIT_TC_DRT_HFT_052.

2025-06-19 23:37:42,048 | INFO | ⏳ Updating 'OSV-3485: KPIT_TC_DRT_HFT_054'...
2025-06-19 23:37:42,049 | INFO |   🔄 Commenting on OSV-3485: 'KPIT_TC_DRT_HFT_054...
2025-06-19 23:37:42,049 | INFO |     Date                 : 31st May 2025
2025-06-19 23:37:42,050 | INFO |     Analysis Done By     : Pratham
2025-06-19 23:37:42,050 | INFO |     Result               : Pass
2025-06-19 23:37:42,471 | INFO |   ✅ Commented on OSV-3485: 'KPIT_TC_DRT_HFT_054.

2025-06-19 23:37:42,838 | INFO | ⏳ Updating 'OSV-3487: KPIT_TC_DRT_HFT_059'...
2025-06-19 23:37:42,838 | INFO |   🔄 Commenting on OSV-3487: 'KPIT_TC_DRT_HFT_059...
2025-06-19 23:37:42,838 | INFO |     Date                 : 31st May 2025
2025-06-19 23:37:42,839 | INFO |     Analysis Done By     : Pratham
2025-06-19 23:37:42,839 | INFO |     Result               : Pass
2025-06-19 23:37:43,290 | INFO |   ✅ Commented on OSV-3487: 'KPIT_TC_DRT_HFT_059.

2025-06-19 23:37:43,644 | INFO | ⏳ Updating 'OSV-2780: KPIT_TC_DRT_HOM_005'...
2025-06-19 23:37:43,645 | INFO |   🔄 Commenting on OSV-2780: 'KPIT_TC_DRT_HOM_005...
2025-06-19 23:37:43,646 | INFO |     Date                 : 31st May 2025
2025-06-19 23:37:43,646 | INFO |     Analysis Done By     : Pratham
2025-06-19 23:37:43,647 | INFO |     Result               : Pass
2025-06-19 23:37:44,618 | INFO |   ✅ Commented on OSV-2780: 'KPIT_TC_DRT_HOM_005.

2025-06-19 23:37:44,971 | INFO | ⏳ Updating 'OSV-2781: KPIT_TC_DRT_HOM_006'...
2025-06-19 23:37:44,972 | INFO |   🔄 Commenting on OSV-2781: 'KPIT_TC_DRT_HOM_006...
2025-06-19 23:37:44,972 | INFO |     Date                 : 31st May 2025
2025-06-19 23:37:44,972 | INFO |     Analysis Done By     : Pratham
2025-06-19 23:37:44,973 | INFO |     Result               : Pass
2025-06-19 23:37:45,450 | INFO |   ✅ Commented on OSV-2781: 'KPIT_TC_DRT_HOM_006.

2025-06-19 23:37:45,834 | INFO | ⏳ Updating 'OSV-2778: KPIT_TC_DRT_HOM_009'...
2025-06-19 23:37:45,835 | INFO |   🔄 Commenting on OSV-2778: 'KPIT_TC_DRT_HOM_009...
2025-06-19 23:37:45,835 | INFO |     Date                 : 31st May 2025
2025-06-19 23:37:45,836 | INFO |     Analysis Done By     : Pratham
2025-06-19 23:37:45,836 | INFO |     Result               : Pass
2025-06-19 23:37:46,864 | INFO |   ✅ Commented on OSV-2778: 'KPIT_TC_DRT_HOM_009.

2025-06-19 23:37:47,320 | INFO | ⏳ Updating 'OSV-2779: KPIT_TC_DRT_HOM_012'...
2025-06-19 23:37:47,321 | INFO |   🔄 Commenting on OSV-2779: 'KPIT_TC_DRT_HOM_012...
2025-06-19 23:37:47,322 | INFO |     Date                 : 31st May 2025
2025-06-19 23:37:47,322 | INFO |     Analysis Done By     : Pratham
2025-06-19 23:37:47,323 | INFO |     Result               : Pass
2025-06-19 23:37:47,905 | INFO |   ✅ Commented on OSV-2779: 'KPIT_TC_DRT_HOM_012.

2025-06-19 23:37:48,311 | INFO | ⏳ Updating 'OSV-2494: KPIT_TC_DRT_HOM_013'...
2025-06-19 23:37:48,312 | INFO |   🔄 Commenting on OSV-2494: 'KPIT_TC_DRT_HOM_013...
2025-06-19 23:37:48,312 | INFO |     Date                 : 31st May 2025
2025-06-19 23:37:48,312 | INFO |     Analysis Done By     : Pratham
2025-06-19 23:37:48,313 | INFO |     Result               : Pass
2025-06-19 23:37:48,758 | INFO |   ✅ Commented on OSV-2494: 'KPIT_TC_DRT_HOM_013.

2025-06-19 23:37:49,149 | INFO | ⏳ Updating 'OSV-2774: KPIT_TC_DRT_HOM_028'...
2025-06-19 23:37:49,150 | INFO |   🔄 Commenting on OSV-2774: 'KPIT_TC_DRT_HOM_028...
2025-06-19 23:37:49,150 | INFO |     Date                 : 31st May 2025
2025-06-19 23:37:49,150 | INFO |     Analysis Done By     : Pratham
2025-06-19 23:37:49,151 | INFO |     Result               : Pass
2025-06-19 23:37:49,667 | INFO |   ✅ Commented on OSV-2774: 'KPIT_TC_DRT_HOM_028.

2025-06-19 23:37:50,175 | INFO | ⏳ Updating 'OSV-2776: KPIT_TC_DRT_HOM_031'...
2025-06-19 23:37:50,175 | INFO |   🔄 Commenting on OSV-2776: 'KPIT_TC_DRT_HOM_031...
2025-06-19 23:37:50,176 | INFO |     Date                 : 31st May 2025
2025-06-19 23:37:50,178 | INFO |     Analysis Done By     : Pratham
2025-06-19 23:37:50,178 | INFO |     Result               : Pass
2025-06-19 23:37:51,396 | INFO |   ✅ Commented on OSV-2776: 'KPIT_TC_DRT_HOM_031.

2025-06-19 23:37:51,891 | INFO | ⏳ Updating 'OSV-2773: KPIT_TC_DRT_HOM_035'...
2025-06-19 23:37:51,892 | INFO |   🔄 Commenting on OSV-2773: 'KPIT_TC_DRT_HOM_035...
2025-06-19 23:37:51,892 | INFO |     Date                 : 31st May 2025
2025-06-19 23:37:51,893 | INFO |     Analysis Done By     : Pratham
2025-06-19 23:37:51,894 | INFO |     Result               : Pass
2025-06-19 23:37:52,971 | INFO |   ✅ Commented on OSV-2773: 'KPIT_TC_DRT_HOM_035.

2025-06-19 23:37:53,358 | INFO | ⏳ Updating 'OSV-2771: KPIT_TC_DRT_HOM_050'...
2025-06-19 23:37:53,359 | INFO |   🔄 Commenting on OSV-2771: 'KPIT_TC_DRT_HOM_050...
2025-06-19 23:37:53,360 | INFO |     Date                 : 31st May 2025
2025-06-19 23:37:53,360 | INFO |     Analysis Done By     : Pratham
2025-06-19 23:37:53,361 | INFO |     Result               : Pass
2025-06-19 23:37:53,930 | INFO |   ✅ Commented on OSV-2771: 'KPIT_TC_DRT_HOM_050.

2025-06-19 23:37:54,426 | INFO | ⏳ Updating 'OSV-3010: KPIT_TC_DRT_IPD_1193'...
2025-06-19 23:37:54,427 | INFO |   🔄 Commenting on OSV-3010: 'KPIT_TC_DRT_IPD_1193...
2025-06-19 23:37:54,427 | INFO |     Date                 : 31st May 2025
2025-06-19 23:37:54,428 | INFO |     Analysis Done By     : Pratham
2025-06-19 23:37:54,428 | INFO |     Result               : Pass
2025-06-19 23:37:55,315 | INFO |   ✅ Commented on OSV-3010: 'KPIT_TC_DRT_IPD_1193.

2025-06-19 23:37:55,718 | INFO | ⏳ Updating 'OSV-3490: KPIT_TC_DRT_KBD_003'...
2025-06-19 23:37:55,718 | INFO |   🔄 Commenting on OSV-3490: 'KPIT_TC_DRT_KBD_003...
2025-06-19 23:37:55,719 | INFO |     Date                 : 31st May 2025
2025-06-19 23:37:55,719 | INFO |     Analysis Done By     : Pratham
2025-06-19 23:37:55,720 | INFO |     Result               : Pass
2025-06-19 23:37:56,347 | INFO |   ✅ Commented on OSV-3490: 'KPIT_TC_DRT_KBD_003.

2025-06-19 23:37:56,766 | INFO | ⏳ Updating 'OSV-2777: KPIT_TC_DRT_KBD_013'...
2025-06-19 23:37:56,767 | INFO |   🔄 Commenting on OSV-2777: 'KPIT_TC_DRT_KBD_013...
2025-06-19 23:37:56,767 | INFO |     Date                 : 31st May 2025
2025-06-19 23:37:56,769 | INFO |     Analysis Done By     : Pratham
2025-06-19 23:37:56,769 | INFO |     Result               : Pass
2025-06-19 23:37:57,233 | INFO |   ✅ Commented on OSV-2777: 'KPIT_TC_DRT_KBD_013.

2025-06-19 23:37:57,593 | INFO | ⏳ Updating 'OSV-2611: KPIT_TC_DRT_KBD_017'...
2025-06-19 23:37:57,594 | INFO |   🔄 Commenting on OSV-2611: 'KPIT_TC_DRT_KBD_017...
2025-06-19 23:37:57,594 | INFO |     Date                 : 31st May 2025
2025-06-19 23:37:57,595 | INFO |     Analysis Done By     : Pratham
2025-06-19 23:37:57,596 | INFO |     Result               : Pass
2025-06-19 23:37:58,061 | INFO |   ✅ Commented on OSV-2611: 'KPIT_TC_DRT_KBD_017.

2025-06-19 23:37:58,394 | INFO | ⏳ Updating 'OSV-2491: KPIT_TC_DRT_MCS_036'...
2025-06-19 23:37:58,395 | INFO |   🔄 Commenting on OSV-2491: 'KPIT_TC_DRT_MCS_036...
2025-06-19 23:37:58,395 | INFO |     Date                 : 31st May 2025
2025-06-19 23:37:58,395 | INFO |     Analysis Done By     : Pratham
2025-06-19 23:37:58,395 | INFO |     Result               : Pass
2025-06-19 23:37:59,400 | INFO |   ✅ Commented on OSV-2491: 'KPIT_TC_DRT_MCS_036.

2025-06-19 23:37:59,740 | INFO | ⏳ Updating 'OSV-2483: KPIT_TC_DRT_MCS_045'...
2025-06-19 23:37:59,741 | INFO |   🔄 Commenting on OSV-2483: 'KPIT_TC_DRT_MCS_045...
2025-06-19 23:37:59,741 | INFO |     Date                 : 31st May 2025
2025-06-19 23:37:59,742 | INFO |     Analysis Done By     : Pratham
2025-06-19 23:37:59,742 | INFO |     Result               : Pass
2025-06-19 23:38:00,256 | INFO |   ✅ Commented on OSV-2483: 'KPIT_TC_DRT_MCS_045.

2025-06-19 23:38:00,608 | INFO | ⏳ Updating 'OSV-3007: KPIT_TC_DRT_SND_039'...
2025-06-19 23:38:00,609 | INFO |   🔄 Commenting on OSV-3007: 'KPIT_TC_DRT_SND_039...
2025-06-19 23:38:00,610 | INFO |     Date                 : 31st May 2025
2025-06-19 23:38:00,611 | INFO |     Analysis Done By     : Pratham
2025-06-19 23:38:00,611 | INFO |     Result               : Pass
2025-06-19 23:38:01,136 | INFO |   ✅ Commented on OSV-3007: 'KPIT_TC_DRT_SND_039.

2025-06-19 23:38:01,519 | INFO | ⏳ Updating 'OSV-2493: KPIT_TC_DRT_SPCAA_010'...
2025-06-19 23:38:01,520 | INFO |   🔄 Commenting on OSV-2493: 'KPIT_TC_DRT_SPCAA_010...
2025-06-19 23:38:01,520 | INFO |     Date                 : 31st May 2025
2025-06-19 23:38:01,521 | INFO |     Analysis Done By     : Pratham
2025-06-19 23:38:01,522 | INFO |     Result               : Pass
2025-06-19 23:38:02,063 | INFO |   ✅ Commented on OSV-2493: 'KPIT_TC_DRT_SPCAA_010.

2025-06-19 23:38:02,425 | INFO | ⏳ Updating 'OSV-2492: KPIT_TC_DRT_SPCAA_024'...
2025-06-19 23:38:02,425 | INFO |   🔄 Commenting on OSV-2492: 'KPIT_TC_DRT_SPCAA_024...
2025-06-19 23:38:02,426 | INFO |     Date                 : 31st May 2025
2025-06-19 23:38:02,427 | INFO |     Analysis Done By     : Pratham
2025-06-19 23:38:02,427 | INFO |     Result               : Pass
2025-06-19 23:38:02,885 | INFO |   ✅ Commented on OSV-2492: 'KPIT_TC_DRT_SPCAA_024.

2025-06-19 23:38:03,237 | INFO | ⏳ Updating 'OSV-2478: KPIT_TC_DRT_SPCAA_078'...
2025-06-19 23:38:03,238 | INFO |   🔄 Commenting on OSV-2478: 'KPIT_TC_DRT_SPCAA_078...
2025-06-19 23:38:03,239 | INFO |     Date                 : 31st May 2025
2025-06-19 23:38:03,239 | INFO |     Analysis Done By     : Pratham
2025-06-19 23:38:03,240 | INFO |     Result               : Pass
2025-06-19 23:38:03,777 | INFO |   ✅ Commented on OSV-2478: 'KPIT_TC_DRT_SPCAA_078.

2025-06-19 23:38:04,221 | INFO | ⏳ Updating 'OSV-2496: KPIT_TC_DRT_SUW_003'...
2025-06-19 23:38:04,222 | INFO |   🔄 Commenting on OSV-2496: 'KPIT_TC_DRT_SUW_003...
2025-06-19 23:38:04,222 | INFO |     Date                 : 31st May 2025
2025-06-19 23:38:04,223 | INFO |     Analysis Done By     : Pratham
2025-06-19 23:38:04,223 | INFO |     Result               : Pass
2025-06-19 23:38:05,136 | INFO |   ✅ Commented on OSV-2496: 'KPIT_TC_DRT_SUW_003.

2025-06-19 23:38:05,528 | INFO | ⏳ Updating 'OSV-2479: KPIT_TC_DRT_SUW_004'...
2025-06-19 23:38:05,529 | INFO |   🔄 Commenting on OSV-2479: 'KPIT_TC_DRT_SUW_004...
2025-06-19 23:38:05,530 | INFO |     Date                 : 31st May 2025
2025-06-19 23:38:05,530 | INFO |     Analysis Done By     : Pratham
2025-06-19 23:38:05,531 | INFO |     Result               : Pass
2025-06-19 23:38:06,024 | INFO |   ✅ Commented on OSV-2479: 'KPIT_TC_DRT_SUW_004.

2025-06-19 23:38:06,724 | INFO | ⏳ Updating 'OSV-2480: KPIT_TC_DRT_SUW_005'...
2025-06-19 23:38:06,724 | INFO |   🔄 Commenting on OSV-2480: 'KPIT_TC_DRT_SUW_005...
2025-06-19 23:38:06,725 | INFO |     Date                 : 31st May 2025
2025-06-19 23:38:06,725 | INFO |     Analysis Done By     : Pratham
2025-06-19 23:38:06,726 | INFO |     Result               : Pass
2025-06-19 23:38:07,197 | INFO |   ✅ Commented on OSV-2480: 'KPIT_TC_DRT_SUW_005.

2025-06-19 23:38:07,548 | INFO | ⏳ Updating 'OSV-2481: KPIT_TC_DRT_SUW_006'...
2025-06-19 23:38:07,549 | INFO |   🔄 Commenting on OSV-2481: 'KPIT_TC_DRT_SUW_006...
2025-06-19 23:38:07,550 | INFO |     Date                 : 31st May 2025
2025-06-19 23:38:07,550 | INFO |     Analysis Done By     : Pratham
2025-06-19 23:38:07,551 | INFO |     Result               : Pass
2025-06-19 23:38:08,063 | INFO |   ✅ Commented on OSV-2481: 'KPIT_TC_DRT_SUW_006.

2025-06-19 23:38:08,432 | INFO | ⏳ Updating 'OSV-2488: KPIT_TC_DRT_USB_060'...
2025-06-19 23:38:08,433 | INFO |   🔄 Commenting on OSV-2488: 'KPIT_TC_DRT_USB_060...
2025-06-19 23:38:08,433 | INFO |     Date                 : 31st May 2025
2025-06-19 23:38:08,435 | INFO |     Analysis Done By     : Pratham
2025-06-19 23:38:08,435 | INFO |     Result               : Pass
2025-06-19 23:38:08,988 | INFO |   ✅ Commented on OSV-2488: 'KPIT_TC_DRT_USB_060.

2025-06-19 23:38:09,394 | INFO | ⏳ Updating 'OSV-3011: KPIT_TC_DRT_USB_1245'...
2025-06-19 23:38:09,394 | INFO |   🔄 Commenting on OSV-3011: 'KPIT_TC_DRT_USB_1245...
2025-06-19 23:38:09,395 | INFO |     Date                 : 31st May 2025
2025-06-19 23:38:09,395 | INFO |     Analysis Done By     : Pratham
2025-06-19 23:38:09,395 | INFO |     Result               : Pass
2025-06-19 23:38:09,892 | INFO |   ✅ Commented on OSV-3011: 'KPIT_TC_DRT_USB_1245.

2025-06-19 23:38:10,302 | INFO | ⏳ Updating 'OSV-2775: KPIT_TC_DRT_VEH_002'...
2025-06-19 23:38:10,303 | INFO |   🔄 Commenting on OSV-2775: 'KPIT_TC_DRT_VEH_002...
2025-06-19 23:38:10,303 | INFO |     Date                 : 31st May 2025
2025-06-19 23:38:10,304 | INFO |     Analysis Done By     : Pratham
2025-06-19 23:38:10,305 | INFO |     Result               : Pass
2025-06-19 23:38:10,891 | INFO |   ✅ Commented on OSV-2775: 'KPIT_TC_DRT_VEH_002.

2025-06-19 23:38:11,302 | INFO | ⏳ Updating 'OSV-2782: KPIT_TC_DRT_VEH_059'...
2025-06-19 23:38:11,303 | INFO |   🔄 Commenting on OSV-2782: 'KPIT_TC_DRT_VEH_059...
2025-06-19 23:38:11,304 | INFO |     Date                 : 31st May 2025
2025-06-19 23:38:11,304 | INFO |     Analysis Done By     : Pratham
2025-06-19 23:38:11,305 | INFO |     Result               : Pass
2025-06-19 23:38:11,936 | INFO |   ✅ Commented on OSV-2782: 'KPIT_TC_DRT_VEH_059.

2025-06-19 23:38:12,316 | INFO | ⏳ Updating 'OSV-2495: KPIT_TC_FNC_SPCAA_0447_0001'...
2025-06-19 23:38:12,317 | INFO |   🔄 Commenting on OSV-2495: 'KPIT_TC_FNC_SPCAA_0447_0001...
2025-06-19 23:38:12,318 | INFO |     Date                 : 31st May 2025
2025-06-19 23:38:12,318 | INFO |     Analysis Done By     : Pratham
2025-06-19 23:38:12,319 | INFO |     Result               : Pass
2025-06-19 23:38:13,307 | INFO |   ✅ Commented on OSV-2495: 'KPIT_TC_FNC_SPCAA_0447_0001.

2025-06-19 23:38:13,308 | INFO | ⚠️ No OVN Failure ticket is raised for script: 'KPIT_TC_FNC_SSR_0396_0001' on 31st May 2025.

2025-06-19 23:38:13,656 | INFO | ⏳ Updating 'OSV-3009: KPIT_TC_DRT_BTA_018'...
2025-06-19 23:38:13,657 | INFO |   🔄 Updating fields for OSV-3009: 'KPIT_TC_DRT_BTA_018...
2025-06-19 23:38:13,658 | INFO |     Failure Category : Test Env issue
2025-06-19 23:38:13,658 | INFO |     Failure Sub Category : Automation Setup Malfunction
2025-06-19 23:38:13,660 | INFO |     Root Cause Details : Wireless CarPlay not connected.
2025-06-19 23:38:13,661 | INFO |     Fixation Performed : NA
2025-06-19 23:38:14,362 | INFO |   ✅ Updated fields for OSV-3009: 'KPIT_TC_DRT_BTA_018.
2025-06-19 23:38:14,363 | INFO |   🔄 Commenting on OSV-3009: 'KPIT_TC_DRT_BTA_018...
2025-06-19 23:38:14,364 | INFO |     Date                 : 31st May 2025
2025-06-19 23:38:14,364 | INFO |     Analysis Done By     : Pratham
2025-06-19 23:38:14,365 | INFO |     Result               : Fail
2025-06-19 23:38:14,366 | INFO |     Failure Category     : Test Env issue
2025-06-19 23:38:14,366 | INFO |     Failure Sub Category : Automation Setup Malfunction
2025-06-19 23:38:14,367 | INFO |     Root Cause Details   : Wireless CarPlay not connected.
2025-06-19 23:38:14,368 | INFO |     Fixation Performed   : NA
2025-06-19 23:38:14,940 | INFO |   ✅ Commented on OSV-3009: 'KPIT_TC_DRT_BTA_018.

2025-06-19 23:38:15,316 | INFO | ⏳ Updating 'OSV-2489: KPIT_TC_DRT_BTA_020'...
2025-06-19 23:38:15,317 | INFO |   🔄 Updating fields for OSV-2489: 'KPIT_TC_DRT_BTA_020...
2025-06-19 23:38:15,317 | INFO |     Failure Category : Test Env issue
2025-06-19 23:38:15,318 | INFO |     Failure Sub Category : Automation Setup Malfunction
2025-06-19 23:38:15,319 | INFO |     Root Cause Details : Wireless CarPlay not connected.
2025-06-19 23:38:15,319 | INFO |     Fixation Performed : NA
2025-06-19 23:38:16,081 | INFO |   ✅ Updated fields for OSV-2489: 'KPIT_TC_DRT_BTA_020.
2025-06-19 23:38:16,082 | INFO |   🔄 Commenting on OSV-2489: 'KPIT_TC_DRT_BTA_020...
2025-06-19 23:38:16,082 | INFO |     Date                 : 31st May 2025
2025-06-19 23:38:16,083 | INFO |     Analysis Done By     : Pratham
2025-06-19 23:38:16,084 | INFO |     Result               : Fail
2025-06-19 23:38:16,084 | INFO |     Failure Category     : Test Env issue
2025-06-19 23:38:16,085 | INFO |     Failure Sub Category : Automation Setup Malfunction
2025-06-19 23:38:16,085 | INFO |     Root Cause Details   : Wireless CarPlay not connected.
2025-06-19 23:38:16,085 | INFO |     Fixation Performed   : NA
2025-06-19 23:38:16,651 | INFO |   ✅ Commented on OSV-2489: 'KPIT_TC_DRT_BTA_020.

2025-06-19 23:38:17,011 | INFO | ⏳ Updating 'OSV-3008: KPIT_TC_DRT_BTA_021'...
2025-06-19 23:38:17,011 | INFO |   🔄 Updating fields for OSV-3008: 'KPIT_TC_DRT_BTA_021...
2025-06-19 23:38:17,012 | INFO |     Failure Category : Test Env issue
2025-06-19 23:38:17,012 | INFO |     Failure Sub Category : Automation Setup Malfunction
2025-06-19 23:38:17,012 | INFO |     Root Cause Details : Unable to validate play state.
2025-06-19 23:38:17,012 | INFO |     Fixation Performed : NA
2025-06-19 23:38:17,702 | INFO |   ✅ Updated fields for OSV-3008: 'KPIT_TC_DRT_BTA_021.
2025-06-19 23:38:17,703 | INFO |   🔄 Commenting on OSV-3008: 'KPIT_TC_DRT_BTA_021...
2025-06-19 23:38:17,703 | INFO |     Date                 : 31st May 2025
2025-06-19 23:38:17,704 | INFO |     Analysis Done By     : Pratham
2025-06-19 23:38:17,704 | INFO |     Result               : Fail
2025-06-19 23:38:17,704 | INFO |     Failure Category     : Test Env issue
2025-06-19 23:38:17,705 | INFO |     Failure Sub Category : Automation Setup Malfunction
2025-06-19 23:38:17,705 | INFO |     Root Cause Details   : Unable to validate play state.
2025-06-19 23:38:17,705 | INFO |     Fixation Performed   : NA
2025-06-19 23:38:18,193 | INFO |   ✅ Commented on OSV-3008: 'KPIT_TC_DRT_BTA_021.

2025-06-19 23:38:18,587 | INFO | ⏳ Updating 'OSV-2487: KPIT_TC_DRT_BTA_025'...
2025-06-19 23:38:18,588 | INFO |   🔄 Updating fields for OSV-2487: 'KPIT_TC_DRT_BTA_025...
2025-06-19 23:38:18,588 | INFO |     Failure Category : Test Env issue
2025-06-19 23:38:18,588 | INFO |     Failure Sub Category : Automation Setup Malfunction
2025-06-19 23:38:18,588 | INFO |     Root Cause Details : Wireless CarPlay not connected.
2025-06-19 23:38:18,588 | INFO |     Fixation Performed : NA
2025-06-19 23:38:19,246 | INFO |   ✅ Updated fields for OSV-2487: 'KPIT_TC_DRT_BTA_025.
2025-06-19 23:38:19,247 | INFO |   🔄 Commenting on OSV-2487: 'KPIT_TC_DRT_BTA_025...
2025-06-19 23:38:19,247 | INFO |     Date                 : 31st May 2025
2025-06-19 23:38:19,247 | INFO |     Analysis Done By     : Pratham
2025-06-19 23:38:19,247 | INFO |     Result               : Fail
2025-06-19 23:38:19,248 | INFO |     Failure Category     : Test Env issue
2025-06-19 23:38:19,248 | INFO |     Failure Sub Category : Automation Setup Malfunction
2025-06-19 23:38:19,248 | INFO |     Root Cause Details   : Wireless CarPlay not connected.
2025-06-19 23:38:19,248 | INFO |     Fixation Performed   : NA
2025-06-19 23:38:20,175 | INFO |   ✅ Commented on OSV-2487: 'KPIT_TC_DRT_BTA_025.

2025-06-19 23:38:20,539 | INFO | ⏳ Updating 'OSV-3225: KPIT_TC_DRT_BTA_032'...
2025-06-19 23:38:20,540 | INFO |   🔄 Updating fields for OSV-3225: 'KPIT_TC_DRT_BTA_032...
2025-06-19 23:38:20,540 | INFO |     Failure Category : Test Env issue
2025-06-19 23:38:20,541 | INFO |     Failure Sub Category : Automation Setup Malfunction
2025-06-19 23:38:20,541 | INFO |     Root Cause Details : Wireless CarPlay not connected.
2025-06-19 23:38:20,542 | INFO |     Fixation Performed : NA
2025-06-19 23:38:21,436 | INFO |   ✅ Updated fields for OSV-3225: 'KPIT_TC_DRT_BTA_032.
2025-06-19 23:38:21,437 | INFO |   🔄 Commenting on OSV-3225: 'KPIT_TC_DRT_BTA_032...
2025-06-19 23:38:21,438 | INFO |     Date                 : 31st May 2025
2025-06-19 23:38:21,438 | INFO |     Analysis Done By     : Pratham
2025-06-19 23:38:21,439 | INFO |     Result               : Fail
2025-06-19 23:38:21,440 | INFO |     Failure Category     : Test Env issue
2025-06-19 23:38:21,440 | INFO |     Failure Sub Category : Automation Setup Malfunction
2025-06-19 23:38:21,441 | INFO |     Root Cause Details   : Wireless CarPlay not connected.
2025-06-19 23:38:21,441 | INFO |     Fixation Performed   : NA
2025-06-19 23:38:21,997 | INFO |   ✅ Commented on OSV-3225: 'KPIT_TC_DRT_BTA_032.

2025-06-19 23:38:22,376 | INFO | ⏳ Updating 'OSV-2610: KPIT_TC_DRT_BTA_053'...
2025-06-19 23:38:22,376 | INFO |   🔄 Updating fields for OSV-2610: 'KPIT_TC_DRT_BTA_053...
2025-06-19 23:38:22,377 | INFO |     Failure Category : Test Env issue
2025-06-19 23:38:22,377 | INFO |     Failure Sub Category : Automation Setup Malfunction
2025-06-19 23:38:22,377 | INFO |     Root Cause Details : Wireless CarPlay not connected.
2025-06-19 23:38:22,378 | INFO |     Fixation Performed : NA
2025-06-19 23:38:23,035 | INFO |   ✅ Updated fields for OSV-2610: 'KPIT_TC_DRT_BTA_053.
2025-06-19 23:38:23,042 | INFO |   🔄 Commenting on OSV-2610: 'KPIT_TC_DRT_BTA_053...
2025-06-19 23:38:23,043 | INFO |     Date                 : 31st May 2025
2025-06-19 23:38:23,044 | INFO |     Analysis Done By     : Pratham
2025-06-19 23:38:23,045 | INFO |     Result               : Fail
2025-06-19 23:38:23,045 | INFO |     Failure Category     : Test Env issue
2025-06-19 23:38:23,046 | INFO |     Failure Sub Category : Automation Setup Malfunction
2025-06-19 23:38:23,046 | INFO |     Root Cause Details   : Wireless CarPlay not connected.
2025-06-19 23:38:23,047 | INFO |     Fixation Performed   : NA
2025-06-19 23:38:23,526 | INFO |   ✅ Commented on OSV-2610: 'KPIT_TC_DRT_BTA_053.

2025-06-19 23:38:23,878 | INFO | ⏳ Updating 'OSV-2607: KPIT_TC_DRT_HFT_048'...
2025-06-19 23:38:23,879 | INFO |   🔄 Updating fields for OSV-2607: 'KPIT_TC_DRT_HFT_048...
2025-06-19 23:38:23,880 | INFO |     Failure Category : Test Env issue
2025-06-19 23:38:23,880 | INFO |     Failure Sub Category : Automation Setup Malfunction
2025-06-19 23:38:23,881 | INFO |     Root Cause Details : Wireless CarPlay not connected.
2025-06-19 23:38:23,881 | INFO |     Fixation Performed : NA
2025-06-19 23:38:24,600 | INFO |   ✅ Updated fields for OSV-2607: 'KPIT_TC_DRT_HFT_048.
2025-06-19 23:38:24,602 | INFO |   🔄 Commenting on OSV-2607: 'KPIT_TC_DRT_HFT_048...
2025-06-19 23:38:24,602 | INFO |     Date                 : 31st May 2025
2025-06-19 23:38:24,603 | INFO |     Analysis Done By     : Pratham
2025-06-19 23:38:24,603 | INFO |     Result               : Fail
2025-06-19 23:38:24,604 | INFO |     Failure Category     : Test Env issue
2025-06-19 23:38:24,604 | INFO |     Failure Sub Category : Automation Setup Malfunction
2025-06-19 23:38:24,605 | INFO |     Root Cause Details   : Wireless CarPlay not connected.
2025-06-19 23:38:24,605 | INFO |     Fixation Performed   : NA
2025-06-19 23:38:25,105 | INFO |   ✅ Commented on OSV-2607: 'KPIT_TC_DRT_HFT_048.

2025-06-19 23:38:25,457 | INFO | ⏳ Updating 'OSV-2609: KPIT_TC_DRT_HMI_001'...
2025-06-19 23:38:25,457 | INFO |   🔄 Updating fields for OSV-2609: 'KPIT_TC_DRT_HMI_001...
2025-06-19 23:38:25,458 | INFO |     Failure Category : Test Env issue
2025-06-19 23:38:25,458 | INFO |     Failure Sub Category : Automation Setup Malfunction
2025-06-19 23:38:25,458 | INFO |     Root Cause Details : Wireless CarPlay not connected.
2025-06-19 23:38:25,459 | INFO |     Fixation Performed : NA
2025-06-19 23:38:26,146 | INFO |   ✅ Updated fields for OSV-2609: 'KPIT_TC_DRT_HMI_001.
2025-06-19 23:38:26,147 | INFO |   🔄 Commenting on OSV-2609: 'KPIT_TC_DRT_HMI_001...
2025-06-19 23:38:26,148 | INFO |     Date                 : 31st May 2025
2025-06-19 23:38:26,148 | INFO |     Analysis Done By     : Pratham
2025-06-19 23:38:26,149 | INFO |     Result               : Fail
2025-06-19 23:38:26,150 | INFO |     Failure Category     : Test Env issue
2025-06-19 23:38:26,150 | INFO |     Failure Sub Category : Automation Setup Malfunction
2025-06-19 23:38:26,151 | INFO |     Root Cause Details   : Wireless CarPlay not connected.
2025-06-19 23:38:26,151 | INFO |     Fixation Performed   : NA
2025-06-19 23:38:26,651 | INFO |   ✅ Commented on OSV-2609: 'KPIT_TC_DRT_HMI_001.

2025-06-19 23:38:27,028 | INFO | ⏳ Updating 'OSV-2485: KPIT_TC_DRT_PRM_003'...
2025-06-19 23:38:27,029 | INFO |   🔄 Updating fields for OSV-2485: 'KPIT_TC_DRT_PRM_003...
2025-06-19 23:38:27,029 | INFO |     Failure Category : Test Env issue
2025-06-19 23:38:27,030 | INFO |     Failure Sub Category : Automation Setup Malfunction
2025-06-19 23:38:27,030 | INFO |     Root Cause Details : 
2025-06-19 23:38:27,030 | INFO |     Fixation Performed : NA
2025-06-19 23:38:27,718 | INFO |   ✅ Updated fields for OSV-2485: 'KPIT_TC_DRT_PRM_003.
2025-06-19 23:38:27,718 | INFO |   🔄 Commenting on OSV-2485: 'KPIT_TC_DRT_PRM_003...
2025-06-19 23:38:27,719 | INFO |     Date                 : 31st May 2025
2025-06-19 23:38:27,719 | INFO |     Analysis Done By     : Pratham
2025-06-19 23:38:27,719 | INFO |     Result               : Fail
2025-06-19 23:38:27,720 | INFO |     Failure Category     : Test Env issue
2025-06-19 23:38:27,720 | INFO |     Failure Sub Category : Automation Setup Malfunction
2025-06-19 23:38:27,720 | INFO |     Root Cause Details   : 
2025-06-19 23:38:27,721 | INFO |     Fixation Performed   : NA
2025-06-19 23:38:28,293 | INFO |   ✅ Commented on OSV-2485: 'KPIT_TC_DRT_PRM_003.

2025-06-19 23:38:28,736 | INFO | ⏳ Updating 'OSV-2613: KPIT_TC_DRT_SPCCP_021'...
2025-06-19 23:38:28,736 | INFO |   🔄 Updating fields for OSV-2613: 'KPIT_TC_DRT_SPCCP_021...
2025-06-19 23:38:28,737 | INFO |     Failure Category : Test Env issue
2025-06-19 23:38:28,738 | INFO |     Failure Sub Category : Automation Setup Malfunction
2025-06-19 23:38:28,738 | INFO |     Root Cause Details : Wireless CarPlay not connected.
2025-06-19 23:38:28,739 | INFO |     Fixation Performed : NA
2025-06-19 23:38:29,463 | INFO |   ✅ Updated fields for OSV-2613: 'KPIT_TC_DRT_SPCCP_021.
2025-06-19 23:38:29,463 | INFO |   🔄 Commenting on OSV-2613: 'KPIT_TC_DRT_SPCCP_021...
2025-06-19 23:38:29,464 | INFO |     Date                 : 31st May 2025
2025-06-19 23:38:29,465 | INFO |     Analysis Done By     : Pratham
2025-06-19 23:38:29,466 | INFO |     Result               : Fail
2025-06-19 23:38:29,466 | INFO |     Failure Category     : Test Env issue
2025-06-19 23:38:29,466 | INFO |     Failure Sub Category : Automation Setup Malfunction
2025-06-19 23:38:29,467 | INFO |     Root Cause Details   : Wireless CarPlay not connected.
2025-06-19 23:38:29,468 | INFO |     Fixation Performed   : NA
2025-06-19 23:38:30,943 | INFO |   ✅ Commented on OSV-2613: 'KPIT_TC_DRT_SPCCP_021.

2025-06-19 23:38:31,367 | INFO | ⏳ Updating 'OSV-2608: KPIT_TC_DRT_SPCCP_099'...
2025-06-19 23:38:31,367 | INFO |   🔄 Updating fields for OSV-2608: 'KPIT_TC_DRT_SPCCP_099...
2025-06-19 23:38:31,368 | INFO |     Failure Category : Test Env issue
2025-06-19 23:38:31,369 | INFO |     Failure Sub Category : Automation Setup Malfunction
2025-06-19 23:38:31,369 | INFO |     Root Cause Details : Wireless CarPlay not connected.
2025-06-19 23:38:31,370 | INFO |     Fixation Performed : NA
2025-06-19 23:38:32,078 | INFO |   ✅ Updated fields for OSV-2608: 'KPIT_TC_DRT_SPCCP_099.
2025-06-19 23:38:32,078 | INFO |   🔄 Commenting on OSV-2608: 'KPIT_TC_DRT_SPCCP_099...
2025-06-19 23:38:32,079 | INFO |     Date                 : 31st May 2025
2025-06-19 23:38:32,080 | INFO |     Analysis Done By     : Pratham
2025-06-19 23:38:32,080 | INFO |     Result               : Fail
2025-06-19 23:38:32,081 | INFO |     Failure Category     : Test Env issue
2025-06-19 23:38:32,082 | INFO |     Failure Sub Category : Automation Setup Malfunction
2025-06-19 23:38:32,082 | INFO |     Root Cause Details   : Wireless CarPlay not connected.
2025-06-19 23:38:32,083 | INFO |     Fixation Performed   : NA
2025-06-19 23:38:32,630 | INFO |   ✅ Commented on OSV-2608: 'KPIT_TC_DRT_SPCCP_099.

2025-06-19 23:38:32,978 | INFO | ⏳ Updating 'OSV-2490: KPIT_TC_DRT_SSR_004'...
2025-06-19 23:38:32,979 | INFO |   🔄 Updating fields for OSV-2490: 'KPIT_TC_DRT_SSR_004...
2025-06-19 23:38:32,979 | INFO |     Failure Category : Test Env issue
2025-06-19 23:38:32,979 | INFO |     Failure Sub Category : Automation Setup Malfunction
2025-06-19 23:38:32,980 | INFO |     Root Cause Details : Unable to Switch to Phone8 in Precondition.
2025-06-19 23:38:32,980 | INFO |     Fixation Performed : NA
2025-06-19 23:38:33,687 | INFO |   ✅ Updated fields for OSV-2490: 'KPIT_TC_DRT_SSR_004.
2025-06-19 23:38:33,688 | INFO |   🔄 Commenting on OSV-2490: 'KPIT_TC_DRT_SSR_004...
2025-06-19 23:38:33,688 | INFO |     Date                 : 31st May 2025
2025-06-19 23:38:33,688 | INFO |     Analysis Done By     : Pratham
2025-06-19 23:38:33,689 | INFO |     Result               : Fail
2025-06-19 23:38:33,689 | INFO |     Failure Category     : Test Env issue
2025-06-19 23:38:33,690 | INFO |     Failure Sub Category : Automation Setup Malfunction
2025-06-19 23:38:33,690 | INFO |     Root Cause Details   : Unable to Switch to Phone8 in Precondition.
2025-06-19 23:38:33,691 | INFO |     Fixation Performed   : NA
2025-06-19 23:38:34,227 | INFO |   ✅ Commented on OSV-2490: 'KPIT_TC_DRT_SSR_004.

2025-06-19 23:38:34,579 | INFO | ⏳ Updating 'OSV-2482: KPIT_TC_DRT_SSR_012'...
2025-06-19 23:38:34,580 | INFO |   🔄 Updating fields for OSV-2482: 'KPIT_TC_DRT_SSR_012...
2025-06-19 23:38:34,580 | INFO |     Failure Category : Test Env issue
2025-06-19 23:38:34,580 | INFO |     Failure Sub Category : Automation Setup Malfunction
2025-06-19 23:38:34,580 | INFO |     Root Cause Details : Unable to Switch to Phone8 in Precondition.
2025-06-19 23:38:34,581 | INFO |     Fixation Performed : NA
2025-06-19 23:38:35,325 | INFO |   ✅ Updated fields for OSV-2482: 'KPIT_TC_DRT_SSR_012.
2025-06-19 23:38:35,326 | INFO |   🔄 Commenting on OSV-2482: 'KPIT_TC_DRT_SSR_012...
2025-06-19 23:38:35,327 | INFO |     Date                 : 31st May 2025
2025-06-19 23:38:35,327 | INFO |     Analysis Done By     : Pratham
2025-06-19 23:38:35,328 | INFO |     Result               : Fail
2025-06-19 23:38:35,329 | INFO |     Failure Category     : Test Env issue
2025-06-19 23:38:35,329 | INFO |     Failure Sub Category : Automation Setup Malfunction
2025-06-19 23:38:35,330 | INFO |     Root Cause Details   : Unable to Switch to Phone8 in Precondition.
2025-06-19 23:38:35,330 | INFO |     Fixation Performed   : NA
2025-06-19 23:38:35,829 | INFO |   ✅ Commented on OSV-2482: 'KPIT_TC_DRT_SSR_012.

2025-06-19 23:38:36,264 | INFO | ⏳ Updating 'OSV-2484: KPIT_TC_FNC_AVG_0878_0001'...
2025-06-19 23:38:36,264 | INFO |   🔄 Updating fields for OSV-2484: 'KPIT_TC_FNC_AVG_0878_0001...
2025-06-19 23:38:36,265 | INFO |     Failure Category : Test Env issue
2025-06-19 23:38:36,265 | INFO |     Failure Sub Category : Automation Setup Malfunction
2025-06-19 23:38:36,265 | INFO |     Root Cause Details : Wireless CarPlay not connected.
2025-06-19 23:38:36,265 | INFO |     Fixation Performed : NA
2025-06-19 23:38:36,950 | INFO |   ✅ Updated fields for OSV-2484: 'KPIT_TC_FNC_AVG_0878_0001.
2025-06-19 23:38:36,950 | INFO |   🔄 Commenting on OSV-2484: 'KPIT_TC_FNC_AVG_0878_0001...
2025-06-19 23:38:36,951 | INFO |     Date                 : 31st May 2025
2025-06-19 23:38:36,952 | INFO |     Analysis Done By     : Pratham
2025-06-19 23:38:36,952 | INFO |     Result               : Fail
2025-06-19 23:38:36,953 | INFO |     Failure Category     : Test Env issue
2025-06-19 23:38:36,953 | INFO |     Failure Sub Category : Automation Setup Malfunction
2025-06-19 23:38:36,954 | INFO |     Root Cause Details   : Wireless CarPlay not connected.
2025-06-19 23:38:36,954 | INFO |     Fixation Performed   : NA
2025-06-19 23:38:37,504 | INFO |   ✅ Commented on OSV-2484: 'KPIT_TC_FNC_AVG_0878_0001.

