2025-06-19 22:44:18,919 | INFO | ⏳ Updating 'OSV-2612: KPIT_TC_DRT_BTA_024'...
2025-06-19 22:44:18,920 | INFO |   🔄 Commenting on OSV-2612: 'KPIT_TC_DRT_BTA_024...
2025-06-19 22:44:18,921 | INFO |     Date                 : 30th May 2025
2025-06-19 22:44:18,921 | INFO |     Analysis Done By     : Pratham
2025-06-19 22:44:18,922 | INFO |     Result               : Pass
2025-06-19 22:44:19,840 | INFO |   ✅ Commented on OSV-2612: 'KPIT_TC_DRT_BTA_024.

2025-06-19 22:44:20,234 | INFO | ⏳ Updating 'OSV-3488: KPIT_TC_DRT_HFT_017'...
2025-06-19 22:44:20,235 | INFO |   🔄 Commenting on OSV-3488: 'KPIT_TC_DRT_HFT_017...
2025-06-19 22:44:20,236 | INFO |     Date                 : 30th May 2025
2025-06-19 22:44:20,247 | INFO |     Analysis Done By     : Pratham
2025-06-19 22:44:20,248 | INFO |     Result               : Pass
2025-06-19 22:44:20,770 | INFO |   ✅ Commented on OSV-3488: 'KPIT_TC_DRT_HFT_017.

2025-06-19 22:44:21,147 | INFO | ⏳ Updating 'OSV-3493: KPIT_TC_DRT_HFT_046'...
2025-06-19 22:44:21,148 | INFO |   🔄 Commenting on OSV-3493: 'KPIT_TC_DRT_HFT_046...
2025-06-19 22:44:21,148 | INFO |     Date                 : 30th May 2025
2025-06-19 22:44:21,149 | INFO |     Analysis Done By     : Pratham
2025-06-19 22:44:21,149 | INFO |     Result               : Pass
2025-06-19 22:44:22,717 | INFO |   ✅ Commented on OSV-3493: 'KPIT_TC_DRT_HFT_046.

2025-06-19 22:44:23,087 | INFO | ⏳ Updating 'OSV-3484: KPIT_TC_DRT_HFT_052'...
2025-06-19 22:44:23,088 | INFO |   🔄 Commenting on OSV-3484: 'KPIT_TC_DRT_HFT_052...
2025-06-19 22:44:23,089 | INFO |     Date                 : 30th May 2025
2025-06-19 22:44:23,090 | INFO |     Analysis Done By     : Pratham
2025-06-19 22:44:23,091 | INFO |     Result               : Pass
2025-06-19 22:44:23,639 | INFO |   ✅ Commented on OSV-3484: 'KPIT_TC_DRT_HFT_052.

2025-06-19 22:44:24,013 | INFO | ⏳ Updating 'OSV-3485: KPIT_TC_DRT_HFT_054'...
2025-06-19 22:44:24,014 | INFO |   🔄 Commenting on OSV-3485: 'KPIT_TC_DRT_HFT_054...
2025-06-19 22:44:24,015 | INFO |     Date                 : 30th May 2025
2025-06-19 22:44:24,015 | INFO |     Analysis Done By     : Pratham
2025-06-19 22:44:24,016 | INFO |     Result               : Pass
2025-06-19 22:44:24,581 | INFO |   ✅ Commented on OSV-3485: 'KPIT_TC_DRT_HFT_054.

2025-06-19 22:44:24,950 | INFO | ⏳ Updating 'OSV-3487: KPIT_TC_DRT_HFT_059'...
2025-06-19 22:44:24,951 | INFO |   🔄 Commenting on OSV-3487: 'KPIT_TC_DRT_HFT_059...
2025-06-19 22:44:24,952 | INFO |     Date                 : 30th May 2025
2025-06-19 22:44:24,952 | INFO |     Analysis Done By     : Pratham
2025-06-19 22:44:24,953 | INFO |     Result               : Pass
2025-06-19 22:44:25,422 | INFO |   ✅ Commented on OSV-3487: 'KPIT_TC_DRT_HFT_059.

2025-06-19 22:44:25,987 | INFO | ⏳ Updating 'OSV-2780: KPIT_TC_DRT_HOM_005'...
2025-06-19 22:44:25,988 | INFO |   🔄 Commenting on OSV-2780: 'KPIT_TC_DRT_HOM_005...
2025-06-19 22:44:25,988 | INFO |     Date                 : 30th May 2025
2025-06-19 22:44:25,989 | INFO |     Analysis Done By     : Pratham
2025-06-19 22:44:25,991 | INFO |     Result               : Pass
2025-06-19 22:44:26,444 | INFO |   ✅ Commented on OSV-2780: 'KPIT_TC_DRT_HOM_005.

2025-06-19 22:44:26,858 | INFO | ⏳ Updating 'OSV-2781: KPIT_TC_DRT_HOM_006'...
2025-06-19 22:44:26,859 | INFO |   🔄 Commenting on OSV-2781: 'KPIT_TC_DRT_HOM_006...
2025-06-19 22:44:26,859 | INFO |     Date                 : 30th May 2025
2025-06-19 22:44:26,860 | INFO |     Analysis Done By     : Pratham
2025-06-19 22:44:26,861 | INFO |     Result               : Pass
2025-06-19 22:44:27,353 | INFO |   ✅ Commented on OSV-2781: 'KPIT_TC_DRT_HOM_006.

2025-06-19 22:44:28,009 | INFO | ⏳ Updating 'OSV-2778: KPIT_TC_DRT_HOM_009'...
2025-06-19 22:44:28,010 | INFO |   🔄 Commenting on OSV-2778: 'KPIT_TC_DRT_HOM_009...
2025-06-19 22:44:28,010 | INFO |     Date                 : 30th May 2025
2025-06-19 22:44:28,011 | INFO |     Analysis Done By     : Pratham
2025-06-19 22:44:28,012 | INFO |     Result               : Pass
2025-06-19 22:44:28,561 | INFO |   ✅ Commented on OSV-2778: 'KPIT_TC_DRT_HOM_009.

2025-06-19 22:44:28,954 | INFO | ⏳ Updating 'OSV-2779: KPIT_TC_DRT_HOM_012'...
2025-06-19 22:44:28,955 | INFO |   🔄 Commenting on OSV-2779: 'KPIT_TC_DRT_HOM_012...
2025-06-19 22:44:28,956 | INFO |     Date                 : 30th May 2025
2025-06-19 22:44:28,956 | INFO |     Analysis Done By     : Pratham
2025-06-19 22:44:28,957 | INFO |     Result               : Pass
2025-06-19 22:44:29,707 | INFO |   ✅ Commented on OSV-2779: 'KPIT_TC_DRT_HOM_012.

2025-06-19 22:44:30,401 | INFO | ⏳ Updating 'OSV-2494: KPIT_TC_DRT_HOM_013'...
2025-06-19 22:44:30,402 | INFO |   🔄 Commenting on OSV-2494: 'KPIT_TC_DRT_HOM_013...
2025-06-19 22:44:30,402 | INFO |     Date                 : 30th May 2025
2025-06-19 22:44:30,402 | INFO |     Analysis Done By     : Pratham
2025-06-19 22:44:30,404 | INFO |     Result               : Pass
2025-06-19 22:44:31,271 | INFO |   ✅ Commented on OSV-2494: 'KPIT_TC_DRT_HOM_013.

2025-06-19 22:44:31,646 | INFO | ⏳ Updating 'OSV-2774: KPIT_TC_DRT_HOM_028'...
2025-06-19 22:44:31,647 | INFO |   🔄 Commenting on OSV-2774: 'KPIT_TC_DRT_HOM_028...
2025-06-19 22:44:31,648 | INFO |     Date                 : 30th May 2025
2025-06-19 22:44:31,649 | INFO |     Analysis Done By     : Pratham
2025-06-19 22:44:31,650 | INFO |     Result               : Pass
2025-06-19 22:44:32,482 | INFO |   ✅ Commented on OSV-2774: 'KPIT_TC_DRT_HOM_028.

2025-06-19 22:44:33,130 | INFO | ⏳ Updating 'OSV-2776: KPIT_TC_DRT_HOM_031'...
2025-06-19 22:44:33,131 | INFO |   🔄 Commenting on OSV-2776: 'KPIT_TC_DRT_HOM_031...
2025-06-19 22:44:33,131 | INFO |     Date                 : 30th May 2025
2025-06-19 22:44:33,132 | INFO |     Analysis Done By     : Pratham
2025-06-19 22:44:33,133 | INFO |     Result               : Pass
2025-06-19 22:44:33,586 | INFO |   ✅ Commented on OSV-2776: 'KPIT_TC_DRT_HOM_031.

2025-06-19 22:44:34,204 | INFO | ⏳ Updating 'OSV-2773: KPIT_TC_DRT_HOM_035'...
2025-06-19 22:44:34,205 | INFO |   🔄 Commenting on OSV-2773: 'KPIT_TC_DRT_HOM_035...
2025-06-19 22:44:34,205 | INFO |     Date                 : 30th May 2025
2025-06-19 22:44:34,206 | INFO |     Analysis Done By     : Pratham
2025-06-19 22:44:34,207 | INFO |     Result               : Pass
2025-06-19 22:44:35,157 | INFO |   ✅ Commented on OSV-2773: 'KPIT_TC_DRT_HOM_035.

2025-06-19 22:44:36,313 | INFO | ⏳ Updating 'OSV-2771: KPIT_TC_DRT_HOM_050'...
2025-06-19 22:44:36,315 | INFO |   🔄 Commenting on OSV-2771: 'KPIT_TC_DRT_HOM_050...
2025-06-19 22:44:36,317 | INFO |     Date                 : 30th May 2025
2025-06-19 22:44:36,317 | INFO |     Analysis Done By     : Pratham
2025-06-19 22:44:36,318 | INFO |     Result               : Pass
2025-06-19 22:44:36,840 | INFO |   ✅ Commented on OSV-2771: 'KPIT_TC_DRT_HOM_050.

2025-06-19 22:44:37,201 | INFO | ⏳ Updating 'OSV-3010: KPIT_TC_DRT_IPD_1193'...
2025-06-19 22:44:37,202 | INFO |   🔄 Commenting on OSV-3010: 'KPIT_TC_DRT_IPD_1193...
2025-06-19 22:44:37,202 | INFO |     Date                 : 30th May 2025
2025-06-19 22:44:37,202 | INFO |     Analysis Done By     : Pratham
2025-06-19 22:44:37,203 | INFO |     Result               : Pass
2025-06-19 22:44:37,708 | INFO |   ✅ Commented on OSV-3010: 'KPIT_TC_DRT_IPD_1193.

2025-06-19 22:44:38,200 | INFO | ⏳ Updating 'OSV-3490: KPIT_TC_DRT_KBD_003'...
2025-06-19 22:44:38,200 | INFO |   🔄 Commenting on OSV-3490: 'KPIT_TC_DRT_KBD_003...
2025-06-19 22:44:38,201 | INFO |     Date                 : 30th May 2025
2025-06-19 22:44:38,201 | INFO |     Analysis Done By     : Pratham
2025-06-19 22:44:38,201 | INFO |     Result               : Pass
2025-06-19 22:44:40,817 | INFO |   ✅ Commented on OSV-3490: 'KPIT_TC_DRT_KBD_003.

2025-06-19 22:44:41,202 | INFO | ⏳ Updating 'OSV-2777: KPIT_TC_DRT_KBD_013'...
2025-06-19 22:44:41,203 | INFO |   🔄 Commenting on OSV-2777: 'KPIT_TC_DRT_KBD_013...
2025-06-19 22:44:41,203 | INFO |     Date                 : 30th May 2025
2025-06-19 22:44:41,204 | INFO |     Analysis Done By     : Pratham
2025-06-19 22:44:41,205 | INFO |     Result               : Pass
2025-06-19 22:44:43,237 | INFO |   ✅ Commented on OSV-2777: 'KPIT_TC_DRT_KBD_013.

2025-06-19 22:44:43,892 | INFO | ⏳ Updating 'OSV-2491: KPIT_TC_DRT_MCS_036'...
2025-06-19 22:44:43,893 | INFO |   🔄 Commenting on OSV-2491: 'KPIT_TC_DRT_MCS_036...
2025-06-19 22:44:43,893 | INFO |     Date                 : 30th May 2025
2025-06-19 22:44:43,894 | INFO |     Analysis Done By     : Pratham
2025-06-19 22:44:43,894 | INFO |     Result               : Pass
2025-06-19 22:44:44,351 | INFO |   ✅ Commented on OSV-2491: 'KPIT_TC_DRT_MCS_036.

2025-06-19 22:44:45,176 | INFO | ⏳ Updating 'OSV-2483: KPIT_TC_DRT_MCS_045'...
2025-06-19 22:44:45,177 | INFO |   🔄 Commenting on OSV-2483: 'KPIT_TC_DRT_MCS_045...
2025-06-19 22:44:45,177 | INFO |     Date                 : 30th May 2025
2025-06-19 22:44:45,177 | INFO |     Analysis Done By     : Pratham
2025-06-19 22:44:45,177 | INFO |     Result               : Pass
2025-06-19 22:44:45,668 | INFO |   ✅ Commented on OSV-2483: 'KPIT_TC_DRT_MCS_045.

2025-06-19 22:44:46,047 | INFO | ⏳ Updating 'OSV-2485: KPIT_TC_DRT_PRM_003'...
2025-06-19 22:44:46,047 | INFO |   🔄 Commenting on OSV-2485: 'KPIT_TC_DRT_PRM_003...
2025-06-19 22:44:46,048 | INFO |     Date                 : 30th May 2025
2025-06-19 22:44:46,049 | INFO |     Analysis Done By     : Pratham
2025-06-19 22:44:46,049 | INFO |     Result               : Pass
2025-06-19 22:44:47,640 | INFO |   ✅ Commented on OSV-2485: 'KPIT_TC_DRT_PRM_003.

2025-06-19 22:44:48,051 | INFO | ⏳ Updating 'OSV-2493: KPIT_TC_DRT_SPCAA_010'...
2025-06-19 22:44:48,052 | INFO |   🔄 Commenting on OSV-2493: 'KPIT_TC_DRT_SPCAA_010...
2025-06-19 22:44:48,052 | INFO |     Date                 : 30th May 2025
2025-06-19 22:44:48,053 | INFO |     Analysis Done By     : Pratham
2025-06-19 22:44:48,053 | INFO |     Result               : Pass
2025-06-19 22:44:48,869 | INFO |   ✅ Commented on OSV-2493: 'KPIT_TC_DRT_SPCAA_010.

2025-06-19 22:44:49,241 | INFO | ⏳ Updating 'OSV-2492: KPIT_TC_DRT_SPCAA_024'...
2025-06-19 22:44:49,242 | INFO |   🔄 Commenting on OSV-2492: 'KPIT_TC_DRT_SPCAA_024...
2025-06-19 22:44:49,242 | INFO |     Date                 : 30th May 2025
2025-06-19 22:44:49,243 | INFO |     Analysis Done By     : Pratham
2025-06-19 22:44:49,243 | INFO |     Result               : Pass
2025-06-19 22:44:49,977 | INFO |   ✅ Commented on OSV-2492: 'KPIT_TC_DRT_SPCAA_024.

2025-06-19 22:44:50,683 | INFO | ⏳ Updating 'OSV-2478: KPIT_TC_DRT_SPCAA_078'...
2025-06-19 22:44:50,684 | INFO |   🔄 Commenting on OSV-2478: 'KPIT_TC_DRT_SPCAA_078...
2025-06-19 22:44:50,685 | INFO |     Date                 : 30th May 2025
2025-06-19 22:44:50,685 | INFO |     Analysis Done By     : Pratham
2025-06-19 22:44:50,686 | INFO |     Result               : Pass
2025-06-19 22:44:52,216 | INFO |   ✅ Commented on OSV-2478: 'KPIT_TC_DRT_SPCAA_078.

2025-06-19 22:44:52,605 | INFO | ⏳ Updating 'OSV-2490: KPIT_TC_DRT_SSR_004'...
2025-06-19 22:44:52,606 | INFO |   🔄 Commenting on OSV-2490: 'KPIT_TC_DRT_SSR_004...
2025-06-19 22:44:52,608 | INFO |     Date                 : 30th May 2025
2025-06-19 22:44:52,608 | INFO |     Analysis Done By     : Pratham
2025-06-19 22:44:52,609 | INFO |     Result               : Pass
2025-06-19 22:44:53,109 | INFO |   ✅ Commented on OSV-2490: 'KPIT_TC_DRT_SSR_004.

2025-06-19 22:44:53,488 | INFO | ⏳ Updating 'OSV-2482: KPIT_TC_DRT_SSR_012'...
2025-06-19 22:44:53,489 | INFO |   🔄 Commenting on OSV-2482: 'KPIT_TC_DRT_SSR_012...
2025-06-19 22:44:53,490 | INFO |     Date                 : 30th May 2025
2025-06-19 22:44:53,490 | INFO |     Analysis Done By     : Pratham
2025-06-19 22:44:53,491 | INFO |     Result               : Pass
2025-06-19 22:44:54,050 | INFO |   ✅ Commented on OSV-2482: 'KPIT_TC_DRT_SSR_012.

2025-06-19 22:44:54,671 | INFO | ⏳ Updating 'OSV-2496: KPIT_TC_DRT_SUW_003'...
2025-06-19 22:44:54,672 | INFO |   🔄 Commenting on OSV-2496: 'KPIT_TC_DRT_SUW_003...
2025-06-19 22:44:54,672 | INFO |     Date                 : 30th May 2025
2025-06-19 22:44:54,674 | INFO |     Analysis Done By     : Pratham
2025-06-19 22:44:54,674 | INFO |     Result               : Pass
2025-06-19 22:44:55,151 | INFO |   ✅ Commented on OSV-2496: 'KPIT_TC_DRT_SUW_003.

2025-06-19 22:44:55,504 | INFO | ⏳ Updating 'OSV-2479: KPIT_TC_DRT_SUW_004'...
2025-06-19 22:44:55,504 | INFO |   🔄 Commenting on OSV-2479: 'KPIT_TC_DRT_SUW_004...
2025-06-19 22:44:55,505 | INFO |     Date                 : 30th May 2025
2025-06-19 22:44:55,505 | INFO |     Analysis Done By     : Pratham
2025-06-19 22:44:55,506 | INFO |     Result               : Pass
2025-06-19 22:44:56,267 | INFO |   ✅ Commented on OSV-2479: 'KPIT_TC_DRT_SUW_004.

2025-06-19 22:44:56,996 | INFO | ⏳ Updating 'OSV-2480: KPIT_TC_DRT_SUW_005'...
2025-06-19 22:44:56,997 | INFO |   🔄 Commenting on OSV-2480: 'KPIT_TC_DRT_SUW_005...
2025-06-19 22:44:56,997 | INFO |     Date                 : 30th May 2025
2025-06-19 22:44:56,997 | INFO |     Analysis Done By     : Pratham
2025-06-19 22:44:56,998 | INFO |     Result               : Pass
2025-06-19 22:44:57,474 | INFO |   ✅ Commented on OSV-2480: 'KPIT_TC_DRT_SUW_005.

2025-06-19 22:44:58,262 | INFO | ⏳ Updating 'OSV-2481: KPIT_TC_DRT_SUW_006'...
2025-06-19 22:44:58,263 | INFO |   🔄 Commenting on OSV-2481: 'KPIT_TC_DRT_SUW_006...
2025-06-19 22:44:58,263 | INFO |     Date                 : 30th May 2025
2025-06-19 22:44:58,264 | INFO |     Analysis Done By     : Pratham
2025-06-19 22:44:58,265 | INFO |     Result               : Pass
2025-06-19 22:44:59,798 | INFO |   ✅ Commented on OSV-2481: 'KPIT_TC_DRT_SUW_006.

2025-06-19 22:45:00,584 | INFO | ⏳ Updating 'OSV-2488: KPIT_TC_DRT_USB_060'...
2025-06-19 22:45:00,585 | INFO |   🔄 Commenting on OSV-2488: 'KPIT_TC_DRT_USB_060...
2025-06-19 22:45:00,585 | INFO |     Date                 : 30th May 2025
2025-06-19 22:45:00,586 | INFO |     Analysis Done By     : Pratham
2025-06-19 22:45:00,586 | INFO |     Result               : Pass
2025-06-19 22:45:02,200 | INFO |   ✅ Commented on OSV-2488: 'KPIT_TC_DRT_USB_060.

2025-06-19 22:45:02,577 | INFO | ⏳ Updating 'OSV-3011: KPIT_TC_DRT_USB_1245'...
2025-06-19 22:45:02,578 | INFO |   🔄 Commenting on OSV-3011: 'KPIT_TC_DRT_USB_1245...
2025-06-19 22:45:02,578 | INFO |     Date                 : 30th May 2025
2025-06-19 22:45:02,579 | INFO |     Analysis Done By     : Pratham
2025-06-19 22:45:02,580 | INFO |     Result               : Pass
2025-06-19 22:45:03,038 | INFO |   ✅ Commented on OSV-3011: 'KPIT_TC_DRT_USB_1245.

2025-06-19 22:45:03,394 | INFO | ⏳ Updating 'OSV-2775: KPIT_TC_DRT_VEH_002'...
2025-06-19 22:45:03,395 | INFO |   🔄 Commenting on OSV-2775: 'KPIT_TC_DRT_VEH_002...
2025-06-19 22:45:03,395 | INFO |     Date                 : 30th May 2025
2025-06-19 22:45:03,396 | INFO |     Analysis Done By     : Pratham
2025-06-19 22:45:03,396 | INFO |     Result               : Pass
2025-06-19 22:45:03,973 | INFO |   ✅ Commented on OSV-2775: 'KPIT_TC_DRT_VEH_002.

2025-06-19 22:45:04,415 | INFO | ⏳ Updating 'OSV-2782: KPIT_TC_DRT_VEH_059'...
2025-06-19 22:45:04,415 | INFO |   🔄 Commenting on OSV-2782: 'KPIT_TC_DRT_VEH_059...
2025-06-19 22:45:04,416 | INFO |     Date                 : 30th May 2025
2025-06-19 22:45:04,417 | INFO |     Analysis Done By     : Pratham
2025-06-19 22:45:04,417 | INFO |     Result               : Pass
2025-06-19 22:45:05,513 | INFO |   ✅ Commented on OSV-2782: 'KPIT_TC_DRT_VEH_059.

2025-06-19 22:45:06,190 | INFO | ⏳ Updating 'OSV-2495: KPIT_TC_FNC_SPCAA_0447_0001'...
2025-06-19 22:45:06,191 | INFO |   🔄 Commenting on OSV-2495: 'KPIT_TC_FNC_SPCAA_0447_0001...
2025-06-19 22:45:06,192 | INFO |     Date                 : 30th May 2025
2025-06-19 22:45:06,193 | INFO |     Analysis Done By     : Pratham
2025-06-19 22:45:06,193 | INFO |     Result               : Pass
2025-06-19 22:45:06,706 | INFO |   ✅ Commented on OSV-2495: 'KPIT_TC_FNC_SPCAA_0447_0001.

2025-06-19 22:45:06,717 | INFO | ⚠️ No OVN Failure ticket is raised for script: 'KPIT_TC_FNC_SSR_0396_0001' on 30th May 2025.

2025-06-19 22:45:07,365 | INFO | ⏳ Updating 'OSV-3009: KPIT_TC_DRT_BTA_018'...
2025-06-19 22:45:07,365 | INFO |   🔄 Updating fields for OSV-3009: 'KPIT_TC_DRT_BTA_018...
2025-06-19 22:45:07,366 | INFO |     Failure Category : Test Env issue
2025-06-19 22:45:07,366 | INFO |     Failure Sub Category : Automation Setup Malfunction
2025-06-19 22:45:07,366 | INFO |     Root Cause Details : Wireless CarPlay not connected.
2025-06-19 22:45:07,367 | INFO |     Fixation Performed : NA
2025-06-19 22:45:08,654 | INFO |   ✅ Updated fields for OSV-3009: 'KPIT_TC_DRT_BTA_018.
2025-06-19 22:45:08,655 | INFO |   🔄 Commenting on OSV-3009: 'KPIT_TC_DRT_BTA_018...
2025-06-19 22:45:08,656 | INFO |     Date                 : 30th May 2025
2025-06-19 22:45:08,656 | INFO |     Analysis Done By     : Pratham
2025-06-19 22:45:08,658 | INFO |     Result               : Fail
2025-06-19 22:45:08,658 | INFO |     Failure Category     : Test Env issue
2025-06-19 22:45:08,659 | INFO |     Failure Sub Category : Automation Setup Malfunction
2025-06-19 22:45:08,659 | INFO |     Root Cause Details   : Wireless CarPlay not connected.
2025-06-19 22:45:08,660 | INFO |     Fixation Performed   : NA
2025-06-19 22:45:10,229 | INFO |   ✅ Commented on OSV-3009: 'KPIT_TC_DRT_BTA_018.

2025-06-19 22:45:10,600 | INFO | ⏳ Updating 'OSV-2489: KPIT_TC_DRT_BTA_020'...
2025-06-19 22:45:10,601 | INFO |   🔄 Updating fields for OSV-2489: 'KPIT_TC_DRT_BTA_020...
2025-06-19 22:45:10,601 | INFO |     Failure Category : Test Env issue
2025-06-19 22:45:10,602 | INFO |     Failure Sub Category : Automation Setup Malfunction
2025-06-19 22:45:10,603 | INFO |     Root Cause Details : Wireless CarPlay not connected.
2025-06-19 22:45:10,604 | INFO |     Fixation Performed : NA
2025-06-19 22:45:11,499 | INFO |   ✅ Updated fields for OSV-2489: 'KPIT_TC_DRT_BTA_020.
2025-06-19 22:45:11,500 | INFO |   🔄 Commenting on OSV-2489: 'KPIT_TC_DRT_BTA_020...
2025-06-19 22:45:11,500 | INFO |     Date                 : 30th May 2025
2025-06-19 22:45:11,501 | INFO |     Analysis Done By     : Pratham
2025-06-19 22:45:11,502 | INFO |     Result               : Fail
2025-06-19 22:45:11,503 | INFO |     Failure Category     : Test Env issue
2025-06-19 22:45:11,503 | INFO |     Failure Sub Category : Automation Setup Malfunction
2025-06-19 22:45:11,504 | INFO |     Root Cause Details   : Wireless CarPlay not connected.
2025-06-19 22:45:11,504 | INFO |     Fixation Performed   : NA
2025-06-19 22:45:12,313 | INFO |   ✅ Commented on OSV-2489: 'KPIT_TC_DRT_BTA_020.

2025-06-19 22:45:12,667 | INFO | ⏳ Updating 'OSV-3008: KPIT_TC_DRT_BTA_021'...
2025-06-19 22:45:12,668 | INFO |   🔄 Updating fields for OSV-3008: 'KPIT_TC_DRT_BTA_021...
2025-06-19 22:45:12,669 | INFO |     Failure Category : Test Env issue
2025-06-19 22:45:12,670 | INFO |     Failure Sub Category : Automation Setup Malfunction
2025-06-19 22:45:12,670 | INFO |     Root Cause Details : Unable to validate play state.
2025-06-19 22:45:12,672 | INFO |     Fixation Performed : NA
2025-06-19 22:45:13,578 | INFO |   ✅ Updated fields for OSV-3008: 'KPIT_TC_DRT_BTA_021.
2025-06-19 22:45:13,578 | INFO |   🔄 Commenting on OSV-3008: 'KPIT_TC_DRT_BTA_021...
2025-06-19 22:45:13,579 | INFO |     Date                 : 30th May 2025
2025-06-19 22:45:13,580 | INFO |     Analysis Done By     : Pratham
2025-06-19 22:45:13,580 | INFO |     Result               : Fail
2025-06-19 22:45:13,581 | INFO |     Failure Category     : Test Env issue
2025-06-19 22:45:13,582 | INFO |     Failure Sub Category : Automation Setup Malfunction
2025-06-19 22:45:13,582 | INFO |     Root Cause Details   : Unable to validate play state.
2025-06-19 22:45:13,583 | INFO |     Fixation Performed   : NA
2025-06-19 22:45:14,368 | INFO |   ✅ Commented on OSV-3008: 'KPIT_TC_DRT_BTA_021.

2025-06-19 22:45:14,772 | INFO | ⏳ Updating 'OSV-2487: KPIT_TC_DRT_BTA_025'...
2025-06-19 22:45:14,773 | INFO |   🔄 Updating fields for OSV-2487: 'KPIT_TC_DRT_BTA_025...
2025-06-19 22:45:14,774 | INFO |     Failure Category : Test Env issue
2025-06-19 22:45:14,774 | INFO |     Failure Sub Category : Automation Setup Malfunction
2025-06-19 22:45:14,775 | INFO |     Root Cause Details : Wireless CarPlay not connected.
2025-06-19 22:45:14,776 | INFO |     Fixation Performed : NA
2025-06-19 22:45:16,060 | INFO |   ✅ Updated fields for OSV-2487: 'KPIT_TC_DRT_BTA_025.
2025-06-19 22:45:16,061 | INFO |   🔄 Commenting on OSV-2487: 'KPIT_TC_DRT_BTA_025...
2025-06-19 22:45:16,061 | INFO |     Date                 : 30th May 2025
2025-06-19 22:45:16,062 | INFO |     Analysis Done By     : Pratham
2025-06-19 22:45:16,063 | INFO |     Result               : Fail
2025-06-19 22:45:16,063 | INFO |     Failure Category     : Test Env issue
2025-06-19 22:45:16,064 | INFO |     Failure Sub Category : Automation Setup Malfunction
2025-06-19 22:45:16,064 | INFO |     Root Cause Details   : Wireless CarPlay not connected.
2025-06-19 22:45:16,065 | INFO |     Fixation Performed   : NA
2025-06-19 22:45:16,602 | INFO |   ✅ Commented on OSV-2487: 'KPIT_TC_DRT_BTA_025.

2025-06-19 22:45:16,991 | INFO | ⏳ Updating 'OSV-2610: KPIT_TC_DRT_BTA_053'...
2025-06-19 22:45:16,992 | INFO |   🔄 Updating fields for OSV-2610: 'KPIT_TC_DRT_BTA_053...
2025-06-19 22:45:16,992 | INFO |     Failure Category : Test Env issue
2025-06-19 22:45:16,993 | INFO |     Failure Sub Category : Automation Setup Malfunction
2025-06-19 22:45:16,994 | INFO |     Root Cause Details : Wireless CarPlay not connected.
2025-06-19 22:45:16,995 | INFO |     Fixation Performed : NA
2025-06-19 22:45:17,954 | INFO |   ✅ Updated fields for OSV-2610: 'KPIT_TC_DRT_BTA_053.
2025-06-19 22:45:17,955 | INFO |   🔄 Commenting on OSV-2610: 'KPIT_TC_DRT_BTA_053...
2025-06-19 22:45:17,955 | INFO |     Date                 : 30th May 2025
2025-06-19 22:45:17,956 | INFO |     Analysis Done By     : Pratham
2025-06-19 22:45:17,957 | INFO |     Result               : Fail
2025-06-19 22:45:17,958 | INFO |     Failure Category     : Test Env issue
2025-06-19 22:45:17,958 | INFO |     Failure Sub Category : Automation Setup Malfunction
2025-06-19 22:45:17,959 | INFO |     Root Cause Details   : Wireless CarPlay not connected.
2025-06-19 22:45:17,960 | INFO |     Fixation Performed   : NA
2025-06-19 22:45:18,943 | INFO |   ✅ Commented on OSV-2610: 'KPIT_TC_DRT_BTA_053.

2025-06-19 22:45:19,370 | INFO | ⏳ Updating 'OSV-2607: KPIT_TC_DRT_HFT_048'...
2025-06-19 22:45:19,371 | INFO |   🔄 Updating fields for OSV-2607: 'KPIT_TC_DRT_HFT_048...
2025-06-19 22:45:19,372 | INFO |     Failure Category : Test Env issue
2025-06-19 22:45:19,373 | INFO |     Failure Sub Category : Automation Setup Malfunction
2025-06-19 22:45:19,373 | INFO |     Root Cause Details : Wireless CarPlay not connected.
2025-06-19 22:45:19,374 | INFO |     Fixation Performed : NA
2025-06-19 22:45:20,326 | INFO |   ✅ Updated fields for OSV-2607: 'KPIT_TC_DRT_HFT_048.
2025-06-19 22:45:20,327 | INFO |   🔄 Commenting on OSV-2607: 'KPIT_TC_DRT_HFT_048...
2025-06-19 22:45:20,328 | INFO |     Date                 : 30th May 2025
2025-06-19 22:45:20,329 | INFO |     Analysis Done By     : Pratham
2025-06-19 22:45:20,329 | INFO |     Result               : Fail
2025-06-19 22:45:20,330 | INFO |     Failure Category     : Test Env issue
2025-06-19 22:45:20,331 | INFO |     Failure Sub Category : Automation Setup Malfunction
2025-06-19 22:45:20,331 | INFO |     Root Cause Details   : Wireless CarPlay not connected.
2025-06-19 22:45:20,332 | INFO |     Fixation Performed   : NA
2025-06-19 22:45:21,778 | INFO |   ✅ Commented on OSV-2607: 'KPIT_TC_DRT_HFT_048.

2025-06-19 22:45:22,179 | INFO | ⏳ Updating 'OSV-2609: KPIT_TC_DRT_HMI_001'...
2025-06-19 22:45:22,180 | INFO |   🔄 Updating fields for OSV-2609: 'KPIT_TC_DRT_HMI_001...
2025-06-19 22:45:22,181 | INFO |     Failure Category : Test Env issue
2025-06-19 22:45:22,181 | INFO |     Failure Sub Category : Automation Setup Malfunction
2025-06-19 22:45:22,182 | INFO |     Root Cause Details : Wireless CarPlay not connected.
2025-06-19 22:45:22,183 | INFO |     Fixation Performed : NA
2025-06-19 22:45:23,125 | INFO |   ✅ Updated fields for OSV-2609: 'KPIT_TC_DRT_HMI_001.
2025-06-19 22:45:23,127 | INFO |   🔄 Commenting on OSV-2609: 'KPIT_TC_DRT_HMI_001...
2025-06-19 22:45:23,127 | INFO |     Date                 : 30th May 2025
2025-06-19 22:45:23,128 | INFO |     Analysis Done By     : Pratham
2025-06-19 22:45:23,129 | INFO |     Result               : Fail
2025-06-19 22:45:23,129 | INFO |     Failure Category     : Test Env issue
2025-06-19 22:45:23,130 | INFO |     Failure Sub Category : Automation Setup Malfunction
2025-06-19 22:45:23,131 | INFO |     Root Cause Details   : Wireless CarPlay not connected.
2025-06-19 22:45:23,132 | INFO |     Fixation Performed   : NA
2025-06-19 22:45:26,719 | INFO |   ✅ Commented on OSV-2609: 'KPIT_TC_DRT_HMI_001.

2025-06-19 22:45:27,061 | INFO | ⏳ Updating 'OSV-2611: KPIT_TC_DRT_KBD_017'...
2025-06-19 22:45:27,062 | INFO |   🔄 Updating fields for OSV-2611: 'KPIT_TC_DRT_KBD_017...
2025-06-19 22:45:27,062 | INFO |     Failure Category : Test Env issue
2025-06-19 22:45:27,062 | INFO |     Failure Sub Category : Automation Setup Malfunction
2025-06-19 22:45:27,063 | INFO |     Root Cause Details : Robot clicked properly on required image but on ICB side language did not get selected.
2025-06-19 22:45:27,063 | INFO |     Fixation Performed : NA
2025-06-19 22:45:28,005 | INFO |   ✅ Updated fields for OSV-2611: 'KPIT_TC_DRT_KBD_017.
2025-06-19 22:45:28,006 | INFO |   🔄 Commenting on OSV-2611: 'KPIT_TC_DRT_KBD_017...
2025-06-19 22:45:28,007 | INFO |     Date                 : 30th May 2025
2025-06-19 22:45:28,008 | INFO |     Analysis Done By     : Pratham
2025-06-19 22:45:28,008 | INFO |     Result               : Fail
2025-06-19 22:45:28,008 | INFO |     Failure Category     : Test Env issue
2025-06-19 22:45:28,009 | INFO |     Failure Sub Category : Automation Setup Malfunction
2025-06-19 22:45:28,009 | INFO |     Root Cause Details   : Robot clicked properly on required image but on ICB side language did not get selected.
2025-06-19 22:45:28,009 | INFO |     Fixation Performed   : NA
2025-06-19 22:45:28,877 | INFO |   ✅ Commented on OSV-2611: 'KPIT_TC_DRT_KBD_017.

2025-06-19 22:45:29,602 | INFO | ⏳ Updating 'OSV-3007: KPIT_TC_DRT_SND_039'...
2025-06-19 22:45:29,606 | INFO |   🔄 Updating fields for OSV-3007: 'KPIT_TC_DRT_SND_039...
2025-06-19 22:45:29,607 | INFO |     Failure Category : KITE issue
2025-06-19 22:45:29,608 | INFO |     Failure Sub Category : Image Comparision
2025-06-19 22:45:29,609 | INFO |     Root Cause Details : Image with different values got match due to kite issue.
2025-06-19 22:45:29,609 | INFO |     Fixation Performed : NA
2025-06-19 22:45:30,773 | INFO |   ✅ Updated fields for OSV-3007: 'KPIT_TC_DRT_SND_039.
2025-06-19 22:45:30,774 | INFO |   🔄 Commenting on OSV-3007: 'KPIT_TC_DRT_SND_039...
2025-06-19 22:45:30,774 | INFO |     Date                 : 30th May 2025
2025-06-19 22:45:30,775 | INFO |     Analysis Done By     : Pratham
2025-06-19 22:45:30,776 | INFO |     Result               : Fail
2025-06-19 22:45:30,776 | INFO |     Failure Category     : KITE issue
2025-06-19 22:45:30,777 | INFO |     Failure Sub Category : Image Comparision
2025-06-19 22:45:30,777 | INFO |     Root Cause Details   : Image with different values got match due to kite issue.
2025-06-19 22:45:30,778 | INFO |     Fixation Performed   : NA
2025-06-19 22:45:31,275 | INFO |   ✅ Commented on OSV-3007: 'KPIT_TC_DRT_SND_039.

2025-06-19 22:45:31,658 | INFO | ⏳ Updating 'OSV-2613: KPIT_TC_DRT_SPCCP_021'...
2025-06-19 22:45:31,659 | INFO |   🔄 Updating fields for OSV-2613: 'KPIT_TC_DRT_SPCCP_021...
2025-06-19 22:45:31,659 | INFO |     Failure Category : Test Env issue
2025-06-19 22:45:31,660 | INFO |     Failure Sub Category : Automation Setup Malfunction
2025-06-19 22:45:31,661 | INFO |     Root Cause Details : Wireless CarPlay not connected.
2025-06-19 22:45:31,661 | INFO |     Fixation Performed : NA
2025-06-19 22:45:32,790 | INFO |   ✅ Updated fields for OSV-2613: 'KPIT_TC_DRT_SPCCP_021.
2025-06-19 22:45:32,791 | INFO |   🔄 Commenting on OSV-2613: 'KPIT_TC_DRT_SPCCP_021...
2025-06-19 22:45:32,791 | INFO |     Date                 : 30th May 2025
2025-06-19 22:45:32,791 | INFO |     Analysis Done By     : Pratham
2025-06-19 22:45:32,792 | INFO |     Result               : Fail
2025-06-19 22:45:32,792 | INFO |     Failure Category     : Test Env issue
2025-06-19 22:45:32,792 | INFO |     Failure Sub Category : Automation Setup Malfunction
2025-06-19 22:45:32,793 | INFO |     Root Cause Details   : Wireless CarPlay not connected.
2025-06-19 22:45:32,793 | INFO |     Fixation Performed   : NA
2025-06-19 22:45:33,879 | INFO |   ✅ Commented on OSV-2613: 'KPIT_TC_DRT_SPCCP_021.

2025-06-19 22:45:34,284 | INFO | ⏳ Updating 'OSV-2608: KPIT_TC_DRT_SPCCP_099'...
2025-06-19 22:45:34,285 | INFO |   🔄 Updating fields for OSV-2608: 'KPIT_TC_DRT_SPCCP_099...
2025-06-19 22:45:34,286 | INFO |     Failure Category : Test Env issue
2025-06-19 22:45:34,286 | INFO |     Failure Sub Category : Automation Setup Malfunction
2025-06-19 22:45:34,287 | INFO |     Root Cause Details : Wireless CarPlay not connected.
2025-06-19 22:45:34,287 | INFO |     Fixation Performed : NA
2025-06-19 22:45:35,352 | INFO |   ✅ Updated fields for OSV-2608: 'KPIT_TC_DRT_SPCCP_099.
2025-06-19 22:45:35,352 | INFO |   🔄 Commenting on OSV-2608: 'KPIT_TC_DRT_SPCCP_099...
2025-06-19 22:45:35,353 | INFO |     Date                 : 30th May 2025
2025-06-19 22:45:35,353 | INFO |     Analysis Done By     : Pratham
2025-06-19 22:45:35,354 | INFO |     Result               : Fail
2025-06-19 22:45:35,354 | INFO |     Failure Category     : Test Env issue
2025-06-19 22:45:35,355 | INFO |     Failure Sub Category : Automation Setup Malfunction
2025-06-19 22:45:35,356 | INFO |     Root Cause Details   : Wireless CarPlay not connected.
2025-06-19 22:45:35,356 | INFO |     Fixation Performed   : NA
2025-06-19 22:45:36,300 | INFO |   ✅ Commented on OSV-2608: 'KPIT_TC_DRT_SPCCP_099.

2025-06-19 22:45:36,936 | INFO | ⏳ Updating 'OSV-2484: KPIT_TC_FNC_AVG_0878_0001'...
2025-06-19 22:45:36,937 | INFO |   🔄 Updating fields for OSV-2484: 'KPIT_TC_FNC_AVG_0878_0001...
2025-06-19 22:45:36,938 | INFO |     Failure Category : Test Env issue
2025-06-19 22:45:36,938 | INFO |     Failure Sub Category : Automation Setup Malfunction
2025-06-19 22:45:36,939 | INFO |     Root Cause Details : Wireless CarPlay not connected.
2025-06-19 22:45:36,940 | INFO |     Fixation Performed : NA
2025-06-19 22:45:38,165 | INFO |   ✅ Updated fields for OSV-2484: 'KPIT_TC_FNC_AVG_0878_0001.
2025-06-19 22:45:38,166 | INFO |   🔄 Commenting on OSV-2484: 'KPIT_TC_FNC_AVG_0878_0001...
2025-06-19 22:45:38,166 | INFO |     Date                 : 30th May 2025
2025-06-19 22:45:38,167 | INFO |     Analysis Done By     : Pratham
2025-06-19 22:45:38,168 | INFO |     Result               : Fail
2025-06-19 22:45:38,169 | INFO |     Failure Category     : Test Env issue
2025-06-19 22:45:38,169 | INFO |     Failure Sub Category : Automation Setup Malfunction
2025-06-19 22:45:38,170 | INFO |     Root Cause Details   : Wireless CarPlay not connected.
2025-06-19 22:45:38,171 | INFO |     Fixation Performed   : NA
2025-06-19 22:45:38,619 | INFO |   ✅ Commented on OSV-2484: 'KPIT_TC_FNC_AVG_0878_0001.

