2025-06-17 12:40:39,271 | INFO | ⏳ Updating 'OSV-2489: KPIT_TC_DRT_BTA_020'...
2025-06-17 12:40:39,271 | INFO |   🔄 Commenting on OSV-2489: 'KPIT_TC_DRT_BTA_020...
2025-06-17 12:40:39,272 | INFO |     Date : 21st May 2025
2025-06-17 12:40:39,272 | INFO |     Result : Pass
2025-06-17 12:40:40,456 | INFO |   ✅ Commented on OSV-2489: 'KPIT_TC_DRT_BTA_020.

2025-06-17 12:40:40,956 | INFO | ⏳ Updating 'OSV-2612: KPIT_TC_DRT_BTA_024'...
2025-06-17 12:40:40,957 | INFO |   🔄 Commenting on OSV-2612: 'KPIT_TC_DRT_BTA_024...
2025-06-17 12:40:40,958 | INFO |     Date : 21st May 2025
2025-06-17 12:40:40,959 | INFO |     Result : Pass
2025-06-17 12:40:41,722 | INFO |   ✅ Commented on OSV-2612: 'KPIT_TC_DRT_BTA_024.

2025-06-17 12:40:42,312 | INFO | ⏳ Updating 'OSV-2487: KPIT_TC_DRT_BTA_025'...
2025-06-17 12:40:42,313 | INFO |   🔄 Commenting on OSV-2487: 'KPIT_TC_DRT_BTA_025...
2025-06-17 12:40:42,313 | INFO |     Date : 21st May 2025
2025-06-17 12:40:42,314 | INFO |     Result : Pass
2025-06-17 12:40:43,484 | INFO |   ✅ Commented on OSV-2487: 'KPIT_TC_DRT_BTA_025.

2025-06-17 12:40:43,939 | INFO | ⏳ Updating 'OSV-2610: KPIT_TC_DRT_BTA_053'...
2025-06-17 12:40:43,940 | INFO |   🔄 Commenting on OSV-2610: 'KPIT_TC_DRT_BTA_053...
2025-06-17 12:40:43,940 | INFO |     Date : 21st May 2025
2025-06-17 12:40:43,940 | INFO |     Result : Pass
2025-06-17 12:40:44,607 | INFO |   ✅ Commented on OSV-2610: 'KPIT_TC_DRT_BTA_053.

2025-06-17 12:40:45,116 | INFO | ⏳ Updating 'OSV-2607: KPIT_TC_DRT_HFT_048'...
2025-06-17 12:40:45,116 | INFO |   🔄 Commenting on OSV-2607: 'KPIT_TC_DRT_HFT_048...
2025-06-17 12:40:45,117 | INFO |     Date : 21st May 2025
2025-06-17 12:40:45,117 | INFO |     Result : Pass
2025-06-17 12:40:45,901 | INFO |   ✅ Commented on OSV-2607: 'KPIT_TC_DRT_HFT_048.

2025-06-17 12:40:46,417 | INFO | ⏳ Updating 'OSV-2609: KPIT_TC_DRT_HMI_001'...
2025-06-17 12:40:46,418 | INFO |   🔄 Updating fields for OSV-2609: 'KPIT_TC_DRT_HMI_001...
2025-06-17 12:40:46,418 | INFO |     Failure Category : ICB issue (Once)
2025-06-17 12:40:46,419 | INFO |     Failure Sub Category : Timing Issue
2025-06-17 12:40:46,419 | INFO |     Root Cause Details : Carplay screen took more time to load
2025-06-17 12:40:46,419 | INFO |     Fixation Performed : NA
2025-06-17 12:40:47,718 | INFO |   ✅ Updated fields for OSV-2609: 'KPIT_TC_DRT_HMI_001.
2025-06-17 12:40:47,718 | INFO |   🔄 Commenting on OSV-2609: 'KPIT_TC_DRT_HMI_001...
2025-06-17 12:40:47,719 | INFO |     Date : 21st May 2025
2025-06-17 12:40:47,719 | INFO |     Result : Fail
2025-06-17 12:40:47,719 | INFO |     Failure Category : ICB issue (Once)
2025-06-17 12:40:47,720 | INFO |     Failure Sub Category : Timing Issue
2025-06-17 12:40:47,720 | INFO |     Root Cause Details : Carplay screen took more time to load
2025-06-17 12:40:47,720 | INFO |     Fixation Performed : NA
2025-06-17 12:40:48,535 | INFO |   ✅ Commented on OSV-2609: 'KPIT_TC_DRT_HMI_001.

2025-06-17 12:40:49,046 | INFO | ⏳ Updating 'OSV-2494: KPIT_TC_DRT_HOM_013'...
2025-06-17 12:40:49,047 | INFO |   🔄 Commenting on OSV-2494: 'KPIT_TC_DRT_HOM_013...
2025-06-17 12:40:49,048 | INFO |     Date : 21st May 2025
2025-06-17 12:40:49,048 | INFO |     Result : Pass
2025-06-17 12:40:49,796 | INFO |   ✅ Commented on OSV-2494: 'KPIT_TC_DRT_HOM_013.

2025-06-17 12:40:50,277 | INFO | ⏳ Updating 'OSV-2611: KPIT_TC_DRT_KBD_017'...
2025-06-17 12:40:50,278 | INFO |   🔄 Commenting on OSV-2611: 'KPIT_TC_DRT_KBD_017...
2025-06-17 12:40:50,279 | INFO |     Date : 21st May 2025
2025-06-17 12:40:50,279 | INFO |     Result : Pass
2025-06-17 12:40:51,090 | INFO |   ✅ Commented on OSV-2611: 'KPIT_TC_DRT_KBD_017.

2025-06-17 12:40:51,621 | INFO | ⏳ Updating 'OSV-2491: KPIT_TC_DRT_MCS_036'...
2025-06-17 12:40:51,621 | INFO |   🔄 Commenting on OSV-2491: 'KPIT_TC_DRT_MCS_036...
2025-06-17 12:40:51,622 | INFO |     Date : 21st May 2025
2025-06-17 12:40:51,622 | INFO |     Result : Pass
2025-06-17 12:40:52,400 | INFO |   ✅ Commented on OSV-2491: 'KPIT_TC_DRT_MCS_036.

2025-06-17 12:40:52,858 | INFO | ⏳ Updating 'OSV-2485: KPIT_TC_DRT_PRM_003'...
2025-06-17 12:40:52,859 | INFO |   🔄 Commenting on OSV-2485: 'KPIT_TC_DRT_PRM_003...
2025-06-17 12:40:52,859 | INFO |     Date : 21st May 2025
2025-06-17 12:40:52,860 | INFO |     Result : Pass
2025-06-17 12:40:53,656 | INFO |   ✅ Commented on OSV-2485: 'KPIT_TC_DRT_PRM_003.

2025-06-17 12:40:54,174 | INFO | ⏳ Updating 'OSV-2613: KPIT_TC_DRT_SPCCP_021'...
2025-06-17 12:40:54,174 | INFO |   🔄 Commenting on OSV-2613: 'KPIT_TC_DRT_SPCCP_021...
2025-06-17 12:40:54,174 | INFO |     Date : 21st May 2025
2025-06-17 12:40:54,175 | INFO |     Result : Pass
2025-06-17 12:40:55,079 | INFO |   ✅ Commented on OSV-2613: 'KPIT_TC_DRT_SPCCP_021.

2025-06-17 12:40:55,587 | INFO | ⏳ Updating 'OSV-2608: KPIT_TC_DRT_SPCCP_099'...
2025-06-17 12:40:55,588 | INFO |   🔄 Commenting on OSV-2608: 'KPIT_TC_DRT_SPCCP_099...
2025-06-17 12:40:55,588 | INFO |     Date : 21st May 2025
2025-06-17 12:40:55,589 | INFO |     Result : Pass
2025-06-17 12:40:56,731 | INFO |   ✅ Commented on OSV-2608: 'KPIT_TC_DRT_SPCCP_099.

2025-06-17 12:40:57,196 | INFO | ⏳ Updating 'OSV-2496: KPIT_TC_DRT_SUW_003'...
2025-06-17 12:40:57,197 | INFO |   🔄 Commenting on OSV-2496: 'KPIT_TC_DRT_SUW_003...
2025-06-17 12:40:57,197 | INFO |     Date : 21st May 2025
2025-06-17 12:40:57,198 | INFO |     Result : Pass
2025-06-17 12:40:58,254 | INFO |   ✅ Commented on OSV-2496: 'KPIT_TC_DRT_SUW_003.

2025-06-17 12:40:58,676 | INFO | ⏳ Updating 'OSV-2479: KPIT_TC_DRT_SUW_004'...
2025-06-17 12:40:58,676 | INFO |   🔄 Commenting on OSV-2479: 'KPIT_TC_DRT_SUW_004...
2025-06-17 12:40:58,677 | INFO |     Date : 21st May 2025
2025-06-17 12:40:58,677 | INFO |     Result : Pass
2025-06-17 12:40:59,857 | INFO |   ✅ Commented on OSV-2479: 'KPIT_TC_DRT_SUW_004.

2025-06-17 12:41:00,445 | INFO | ⏳ Updating 'OSV-2480: KPIT_TC_DRT_SUW_005'...
2025-06-17 12:41:00,446 | INFO |   🔄 Commenting on OSV-2480: 'KPIT_TC_DRT_SUW_005...
2025-06-17 12:41:00,446 | INFO |     Date : 21st May 2025
2025-06-17 12:41:00,446 | INFO |     Result : Pass
2025-06-17 12:41:02,324 | INFO |   ✅ Commented on OSV-2480: 'KPIT_TC_DRT_SUW_005.

2025-06-17 12:41:02,798 | INFO | ⏳ Updating 'OSV-2481: KPIT_TC_DRT_SUW_006'...
2025-06-17 12:41:02,799 | INFO |   🔄 Commenting on OSV-2481: 'KPIT_TC_DRT_SUW_006...
2025-06-17 12:41:02,799 | INFO |     Date : 21st May 2025
2025-06-17 12:41:02,799 | INFO |     Result : Pass
2025-06-17 12:41:03,919 | INFO |   ✅ Commented on OSV-2481: 'KPIT_TC_DRT_SUW_006.

2025-06-17 12:41:04,391 | INFO | ⏳ Updating 'OSV-2484: KPIT_TC_FNC_AVG_0878_0001'...
2025-06-17 12:41:04,391 | INFO |   🔄 Updating fields for OSV-2484: 'KPIT_TC_FNC_AVG_0878_0001...
2025-06-17 12:41:04,393 | INFO |     Failure Category : Test Env issue
2025-06-17 12:41:04,394 | INFO |     Failure Sub Category : Automation Setup Malfunction
2025-06-17 12:41:04,394 | INFO |     Root Cause Details : Expected volume is more than the recorded one 
2025-06-17 12:41:04,394 | INFO |     Fixation Performed : Fixed Audio Setup.
2025-06-17 12:41:05,503 | INFO |   ✅ Updated fields for OSV-2484: 'KPIT_TC_FNC_AVG_0878_0001.
2025-06-17 12:41:05,503 | INFO |   🔄 Commenting on OSV-2484: 'KPIT_TC_FNC_AVG_0878_0001...
2025-06-17 12:41:05,504 | INFO |     Date : 21st May 2025
2025-06-17 12:41:05,505 | INFO |     Result : Fail
2025-06-17 12:41:05,505 | INFO |     Failure Category : Test Env issue
2025-06-17 12:41:05,506 | INFO |     Failure Sub Category : Automation Setup Malfunction
2025-06-17 12:41:05,506 | INFO |     Root Cause Details : Expected volume is more than the recorded one 
2025-06-17 12:41:05,506 | INFO |     Fixation Performed : Fixed Audio Setup.
2025-06-17 12:41:06,638 | INFO |   ✅ Commented on OSV-2484: 'KPIT_TC_FNC_AVG_0878_0001.

2025-06-17 12:41:07,370 | INFO | ⏳ Updating 'OSV-2495: KPIT_TC_FNC_SPCAA_0447_0001'...
2025-06-17 12:41:07,370 | INFO |   🔄 Commenting on OSV-2495: 'KPIT_TC_FNC_SPCAA_0447_0001...
2025-06-17 12:41:07,371 | INFO |     Date : 21st May 2025
2025-06-17 12:41:07,372 | INFO |     Result : Pass
2025-06-17 12:41:08,482 | INFO |   ✅ Commented on OSV-2495: 'KPIT_TC_FNC_SPCAA_0447_0001.

2025-06-17 12:41:08,985 | INFO | ⏳ Updating 'OSV-2483: KPIT_TC_DRT_MCS_045'...
2025-06-17 12:41:08,985 | INFO |   🔄 Commenting on OSV-2483: 'KPIT_TC_DRT_MCS_045...
2025-06-17 12:41:08,986 | INFO |     Date : 21st May 2025
2025-06-17 12:41:08,986 | INFO |     Result : Pass
2025-06-17 12:41:09,801 | INFO |   ✅ Commented on OSV-2483: 'KPIT_TC_DRT_MCS_045.

2025-06-17 12:41:10,407 | INFO | ⏳ Updating 'OSV-2493: KPIT_TC_DRT_SPCAA_010'...
2025-06-17 12:41:10,407 | INFO |   🔄 Commenting on OSV-2493: 'KPIT_TC_DRT_SPCAA_010...
2025-06-17 12:41:10,408 | INFO |     Date : 21st May 2025
2025-06-17 12:41:10,408 | INFO |     Result : Pass
2025-06-17 12:41:11,936 | INFO |   ✅ Commented on OSV-2493: 'KPIT_TC_DRT_SPCAA_010.

2025-06-17 12:41:12,460 | INFO | ⏳ Updating 'OSV-2492: KPIT_TC_DRT_SPCAA_024'...
2025-06-17 12:41:12,461 | INFO |   🔄 Commenting on OSV-2492: 'KPIT_TC_DRT_SPCAA_024...
2025-06-17 12:41:12,461 | INFO |     Date : 21st May 2025
2025-06-17 12:41:12,461 | INFO |     Result : Pass
2025-06-17 12:41:15,142 | INFO |   ✅ Commented on OSV-2492: 'KPIT_TC_DRT_SPCAA_024.

2025-06-17 12:41:15,637 | INFO | ⏳ Updating 'OSV-2478: KPIT_TC_DRT_SPCAA_078'...
2025-06-17 12:41:15,638 | INFO |   🔄 Commenting on OSV-2478: 'KPIT_TC_DRT_SPCAA_078...
2025-06-17 12:41:15,638 | INFO |     Date : 21st May 2025
2025-06-17 12:41:15,639 | INFO |     Result : Pass
2025-06-17 12:41:18,343 | INFO |   ✅ Commented on OSV-2478: 'KPIT_TC_DRT_SPCAA_078.

2025-06-17 12:41:18,913 | INFO | ⏳ Updating 'OSV-2490: KPIT_TC_DRT_SSR_004'...
2025-06-17 12:41:18,913 | INFO |   🔄 Commenting on OSV-2490: 'KPIT_TC_DRT_SSR_004...
2025-06-17 12:41:18,914 | INFO |     Date : 21st May 2025
2025-06-17 12:41:18,914 | INFO |     Result : Pass
2025-06-17 12:41:21,811 | INFO |   ✅ Commented on OSV-2490: 'KPIT_TC_DRT_SSR_004.

2025-06-17 12:41:22,486 | INFO | ⏳ Updating 'OSV-2482: KPIT_TC_DRT_SSR_012'...
2025-06-17 12:41:22,487 | INFO |   🔄 Commenting on OSV-2482: 'KPIT_TC_DRT_SSR_012...
2025-06-17 12:41:22,487 | INFO |     Date : 21st May 2025
2025-06-17 12:41:22,487 | INFO |     Result : Pass
2025-06-17 12:41:24,897 | INFO |   ✅ Commented on OSV-2482: 'KPIT_TC_DRT_SSR_012.

2025-06-17 12:41:25,361 | INFO | ⏳ Updating 'OSV-2488: KPIT_TC_DRT_USB_060'...
2025-06-17 12:41:25,361 | INFO |   🔄 Commenting on OSV-2488: 'KPIT_TC_DRT_USB_060...
2025-06-17 12:41:25,362 | INFO |     Date : 21st May 2025
2025-06-17 12:41:25,362 | INFO |     Result : Pass
2025-06-17 12:41:27,744 | INFO |   ✅ Commented on OSV-2488: 'KPIT_TC_DRT_USB_060.

