2025-07-24 00:43:03,993 | INFO | ⏳ Updating 'OSV-4384: KPIT_TC_DRT_PRM_011'...
2025-07-24 00:43:03,994 | INFO |   🔄 Commenting on OSV-4384: 'KPIT_TC_DRT_PRM_011...
2025-07-24 00:43:03,995 | INFO |     Date                 : 17th July 2025
2025-07-24 00:43:03,995 | INFO |     Analysis Done By     : Chandrakant
2025-07-24 00:43:03,996 | INFO |     Result               : Pass
2025-07-24 00:43:04,838 | INFO |   ✅ Commented on OSV-4384: 'KPIT_TC_DRT_PRM_011.

2025-07-24 00:43:05,611 | INFO | ⏳ Updating 'OSV-4385: KPIT_TC_DRT_PRM_014'...
2025-07-24 00:43:05,611 | INFO |   🔄 Commenting on OSV-4385: 'KPIT_TC_DRT_PRM_014...
2025-07-24 00:43:05,612 | INFO |     Date                 : 17th July 2025
2025-07-24 00:43:05,614 | INFO |     Analysis Done By     : Chandrakant
2025-07-24 00:43:05,614 | INFO |     Result               : Pass
2025-07-24 00:43:06,546 | INFO |   ✅ Commented on OSV-4385: 'KPIT_TC_DRT_PRM_014.

2025-07-24 00:43:06,859 | INFO | ⏳ Updating 'OSV-3962: KPIT_TC_DRT_PRM_015'...
2025-07-24 00:43:06,860 | INFO |   🔄 Commenting on OSV-3962: 'KPIT_TC_DRT_PRM_015...
2025-07-24 00:43:06,860 | INFO |     Date                 : 17th July 2025
2025-07-24 00:43:06,861 | INFO |     Analysis Done By     : Chandrakant
2025-07-24 00:43:06,862 | INFO |     Result               : Pass
2025-07-24 00:43:07,341 | INFO |   ✅ Commented on OSV-3962: 'KPIT_TC_DRT_PRM_015.

2025-07-24 00:43:07,657 | INFO | ⏳ Updating 'OSV-4403: KPIT_TC_DRT_SUW_003'...
2025-07-24 00:43:07,658 | INFO |   🔄 Commenting on OSV-4403: 'KPIT_TC_DRT_SUW_003...
2025-07-24 00:43:07,659 | INFO |     Date                 : 17th July 2025
2025-07-24 00:43:07,660 | INFO |     Analysis Done By     : Chandrakant
2025-07-24 00:43:07,661 | INFO |     Result               : Pass
2025-07-24 00:43:08,592 | INFO |   ✅ Commented on OSV-4403: 'KPIT_TC_DRT_SUW_003.

2025-07-24 00:43:08,943 | INFO | ⏳ Updating 'OSV-3956: KPIT_TC_DRT_SUW_005'...
2025-07-24 00:43:08,944 | INFO |   🔄 Commenting on OSV-3956: 'KPIT_TC_DRT_SUW_005...
2025-07-24 00:43:08,945 | INFO |     Date                 : 17th July 2025
2025-07-24 00:43:08,945 | INFO |     Analysis Done By     : Chandrakant
2025-07-24 00:43:08,946 | INFO |     Result               : Pass
2025-07-24 00:43:09,826 | INFO |   ✅ Commented on OSV-3956: 'KPIT_TC_DRT_SUW_005.

2025-07-24 00:43:10,144 | INFO | ⏳ Updating 'OSV-4384: KPIT_TC_DRT_PRM_011'...
2025-07-24 00:43:10,145 | INFO |   🔄 Commenting on OSV-4384: 'KPIT_TC_DRT_PRM_011...
2025-07-24 00:43:10,145 | INFO |     Date                 : 21st July 2025
2025-07-24 00:43:10,146 | INFO |     Analysis Done By     : Chandrakant
2025-07-24 00:43:10,147 | INFO |     Result               : Pass
2025-07-24 00:43:10,997 | INFO |   ✅ Commented on OSV-4384: 'KPIT_TC_DRT_PRM_011.

2025-07-24 00:43:11,329 | INFO | ⏳ Updating 'OSV-4385: KPIT_TC_DRT_PRM_014'...
2025-07-24 00:43:11,330 | INFO |   🔄 Commenting on OSV-4385: 'KPIT_TC_DRT_PRM_014...
2025-07-24 00:43:11,331 | INFO |     Date                 : 21st July 2025
2025-07-24 00:43:11,331 | INFO |     Analysis Done By     : Chandrakant
2025-07-24 00:43:11,332 | INFO |     Result               : Pass
2025-07-24 00:43:12,135 | INFO |   ✅ Commented on OSV-4385: 'KPIT_TC_DRT_PRM_014.

2025-07-24 00:43:12,443 | INFO | ⏳ Updating 'OSV-3962: KPIT_TC_DRT_PRM_015'...
2025-07-24 00:43:12,444 | INFO |   🔄 Commenting on OSV-3962: 'KPIT_TC_DRT_PRM_015...
2025-07-24 00:43:12,444 | INFO |     Date                 : 21st July 2025
2025-07-24 00:43:12,445 | INFO |     Analysis Done By     : Chandrakant
2025-07-24 00:43:12,445 | INFO |     Result               : Pass
2025-07-24 00:43:13,443 | INFO |   ✅ Commented on OSV-3962: 'KPIT_TC_DRT_PRM_015.

2025-07-24 00:43:13,772 | INFO | ⏳ Updating 'OSV-4403: KPIT_TC_DRT_SUW_003'...
2025-07-24 00:43:13,773 | INFO |   🔄 Commenting on OSV-4403: 'KPIT_TC_DRT_SUW_003...
2025-07-24 00:43:13,773 | INFO |     Date                 : 21st July 2025
2025-07-24 00:43:13,774 | INFO |     Analysis Done By     : Chandrakant
2025-07-24 00:43:13,774 | INFO |     Result               : Pass
2025-07-24 00:43:14,212 | INFO |   ✅ Commented on OSV-4403: 'KPIT_TC_DRT_SUW_003.

2025-07-24 00:43:14,544 | INFO | ⏳ Updating 'OSV-3956: KPIT_TC_DRT_SUW_005'...
2025-07-24 00:43:14,544 | INFO |   🔄 Commenting on OSV-3956: 'KPIT_TC_DRT_SUW_005...
2025-07-24 00:43:14,544 | INFO |     Date                 : 21st July 2025
2025-07-24 00:43:14,545 | INFO |     Analysis Done By     : Chandrakant
2025-07-24 00:43:14,547 | INFO |     Result               : Pass
2025-07-24 00:43:15,041 | INFO |   ✅ Commented on OSV-3956: 'KPIT_TC_DRT_SUW_005.

2025-07-24 00:43:15,350 | INFO | ⏳ Updating 'OSV-4909: KPIT_TC_DRT_BTA_024'...
2025-07-24 00:43:15,350 | INFO |   🔄 Commenting on OSV-4909: 'KPIT_TC_DRT_BTA_024...
2025-07-24 00:43:15,350 | INFO |     Date                 : 21st July 2025
2025-07-24 00:43:15,351 | INFO |     Analysis Done By     : Chandrakant
2025-07-24 00:43:15,351 | INFO |     Result               : Pass
2025-07-24 00:43:15,814 | INFO |   ✅ Commented on OSV-4909: 'KPIT_TC_DRT_BTA_024.

2025-07-24 00:43:16,129 | INFO | ⏳ Updating 'OSV-4910: KPIT_TC_DRT_BTA_049'...
2025-07-24 00:43:16,129 | INFO |   🔄 Commenting on OSV-4910: 'KPIT_TC_DRT_BTA_049...
2025-07-24 00:43:16,130 | INFO |     Date                 : 21st July 2025
2025-07-24 00:43:16,130 | INFO |     Analysis Done By     : Chandrakant
2025-07-24 00:43:16,130 | INFO |     Result               : Pass
2025-07-24 00:43:16,637 | INFO |   ✅ Commented on OSV-4910: 'KPIT_TC_DRT_BTA_049.

2025-07-24 00:43:16,967 | INFO | ⏳ Updating 'OSV-4912: KPIT_TC_DRT_BTA_032'...
2025-07-24 00:43:16,968 | INFO |   🔄 Commenting on OSV-4912: 'KPIT_TC_DRT_BTA_032...
2025-07-24 00:43:16,969 | INFO |     Date                 : 21st July 2025
2025-07-24 00:43:16,969 | INFO |     Analysis Done By     : Chandrakant
2025-07-24 00:43:16,970 | INFO |     Result               : Pass
2025-07-24 00:43:17,816 | INFO |   ✅ Commented on OSV-4912: 'KPIT_TC_DRT_BTA_032.

2025-07-24 00:43:18,123 | INFO | ⏳ Updating 'OSV-4911: KPIT_TC_DRT_KBD_017'...
2025-07-24 00:43:18,124 | INFO |   🔄 Commenting on OSV-4911: 'KPIT_TC_DRT_KBD_017...
2025-07-24 00:43:18,124 | INFO |     Date                 : 21st July 2025
2025-07-24 00:43:18,125 | INFO |     Analysis Done By     : Chandrakant
2025-07-24 00:43:18,125 | INFO |     Result               : Pass
2025-07-24 00:43:18,649 | INFO |   ✅ Commented on OSV-4911: 'KPIT_TC_DRT_KBD_017.

