2025-07-04 08:57:06,548 | INFO | ⏳ Updating 'OSV-4074: KPIT_TC_DRT_WLC_013'...
2025-07-04 08:57:06,550 | INFO |   🔄 Updating fields for OSV-4074: 'KPIT_TC_DRT_WLC_013...
2025-07-04 08:57:06,551 | INFO |     Failure Category : ICB issue (Always)
2025-07-04 08:57:06,551 | INFO |     Failure Sub Category : Valid Issue
2025-07-04 08:57:06,552 | INFO |     Root Cause Details : PJ04DEF00-3988: Wireless Charger indicator is not displayed on header when information is received from the Wireless Charger via CAN Signals
2025-07-04 08:57:06,552 | INFO |     Fixation Performed : As this is ICB Issue(Valid), Hence can't be fixed.
2025-07-04 08:57:08,099 | INFO |   ✅ Updated fields for OSV-4074: 'KPIT_TC_DRT_WLC_013.
2025-07-04 08:57:08,104 | INFO |   🔄 Commenting on OSV-4074: 'KPIT_TC_DRT_WLC_013...
2025-07-04 08:57:08,104 | INFO |     Date                 : 30th June 2025
2025-07-04 08:57:08,106 | INFO |     Analysis Done By     : Chandrakant
2025-07-04 08:57:08,107 | INFO |     Result               : Fail
2025-07-04 08:57:08,107 | INFO |     Failure Category     : ICB issue (Always)
2025-07-04 08:57:08,108 | INFO |     Failure Sub Category : Valid Issue
2025-07-04 08:57:08,108 | INFO |     Root Cause Details   : PJ04DEF00-3988: Wireless Charger indicator is not displayed on header when information is received from the Wireless Charger via CAN Signals
2025-07-04 08:57:08,118 | INFO |     Fixation Performed   : As this is ICB Issue(Valid), Hence can't be fixed.
2025-07-04 08:57:08,884 | INFO |   ✅ Commented on OSV-4074: 'KPIT_TC_DRT_WLC_013.

2025-07-04 08:57:09,235 | INFO | ⏳ Updating 'OSV-3955: KPIT_TC_DRT_HMI_001'...
2025-07-04 08:57:09,235 | INFO |   🔄 Updating fields for OSV-3955: 'KPIT_TC_DRT_HMI_001...
2025-07-04 08:57:09,236 | INFO |     Failure Category : ICB issue (Once)
2025-07-04 08:57:09,236 | INFO |     Failure Sub Category : Timing Issue
2025-07-04 08:57:09,237 | INFO |     Root Cause Details : While waiting for disclaimer popup, Incorrectly clicked on Android Auto application, Hence further operation failed.
2025-07-04 08:57:09,237 | INFO |     Fixation Performed : No modifications where made, Executed in 3 iterations in daytime, result : Pass. Keeping under observation.
2025-07-04 08:57:10,236 | INFO |   ✅ Updated fields for OSV-3955: 'KPIT_TC_DRT_HMI_001.
2025-07-04 08:57:10,236 | INFO |   🔄 Commenting on OSV-3955: 'KPIT_TC_DRT_HMI_001...
2025-07-04 08:57:10,237 | INFO |     Date                 : 30th June 2025
2025-07-04 08:57:10,237 | INFO |     Analysis Done By     : Chandrakant
2025-07-04 08:57:10,238 | INFO |     Result               : Fail
2025-07-04 08:57:10,238 | INFO |     Failure Category     : ICB issue (Once)
2025-07-04 08:57:10,239 | INFO |     Failure Sub Category : Timing Issue
2025-07-04 08:57:10,239 | INFO |     Root Cause Details   : While waiting for disclaimer popup, Incorrectly clicked on Android Auto application, Hence further operation failed.
2025-07-04 08:57:10,240 | INFO |     Fixation Performed   : No modifications where made, Executed in 3 iterations in daytime, result : Pass. Keeping under observation.
2025-07-04 08:57:10,908 | INFO |   ✅ Commented on OSV-3955: 'KPIT_TC_DRT_HMI_001.

