2025-06-20 01:32:16,514 | INFO | ⏳ Updating 'OSV-3275: KPIT_TC_DRT_KBD_002'...
2025-06-20 01:32:16,515 | INFO |   🔄 Commenting on OSV-3275: 'KPIT_TC_DRT_KBD_002...
2025-06-20 01:32:16,515 | INFO |     Date                 : 11th June 2025
2025-06-20 01:32:16,516 | INFO |     Analysis Done By     : Chandrakant
2025-06-20 01:32:16,517 | INFO |     Result               : Pass
2025-06-20 01:32:17,444 | INFO |   ✅ Commented on OSV-3275: 'KPIT_TC_DRT_KBD_002.

2025-06-20 01:32:17,841 | INFO | ⏳ Updating 'OSV-3286: KPIT_TC_DRT_KBD_004'...
2025-06-20 01:32:17,842 | INFO |   🔄 Commenting on OSV-3286: 'KPIT_TC_DRT_KBD_004...
2025-06-20 01:32:17,843 | INFO |     Date                 : 11th June 2025
2025-06-20 01:32:17,854 | INFO |     Analysis Done By     : Chandrakant
2025-06-20 01:32:17,855 | INFO |     Result               : Pass
2025-06-20 01:32:18,742 | INFO |   ✅ Commented on OSV-3286: 'KPIT_TC_DRT_KBD_004.

2025-06-20 01:32:19,097 | INFO | ⏳ Updating 'OSV-3288: KPIT_TC_DRT_KBD_005'...
2025-06-20 01:32:19,098 | INFO |   🔄 Commenting on OSV-3288: 'KPIT_TC_DRT_KBD_005...
2025-06-20 01:32:19,098 | INFO |     Date                 : 11th June 2025
2025-06-20 01:32:19,099 | INFO |     Analysis Done By     : Chandrakant
2025-06-20 01:32:19,100 | INFO |     Result               : Pass
2025-06-20 01:32:20,042 | INFO |   ✅ Commented on OSV-3288: 'KPIT_TC_DRT_KBD_005.

2025-06-20 01:32:20,407 | INFO | ⏳ Updating 'OSV-3287: KPIT_TC_DRT_KBD_011'...
2025-06-20 01:32:20,408 | INFO |   🔄 Commenting on OSV-3287: 'KPIT_TC_DRT_KBD_011...
2025-06-20 01:32:20,409 | INFO |     Date                 : 11th June 2025
2025-06-20 01:32:20,409 | INFO |     Analysis Done By     : Chandrakant
2025-06-20 01:32:20,410 | INFO |     Result               : Pass
2025-06-20 01:32:20,949 | INFO |   ✅ Commented on OSV-3287: 'KPIT_TC_DRT_KBD_011.

2025-06-20 01:32:21,659 | INFO | ⏳ Updating 'OSV-3279: KPIT_TC_DRT_KBD_012'...
2025-06-20 01:32:21,660 | INFO |   🔄 Commenting on OSV-3279: 'KPIT_TC_DRT_KBD_012...
2025-06-20 01:32:21,661 | INFO |     Date                 : 11th June 2025
2025-06-20 01:32:21,662 | INFO |     Analysis Done By     : Chandrakant
2025-06-20 01:32:21,662 | INFO |     Result               : Pass
2025-06-20 01:32:22,544 | INFO |   ✅ Commented on OSV-3279: 'KPIT_TC_DRT_KBD_012.

2025-06-20 01:32:22,901 | INFO | ⏳ Updating 'OSV-3280: KPIT_TC_DRT_KBD_022'...
2025-06-20 01:32:22,902 | INFO |   🔄 Commenting on OSV-3280: 'KPIT_TC_DRT_KBD_022...
2025-06-20 01:32:22,903 | INFO |     Date                 : 11th June 2025
2025-06-20 01:32:22,903 | INFO |     Analysis Done By     : Chandrakant
2025-06-20 01:32:22,904 | INFO |     Result               : Pass
2025-06-20 01:32:23,809 | INFO |   ✅ Commented on OSV-3280: 'KPIT_TC_DRT_KBD_022.

2025-06-20 01:32:24,193 | INFO | ⏳ Updating 'OSV-3276: KPIT_TC_DRT_KBD_023'...
2025-06-20 01:32:24,194 | INFO |   🔄 Commenting on OSV-3276: 'KPIT_TC_DRT_KBD_023...
2025-06-20 01:32:24,195 | INFO |     Date                 : 11th June 2025
2025-06-20 01:32:24,195 | INFO |     Analysis Done By     : Chandrakant
2025-06-20 01:32:24,196 | INFO |     Result               : Pass
2025-06-20 01:32:25,067 | INFO |   ✅ Commented on OSV-3276: 'KPIT_TC_DRT_KBD_023.

2025-06-20 01:32:25,448 | INFO | ⏳ Updating 'OSV-3277: KPIT_TC_DRT_KBD_024'...
2025-06-20 01:32:25,449 | INFO |   🔄 Commenting on OSV-3277: 'KPIT_TC_DRT_KBD_024...
2025-06-20 01:32:25,450 | INFO |     Date                 : 11th June 2025
2025-06-20 01:32:25,450 | INFO |     Analysis Done By     : Chandrakant
2025-06-20 01:32:25,451 | INFO |     Result               : Pass
2025-06-20 01:32:25,980 | INFO |   ✅ Commented on OSV-3277: 'KPIT_TC_DRT_KBD_024.

2025-06-20 01:32:26,337 | INFO | ⏳ Updating 'OSV-3281: KPIT_TC_DRT_KBD_031'...
2025-06-20 01:32:26,338 | INFO |   🔄 Commenting on OSV-3281: 'KPIT_TC_DRT_KBD_031...
2025-06-20 01:32:26,339 | INFO |     Date                 : 11th June 2025
2025-06-20 01:32:26,340 | INFO |     Analysis Done By     : Chandrakant
2025-06-20 01:32:26,341 | INFO |     Result               : Pass
2025-06-20 01:32:26,770 | INFO |   ✅ Commented on OSV-3281: 'KPIT_TC_DRT_KBD_031.

2025-06-20 01:32:27,152 | INFO | ⏳ Updating 'OSV-3274: KPIT_TC_DRT_KBD_040'...
2025-06-20 01:32:27,153 | INFO |   🔄 Commenting on OSV-3274: 'KPIT_TC_DRT_KBD_040...
2025-06-20 01:32:27,154 | INFO |     Date                 : 11th June 2025
2025-06-20 01:32:27,154 | INFO |     Analysis Done By     : Chandrakant
2025-06-20 01:32:27,155 | INFO |     Result               : Pass
2025-06-20 01:32:27,686 | INFO |   ✅ Commented on OSV-3274: 'KPIT_TC_DRT_KBD_040.

2025-06-20 01:32:28,078 | INFO | ⏳ Updating 'OSV-3278: KPIT_TC_DRT_KBD_041'...
2025-06-20 01:32:28,081 | INFO |   🔄 Commenting on OSV-3278: 'KPIT_TC_DRT_KBD_041...
2025-06-20 01:32:28,084 | INFO |     Date                 : 11th June 2025
2025-06-20 01:32:28,085 | INFO |     Analysis Done By     : Chandrakant
2025-06-20 01:32:28,087 | INFO |     Result               : Pass
2025-06-20 01:32:29,020 | INFO |   ✅ Commented on OSV-3278: 'KPIT_TC_DRT_KBD_041.

2025-06-20 01:32:29,374 | INFO | ⏳ Updating 'OSV-3282: KPIT_TC_DRT_KBD_048'...
2025-06-20 01:32:29,374 | INFO |   🔄 Commenting on OSV-3282: 'KPIT_TC_DRT_KBD_048...
2025-06-20 01:32:29,375 | INFO |     Date                 : 11th June 2025
2025-06-20 01:32:29,375 | INFO |     Analysis Done By     : Chandrakant
2025-06-20 01:32:29,376 | INFO |     Result               : Pass
2025-06-20 01:32:29,829 | INFO |   ✅ Commented on OSV-3282: 'KPIT_TC_DRT_KBD_048.

2025-06-20 01:32:30,205 | INFO | ⏳ Updating 'OSV-3272: KPIT_TC_DRT_KBD_054'...
2025-06-20 01:32:30,205 | INFO |   🔄 Commenting on OSV-3272: 'KPIT_TC_DRT_KBD_054...
2025-06-20 01:32:30,206 | INFO |     Date                 : 11th June 2025
2025-06-20 01:32:30,207 | INFO |     Analysis Done By     : Chandrakant
2025-06-20 01:32:30,208 | INFO |     Result               : Pass
2025-06-20 01:32:30,667 | INFO |   ✅ Commented on OSV-3272: 'KPIT_TC_DRT_KBD_054.

2025-06-20 01:32:31,019 | INFO | ⏳ Updating 'OSV-3273: KPIT_TC_DRT_KBD_055'...
2025-06-20 01:32:31,019 | INFO |   🔄 Commenting on OSV-3273: 'KPIT_TC_DRT_KBD_055...
2025-06-20 01:32:31,020 | INFO |     Date                 : 11th June 2025
2025-06-20 01:32:31,020 | INFO |     Analysis Done By     : Chandrakant
2025-06-20 01:32:31,021 | INFO |     Result               : Pass
2025-06-20 01:32:31,536 | INFO |   ✅ Commented on OSV-3273: 'KPIT_TC_DRT_KBD_055.

2025-06-20 01:32:31,938 | INFO | ⏳ Updating 'OSV-2490: KPIT_TC_DRT_SSR_004'...
2025-06-20 01:32:31,939 | INFO |   🔄 Commenting on OSV-2490: 'KPIT_TC_DRT_SSR_004...
2025-06-20 01:32:31,939 | INFO |     Date                 : 11th June 2025
2025-06-20 01:32:31,940 | INFO |     Analysis Done By     : Chandrakant
2025-06-20 01:32:31,941 | INFO |     Result               : Pass
2025-06-20 01:32:32,405 | INFO |   ✅ Commented on OSV-2490: 'KPIT_TC_DRT_SSR_004.

2025-06-20 01:32:32,802 | INFO | ⏳ Updating 'OSV-2482: KPIT_TC_DRT_SSR_012'...
2025-06-20 01:32:32,803 | INFO |   🔄 Commenting on OSV-2482: 'KPIT_TC_DRT_SSR_012...
2025-06-20 01:32:32,803 | INFO |     Date                 : 11th June 2025
2025-06-20 01:32:32,804 | INFO |     Analysis Done By     : Chandrakant
2025-06-20 01:32:32,804 | INFO |     Result               : Pass
2025-06-20 01:32:33,744 | INFO |   ✅ Commented on OSV-2482: 'KPIT_TC_DRT_SSR_012.

2025-06-20 01:32:34,146 | INFO | ⏳ Updating 'OSV-2480: KPIT_TC_DRT_SUW_005'...
2025-06-20 01:32:34,147 | INFO |   🔄 Commenting on OSV-2480: 'KPIT_TC_DRT_SUW_005...
2025-06-20 01:32:34,148 | INFO |     Date                 : 11th June 2025
2025-06-20 01:32:34,149 | INFO |     Analysis Done By     : Chandrakant
2025-06-20 01:32:34,149 | INFO |     Result               : Pass
2025-06-20 01:32:34,627 | INFO |   ✅ Commented on OSV-2480: 'KPIT_TC_DRT_SUW_005.

2025-06-20 01:32:35,002 | INFO | ⏳ Updating 'OSV-2481: KPIT_TC_DRT_SUW_006'...
2025-06-20 01:32:35,003 | INFO |   🔄 Commenting on OSV-2481: 'KPIT_TC_DRT_SUW_006...
2025-06-20 01:32:35,004 | INFO |     Date                 : 11th June 2025
2025-06-20 01:32:35,004 | INFO |     Analysis Done By     : Chandrakant
2025-06-20 01:32:35,005 | INFO |     Result               : Pass
2025-06-20 01:32:35,544 | INFO |   ✅ Commented on OSV-2481: 'KPIT_TC_DRT_SUW_006.

2025-06-20 01:32:35,933 | INFO | ⏳ Updating 'OSV-3489: KPIT_TC_DRT_AMFM_175'...
2025-06-20 01:32:35,934 | INFO |   🔄 Updating fields for OSV-3489: 'KPIT_TC_DRT_AMFM_175...
2025-06-20 01:32:35,935 | INFO |     Failure Category : Test Env issue
2025-06-20 01:32:35,935 | INFO |     Failure Sub Category : Automation Setup Malfunction
2025-06-20 01:32:35,936 | INFO |     Root Cause Details : Audio Validation Failed.
2025-06-20 01:32:35,937 | INFO |     Fixation Performed : NA
2025-06-20 01:32:36,802 | INFO |   ✅ Updated fields for OSV-3489: 'KPIT_TC_DRT_AMFM_175.
2025-06-20 01:32:36,803 | INFO |   🔄 Commenting on OSV-3489: 'KPIT_TC_DRT_AMFM_175...
2025-06-20 01:32:36,804 | INFO |     Date                 : 11th June 2025
2025-06-20 01:32:36,804 | INFO |     Analysis Done By     : Chandrakant
2025-06-20 01:32:36,805 | INFO |     Result               : Fail
2025-06-20 01:32:36,805 | INFO |     Failure Category     : Test Env issue
2025-06-20 01:32:36,806 | INFO |     Failure Sub Category : Automation Setup Malfunction
2025-06-20 01:32:36,807 | INFO |     Root Cause Details   : Audio Validation Failed.
2025-06-20 01:32:36,807 | INFO |     Fixation Performed   : NA
2025-06-20 01:32:37,298 | INFO |   ✅ Commented on OSV-3489: 'KPIT_TC_DRT_AMFM_175.

2025-06-20 01:32:37,656 | INFO | ⏳ Updating 'OSV-3009: KPIT_TC_DRT_BTA_018'...
2025-06-20 01:32:37,657 | INFO |   🔄 Updating fields for OSV-3009: 'KPIT_TC_DRT_BTA_018...
2025-06-20 01:32:37,658 | INFO |     Failure Category : ICB issue (Always)
2025-06-20 01:32:37,659 | INFO |     Failure Sub Category : Valid Issue
2025-06-20 01:32:37,659 | INFO |     Root Cause Details : PJ04DEF00-3511: Bluetooth MAC Address changes after Factory Data Reset.
2025-06-20 01:32:37,659 | INFO |     Fixation Performed : NA
2025-06-20 01:32:38,522 | INFO |   ✅ Updated fields for OSV-3009: 'KPIT_TC_DRT_BTA_018.
2025-06-20 01:32:38,523 | INFO |   🔄 Commenting on OSV-3009: 'KPIT_TC_DRT_BTA_018...
2025-06-20 01:32:38,523 | INFO |     Date                 : 11th June 2025
2025-06-20 01:32:38,523 | INFO |     Analysis Done By     : Chandrakant
2025-06-20 01:32:38,524 | INFO |     Result               : Fail
2025-06-20 01:32:38,524 | INFO |     Failure Category     : ICB issue (Always)
2025-06-20 01:32:38,525 | INFO |     Failure Sub Category : Valid Issue
2025-06-20 01:32:38,525 | INFO |     Root Cause Details   : PJ04DEF00-3511: Bluetooth MAC Address changes after Factory Data Reset.
2025-06-20 01:32:38,527 | INFO |     Fixation Performed   : NA
2025-06-20 01:32:39,024 | INFO |   ✅ Commented on OSV-3009: 'KPIT_TC_DRT_BTA_018.

2025-06-20 01:32:39,372 | INFO | ⏳ Updating 'OSV-2489: KPIT_TC_DRT_BTA_020'...
2025-06-20 01:32:39,373 | INFO |   🔄 Updating fields for OSV-2489: 'KPIT_TC_DRT_BTA_020...
2025-06-20 01:32:39,373 | INFO |     Failure Category : ICB issue (Always)
2025-06-20 01:32:39,374 | INFO |     Failure Sub Category : Valid Issue
2025-06-20 01:32:39,374 | INFO |     Root Cause Details : PJ04DEF00-3511: Bluetooth MAC Address changes after Factory Data Reset.
2025-06-20 01:32:39,374 | INFO |     Fixation Performed : NA
2025-06-20 01:32:40,275 | INFO |   ✅ Updated fields for OSV-2489: 'KPIT_TC_DRT_BTA_020.
2025-06-20 01:32:40,276 | INFO |   🔄 Commenting on OSV-2489: 'KPIT_TC_DRT_BTA_020...
2025-06-20 01:32:40,276 | INFO |     Date                 : 11th June 2025
2025-06-20 01:32:40,277 | INFO |     Analysis Done By     : Chandrakant
2025-06-20 01:32:40,277 | INFO |     Result               : Fail
2025-06-20 01:32:40,278 | INFO |     Failure Category     : ICB issue (Always)
2025-06-20 01:32:40,278 | INFO |     Failure Sub Category : Valid Issue
2025-06-20 01:32:40,279 | INFO |     Root Cause Details   : PJ04DEF00-3511: Bluetooth MAC Address changes after Factory Data Reset.
2025-06-20 01:32:40,279 | INFO |     Fixation Performed   : NA
2025-06-20 01:32:40,751 | INFO |   ✅ Commented on OSV-2489: 'KPIT_TC_DRT_BTA_020.

2025-06-20 01:32:41,103 | INFO | ⏳ Updating 'OSV-3008: KPIT_TC_DRT_BTA_021'...
2025-06-20 01:32:41,104 | INFO |   🔄 Updating fields for OSV-3008: 'KPIT_TC_DRT_BTA_021...
2025-06-20 01:32:41,105 | INFO |     Failure Category : ICB issue (Always)
2025-06-20 01:32:41,106 | INFO |     Failure Sub Category : Valid Issue
2025-06-20 01:32:41,106 | INFO |     Root Cause Details : PJ04DEF00-3511: Bluetooth MAC Address changes after Factory Data Reset.
2025-06-20 01:32:41,107 | INFO |     Fixation Performed : NA
2025-06-20 01:32:42,107 | INFO |   ✅ Updated fields for OSV-3008: 'KPIT_TC_DRT_BTA_021.
2025-06-20 01:32:42,108 | INFO |   🔄 Commenting on OSV-3008: 'KPIT_TC_DRT_BTA_021...
2025-06-20 01:32:42,108 | INFO |     Date                 : 11th June 2025
2025-06-20 01:32:42,109 | INFO |     Analysis Done By     : Chandrakant
2025-06-20 01:32:42,110 | INFO |     Result               : Fail
2025-06-20 01:32:42,110 | INFO |     Failure Category     : ICB issue (Always)
2025-06-20 01:32:42,111 | INFO |     Failure Sub Category : Valid Issue
2025-06-20 01:32:42,112 | INFO |     Root Cause Details   : PJ04DEF00-3511: Bluetooth MAC Address changes after Factory Data Reset.
2025-06-20 01:32:42,112 | INFO |     Fixation Performed   : NA
2025-06-20 01:32:42,607 | INFO |   ✅ Commented on OSV-3008: 'KPIT_TC_DRT_BTA_021.

2025-06-20 01:32:42,972 | INFO | ⏳ Updating 'OSV-2612: KPIT_TC_DRT_BTA_024'...
2025-06-20 01:32:42,973 | INFO |   🔄 Updating fields for OSV-2612: 'KPIT_TC_DRT_BTA_024...
2025-06-20 01:32:42,973 | INFO |     Failure Category : ICB issue (Always)
2025-06-20 01:32:42,974 | INFO |     Failure Sub Category : Valid Issue
2025-06-20 01:32:42,974 | INFO |     Root Cause Details : PJ04DEF00-3511: Bluetooth MAC Address changes after Factory Data Reset.
2025-06-20 01:32:42,975 | INFO |     Fixation Performed : NA
2025-06-20 01:32:43,868 | INFO |   ✅ Updated fields for OSV-2612: 'KPIT_TC_DRT_BTA_024.
2025-06-20 01:32:43,869 | INFO |   🔄 Commenting on OSV-2612: 'KPIT_TC_DRT_BTA_024...
2025-06-20 01:32:43,870 | INFO |     Date                 : 11th June 2025
2025-06-20 01:32:43,871 | INFO |     Analysis Done By     : Chandrakant
2025-06-20 01:32:43,871 | INFO |     Result               : Fail
2025-06-20 01:32:43,872 | INFO |     Failure Category     : ICB issue (Always)
2025-06-20 01:32:43,872 | INFO |     Failure Sub Category : Valid Issue
2025-06-20 01:32:43,873 | INFO |     Root Cause Details   : PJ04DEF00-3511: Bluetooth MAC Address changes after Factory Data Reset.
2025-06-20 01:32:43,873 | INFO |     Fixation Performed   : NA
2025-06-20 01:32:44,332 | INFO |   ✅ Commented on OSV-2612: 'KPIT_TC_DRT_BTA_024.

2025-06-20 01:32:44,718 | INFO | ⏳ Updating 'OSV-2487: KPIT_TC_DRT_BTA_025'...
2025-06-20 01:32:44,719 | INFO |   🔄 Updating fields for OSV-2487: 'KPIT_TC_DRT_BTA_025...
2025-06-20 01:32:44,719 | INFO |     Failure Category : ICB issue (Always)
2025-06-20 01:32:44,720 | INFO |     Failure Sub Category : Valid Issue
2025-06-20 01:32:44,720 | INFO |     Root Cause Details : PJ04DEF00-3511: Bluetooth MAC Address changes after Factory Data Reset.
2025-06-20 01:32:44,721 | INFO |     Fixation Performed : NA
2025-06-20 01:32:45,674 | INFO |   ✅ Updated fields for OSV-2487: 'KPIT_TC_DRT_BTA_025.
2025-06-20 01:32:45,675 | INFO |   🔄 Commenting on OSV-2487: 'KPIT_TC_DRT_BTA_025...
2025-06-20 01:32:45,676 | INFO |     Date                 : 11th June 2025
2025-06-20 01:32:45,676 | INFO |     Analysis Done By     : Chandrakant
2025-06-20 01:32:45,677 | INFO |     Result               : Fail
2025-06-20 01:32:45,677 | INFO |     Failure Category     : ICB issue (Always)
2025-06-20 01:32:45,678 | INFO |     Failure Sub Category : Valid Issue
2025-06-20 01:32:45,678 | INFO |     Root Cause Details   : PJ04DEF00-3511: Bluetooth MAC Address changes after Factory Data Reset.
2025-06-20 01:32:45,689 | INFO |     Fixation Performed   : NA
2025-06-20 01:32:46,118 | INFO |   ✅ Commented on OSV-2487: 'KPIT_TC_DRT_BTA_025.

2025-06-20 01:32:46,470 | INFO | ⏳ Updating 'OSV-3225: KPIT_TC_DRT_BTA_032'...
2025-06-20 01:32:46,471 | INFO |   🔄 Updating fields for OSV-3225: 'KPIT_TC_DRT_BTA_032...
2025-06-20 01:32:46,471 | INFO |     Failure Category : ICB issue (Always)
2025-06-20 01:32:46,472 | INFO |     Failure Sub Category : Valid Issue
2025-06-20 01:32:46,473 | INFO |     Root Cause Details : PJ04DEF00-3511: Bluetooth MAC Address changes after Factory Data Reset.
2025-06-20 01:32:46,474 | INFO |     Fixation Performed : NA
2025-06-20 01:32:47,345 | INFO |   ✅ Updated fields for OSV-3225: 'KPIT_TC_DRT_BTA_032.
2025-06-20 01:32:47,346 | INFO |   🔄 Commenting on OSV-3225: 'KPIT_TC_DRT_BTA_032...
2025-06-20 01:32:47,347 | INFO |     Date                 : 11th June 2025
2025-06-20 01:32:47,347 | INFO |     Analysis Done By     : Chandrakant
2025-06-20 01:32:47,347 | INFO |     Result               : Fail
2025-06-20 01:32:47,349 | INFO |     Failure Category     : ICB issue (Always)
2025-06-20 01:32:47,349 | INFO |     Failure Sub Category : Valid Issue
2025-06-20 01:32:47,350 | INFO |     Root Cause Details   : PJ04DEF00-3511: Bluetooth MAC Address changes after Factory Data Reset.
2025-06-20 01:32:47,351 | INFO |     Fixation Performed   : NA
2025-06-20 01:32:47,843 | INFO |   ✅ Commented on OSV-3225: 'KPIT_TC_DRT_BTA_032.

2025-06-20 01:32:48,184 | INFO | ⏳ Updating 'OSV-3486: KPIT_TC_DRT_BTA_049'...
2025-06-20 01:32:48,185 | INFO |   🔄 Updating fields for OSV-3486: 'KPIT_TC_DRT_BTA_049...
2025-06-20 01:32:48,185 | INFO |     Failure Category : ICB issue (Always)
2025-06-20 01:32:48,186 | INFO |     Failure Sub Category : Valid Issue
2025-06-20 01:32:48,187 | INFO |     Root Cause Details : PJ04DEF00-3511: Bluetooth MAC Address changes after Factory Data Reset.
2025-06-20 01:32:48,188 | INFO |     Fixation Performed : NA
2025-06-20 01:32:49,099 | INFO |   ✅ Updated fields for OSV-3486: 'KPIT_TC_DRT_BTA_049.
2025-06-20 01:32:49,100 | INFO |   🔄 Commenting on OSV-3486: 'KPIT_TC_DRT_BTA_049...
2025-06-20 01:32:49,101 | INFO |     Date                 : 11th June 2025
2025-06-20 01:32:49,101 | INFO |     Analysis Done By     : Chandrakant
2025-06-20 01:32:49,103 | INFO |     Result               : Fail
2025-06-20 01:32:49,104 | INFO |     Failure Category     : ICB issue (Always)
2025-06-20 01:32:49,105 | INFO |     Failure Sub Category : Valid Issue
2025-06-20 01:32:49,106 | INFO |     Root Cause Details   : PJ04DEF00-3511: Bluetooth MAC Address changes after Factory Data Reset.
2025-06-20 01:32:49,107 | INFO |     Fixation Performed   : NA
2025-06-20 01:32:49,625 | INFO |   ✅ Commented on OSV-3486: 'KPIT_TC_DRT_BTA_049.

2025-06-20 01:32:50,001 | INFO | ⏳ Updating 'OSV-2610: KPIT_TC_DRT_BTA_053'...
2025-06-20 01:32:50,002 | INFO |   🔄 Updating fields for OSV-2610: 'KPIT_TC_DRT_BTA_053...
2025-06-20 01:32:50,002 | INFO |     Failure Category : ICB issue (Always)
2025-06-20 01:32:50,003 | INFO |     Failure Sub Category : Valid Issue
2025-06-20 01:32:50,004 | INFO |     Root Cause Details : PJ04DEF00-3511: Bluetooth MAC Address changes after Factory Data Reset.
2025-06-20 01:32:50,005 | INFO |     Fixation Performed : NA
2025-06-20 01:32:50,889 | INFO |   ✅ Updated fields for OSV-2610: 'KPIT_TC_DRT_BTA_053.
2025-06-20 01:32:50,890 | INFO |   🔄 Commenting on OSV-2610: 'KPIT_TC_DRT_BTA_053...
2025-06-20 01:32:50,890 | INFO |     Date                 : 11th June 2025
2025-06-20 01:32:50,891 | INFO |     Analysis Done By     : Chandrakant
2025-06-20 01:32:50,892 | INFO |     Result               : Fail
2025-06-20 01:32:50,893 | INFO |     Failure Category     : ICB issue (Always)
2025-06-20 01:32:50,893 | INFO |     Failure Sub Category : Valid Issue
2025-06-20 01:32:50,894 | INFO |     Root Cause Details   : PJ04DEF00-3511: Bluetooth MAC Address changes after Factory Data Reset.
2025-06-20 01:32:50,895 | INFO |     Fixation Performed   : NA
2025-06-20 01:32:51,321 | INFO |   ✅ Commented on OSV-2610: 'KPIT_TC_DRT_BTA_053.

2025-06-20 01:32:51,700 | INFO | ⏳ Updating 'OSV-2770: KPIT_TC_DRT_HED_013'...
2025-06-20 01:32:51,701 | INFO |   🔄 Updating fields for OSV-2770: 'KPIT_TC_DRT_HED_013...
2025-06-20 01:32:51,702 | INFO |     Failure Category : ICB issue (Always)
2025-06-20 01:32:51,703 | INFO |     Failure Sub Category : Valid Issue
2025-06-20 01:32:51,704 | INFO |     Root Cause Details : PJ04DEF00-3511: Bluetooth MAC Address changes after Factory Data Reset.
2025-06-20 01:32:51,705 | INFO |     Fixation Performed : NA
2025-06-20 01:32:52,899 | INFO |   ✅ Updated fields for OSV-2770: 'KPIT_TC_DRT_HED_013.
2025-06-20 01:32:52,900 | INFO |   🔄 Commenting on OSV-2770: 'KPIT_TC_DRT_HED_013...
2025-06-20 01:32:52,901 | INFO |     Date                 : 11th June 2025
2025-06-20 01:32:52,901 | INFO |     Analysis Done By     : Chandrakant
2025-06-20 01:32:52,902 | INFO |     Result               : Fail
2025-06-20 01:32:52,902 | INFO |     Failure Category     : ICB issue (Always)
2025-06-20 01:32:52,903 | INFO |     Failure Sub Category : Valid Issue
2025-06-20 01:32:52,904 | INFO |     Root Cause Details   : PJ04DEF00-3511: Bluetooth MAC Address changes after Factory Data Reset.
2025-06-20 01:32:52,904 | INFO |     Fixation Performed   : NA
2025-06-20 01:32:53,443 | INFO |   ✅ Commented on OSV-2770: 'KPIT_TC_DRT_HED_013.

2025-06-20 01:32:54,170 | INFO | ⏳ Updating 'OSV-3488: KPIT_TC_DRT_HFT_017'...
2025-06-20 01:32:54,171 | INFO |   🔄 Updating fields for OSV-3488: 'KPIT_TC_DRT_HFT_017...
2025-06-20 01:32:54,171 | INFO |     Failure Category : ICB issue (Always)
2025-06-20 01:32:54,173 | INFO |     Failure Sub Category : Valid Issue
2025-06-20 01:32:54,174 | INFO |     Root Cause Details : PJ04DEF00-3511: Bluetooth MAC Address changes after Factory Data Reset.
2025-06-20 01:32:54,174 | INFO |     Fixation Performed : NA
2025-06-20 01:32:55,371 | INFO |   ✅ Updated fields for OSV-3488: 'KPIT_TC_DRT_HFT_017.
2025-06-20 01:32:55,372 | INFO |   🔄 Commenting on OSV-3488: 'KPIT_TC_DRT_HFT_017...
2025-06-20 01:32:55,373 | INFO |     Date                 : 11th June 2025
2025-06-20 01:32:55,374 | INFO |     Analysis Done By     : Chandrakant
2025-06-20 01:32:55,375 | INFO |     Result               : Fail
2025-06-20 01:32:55,375 | INFO |     Failure Category     : ICB issue (Always)
2025-06-20 01:32:55,376 | INFO |     Failure Sub Category : Valid Issue
2025-06-20 01:32:55,377 | INFO |     Root Cause Details   : PJ04DEF00-3511: Bluetooth MAC Address changes after Factory Data Reset.
2025-06-20 01:32:55,378 | INFO |     Fixation Performed   : NA
2025-06-20 01:32:55,852 | INFO |   ✅ Commented on OSV-3488: 'KPIT_TC_DRT_HFT_017.

2025-06-20 01:32:56,258 | INFO | ⏳ Updating 'OSV-3493: KPIT_TC_DRT_HFT_046'...
2025-06-20 01:32:56,259 | INFO |   🔄 Updating fields for OSV-3493: 'KPIT_TC_DRT_HFT_046...
2025-06-20 01:32:56,259 | INFO |     Failure Category : ICB issue (Always)
2025-06-20 01:32:56,260 | INFO |     Failure Sub Category : Valid Issue
2025-06-20 01:32:56,261 | INFO |     Root Cause Details : PJ04DEF00-3511: Bluetooth MAC Address changes after Factory Data Reset.
2025-06-20 01:32:56,262 | INFO |     Fixation Performed : NA
2025-06-20 01:32:57,077 | INFO |   ✅ Updated fields for OSV-3493: 'KPIT_TC_DRT_HFT_046.
2025-06-20 01:32:57,078 | INFO |   🔄 Commenting on OSV-3493: 'KPIT_TC_DRT_HFT_046...
2025-06-20 01:32:57,079 | INFO |     Date                 : 11th June 2025
2025-06-20 01:32:57,080 | INFO |     Analysis Done By     : Chandrakant
2025-06-20 01:32:57,081 | INFO |     Result               : Fail
2025-06-20 01:32:57,081 | INFO |     Failure Category     : ICB issue (Always)
2025-06-20 01:32:57,082 | INFO |     Failure Sub Category : Valid Issue
2025-06-20 01:32:57,083 | INFO |     Root Cause Details   : PJ04DEF00-3511: Bluetooth MAC Address changes after Factory Data Reset.
2025-06-20 01:32:57,084 | INFO |     Fixation Performed   : NA
2025-06-20 01:32:57,534 | INFO |   ✅ Commented on OSV-3493: 'KPIT_TC_DRT_HFT_046.

2025-06-20 01:32:57,896 | INFO | ⏳ Updating 'OSV-3483: KPIT_TC_DRT_HFT_047'...
2025-06-20 01:32:57,897 | INFO |   🔄 Updating fields for OSV-3483: 'KPIT_TC_DRT_HFT_047...
2025-06-20 01:32:57,897 | INFO |     Failure Category : ICB issue (Always)
2025-06-20 01:32:57,898 | INFO |     Failure Sub Category : Valid Issue
2025-06-20 01:32:57,899 | INFO |     Root Cause Details : PJ04DEF00-3511: Bluetooth MAC Address changes after Factory Data Reset.
2025-06-20 01:32:57,900 | INFO |     Fixation Performed : NA
2025-06-20 01:32:58,740 | INFO |   ✅ Updated fields for OSV-3483: 'KPIT_TC_DRT_HFT_047.
2025-06-20 01:32:58,741 | INFO |   🔄 Commenting on OSV-3483: 'KPIT_TC_DRT_HFT_047...
2025-06-20 01:32:58,741 | INFO |     Date                 : 11th June 2025
2025-06-20 01:32:58,742 | INFO |     Analysis Done By     : Chandrakant
2025-06-20 01:32:58,743 | INFO |     Result               : Fail
2025-06-20 01:32:58,743 | INFO |     Failure Category     : ICB issue (Always)
2025-06-20 01:32:58,744 | INFO |     Failure Sub Category : Valid Issue
2025-06-20 01:32:58,744 | INFO |     Root Cause Details   : PJ04DEF00-3511: Bluetooth MAC Address changes after Factory Data Reset.
2025-06-20 01:32:58,745 | INFO |     Fixation Performed   : NA
2025-06-20 01:32:59,248 | INFO |   ✅ Commented on OSV-3483: 'KPIT_TC_DRT_HFT_047.

2025-06-20 01:32:59,610 | INFO | ⏳ Updating 'OSV-2607: KPIT_TC_DRT_HFT_048'...
2025-06-20 01:32:59,611 | INFO |   🔄 Updating fields for OSV-2607: 'KPIT_TC_DRT_HFT_048...
2025-06-20 01:32:59,612 | INFO |     Failure Category : ICB issue (Always)
2025-06-20 01:32:59,613 | INFO |     Failure Sub Category : Valid Issue
2025-06-20 01:32:59,613 | INFO |     Root Cause Details : PJ04DEF00-3511: Bluetooth MAC Address changes after Factory Data Reset.
2025-06-20 01:32:59,614 | INFO |     Fixation Performed : NA
2025-06-20 01:33:00,482 | INFO |   ✅ Updated fields for OSV-2607: 'KPIT_TC_DRT_HFT_048.
2025-06-20 01:33:00,482 | INFO |   🔄 Commenting on OSV-2607: 'KPIT_TC_DRT_HFT_048...
2025-06-20 01:33:00,483 | INFO |     Date                 : 11th June 2025
2025-06-20 01:33:00,484 | INFO |     Analysis Done By     : Chandrakant
2025-06-20 01:33:00,485 | INFO |     Result               : Fail
2025-06-20 01:33:00,485 | INFO |     Failure Category     : ICB issue (Always)
2025-06-20 01:33:00,486 | INFO |     Failure Sub Category : Valid Issue
2025-06-20 01:33:00,487 | INFO |     Root Cause Details   : PJ04DEF00-3511: Bluetooth MAC Address changes after Factory Data Reset.
2025-06-20 01:33:00,487 | INFO |     Fixation Performed   : NA
2025-06-20 01:33:00,943 | INFO |   ✅ Commented on OSV-2607: 'KPIT_TC_DRT_HFT_048.

2025-06-20 01:33:01,343 | INFO | ⏳ Updating 'OSV-3484: KPIT_TC_DRT_HFT_052'...
2025-06-20 01:33:01,344 | INFO |   🔄 Updating fields for OSV-3484: 'KPIT_TC_DRT_HFT_052...
2025-06-20 01:33:01,345 | INFO |     Failure Category : ICB issue (Always)
2025-06-20 01:33:01,346 | INFO |     Failure Sub Category : Valid Issue
2025-06-20 01:33:01,346 | INFO |     Root Cause Details : PJ04DEF00-3511: Bluetooth MAC Address changes after Factory Data Reset.
2025-06-20 01:33:01,347 | INFO |     Fixation Performed : NA
2025-06-20 01:33:02,232 | INFO |   ✅ Updated fields for OSV-3484: 'KPIT_TC_DRT_HFT_052.
2025-06-20 01:33:02,233 | INFO |   🔄 Commenting on OSV-3484: 'KPIT_TC_DRT_HFT_052...
2025-06-20 01:33:02,233 | INFO |     Date                 : 11th June 2025
2025-06-20 01:33:02,233 | INFO |     Analysis Done By     : Chandrakant
2025-06-20 01:33:02,234 | INFO |     Result               : Fail
2025-06-20 01:33:02,234 | INFO |     Failure Category     : ICB issue (Always)
2025-06-20 01:33:02,235 | INFO |     Failure Sub Category : Valid Issue
2025-06-20 01:33:02,236 | INFO |     Root Cause Details   : PJ04DEF00-3511: Bluetooth MAC Address changes after Factory Data Reset.
2025-06-20 01:33:02,237 | INFO |     Fixation Performed   : NA
2025-06-20 01:33:03,142 | INFO |   ✅ Commented on OSV-3484: 'KPIT_TC_DRT_HFT_052.

2025-06-20 01:33:03,508 | INFO | ⏳ Updating 'OSV-3485: KPIT_TC_DRT_HFT_054'...
2025-06-20 01:33:03,509 | INFO |   🔄 Updating fields for OSV-3485: 'KPIT_TC_DRT_HFT_054...
2025-06-20 01:33:03,510 | INFO |     Failure Category : ICB issue (Always)
2025-06-20 01:33:03,511 | INFO |     Failure Sub Category : Valid Issue
2025-06-20 01:33:03,511 | INFO |     Root Cause Details : PJ04DEF00-3511: Bluetooth MAC Address changes after Factory Data Reset.
2025-06-20 01:33:03,512 | INFO |     Fixation Performed : NA
2025-06-20 01:33:04,384 | INFO |   ✅ Updated fields for OSV-3485: 'KPIT_TC_DRT_HFT_054.
2025-06-20 01:33:04,385 | INFO |   🔄 Commenting on OSV-3485: 'KPIT_TC_DRT_HFT_054...
2025-06-20 01:33:04,386 | INFO |     Date                 : 11th June 2025
2025-06-20 01:33:04,387 | INFO |     Analysis Done By     : Chandrakant
2025-06-20 01:33:04,388 | INFO |     Result               : Fail
2025-06-20 01:33:04,388 | INFO |     Failure Category     : ICB issue (Always)
2025-06-20 01:33:04,389 | INFO |     Failure Sub Category : Valid Issue
2025-06-20 01:33:04,390 | INFO |     Root Cause Details   : PJ04DEF00-3511: Bluetooth MAC Address changes after Factory Data Reset.
2025-06-20 01:33:04,391 | INFO |     Fixation Performed   : NA
2025-06-20 01:33:04,811 | INFO |   ✅ Commented on OSV-3485: 'KPIT_TC_DRT_HFT_054.

2025-06-20 01:33:05,136 | INFO | ⏳ Updating 'OSV-3487: KPIT_TC_DRT_HFT_059'...
2025-06-20 01:33:05,137 | INFO |   🔄 Updating fields for OSV-3487: 'KPIT_TC_DRT_HFT_059...
2025-06-20 01:33:05,137 | INFO |     Failure Category : ICB issue (Always)
2025-06-20 01:33:05,139 | INFO |     Failure Sub Category : Valid Issue
2025-06-20 01:33:05,139 | INFO |     Root Cause Details : PJ04DEF00-3511: Bluetooth MAC Address changes after Factory Data Reset.
2025-06-20 01:33:05,140 | INFO |     Fixation Performed : NA
2025-06-20 01:33:06,036 | INFO |   ✅ Updated fields for OSV-3487: 'KPIT_TC_DRT_HFT_059.
2025-06-20 01:33:06,036 | INFO |   🔄 Commenting on OSV-3487: 'KPIT_TC_DRT_HFT_059...
2025-06-20 01:33:06,037 | INFO |     Date                 : 11th June 2025
2025-06-20 01:33:06,038 | INFO |     Analysis Done By     : Chandrakant
2025-06-20 01:33:06,038 | INFO |     Result               : Fail
2025-06-20 01:33:06,039 | INFO |     Failure Category     : ICB issue (Always)
2025-06-20 01:33:06,040 | INFO |     Failure Sub Category : Valid Issue
2025-06-20 01:33:06,040 | INFO |     Root Cause Details   : PJ04DEF00-3511: Bluetooth MAC Address changes after Factory Data Reset.
2025-06-20 01:33:06,041 | INFO |     Fixation Performed   : NA
2025-06-20 01:33:06,506 | INFO |   ✅ Commented on OSV-3487: 'KPIT_TC_DRT_HFT_059.

2025-06-20 01:33:06,840 | INFO | ⏳ Updating 'OSV-2609: KPIT_TC_DRT_HMI_001'...
2025-06-20 01:33:06,843 | INFO |   🔄 Updating fields for OSV-2609: 'KPIT_TC_DRT_HMI_001...
2025-06-20 01:33:06,845 | INFO |     Failure Category : ICB issue (Always)
2025-06-20 01:33:06,848 | INFO |     Failure Sub Category : Valid Issue
2025-06-20 01:33:06,850 | INFO |     Root Cause Details : PJ04DEF00-3511: Bluetooth MAC Address changes after Factory Data Reset.
2025-06-20 01:33:06,852 | INFO |     Fixation Performed : NA
2025-06-20 01:33:07,684 | INFO |   ✅ Updated fields for OSV-2609: 'KPIT_TC_DRT_HMI_001.
2025-06-20 01:33:07,685 | INFO |   🔄 Commenting on OSV-2609: 'KPIT_TC_DRT_HMI_001...
2025-06-20 01:33:07,686 | INFO |     Date                 : 11th June 2025
2025-06-20 01:33:07,686 | INFO |     Analysis Done By     : Chandrakant
2025-06-20 01:33:07,687 | INFO |     Result               : Fail
2025-06-20 01:33:07,688 | INFO |     Failure Category     : ICB issue (Always)
2025-06-20 01:33:07,688 | INFO |     Failure Sub Category : Valid Issue
2025-06-20 01:33:07,689 | INFO |     Root Cause Details   : PJ04DEF00-3511: Bluetooth MAC Address changes after Factory Data Reset.
2025-06-20 01:33:07,689 | INFO |     Fixation Performed   : NA
2025-06-20 01:33:08,122 | INFO |   ✅ Commented on OSV-2609: 'KPIT_TC_DRT_HMI_001.

2025-06-20 01:33:08,526 | INFO | ⏳ Updating 'OSV-3010: KPIT_TC_DRT_IPD_1193'...
2025-06-20 01:33:08,527 | INFO |   🔄 Updating fields for OSV-3010: 'KPIT_TC_DRT_IPD_1193...
2025-06-20 01:33:08,527 | INFO |     Failure Category : Test Env issue
2025-06-20 01:33:08,527 | INFO |     Failure Sub Category : Automation Setup Malfunction
2025-06-20 01:33:08,527 | INFO |     Root Cause Details : iPod disconnected.
2025-06-20 01:33:08,529 | INFO |     Fixation Performed : NA
2025-06-20 01:33:09,415 | INFO |   ✅ Updated fields for OSV-3010: 'KPIT_TC_DRT_IPD_1193.
2025-06-20 01:33:09,416 | INFO |   🔄 Commenting on OSV-3010: 'KPIT_TC_DRT_IPD_1193...
2025-06-20 01:33:09,416 | INFO |     Date                 : 11th June 2025
2025-06-20 01:33:09,418 | INFO |     Analysis Done By     : Chandrakant
2025-06-20 01:33:09,418 | INFO |     Result               : Fail
2025-06-20 01:33:09,418 | INFO |     Failure Category     : Test Env issue
2025-06-20 01:33:09,418 | INFO |     Failure Sub Category : Automation Setup Malfunction
2025-06-20 01:33:09,419 | INFO |     Root Cause Details   : iPod disconnected.
2025-06-20 01:33:09,419 | INFO |     Fixation Performed   : NA
2025-06-20 01:33:09,998 | INFO |   ✅ Commented on OSV-3010: 'KPIT_TC_DRT_IPD_1193.

2025-06-20 01:33:10,346 | INFO | ⏳ Updating 'OSV-3490: KPIT_TC_DRT_KBD_003'...
2025-06-20 01:33:10,347 | INFO |   🔄 Updating fields for OSV-3490: 'KPIT_TC_DRT_KBD_003...
2025-06-20 01:33:10,347 | INFO |     Failure Category : ICB issue (Always)
2025-06-20 01:33:10,348 | INFO |     Failure Sub Category : Valid Issue
2025-06-20 01:33:10,348 | INFO |     Root Cause Details : PJ04DEF00-3511: Bluetooth MAC Address changes after Factory Data Reset.
2025-06-20 01:33:10,349 | INFO |     Fixation Performed : NA
2025-06-20 01:33:11,292 | INFO |   ✅ Updated fields for OSV-3490: 'KPIT_TC_DRT_KBD_003.
2025-06-20 01:33:11,292 | INFO |   🔄 Commenting on OSV-3490: 'KPIT_TC_DRT_KBD_003...
2025-06-20 01:33:11,293 | INFO |     Date                 : 11th June 2025
2025-06-20 01:33:11,294 | INFO |     Analysis Done By     : Chandrakant
2025-06-20 01:33:11,294 | INFO |     Result               : Fail
2025-06-20 01:33:11,294 | INFO |     Failure Category     : ICB issue (Always)
2025-06-20 01:33:11,294 | INFO |     Failure Sub Category : Valid Issue
2025-06-20 01:33:11,296 | INFO |     Root Cause Details   : PJ04DEF00-3511: Bluetooth MAC Address changes after Factory Data Reset.
2025-06-20 01:33:11,297 | INFO |     Fixation Performed   : NA
2025-06-20 01:33:12,229 | INFO |   ✅ Commented on OSV-3490: 'KPIT_TC_DRT_KBD_003.

2025-06-20 01:33:12,551 | INFO | ⏳ Updating 'OSV-2611: KPIT_TC_DRT_KBD_017'...
2025-06-20 01:33:12,553 | INFO |   🔄 Updating fields for OSV-2611: 'KPIT_TC_DRT_KBD_017...
2025-06-20 01:33:12,553 | INFO |     Failure Category : Test Env issue
2025-06-20 01:33:12,553 | INFO |     Failure Sub Category : Automation Setup Malfunction
2025-06-20 01:33:12,554 | INFO |     Root Cause Details : Keyboard Input Language is not get set to Francais, Even if the robot click performed.
2025-06-20 01:33:12,554 | INFO |     Fixation Performed : NA
2025-06-20 01:33:13,219 | INFO |   ✅ Updated fields for OSV-2611: 'KPIT_TC_DRT_KBD_017.
2025-06-20 01:33:13,220 | INFO |   🔄 Commenting on OSV-2611: 'KPIT_TC_DRT_KBD_017...
2025-06-20 01:33:13,220 | INFO |     Date                 : 11th June 2025
2025-06-20 01:33:13,221 | INFO |     Analysis Done By     : Chandrakant
2025-06-20 01:33:13,221 | INFO |     Result               : Fail
2025-06-20 01:33:13,221 | INFO |     Failure Category     : Test Env issue
2025-06-20 01:33:13,222 | INFO |     Failure Sub Category : Automation Setup Malfunction
2025-06-20 01:33:13,222 | INFO |     Root Cause Details   : Keyboard Input Language is not get set to Francais, Even if the robot click performed.
2025-06-20 01:33:13,223 | INFO |     Fixation Performed   : NA
2025-06-20 01:33:14,023 | INFO |   ✅ Commented on OSV-2611: 'KPIT_TC_DRT_KBD_017.

2025-06-20 01:33:14,346 | INFO | ⏳ Updating 'OSV-3007: KPIT_TC_DRT_SND_039'...
2025-06-20 01:33:14,347 | INFO |   🔄 Updating fields for OSV-3007: 'KPIT_TC_DRT_SND_039...
2025-06-20 01:33:14,347 | INFO |     Failure Category : KITE issue
2025-06-20 01:33:14,348 | INFO |     Failure Sub Category : Image Comparision
2025-06-20 01:33:14,349 | INFO |     Root Cause Details : Incorrect text is detected for OCR.
2025-06-20 01:33:14,349 | INFO |     Fixation Performed : NA
2025-06-20 01:33:15,205 | INFO |   ✅ Updated fields for OSV-3007: 'KPIT_TC_DRT_SND_039.
2025-06-20 01:33:15,207 | INFO |   🔄 Commenting on OSV-3007: 'KPIT_TC_DRT_SND_039...
2025-06-20 01:33:15,207 | INFO |     Date                 : 11th June 2025
2025-06-20 01:33:15,208 | INFO |     Analysis Done By     : Chandrakant
2025-06-20 01:33:15,209 | INFO |     Result               : Fail
2025-06-20 01:33:15,209 | INFO |     Failure Category     : KITE issue
2025-06-20 01:33:15,209 | INFO |     Failure Sub Category : Image Comparision
2025-06-20 01:33:15,210 | INFO |     Root Cause Details   : Incorrect text is detected for OCR.
2025-06-20 01:33:15,211 | INFO |     Fixation Performed   : NA
2025-06-20 01:33:15,755 | INFO |   ✅ Commented on OSV-3007: 'KPIT_TC_DRT_SND_039.

2025-06-20 01:33:16,120 | INFO | ⏳ Updating 'OSV-2613: KPIT_TC_DRT_SPCCP_021'...
2025-06-20 01:33:16,121 | INFO |   🔄 Updating fields for OSV-2613: 'KPIT_TC_DRT_SPCCP_021...
2025-06-20 01:33:16,121 | INFO |     Failure Category : ICB issue (Always)
2025-06-20 01:33:16,122 | INFO |     Failure Sub Category : Valid Issue
2025-06-20 01:33:16,123 | INFO |     Root Cause Details : PJ04DEF00-3511: Bluetooth MAC Address changes after Factory Data Reset.
2025-06-20 01:33:16,123 | INFO |     Fixation Performed : NA
2025-06-20 01:33:17,013 | INFO |   ✅ Updated fields for OSV-2613: 'KPIT_TC_DRT_SPCCP_021.
2025-06-20 01:33:17,014 | INFO |   🔄 Commenting on OSV-2613: 'KPIT_TC_DRT_SPCCP_021...
2025-06-20 01:33:17,014 | INFO |     Date                 : 11th June 2025
2025-06-20 01:33:17,015 | INFO |     Analysis Done By     : Chandrakant
2025-06-20 01:33:17,015 | INFO |     Result               : Fail
2025-06-20 01:33:17,015 | INFO |     Failure Category     : ICB issue (Always)
2025-06-20 01:33:17,016 | INFO |     Failure Sub Category : Valid Issue
2025-06-20 01:33:17,016 | INFO |     Root Cause Details   : PJ04DEF00-3511: Bluetooth MAC Address changes after Factory Data Reset.
2025-06-20 01:33:17,016 | INFO |     Fixation Performed   : NA
2025-06-20 01:33:17,639 | INFO |   ✅ Commented on OSV-2613: 'KPIT_TC_DRT_SPCCP_021.

2025-06-20 01:33:18,049 | INFO | ⏳ Updating 'OSV-2608: KPIT_TC_DRT_SPCCP_099'...
2025-06-20 01:33:18,050 | INFO |   🔄 Updating fields for OSV-2608: 'KPIT_TC_DRT_SPCCP_099...
2025-06-20 01:33:18,050 | INFO |     Failure Category : ICB issue (Always)
2025-06-20 01:33:18,052 | INFO |     Failure Sub Category : Valid Issue
2025-06-20 01:33:18,052 | INFO |     Root Cause Details : PJ04DEF00-3511: Bluetooth MAC Address changes after Factory Data Reset.
2025-06-20 01:33:18,053 | INFO |     Fixation Performed : NA
2025-06-20 01:33:18,919 | INFO |   ✅ Updated fields for OSV-2608: 'KPIT_TC_DRT_SPCCP_099.
2025-06-20 01:33:18,919 | INFO |   🔄 Commenting on OSV-2608: 'KPIT_TC_DRT_SPCCP_099...
2025-06-20 01:33:18,920 | INFO |     Date                 : 11th June 2025
2025-06-20 01:33:18,921 | INFO |     Analysis Done By     : Chandrakant
2025-06-20 01:33:18,921 | INFO |     Result               : Fail
2025-06-20 01:33:18,922 | INFO |     Failure Category     : ICB issue (Always)
2025-06-20 01:33:18,922 | INFO |     Failure Sub Category : Valid Issue
2025-06-20 01:33:18,923 | INFO |     Root Cause Details   : PJ04DEF00-3511: Bluetooth MAC Address changes after Factory Data Reset.
2025-06-20 01:33:18,923 | INFO |     Fixation Performed   : NA
2025-06-20 01:33:19,484 | INFO |   ✅ Commented on OSV-2608: 'KPIT_TC_DRT_SPCCP_099.

2025-06-20 01:33:19,929 | INFO | ⏳ Updating 'OSV-2488: KPIT_TC_DRT_USB_060'...
2025-06-20 01:33:19,929 | INFO |   🔄 Updating fields for OSV-2488: 'KPIT_TC_DRT_USB_060...
2025-06-20 01:33:19,930 | INFO |     Failure Category : Test Env issue
2025-06-20 01:33:19,930 | INFO |     Failure Sub Category : Automation Setup Malfunction
2025-06-20 01:33:19,930 | INFO |     Root Cause Details : Audio Validation for Music1_Folder1 failed.
2025-06-20 01:33:19,931 | INFO |     Fixation Performed : NA
2025-06-20 01:33:20,923 | INFO |   ✅ Updated fields for OSV-2488: 'KPIT_TC_DRT_USB_060.
2025-06-20 01:33:20,924 | INFO |   🔄 Commenting on OSV-2488: 'KPIT_TC_DRT_USB_060...
2025-06-20 01:33:20,924 | INFO |     Date                 : 11th June 2025
2025-06-20 01:33:20,924 | INFO |     Analysis Done By     : Chandrakant
2025-06-20 01:33:20,925 | INFO |     Result               : Fail
2025-06-20 01:33:20,925 | INFO |     Failure Category     : Test Env issue
2025-06-20 01:33:20,925 | INFO |     Failure Sub Category : Automation Setup Malfunction
2025-06-20 01:33:20,926 | INFO |     Root Cause Details   : Audio Validation for Music1_Folder1 failed.
2025-06-20 01:33:20,927 | INFO |     Fixation Performed   : NA
2025-06-20 01:33:21,362 | INFO |   ✅ Commented on OSV-2488: 'KPIT_TC_DRT_USB_060.

2025-06-20 01:33:21,728 | INFO | ⏳ Updating 'OSV-3491: KPIT_TC_DRT_USB_102'...
2025-06-20 01:33:21,729 | INFO |   🔄 Updating fields for OSV-3491: 'KPIT_TC_DRT_USB_102...
2025-06-20 01:33:21,730 | INFO |     Failure Category : ICB issue (Once)
2025-06-20 01:33:21,730 | INFO |     Failure Sub Category : Once Seen
2025-06-20 01:33:21,731 | INFO |     Root Cause Details : Music library is loading state for all options, except for folders, for longer duration.
2025-06-20 01:33:21,732 | INFO |     Fixation Performed : NA
2025-06-20 01:33:22,751 | INFO |   ✅ Updated fields for OSV-3491: 'KPIT_TC_DRT_USB_102.
2025-06-20 01:33:22,752 | INFO |   🔄 Commenting on OSV-3491: 'KPIT_TC_DRT_USB_102...
2025-06-20 01:33:22,752 | INFO |     Date                 : 11th June 2025
2025-06-20 01:33:22,753 | INFO |     Analysis Done By     : Chandrakant
2025-06-20 01:33:22,753 | INFO |     Result               : Fail
2025-06-20 01:33:22,754 | INFO |     Failure Category     : ICB issue (Once)
2025-06-20 01:33:22,754 | INFO |     Failure Sub Category : Once Seen
2025-06-20 01:33:22,755 | INFO |     Root Cause Details   : Music library is loading state for all options, except for folders, for longer duration.
2025-06-20 01:33:22,755 | INFO |     Fixation Performed   : NA
2025-06-20 01:33:23,782 | INFO |   ✅ Commented on OSV-3491: 'KPIT_TC_DRT_USB_102.

2025-06-20 01:33:24,130 | INFO | ⏳ Updating 'OSV-3492: KPIT_TC_DRT_USB_103'...
2025-06-20 01:33:24,131 | INFO |   🔄 Updating fields for OSV-3492: 'KPIT_TC_DRT_USB_103...
2025-06-20 01:33:24,132 | INFO |     Failure Category : ICB issue (Once)
2025-06-20 01:33:24,132 | INFO |     Failure Sub Category : Once Seen
2025-06-20 01:33:24,132 | INFO |     Root Cause Details : Music library is loading state for all options, except for folders, for longer duration.
2025-06-20 01:33:24,133 | INFO |     Fixation Performed : NA
2025-06-20 01:33:25,013 | INFO |   ✅ Updated fields for OSV-3492: 'KPIT_TC_DRT_USB_103.
2025-06-20 01:33:25,015 | INFO |   🔄 Commenting on OSV-3492: 'KPIT_TC_DRT_USB_103...
2025-06-20 01:33:25,017 | INFO |     Date                 : 11th June 2025
2025-06-20 01:33:25,018 | INFO |     Analysis Done By     : Chandrakant
2025-06-20 01:33:25,018 | INFO |     Result               : Fail
2025-06-20 01:33:25,018 | INFO |     Failure Category     : ICB issue (Once)
2025-06-20 01:33:25,019 | INFO |     Failure Sub Category : Once Seen
2025-06-20 01:33:25,019 | INFO |     Root Cause Details   : Music library is loading state for all options, except for folders, for longer duration.
2025-06-20 01:33:25,019 | INFO |     Fixation Performed   : NA
2025-06-20 01:33:25,931 | INFO |   ✅ Commented on OSV-3492: 'KPIT_TC_DRT_USB_103.

2025-06-20 01:33:26,337 | INFO | ⏳ Updating 'OSV-3011: KPIT_TC_DRT_USB_1245'...
2025-06-20 01:33:26,338 | INFO |   🔄 Updating fields for OSV-3011: 'KPIT_TC_DRT_USB_1245...
2025-06-20 01:33:26,338 | INFO |     Failure Category : ICB issue (Always)
2025-06-20 01:33:26,339 | INFO |     Failure Sub Category : Valid Issue
2025-06-20 01:33:26,339 | INFO |     Root Cause Details : PJ04DEF00-3511: Bluetooth MAC Address changes after Factory Data Reset.
2025-06-20 01:33:26,340 | INFO |     Fixation Performed : NA
2025-06-20 01:33:27,268 | INFO |   ✅ Updated fields for OSV-3011: 'KPIT_TC_DRT_USB_1245.
2025-06-20 01:33:27,268 | INFO |   🔄 Commenting on OSV-3011: 'KPIT_TC_DRT_USB_1245...
2025-06-20 01:33:27,268 | INFO |     Date                 : 11th June 2025
2025-06-20 01:33:27,270 | INFO |     Analysis Done By     : Chandrakant
2025-06-20 01:33:27,271 | INFO |     Result               : Fail
2025-06-20 01:33:27,271 | INFO |     Failure Category     : ICB issue (Always)
2025-06-20 01:33:27,272 | INFO |     Failure Sub Category : Valid Issue
2025-06-20 01:33:27,272 | INFO |     Root Cause Details   : PJ04DEF00-3511: Bluetooth MAC Address changes after Factory Data Reset.
2025-06-20 01:33:27,272 | INFO |     Fixation Performed   : NA
2025-06-20 01:33:27,684 | INFO |   ✅ Commented on OSV-3011: 'KPIT_TC_DRT_USB_1245.

2025-06-20 01:33:28,077 | INFO | ⏳ Updating 'OSV-2484: KPIT_TC_FNC_AVG_0878_0001'...
2025-06-20 01:33:28,078 | INFO |   🔄 Updating fields for OSV-2484: 'KPIT_TC_FNC_AVG_0878_0001...
2025-06-20 01:33:28,078 | INFO |     Failure Category : ICB issue (Always)
2025-06-20 01:33:28,080 | INFO |     Failure Sub Category : Valid Issue
2025-06-20 01:33:28,080 | INFO |     Root Cause Details : PJ04DEF00-3511: Bluetooth MAC Address changes after Factory Data Reset.
2025-06-20 01:33:28,080 | INFO |     Fixation Performed : NA
2025-06-20 01:33:29,109 | INFO |   ✅ Updated fields for OSV-2484: 'KPIT_TC_FNC_AVG_0878_0001.
2025-06-20 01:33:29,109 | INFO |   🔄 Commenting on OSV-2484: 'KPIT_TC_FNC_AVG_0878_0001...
2025-06-20 01:33:29,110 | INFO |     Date                 : 11th June 2025
2025-06-20 01:33:29,110 | INFO |     Analysis Done By     : Chandrakant
2025-06-20 01:33:29,111 | INFO |     Result               : Fail
2025-06-20 01:33:29,111 | INFO |     Failure Category     : ICB issue (Always)
2025-06-20 01:33:29,111 | INFO |     Failure Sub Category : Valid Issue
2025-06-20 01:33:29,111 | INFO |     Root Cause Details   : PJ04DEF00-3511: Bluetooth MAC Address changes after Factory Data Reset.
2025-06-20 01:33:29,112 | INFO |     Fixation Performed   : NA
2025-06-20 01:33:29,721 | INFO |   ✅ Commented on OSV-2484: 'KPIT_TC_FNC_AVG_0878_0001.

2025-06-20 01:33:29,722 | INFO | ⚠️ No OVN Failure ticket is raised for script: '' on .

2025-06-20 01:33:29,723 | INFO | ⚠️ No OVN Failure ticket is raised for script: '' on .

2025-06-20 01:33:29,724 | INFO | ⚠️ No OVN Failure ticket is raised for script: '' on .

2025-06-20 01:33:29,724 | INFO | ⚠️ No OVN Failure ticket is raised for script: '' on .

2025-06-20 01:33:29,725 | INFO | ⚠️ No OVN Failure ticket is raised for script: '' on .

2025-06-20 01:33:30,019 | ERROR | [ERROR] Could not process KITE issue: 'Test Env issue : JiraError HTTP 404 url: https://kpithondajapan.atlassian.net/rest/api/2/issue/KITE%20issue
	text: Issue does not exist or you do not have permission to see it.
	
	response headers = {'Content-Type': 'application/json;charset=UTF-8', 'Transfer-Encoding': 'chunked', 'Connection': 'keep-alive', 'Date': 'Thu, 19 Jun 2025 20:03:29 GMT', 'Server': 'AtlassianEdge', 'Timing-Allow-Origin': '*', 'X-Arequestid': 'a26422dc1d568024fa5fe9008dc8941c', 'X-Aaccountid': '712020%3A7ebd6444-898e-4d1e-ba7a-2710a262ffa7', 'Cache-Control': 'no-cache, no-store, no-transform', 'Content-Encoding': 'br', 'X-Content-Type-Options': 'nosniff', 'X-Xss-Protection': '1; mode=block', 'Atl-Traceid': '2a4e064076194fb3865a86b03664377d', 'Atl-Request-Id': '2a4e0640-7619-4fb3-865a-86b03664377d', 'Strict-Transport-Security': 'max-age=63072000; includeSubDomains; preload', 'Report-To': '{"endpoints": [{"url": "https://dz8aopenkvv6s.cloudfront.net"}], "group": "endpoint-1", "include_subdomains": true, "max_age": 600}', 'Nel': '{"failure_fraction": 0.001, "include_subdomains": true, "max_age": 600, "report_to": "endpoint-1"}', 'Server-Timing': 'atl-edge;dur=60,atl-edge-internal;dur=16,atl-edge-upstream;dur=44,atl-edge-pop;desc="aws-eu-west-1"', 'X-Cache': 'Error from cloudfront', 'Via': '1.1 9d4cb3520655692757894ee39eb6efd6.cloudfront.net (CloudFront)', 'X-Amz-Cf-Pop': 'BOM78-P8', 'X-Amz-Cf-Id': 'lQ4mJr0If4J9W9mH4lJlZdcvDeULrFs5y5ew4YMM6NlT5iPwSZGtmw=='}
	response text = {"errorMessages":["Issue does not exist or you do not have permission to see it."],"errors":{}}.

2025-06-20 01:33:30,330 | ERROR | [ERROR] Could not process CAN Signal Issue: 'Automation Setup Malfunction : JiraError HTTP 404 url: https://kpithondajapan.atlassian.net/rest/api/2/issue/CAN%20Signal%20Issue
	text: Issue does not exist or you do not have permission to see it.
	
	response headers = {'Content-Type': 'application/json;charset=UTF-8', 'Transfer-Encoding': 'chunked', 'Connection': 'keep-alive', 'Date': 'Thu, 19 Jun 2025 20:03:30 GMT', 'Server': 'AtlassianEdge', 'Timing-Allow-Origin': '*', 'X-Arequestid': '23dd51691e92e79cbe3efa8c7f4ab0b4', 'X-Aaccountid': '712020%3A7ebd6444-898e-4d1e-ba7a-2710a262ffa7', 'Cache-Control': 'no-cache, no-store, no-transform', 'Content-Encoding': 'br', 'X-Content-Type-Options': 'nosniff', 'X-Xss-Protection': '1; mode=block', 'Atl-Traceid': '89cfd0112b3648d992938d36a5307e10', 'Atl-Request-Id': '89cfd011-2b36-48d9-9293-8d36a5307e10', 'Strict-Transport-Security': 'max-age=63072000; includeSubDomains; preload', 'Report-To': '{"endpoints": [{"url": "https://dz8aopenkvv6s.cloudfront.net"}], "group": "endpoint-1", "include_subdomains": true, "max_age": 600}', 'Nel': '{"failure_fraction": 0.001, "include_subdomains": true, "max_age": 600, "report_to": "endpoint-1"}', 'Server-Timing': 'atl-edge;dur=61,atl-edge-internal;dur=16,atl-edge-upstream;dur=45,atl-edge-pop;desc="aws-eu-west-1"', 'X-Cache': 'Error from cloudfront', 'Via': '1.1 9d4cb3520655692757894ee39eb6efd6.cloudfront.net (CloudFront)', 'X-Amz-Cf-Pop': 'BOM78-P8', 'X-Amz-Cf-Id': 'XxeBBTpuJBhR_4iRfUCmAVjqT7DCiyQA_IHnRT2VqBzsNnuzX_Fc6Q=='}
	response text = {"errorMessages":["Issue does not exist or you do not have permission to see it."],"errors":{}}.

2025-06-20 01:33:30,642 | ERROR | [ERROR] Could not process Image Comparision: 'External Hardware Setup Malfunction : JiraError HTTP 404 url: https://kpithondajapan.atlassian.net/rest/api/2/issue/Image%20Comparision
	text: Issue does not exist or you do not have permission to see it.
	
	response headers = {'Content-Type': 'application/json;charset=UTF-8', 'Transfer-Encoding': 'chunked', 'Connection': 'keep-alive', 'Date': 'Thu, 19 Jun 2025 20:03:30 GMT', 'Server': 'AtlassianEdge', 'Timing-Allow-Origin': '*', 'X-Arequestid': '4a79fd7772e638a5c7dc192c30497105', 'X-Aaccountid': '712020%3A7ebd6444-898e-4d1e-ba7a-2710a262ffa7', 'Cache-Control': 'no-cache, no-store, no-transform', 'Content-Encoding': 'br', 'X-Content-Type-Options': 'nosniff', 'X-Xss-Protection': '1; mode=block', 'Atl-Traceid': '49c90a4a218b4d8599d8cf28b78b3a9d', 'Atl-Request-Id': '49c90a4a-218b-4d85-99d8-cf28b78b3a9d', 'Strict-Transport-Security': 'max-age=63072000; includeSubDomains; preload', 'Report-To': '{"endpoints": [{"url": "https://dz8aopenkvv6s.cloudfront.net"}], "group": "endpoint-1", "include_subdomains": true, "max_age": 600}', 'Nel': '{"failure_fraction": 0.001, "include_subdomains": true, "max_age": 600, "report_to": "endpoint-1"}', 'Server-Timing': 'atl-edge;dur=62,atl-edge-internal;dur=15,atl-edge-upstream;dur=47,atl-edge-pop;desc="aws-eu-west-1"', 'X-Cache': 'Error from cloudfront', 'Via': '1.1 9d4cb3520655692757894ee39eb6efd6.cloudfront.net (CloudFront)', 'X-Amz-Cf-Pop': 'BOM78-P8', 'X-Amz-Cf-Id': '4tNMll_T_MgMB5Dt6G9PVi-YgN2qdOq0cREqf68RGOZYP9PaAs7Wdg=='}
	response text = {"errorMessages":["Issue does not exist or you do not have permission to see it."],"errors":{}}.

2025-06-20 01:33:30,847 | ERROR | [ERROR] Could not process Audio Comparision: 'External Application Issue : JiraError HTTP 404 url: https://kpithondajapan.atlassian.net/rest/api/2/issue/Audio%20Comparision
	text: Issue does not exist or you do not have permission to see it.
	
	response headers = {'Content-Type': 'application/json;charset=UTF-8', 'Transfer-Encoding': 'chunked', 'Connection': 'keep-alive', 'Date': 'Thu, 19 Jun 2025 20:03:30 GMT', 'Server': 'AtlassianEdge', 'Timing-Allow-Origin': '*', 'X-Arequestid': '897ee2756ecee1070d0022e6957e343e', 'X-Aaccountid': '712020%3A7ebd6444-898e-4d1e-ba7a-2710a262ffa7', 'Cache-Control': 'no-cache, no-store, no-transform', 'Content-Encoding': 'br', 'X-Content-Type-Options': 'nosniff', 'X-Xss-Protection': '1; mode=block', 'Atl-Traceid': 'be5ad637d6a240cf843c28df7646b227', 'Atl-Request-Id': 'be5ad637-d6a2-40cf-843c-28df7646b227', 'Strict-Transport-Security': 'max-age=63072000; includeSubDomains; preload', 'Report-To': '{"endpoints": [{"url": "https://dz8aopenkvv6s.cloudfront.net"}], "group": "endpoint-1", "include_subdomains": true, "max_age": 600}', 'Nel': '{"failure_fraction": 0.001, "include_subdomains": true, "max_age": 600, "report_to": "endpoint-1"}', 'Server-Timing': 'atl-edge;dur=63,atl-edge-internal;dur=16,atl-edge-upstream;dur=47,atl-edge-pop;desc="aws-eu-west-1"', 'X-Cache': 'Error from cloudfront', 'Via': '1.1 9d4cb3520655692757894ee39eb6efd6.cloudfront.net (CloudFront)', 'X-Amz-Cf-Pop': 'BOM78-P8', 'X-Amz-Cf-Id': 'u9L_YxUnYFAEAkXlLMr8eFnMx798LlO9KKtrCXHHNLKDITjFzS9EAQ=='}
	response text = {"errorMessages":["Issue does not exist or you do not have permission to see it."],"errors":{}}.

2025-06-20 01:33:31,120 | ERROR | [ERROR] Could not process Video Comparision: 'Network Issue : JiraError HTTP 404 url: https://kpithondajapan.atlassian.net/rest/api/2/issue/Video%20Comparision
	text: Issue does not exist or you do not have permission to see it.
	
	response headers = {'Content-Type': 'application/json;charset=UTF-8', 'Transfer-Encoding': 'chunked', 'Connection': 'keep-alive', 'Date': 'Thu, 19 Jun 2025 20:03:30 GMT', 'Server': 'AtlassianEdge', 'Timing-Allow-Origin': '*', 'X-Arequestid': '514a5be7d77b01955530ba841c17484e', 'X-Aaccountid': '712020%3A7ebd6444-898e-4d1e-ba7a-2710a262ffa7', 'Cache-Control': 'no-cache, no-store, no-transform', 'Content-Encoding': 'br', 'X-Content-Type-Options': 'nosniff', 'X-Xss-Protection': '1; mode=block', 'Atl-Traceid': '29657d31648347769291dc4e1dc2ce29', 'Atl-Request-Id': '29657d31-6483-4776-9291-dc4e1dc2ce29', 'Strict-Transport-Security': 'max-age=63072000; includeSubDomains; preload', 'Report-To': '{"endpoints": [{"url": "https://dz8aopenkvv6s.cloudfront.net"}], "group": "endpoint-1", "include_subdomains": true, "max_age": 600}', 'Nel': '{"failure_fraction": 0.001, "include_subdomains": true, "max_age": 600, "report_to": "endpoint-1"}', 'Server-Timing': 'atl-edge;dur=61,atl-edge-internal;dur=13,atl-edge-upstream;dur=48,atl-edge-pop;desc="aws-eu-west-1"', 'X-Cache': 'Error from cloudfront', 'Via': '1.1 9d4cb3520655692757894ee39eb6efd6.cloudfront.net (CloudFront)', 'X-Amz-Cf-Pop': 'BOM78-P8', 'X-Amz-Cf-Id': '7yqq8P0kyMjBOhF3BmIk3ilbgu2Rdd5a4CtMBUqWlXKkDlHDmUle1g=='}
	response text = {"errorMessages":["Issue does not exist or you do not have permission to see it."],"errors":{}}.

2025-06-20 01:33:31,319 | ERROR | [ERROR] Could not process Robot Touch Operation: ' : JiraError HTTP 404 url: https://kpithondajapan.atlassian.net/rest/api/2/issue/Robot%20Touch%20Operation
	text: Issue does not exist or you do not have permission to see it.
	
	response headers = {'Content-Type': 'application/json;charset=UTF-8', 'Transfer-Encoding': 'chunked', 'Connection': 'keep-alive', 'Date': 'Thu, 19 Jun 2025 20:03:31 GMT', 'Server': 'AtlassianEdge', 'Timing-Allow-Origin': '*', 'X-Arequestid': 'a00b7d0426ba37640328b8f4f43261f0', 'X-Aaccountid': '712020%3A7ebd6444-898e-4d1e-ba7a-2710a262ffa7', 'Cache-Control': 'no-cache, no-store, no-transform', 'Content-Encoding': 'br', 'X-Content-Type-Options': 'nosniff', 'X-Xss-Protection': '1; mode=block', 'Atl-Traceid': '9547b973e9144fc4a060d7b560e7154d', 'Atl-Request-Id': '9547b973-e914-4fc4-a060-d7b560e7154d', 'Strict-Transport-Security': 'max-age=63072000; includeSubDomains; preload', 'Report-To': '{"endpoints": [{"url": "https://dz8aopenkvv6s.cloudfront.net"}], "group": "endpoint-1", "include_subdomains": true, "max_age": 600}', 'Nel': '{"failure_fraction": 0.001, "include_subdomains": true, "max_age": 600, "report_to": "endpoint-1"}', 'Server-Timing': 'atl-edge;dur=59,atl-edge-internal;dur=14,atl-edge-upstream;dur=44,atl-edge-pop;desc="aws-eu-west-1"', 'X-Cache': 'Error from cloudfront', 'Via': '1.1 9d4cb3520655692757894ee39eb6efd6.cloudfront.net (CloudFront)', 'X-Amz-Cf-Pop': 'BOM78-P8', 'X-Amz-Cf-Id': 'zCRdCp4kWcWK73wcdi5Kx-BTNGn8qVYsTae_9b4WGldrSTQCdDGnzw=='}
	response text = {"errorMessages":["Issue does not exist or you do not have permission to see it."],"errors":{}}.

2025-06-20 01:33:31,534 | ERROR | [ERROR] Could not process Device Mapping Issue: ' : JiraError HTTP 404 url: https://kpithondajapan.atlassian.net/rest/api/2/issue/Device%20Mapping%20Issue
	text: Issue does not exist or you do not have permission to see it.
	
	response headers = {'Content-Type': 'application/json;charset=UTF-8', 'Transfer-Encoding': 'chunked', 'Connection': 'keep-alive', 'Date': 'Thu, 19 Jun 2025 20:03:31 GMT', 'Server': 'AtlassianEdge', 'Timing-Allow-Origin': '*', 'X-Arequestid': '2cda501ae7db30923d23d7b8ea51589f', 'X-Aaccountid': '712020%3A7ebd6444-898e-4d1e-ba7a-2710a262ffa7', 'Cache-Control': 'no-cache, no-store, no-transform', 'Content-Encoding': 'br', 'X-Content-Type-Options': 'nosniff', 'X-Xss-Protection': '1; mode=block', 'Atl-Traceid': '6b011914db7540cbbfca3f230ff8219f', 'Atl-Request-Id': '6b011914-db75-40cb-bfca-3f230ff8219f', 'Strict-Transport-Security': 'max-age=63072000; includeSubDomains; preload', 'Report-To': '{"endpoints": [{"url": "https://dz8aopenkvv6s.cloudfront.net"}], "group": "endpoint-1", "include_subdomains": true, "max_age": 600}', 'Nel': '{"failure_fraction": 0.001, "include_subdomains": true, "max_age": 600, "report_to": "endpoint-1"}', 'Server-Timing': 'atl-edge;dur=71,atl-edge-internal;dur=17,atl-edge-upstream;dur=54,atl-edge-pop;desc="aws-eu-west-1"', 'X-Cache': 'Error from cloudfront', 'Via': '1.1 9d4cb3520655692757894ee39eb6efd6.cloudfront.net (CloudFront)', 'X-Amz-Cf-Pop': 'BOM78-P8', 'X-Amz-Cf-Id': 'i61Tw8Zezw3UnnAwM0vZMJFDjhtVs8j86Wga00_kOm_E8z9ELNVhGA=='}
	response text = {"errorMessages":["Issue does not exist or you do not have permission to see it."],"errors":{}}.

2025-06-20 01:33:31,832 | ERROR | [ERROR] Could not process KITE Application Issue: ' : JiraError HTTP 404 url: https://kpithondajapan.atlassian.net/rest/api/2/issue/KITE%20Application%20Issue
	text: Issue does not exist or you do not have permission to see it.
	
	response headers = {'Content-Type': 'application/json;charset=UTF-8', 'Transfer-Encoding': 'chunked', 'Connection': 'keep-alive', 'Date': 'Thu, 19 Jun 2025 20:03:31 GMT', 'Server': 'AtlassianEdge', 'Timing-Allow-Origin': '*', 'X-Arequestid': '392754f5c568eae7af5ce29f9ebef55b', 'X-Aaccountid': '712020%3A7ebd6444-898e-4d1e-ba7a-2710a262ffa7', 'Cache-Control': 'no-cache, no-store, no-transform', 'Content-Encoding': 'br', 'X-Content-Type-Options': 'nosniff', 'X-Xss-Protection': '1; mode=block', 'Atl-Traceid': 'c0132409816348c8985c900c1022f705', 'Atl-Request-Id': 'c0132409-8163-48c8-985c-900c1022f705', 'Strict-Transport-Security': 'max-age=63072000; includeSubDomains; preload', 'Report-To': '{"endpoints": [{"url": "https://dz8aopenkvv6s.cloudfront.net"}], "group": "endpoint-1", "include_subdomains": true, "max_age": 600}', 'Nel': '{"failure_fraction": 0.001, "include_subdomains": true, "max_age": 600, "report_to": "endpoint-1"}', 'Server-Timing': 'atl-edge;dur=63,atl-edge-internal;dur=16,atl-edge-upstream;dur=47,atl-edge-pop;desc="aws-eu-west-1"', 'X-Cache': 'Error from cloudfront', 'Via': '1.1 9d4cb3520655692757894ee39eb6efd6.cloudfront.net (CloudFront)', 'X-Amz-Cf-Pop': 'BOM78-P8', 'X-Amz-Cf-Id': 'GvBHKykzdorn0YTH7W4QTPlNORE3C01lC4oFOf0z9g9A0WnPz9X1VA=='}
	response text = {"errorMessages":["Issue does not exist or you do not have permission to see it."],"errors":{}}.

