2025-06-17 13:28:44,999 | INFO | ⏳ Updating 'OSV-2494: KPIT_TC_DRT_HOM_013'...
2025-06-17 13:28:45,000 | INFO |   🔄 Updating fields for OSV-2494: 'KPIT_TC_DRT_HOM_013...
2025-06-17 13:28:45,001 | INFO |     Failure Category : ICB issue (Once)
2025-06-17 13:28:45,003 | INFO |     Failure Sub Category : Once Seen
2025-06-17 13:28:45,003 | INFO |     Root Cause Details : Home Customisation App Sequence got changed
2025-06-17 13:28:45,004 | INFO |     Fixation Performed : NA
2025-06-17 13:28:45,904 | INFO |   ✅ Updated fields for OSV-2494: 'KPIT_TC_DRT_HOM_013.
2025-06-17 13:28:45,908 | INFO |   🔄 Commenting on OSV-2494: 'KPIT_TC_DRT_HOM_013...
2025-06-17 13:28:45,909 | INFO |     Date : 20th May 2025
2025-06-17 13:28:45,911 | INFO |     Result : Fail
2025-06-17 13:28:45,911 | INFO |     Failure Category : ICB issue (Once)
2025-06-17 13:28:45,912 | INFO |     Failure Sub Category : Once Seen
2025-06-17 13:28:45,915 | INFO |     Root Cause Details : Home Customisation App Sequence got changed
2025-06-17 13:28:45,916 | INFO |     Fixation Performed : NA
2025-06-17 13:28:46,831 | INFO |   ✅ Commented on OSV-2494: 'KPIT_TC_DRT_HOM_013.

2025-06-17 13:28:47,312 | INFO | ⏳ Updating 'OSV-2494: KPIT_TC_DRT_HOM_013'...
2025-06-17 13:28:47,313 | INFO |   🔄 Commenting on OSV-2494: 'KPIT_TC_DRT_HOM_013...
2025-06-17 13:28:47,313 | INFO |     Date : 20th May 2025
2025-06-17 13:28:47,314 | INFO |     Result : Pass
2025-06-17 13:28:48,400 | INFO |   ✅ Commented on OSV-2494: 'KPIT_TC_DRT_HOM_013.

