2025-06-20 00:13:36,906 | INFO | ⏳ Updating 'OSV-2612: KPIT_TC_DRT_BTA_024'...
2025-06-20 00:13:36,907 | INFO |   🔄 Commenting on OSV-2612: 'KPIT_TC_DRT_BTA_024...
2025-06-20 00:13:36,907 | INFO |     Date                 : 3rd June 2025
2025-06-20 00:13:36,908 | INFO |     Analysis Done By     : Sahil
2025-06-20 00:13:36,909 | INFO |     Result               : Pass
2025-06-20 00:13:37,384 | INFO |   ✅ Commented on OSV-2612: 'KPIT_TC_DRT_BTA_024.

2025-06-20 00:13:37,738 | INFO | ⏳ Updating 'OSV-3488: KPIT_TC_DRT_HFT_017'...
2025-06-20 00:13:37,738 | INFO |   🔄 Commenting on OSV-3488: 'KPIT_TC_DRT_HFT_017...
2025-06-20 00:13:37,739 | INFO |     Date                 : 3rd June 2025
2025-06-20 00:13:37,741 | INFO |     Analysis Done By     : Sahil
2025-06-20 00:13:37,741 | INFO |     Result               : Pass
2025-06-20 00:13:38,251 | INFO |   ✅ Commented on OSV-3488: 'KPIT_TC_DRT_HFT_017.

2025-06-20 00:13:38,572 | INFO | ⏳ Updating 'OSV-3493: KPIT_TC_DRT_HFT_046'...
2025-06-20 00:13:38,573 | INFO |   🔄 Commenting on OSV-3493: 'KPIT_TC_DRT_HFT_046...
2025-06-20 00:13:38,573 | INFO |     Date                 : 3rd June 2025
2025-06-20 00:13:38,574 | INFO |     Analysis Done By     : Sahil
2025-06-20 00:13:38,575 | INFO |     Result               : Pass
2025-06-20 00:13:39,442 | INFO |   ✅ Commented on OSV-3493: 'KPIT_TC_DRT_HFT_046.

2025-06-20 00:13:39,790 | INFO | ⏳ Updating 'OSV-3484: KPIT_TC_DRT_HFT_052'...
2025-06-20 00:13:39,791 | INFO |   🔄 Commenting on OSV-3484: 'KPIT_TC_DRT_HFT_052...
2025-06-20 00:13:39,791 | INFO |     Date                 : 3rd June 2025
2025-06-20 00:13:39,792 | INFO |     Analysis Done By     : Sahil
2025-06-20 00:13:39,793 | INFO |     Result               : Pass
2025-06-20 00:13:40,404 | INFO |   ✅ Commented on OSV-3484: 'KPIT_TC_DRT_HFT_052.

2025-06-20 00:13:40,767 | INFO | ⏳ Updating 'OSV-3485: KPIT_TC_DRT_HFT_054'...
2025-06-20 00:13:40,768 | INFO |   🔄 Commenting on OSV-3485: 'KPIT_TC_DRT_HFT_054...
2025-06-20 00:13:40,768 | INFO |     Date                 : 3rd June 2025
2025-06-20 00:13:40,769 | INFO |     Analysis Done By     : Sahil
2025-06-20 00:13:40,770 | INFO |     Result               : Pass
2025-06-20 00:13:41,251 | INFO |   ✅ Commented on OSV-3485: 'KPIT_TC_DRT_HFT_054.

2025-06-20 00:13:41,590 | INFO | ⏳ Updating 'OSV-3487: KPIT_TC_DRT_HFT_059'...
2025-06-20 00:13:41,591 | INFO |   🔄 Commenting on OSV-3487: 'KPIT_TC_DRT_HFT_059...
2025-06-20 00:13:41,592 | INFO |     Date                 : 3rd June 2025
2025-06-20 00:13:41,592 | INFO |     Analysis Done By     : Sahil
2025-06-20 00:13:41,593 | INFO |     Result               : Pass
2025-06-20 00:13:42,523 | INFO |   ✅ Commented on OSV-3487: 'KPIT_TC_DRT_HFT_059.

2025-06-20 00:13:42,908 | INFO | ⏳ Updating 'OSV-2780: KPIT_TC_DRT_HOM_005'...
2025-06-20 00:13:42,909 | INFO |   🔄 Commenting on OSV-2780: 'KPIT_TC_DRT_HOM_005...
2025-06-20 00:13:42,909 | INFO |     Date                 : 3rd June 2025
2025-06-20 00:13:42,909 | INFO |     Analysis Done By     : Sahil
2025-06-20 00:13:42,909 | INFO |     Result               : Pass
2025-06-20 00:13:43,519 | INFO |   ✅ Commented on OSV-2780: 'KPIT_TC_DRT_HOM_005.

2025-06-20 00:13:44,010 | INFO | ⏳ Updating 'OSV-2781: KPIT_TC_DRT_HOM_006'...
2025-06-20 00:13:44,011 | INFO |   🔄 Commenting on OSV-2781: 'KPIT_TC_DRT_HOM_006...
2025-06-20 00:13:44,011 | INFO |     Date                 : 3rd June 2025
2025-06-20 00:13:44,012 | INFO |     Analysis Done By     : Sahil
2025-06-20 00:13:44,012 | INFO |     Result               : Pass
2025-06-20 00:13:44,510 | INFO |   ✅ Commented on OSV-2781: 'KPIT_TC_DRT_HOM_006.

2025-06-20 00:13:45,160 | INFO | ⏳ Updating 'OSV-2778: KPIT_TC_DRT_HOM_009'...
2025-06-20 00:13:45,161 | INFO |   🔄 Commenting on OSV-2778: 'KPIT_TC_DRT_HOM_009...
2025-06-20 00:13:45,161 | INFO |     Date                 : 3rd June 2025
2025-06-20 00:13:45,161 | INFO |     Analysis Done By     : Sahil
2025-06-20 00:13:45,162 | INFO |     Result               : Pass
2025-06-20 00:13:45,584 | INFO |   ✅ Commented on OSV-2778: 'KPIT_TC_DRT_HOM_009.

2025-06-20 00:13:46,044 | INFO | ⏳ Updating 'OSV-2779: KPIT_TC_DRT_HOM_012'...
2025-06-20 00:13:46,044 | INFO |   🔄 Commenting on OSV-2779: 'KPIT_TC_DRT_HOM_012...
2025-06-20 00:13:46,045 | INFO |     Date                 : 3rd June 2025
2025-06-20 00:13:46,045 | INFO |     Analysis Done By     : Sahil
2025-06-20 00:13:46,046 | INFO |     Result               : Pass
2025-06-20 00:13:47,514 | INFO |   ✅ Commented on OSV-2779: 'KPIT_TC_DRT_HOM_012.

2025-06-20 00:13:48,052 | INFO | ⏳ Updating 'OSV-2494: KPIT_TC_DRT_HOM_013'...
2025-06-20 00:13:48,052 | INFO |   🔄 Commenting on OSV-2494: 'KPIT_TC_DRT_HOM_013...
2025-06-20 00:13:48,053 | INFO |     Date                 : 3rd June 2025
2025-06-20 00:13:48,054 | INFO |     Analysis Done By     : Sahil
2025-06-20 00:13:48,054 | INFO |     Result               : Pass
2025-06-20 00:13:48,615 | INFO |   ✅ Commented on OSV-2494: 'KPIT_TC_DRT_HOM_013.

2025-06-20 00:13:49,033 | INFO | ⏳ Updating 'OSV-2774: KPIT_TC_DRT_HOM_028'...
2025-06-20 00:13:49,034 | INFO |   🔄 Commenting on OSV-2774: 'KPIT_TC_DRT_HOM_028...
2025-06-20 00:13:49,035 | INFO |     Date                 : 3rd June 2025
2025-06-20 00:13:49,035 | INFO |     Analysis Done By     : Sahil
2025-06-20 00:13:49,036 | INFO |     Result               : Pass
2025-06-20 00:13:50,083 | INFO |   ✅ Commented on OSV-2774: 'KPIT_TC_DRT_HOM_028.

2025-06-20 00:13:50,497 | INFO | ⏳ Updating 'OSV-2776: KPIT_TC_DRT_HOM_031'...
2025-06-20 00:13:50,498 | INFO |   🔄 Commenting on OSV-2776: 'KPIT_TC_DRT_HOM_031...
2025-06-20 00:13:50,499 | INFO |     Date                 : 3rd June 2025
2025-06-20 00:13:50,500 | INFO |     Analysis Done By     : Sahil
2025-06-20 00:13:50,501 | INFO |     Result               : Pass
2025-06-20 00:13:51,509 | INFO |   ✅ Commented on OSV-2776: 'KPIT_TC_DRT_HOM_031.

2025-06-20 00:13:51,967 | INFO | ⏳ Updating 'OSV-2773: KPIT_TC_DRT_HOM_035'...
2025-06-20 00:13:51,968 | INFO |   🔄 Commenting on OSV-2773: 'KPIT_TC_DRT_HOM_035...
2025-06-20 00:13:51,968 | INFO |     Date                 : 3rd June 2025
2025-06-20 00:13:51,969 | INFO |     Analysis Done By     : Sahil
2025-06-20 00:13:51,969 | INFO |     Result               : Pass
2025-06-20 00:13:52,751 | INFO |   ✅ Commented on OSV-2773: 'KPIT_TC_DRT_HOM_035.

2025-06-20 00:13:53,099 | INFO | ⏳ Updating 'OSV-2771: KPIT_TC_DRT_HOM_050'...
2025-06-20 00:13:53,099 | INFO |   🔄 Commenting on OSV-2771: 'KPIT_TC_DRT_HOM_050...
2025-06-20 00:13:53,099 | INFO |     Date                 : 3rd June 2025
2025-06-20 00:13:53,100 | INFO |     Analysis Done By     : Sahil
2025-06-20 00:13:53,100 | INFO |     Result               : Pass
2025-06-20 00:13:53,594 | INFO |   ✅ Commented on OSV-2771: 'KPIT_TC_DRT_HOM_050.

2025-06-20 00:13:54,074 | INFO | ⏳ Updating 'OSV-3275: KPIT_TC_DRT_KBD_002'...
2025-06-20 00:13:54,074 | INFO |   🔄 Commenting on OSV-3275: 'KPIT_TC_DRT_KBD_002...
2025-06-20 00:13:54,074 | INFO |     Date                 : 3rd June 2025
2025-06-20 00:13:54,075 | INFO |     Analysis Done By     : Sahil
2025-06-20 00:13:54,075 | INFO |     Result               : Pass
2025-06-20 00:13:54,969 | INFO |   ✅ Commented on OSV-3275: 'KPIT_TC_DRT_KBD_002.

2025-06-20 00:13:55,341 | INFO | ⏳ Updating 'OSV-3490: KPIT_TC_DRT_KBD_003'...
2025-06-20 00:13:55,342 | INFO |   🔄 Commenting on OSV-3490: 'KPIT_TC_DRT_KBD_003...
2025-06-20 00:13:55,342 | INFO |     Date                 : 3rd June 2025
2025-06-20 00:13:55,342 | INFO |     Analysis Done By     : Sahil
2025-06-20 00:13:55,343 | INFO |     Result               : Pass
2025-06-20 00:13:55,883 | INFO |   ✅ Commented on OSV-3490: 'KPIT_TC_DRT_KBD_003.

2025-06-20 00:13:56,366 | INFO | ⏳ Updating 'OSV-3286: KPIT_TC_DRT_KBD_004'...
2025-06-20 00:13:56,367 | INFO |   🔄 Commenting on OSV-3286: 'KPIT_TC_DRT_KBD_004...
2025-06-20 00:13:56,368 | INFO |     Date                 : 3rd June 2025
2025-06-20 00:13:56,368 | INFO |     Analysis Done By     : Sahil
2025-06-20 00:13:56,370 | INFO |     Result               : Pass
2025-06-20 00:13:56,807 | INFO |   ✅ Commented on OSV-3286: 'KPIT_TC_DRT_KBD_004.

2025-06-20 00:13:57,385 | INFO | ⏳ Updating 'OSV-3288: KPIT_TC_DRT_KBD_005'...
2025-06-20 00:13:57,385 | INFO |   🔄 Commenting on OSV-3288: 'KPIT_TC_DRT_KBD_005...
2025-06-20 00:13:57,386 | INFO |     Date                 : 3rd June 2025
2025-06-20 00:13:57,386 | INFO |     Analysis Done By     : Sahil
2025-06-20 00:13:57,387 | INFO |     Result               : Pass
2025-06-20 00:13:58,289 | INFO |   ✅ Commented on OSV-3288: 'KPIT_TC_DRT_KBD_005.

2025-06-20 00:13:58,630 | INFO | ⏳ Updating 'OSV-3287: KPIT_TC_DRT_KBD_011'...
2025-06-20 00:13:58,631 | INFO |   🔄 Commenting on OSV-3287: 'KPIT_TC_DRT_KBD_011...
2025-06-20 00:13:58,631 | INFO |     Date                 : 3rd June 2025
2025-06-20 00:13:58,632 | INFO |     Analysis Done By     : Sahil
2025-06-20 00:13:58,632 | INFO |     Result               : Pass
2025-06-20 00:13:59,162 | INFO |   ✅ Commented on OSV-3287: 'KPIT_TC_DRT_KBD_011.

2025-06-20 00:13:59,518 | INFO | ⏳ Updating 'OSV-3279: KPIT_TC_DRT_KBD_012'...
2025-06-20 00:13:59,519 | INFO |   🔄 Commenting on OSV-3279: 'KPIT_TC_DRT_KBD_012...
2025-06-20 00:13:59,521 | INFO |     Date                 : 3rd June 2025
2025-06-20 00:13:59,521 | INFO |     Analysis Done By     : Sahil
2025-06-20 00:13:59,522 | INFO |     Result               : Pass
2025-06-20 00:14:00,414 | INFO |   ✅ Commented on OSV-3279: 'KPIT_TC_DRT_KBD_012.

2025-06-20 00:14:00,771 | INFO | ⏳ Updating 'OSV-2777: KPIT_TC_DRT_KBD_013'...
2025-06-20 00:14:00,772 | INFO |   🔄 Commenting on OSV-2777: 'KPIT_TC_DRT_KBD_013...
2025-06-20 00:14:00,773 | INFO |     Date                 : 3rd June 2025
2025-06-20 00:14:00,773 | INFO |     Analysis Done By     : Sahil
2025-06-20 00:14:00,774 | INFO |     Result               : Pass
2025-06-20 00:14:01,265 | INFO |   ✅ Commented on OSV-2777: 'KPIT_TC_DRT_KBD_013.

2025-06-20 00:14:01,641 | INFO | ⏳ Updating 'OSV-3280: KPIT_TC_DRT_KBD_022'...
2025-06-20 00:14:01,642 | INFO |   🔄 Commenting on OSV-3280: 'KPIT_TC_DRT_KBD_022...
2025-06-20 00:14:01,643 | INFO |     Date                 : 3rd June 2025
2025-06-20 00:14:01,644 | INFO |     Analysis Done By     : Sahil
2025-06-20 00:14:01,644 | INFO |     Result               : Pass
2025-06-20 00:14:02,124 | INFO |   ✅ Commented on OSV-3280: 'KPIT_TC_DRT_KBD_022.

2025-06-20 00:14:02,478 | INFO | ⏳ Updating 'OSV-3276: KPIT_TC_DRT_KBD_023'...
2025-06-20 00:14:02,479 | INFO |   🔄 Commenting on OSV-3276: 'KPIT_TC_DRT_KBD_023...
2025-06-20 00:14:02,479 | INFO |     Date                 : 3rd June 2025
2025-06-20 00:14:02,479 | INFO |     Analysis Done By     : Sahil
2025-06-20 00:14:02,480 | INFO |     Result               : Pass
2025-06-20 00:14:02,963 | INFO |   ✅ Commented on OSV-3276: 'KPIT_TC_DRT_KBD_023.

2025-06-20 00:14:03,305 | INFO | ⏳ Updating 'OSV-3277: KPIT_TC_DRT_KBD_024'...
2025-06-20 00:14:03,306 | INFO |   🔄 Commenting on OSV-3277: 'KPIT_TC_DRT_KBD_024...
2025-06-20 00:14:03,307 | INFO |     Date                 : 3rd June 2025
2025-06-20 00:14:03,308 | INFO |     Analysis Done By     : Sahil
2025-06-20 00:14:03,308 | INFO |     Result               : Pass
2025-06-20 00:14:03,841 | INFO |   ✅ Commented on OSV-3277: 'KPIT_TC_DRT_KBD_024.

2025-06-20 00:14:04,189 | INFO | ⏳ Updating 'OSV-3281: KPIT_TC_DRT_KBD_031'...
2025-06-20 00:14:04,190 | INFO |   🔄 Commenting on OSV-3281: 'KPIT_TC_DRT_KBD_031...
2025-06-20 00:14:04,190 | INFO |     Date                 : 3rd June 2025
2025-06-20 00:14:04,190 | INFO |     Analysis Done By     : Sahil
2025-06-20 00:14:04,192 | INFO |     Result               : Pass
2025-06-20 00:14:04,642 | INFO |   ✅ Commented on OSV-3281: 'KPIT_TC_DRT_KBD_031.

2025-06-20 00:14:05,012 | INFO | ⏳ Updating 'OSV-3274: KPIT_TC_DRT_KBD_040'...
2025-06-20 00:14:05,013 | INFO |   🔄 Commenting on OSV-3274: 'KPIT_TC_DRT_KBD_040...
2025-06-20 00:14:05,014 | INFO |     Date                 : 3rd June 2025
2025-06-20 00:14:05,014 | INFO |     Analysis Done By     : Sahil
2025-06-20 00:14:05,015 | INFO |     Result               : Pass
2025-06-20 00:14:05,513 | INFO |   ✅ Commented on OSV-3274: 'KPIT_TC_DRT_KBD_040.

2025-06-20 00:14:05,892 | INFO | ⏳ Updating 'OSV-3278: KPIT_TC_DRT_KBD_041'...
2025-06-20 00:14:05,893 | INFO |   🔄 Commenting on OSV-3278: 'KPIT_TC_DRT_KBD_041...
2025-06-20 00:14:05,894 | INFO |     Date                 : 3rd June 2025
2025-06-20 00:14:05,895 | INFO |     Analysis Done By     : Sahil
2025-06-20 00:14:05,895 | INFO |     Result               : Pass
2025-06-20 00:14:06,794 | INFO |   ✅ Commented on OSV-3278: 'KPIT_TC_DRT_KBD_041.

2025-06-20 00:14:07,139 | INFO | ⏳ Updating 'OSV-3282: KPIT_TC_DRT_KBD_048'...
2025-06-20 00:14:07,140 | INFO |   🔄 Commenting on OSV-3282: 'KPIT_TC_DRT_KBD_048...
2025-06-20 00:14:07,140 | INFO |     Date                 : 3rd June 2025
2025-06-20 00:14:07,141 | INFO |     Analysis Done By     : Sahil
2025-06-20 00:14:07,141 | INFO |     Result               : Pass
2025-06-20 00:14:07,920 | INFO |   ✅ Commented on OSV-3282: 'KPIT_TC_DRT_KBD_048.

2025-06-20 00:14:08,284 | INFO | ⏳ Updating 'OSV-3272: KPIT_TC_DRT_KBD_054'...
2025-06-20 00:14:08,285 | INFO |   🔄 Commenting on OSV-3272: 'KPIT_TC_DRT_KBD_054...
2025-06-20 00:14:08,285 | INFO |     Date                 : 3rd June 2025
2025-06-20 00:14:08,285 | INFO |     Analysis Done By     : Sahil
2025-06-20 00:14:08,285 | INFO |     Result               : Pass
2025-06-20 00:14:08,733 | INFO |   ✅ Commented on OSV-3272: 'KPIT_TC_DRT_KBD_054.

2025-06-20 00:14:09,098 | INFO | ⏳ Updating 'OSV-3273: KPIT_TC_DRT_KBD_055'...
2025-06-20 00:14:09,099 | INFO |   🔄 Commenting on OSV-3273: 'KPIT_TC_DRT_KBD_055...
2025-06-20 00:14:09,100 | INFO |     Date                 : 3rd June 2025
2025-06-20 00:14:09,100 | INFO |     Analysis Done By     : Sahil
2025-06-20 00:14:09,101 | INFO |     Result               : Pass
2025-06-20 00:14:09,555 | INFO |   ✅ Commented on OSV-3273: 'KPIT_TC_DRT_KBD_055.

2025-06-20 00:14:09,935 | INFO | ⏳ Updating 'OSV-2491: KPIT_TC_DRT_MCS_036'...
2025-06-20 00:14:09,935 | INFO |   🔄 Commenting on OSV-2491: 'KPIT_TC_DRT_MCS_036...
2025-06-20 00:14:09,936 | INFO |     Date                 : 3rd June 2025
2025-06-20 00:14:09,937 | INFO |     Analysis Done By     : Sahil
2025-06-20 00:14:09,938 | INFO |     Result               : Pass
2025-06-20 00:14:10,406 | INFO |   ✅ Commented on OSV-2491: 'KPIT_TC_DRT_MCS_036.

2025-06-20 00:14:10,755 | INFO | ⏳ Updating 'OSV-2483: KPIT_TC_DRT_MCS_045'...
2025-06-20 00:14:10,757 | INFO |   🔄 Commenting on OSV-2483: 'KPIT_TC_DRT_MCS_045...
2025-06-20 00:14:10,757 | INFO |     Date                 : 3rd June 2025
2025-06-20 00:14:10,758 | INFO |     Analysis Done By     : Sahil
2025-06-20 00:14:10,759 | INFO |     Result               : Pass
2025-06-20 00:14:11,667 | INFO |   ✅ Commented on OSV-2483: 'KPIT_TC_DRT_MCS_045.

2025-06-20 00:14:12,011 | INFO | ⏳ Updating 'OSV-2485: KPIT_TC_DRT_PRM_003'...
2025-06-20 00:14:12,011 | INFO |   🔄 Commenting on OSV-2485: 'KPIT_TC_DRT_PRM_003...
2025-06-20 00:14:12,012 | INFO |     Date                 : 3rd June 2025
2025-06-20 00:14:12,012 | INFO |     Analysis Done By     : Sahil
2025-06-20 00:14:12,013 | INFO |     Result               : Pass
2025-06-20 00:14:12,490 | INFO |   ✅ Commented on OSV-2485: 'KPIT_TC_DRT_PRM_003.

2025-06-20 00:14:12,855 | INFO | ⏳ Updating 'OSV-3007: KPIT_TC_DRT_SND_039'...
2025-06-20 00:14:12,856 | INFO |   🔄 Commenting on OSV-3007: 'KPIT_TC_DRT_SND_039...
2025-06-20 00:14:12,857 | INFO |     Date                 : 3rd June 2025
2025-06-20 00:14:12,857 | INFO |     Analysis Done By     : Sahil
2025-06-20 00:14:12,858 | INFO |     Result               : Pass
2025-06-20 00:14:13,295 | INFO |   ✅ Commented on OSV-3007: 'KPIT_TC_DRT_SND_039.

2025-06-20 00:14:13,638 | INFO | ⏳ Updating 'OSV-2493: KPIT_TC_DRT_SPCAA_010'...
2025-06-20 00:14:13,648 | INFO |   🔄 Commenting on OSV-2493: 'KPIT_TC_DRT_SPCAA_010...
2025-06-20 00:14:13,650 | INFO |     Date                 : 3rd June 2025
2025-06-20 00:14:13,650 | INFO |     Analysis Done By     : Sahil
2025-06-20 00:14:13,651 | INFO |     Result               : Pass
2025-06-20 00:14:14,145 | INFO |   ✅ Commented on OSV-2493: 'KPIT_TC_DRT_SPCAA_010.

2025-06-20 00:14:14,490 | INFO | ⏳ Updating 'OSV-2478: KPIT_TC_DRT_SPCAA_078'...
2025-06-20 00:14:14,491 | INFO |   🔄 Commenting on OSV-2478: 'KPIT_TC_DRT_SPCAA_078...
2025-06-20 00:14:14,491 | INFO |     Date                 : 3rd June 2025
2025-06-20 00:14:14,492 | INFO |     Analysis Done By     : Sahil
2025-06-20 00:14:14,492 | INFO |     Result               : Pass
2025-06-20 00:14:15,331 | INFO |   ✅ Commented on OSV-2478: 'KPIT_TC_DRT_SPCAA_078.

2025-06-20 00:14:15,682 | INFO | ⏳ Updating 'OSV-2490: KPIT_TC_DRT_SSR_004'...
2025-06-20 00:14:15,683 | INFO |   🔄 Commenting on OSV-2490: 'KPIT_TC_DRT_SSR_004...
2025-06-20 00:14:15,684 | INFO |     Date                 : 3rd June 2025
2025-06-20 00:14:15,684 | INFO |     Analysis Done By     : Sahil
2025-06-20 00:14:15,685 | INFO |     Result               : Pass
2025-06-20 00:14:16,120 | INFO |   ✅ Commented on OSV-2490: 'KPIT_TC_DRT_SSR_004.

2025-06-20 00:14:16,522 | INFO | ⏳ Updating 'OSV-2482: KPIT_TC_DRT_SSR_012'...
2025-06-20 00:14:16,523 | INFO |   🔄 Commenting on OSV-2482: 'KPIT_TC_DRT_SSR_012...
2025-06-20 00:14:16,523 | INFO |     Date                 : 3rd June 2025
2025-06-20 00:14:16,524 | INFO |     Analysis Done By     : Sahil
2025-06-20 00:14:16,524 | INFO |     Result               : Pass
2025-06-20 00:14:17,006 | INFO |   ✅ Commented on OSV-2482: 'KPIT_TC_DRT_SSR_012.

2025-06-20 00:14:17,353 | INFO | ⏳ Updating 'OSV-2496: KPIT_TC_DRT_SUW_003'...
2025-06-20 00:14:17,354 | INFO |   🔄 Commenting on OSV-2496: 'KPIT_TC_DRT_SUW_003...
2025-06-20 00:14:17,355 | INFO |     Date                 : 3rd June 2025
2025-06-20 00:14:17,355 | INFO |     Analysis Done By     : Sahil
2025-06-20 00:14:17,356 | INFO |     Result               : Pass
2025-06-20 00:14:17,836 | INFO |   ✅ Commented on OSV-2496: 'KPIT_TC_DRT_SUW_003.

2025-06-20 00:14:18,192 | INFO | ⏳ Updating 'OSV-2479: KPIT_TC_DRT_SUW_004'...
2025-06-20 00:14:18,193 | INFO |   🔄 Commenting on OSV-2479: 'KPIT_TC_DRT_SUW_004...
2025-06-20 00:14:18,193 | INFO |     Date                 : 3rd June 2025
2025-06-20 00:14:18,194 | INFO |     Analysis Done By     : Sahil
2025-06-20 00:14:18,194 | INFO |     Result               : Pass
2025-06-20 00:14:18,665 | INFO |   ✅ Commented on OSV-2479: 'KPIT_TC_DRT_SUW_004.

2025-06-20 00:14:19,059 | INFO | ⏳ Updating 'OSV-2480: KPIT_TC_DRT_SUW_005'...
2025-06-20 00:14:19,060 | INFO |   🔄 Commenting on OSV-2480: 'KPIT_TC_DRT_SUW_005...
2025-06-20 00:14:19,061 | INFO |     Date                 : 3rd June 2025
2025-06-20 00:14:19,061 | INFO |     Analysis Done By     : Sahil
2025-06-20 00:14:19,062 | INFO |     Result               : Pass
2025-06-20 00:14:19,541 | INFO |   ✅ Commented on OSV-2480: 'KPIT_TC_DRT_SUW_005.

2025-06-20 00:14:19,959 | INFO | ⏳ Updating 'OSV-2481: KPIT_TC_DRT_SUW_006'...
2025-06-20 00:14:19,960 | INFO |   🔄 Commenting on OSV-2481: 'KPIT_TC_DRT_SUW_006...
2025-06-20 00:14:19,960 | INFO |     Date                 : 3rd June 2025
2025-06-20 00:14:19,960 | INFO |     Analysis Done By     : Sahil
2025-06-20 00:14:19,961 | INFO |     Result               : Pass
2025-06-20 00:14:20,409 | INFO |   ✅ Commented on OSV-2481: 'KPIT_TC_DRT_SUW_006.

2025-06-20 00:14:20,784 | INFO | ⏳ Updating 'OSV-2488: KPIT_TC_DRT_USB_060'...
2025-06-20 00:14:20,784 | INFO |   🔄 Commenting on OSV-2488: 'KPIT_TC_DRT_USB_060...
2025-06-20 00:14:20,785 | INFO |     Date                 : 3rd June 2025
2025-06-20 00:14:20,785 | INFO |     Analysis Done By     : Sahil
2025-06-20 00:14:20,785 | INFO |     Result               : Pass
2025-06-20 00:14:21,267 | INFO |   ✅ Commented on OSV-2488: 'KPIT_TC_DRT_USB_060.

2025-06-20 00:14:21,622 | INFO | ⏳ Updating 'OSV-2775: KPIT_TC_DRT_VEH_002'...
2025-06-20 00:14:21,623 | INFO |   🔄 Commenting on OSV-2775: 'KPIT_TC_DRT_VEH_002...
2025-06-20 00:14:21,623 | INFO |     Date                 : 3rd June 2025
2025-06-20 00:14:21,624 | INFO |     Analysis Done By     : Sahil
2025-06-20 00:14:21,625 | INFO |     Result               : Pass
2025-06-20 00:14:22,526 | INFO |   ✅ Commented on OSV-2775: 'KPIT_TC_DRT_VEH_002.

2025-06-20 00:14:22,896 | INFO | ⏳ Updating 'OSV-2782: KPIT_TC_DRT_VEH_059'...
2025-06-20 00:14:22,896 | INFO |   🔄 Commenting on OSV-2782: 'KPIT_TC_DRT_VEH_059...
2025-06-20 00:14:22,896 | INFO |     Date                 : 3rd June 2025
2025-06-20 00:14:22,896 | INFO |     Analysis Done By     : Sahil
2025-06-20 00:14:22,897 | INFO |     Result               : Pass
2025-06-20 00:14:23,353 | INFO |   ✅ Commented on OSV-2782: 'KPIT_TC_DRT_VEH_059.

2025-06-20 00:14:23,719 | INFO | ⏳ Updating 'OSV-2495: KPIT_TC_FNC_SPCAA_0447_0001'...
2025-06-20 00:14:23,719 | INFO |   🔄 Commenting on OSV-2495: 'KPIT_TC_FNC_SPCAA_0447_0001...
2025-06-20 00:14:23,719 | INFO |     Date                 : 3rd June 2025
2025-06-20 00:14:23,720 | INFO |     Analysis Done By     : Sahil
2025-06-20 00:14:23,720 | INFO |     Result               : Pass
2025-06-20 00:14:24,188 | INFO |   ✅ Commented on OSV-2495: 'KPIT_TC_FNC_SPCAA_0447_0001.

2025-06-20 00:14:24,189 | INFO | ⚠️ No OVN Failure ticket is raised for script: 'KPIT_TC_FNC_SSR_0396_0001' on 3rd June 2025.

2025-06-20 00:14:24,532 | INFO | ⏳ Updating 'OSV-3009: KPIT_TC_DRT_BTA_018'...
2025-06-20 00:14:24,533 | INFO |   🔄 Updating fields for OSV-3009: 'KPIT_TC_DRT_BTA_018...
2025-06-20 00:14:24,533 | INFO |     Failure Category : Test Env issue
2025-06-20 00:14:24,534 | INFO |     Failure Sub Category : Automation Setup Malfunction
2025-06-20 00:14:24,534 | INFO |     Root Cause Details : Wireless CarPlay not connected.
2025-06-20 00:14:24,534 | INFO |     Fixation Performed : NA
2025-06-20 00:14:25,242 | INFO |   ✅ Updated fields for OSV-3009: 'KPIT_TC_DRT_BTA_018.
2025-06-20 00:14:25,243 | INFO |   🔄 Commenting on OSV-3009: 'KPIT_TC_DRT_BTA_018...
2025-06-20 00:14:25,244 | INFO |     Date                 : 3rd June 2025
2025-06-20 00:14:25,245 | INFO |     Analysis Done By     : Sahil
2025-06-20 00:14:25,245 | INFO |     Result               : Fail
2025-06-20 00:14:25,246 | INFO |     Failure Category     : Test Env issue
2025-06-20 00:14:25,247 | INFO |     Failure Sub Category : Automation Setup Malfunction
2025-06-20 00:14:25,247 | INFO |     Root Cause Details   : Wireless CarPlay not connected.
2025-06-20 00:14:25,248 | INFO |     Fixation Performed   : NA
2025-06-20 00:14:25,747 | INFO |   ✅ Commented on OSV-3009: 'KPIT_TC_DRT_BTA_018.

2025-06-20 00:14:26,076 | INFO | ⏳ Updating 'OSV-2489: KPIT_TC_DRT_BTA_020'...
2025-06-20 00:14:26,076 | INFO |   🔄 Updating fields for OSV-2489: 'KPIT_TC_DRT_BTA_020...
2025-06-20 00:14:26,077 | INFO |     Failure Category : Test Env issue
2025-06-20 00:14:26,077 | INFO |     Failure Sub Category : Automation Setup Malfunction
2025-06-20 00:14:26,077 | INFO |     Root Cause Details : Wireless CarPlay not connected.
2025-06-20 00:14:26,077 | INFO |     Fixation Performed : NA
2025-06-20 00:14:26,755 | INFO |   ✅ Updated fields for OSV-2489: 'KPIT_TC_DRT_BTA_020.
2025-06-20 00:14:26,755 | INFO |   🔄 Commenting on OSV-2489: 'KPIT_TC_DRT_BTA_020...
2025-06-20 00:14:26,755 | INFO |     Date                 : 3rd June 2025
2025-06-20 00:14:26,755 | INFO |     Analysis Done By     : Sahil
2025-06-20 00:14:26,756 | INFO |     Result               : Fail
2025-06-20 00:14:26,756 | INFO |     Failure Category     : Test Env issue
2025-06-20 00:14:26,756 | INFO |     Failure Sub Category : Automation Setup Malfunction
2025-06-20 00:14:26,756 | INFO |     Root Cause Details   : Wireless CarPlay not connected.
2025-06-20 00:14:26,756 | INFO |     Fixation Performed   : NA
2025-06-20 00:14:27,621 | INFO |   ✅ Commented on OSV-2489: 'KPIT_TC_DRT_BTA_020.

2025-06-20 00:14:28,044 | INFO | ⏳ Updating 'OSV-3008: KPIT_TC_DRT_BTA_021'...
2025-06-20 00:14:28,045 | INFO |   🔄 Updating fields for OSV-3008: 'KPIT_TC_DRT_BTA_021...
2025-06-20 00:14:28,045 | INFO |     Failure Category : Test Env issue
2025-06-20 00:14:28,045 | INFO |     Failure Sub Category : Automation Setup Malfunction
2025-06-20 00:14:28,045 | INFO |     Root Cause Details : Play state validation failed.
2025-06-20 00:14:28,046 | INFO |     Fixation Performed : NA
2025-06-20 00:14:28,897 | INFO |   ✅ Updated fields for OSV-3008: 'KPIT_TC_DRT_BTA_021.
2025-06-20 00:14:28,899 | INFO |   🔄 Commenting on OSV-3008: 'KPIT_TC_DRT_BTA_021...
2025-06-20 00:14:28,899 | INFO |     Date                 : 3rd June 2025
2025-06-20 00:14:28,900 | INFO |     Analysis Done By     : Sahil
2025-06-20 00:14:28,901 | INFO |     Result               : Fail
2025-06-20 00:14:28,902 | INFO |     Failure Category     : Test Env issue
2025-06-20 00:14:28,902 | INFO |     Failure Sub Category : Automation Setup Malfunction
2025-06-20 00:14:28,903 | INFO |     Root Cause Details   : Play state validation failed.
2025-06-20 00:14:28,904 | INFO |     Fixation Performed   : NA
2025-06-20 00:14:29,332 | INFO |   ✅ Commented on OSV-3008: 'KPIT_TC_DRT_BTA_021.

2025-06-20 00:14:29,673 | INFO | ⏳ Updating 'OSV-2487: KPIT_TC_DRT_BTA_025'...
2025-06-20 00:14:29,673 | INFO |   🔄 Updating fields for OSV-2487: 'KPIT_TC_DRT_BTA_025...
2025-06-20 00:14:29,674 | INFO |     Failure Category : Test Env issue
2025-06-20 00:14:29,675 | INFO |     Failure Sub Category : Automation Setup Malfunction
2025-06-20 00:14:29,675 | INFO |     Root Cause Details : Wireless CarPlay not connected.
2025-06-20 00:14:29,676 | INFO |     Fixation Performed : NA
2025-06-20 00:14:30,320 | INFO |   ✅ Updated fields for OSV-2487: 'KPIT_TC_DRT_BTA_025.
2025-06-20 00:14:30,320 | INFO |   🔄 Commenting on OSV-2487: 'KPIT_TC_DRT_BTA_025...
2025-06-20 00:14:30,321 | INFO |     Date                 : 3rd June 2025
2025-06-20 00:14:30,321 | INFO |     Analysis Done By     : Sahil
2025-06-20 00:14:30,321 | INFO |     Result               : Fail
2025-06-20 00:14:30,321 | INFO |     Failure Category     : Test Env issue
2025-06-20 00:14:30,322 | INFO |     Failure Sub Category : Automation Setup Malfunction
2025-06-20 00:14:30,322 | INFO |     Root Cause Details   : Wireless CarPlay not connected.
2025-06-20 00:14:30,322 | INFO |     Fixation Performed   : NA
2025-06-20 00:14:31,194 | INFO |   ✅ Commented on OSV-2487: 'KPIT_TC_DRT_BTA_025.

2025-06-20 00:14:31,579 | INFO | ⏳ Updating 'OSV-3225: KPIT_TC_DRT_BTA_032'...
2025-06-20 00:14:31,579 | INFO |   🔄 Updating fields for OSV-3225: 'KPIT_TC_DRT_BTA_032...
2025-06-20 00:14:31,580 | INFO |     Failure Category : Test Env issue
2025-06-20 00:14:31,580 | INFO |     Failure Sub Category : Automation Setup Malfunction
2025-06-20 00:14:31,580 | INFO |     Root Cause Details : Failed launch music app on remote phone.
2025-06-20 00:14:31,580 | INFO |     Fixation Performed : NA
2025-06-20 00:14:32,470 | INFO |   ✅ Updated fields for OSV-3225: 'KPIT_TC_DRT_BTA_032.
2025-06-20 00:14:32,471 | INFO |   🔄 Commenting on OSV-3225: 'KPIT_TC_DRT_BTA_032...
2025-06-20 00:14:32,471 | INFO |     Date                 : 3rd June 2025
2025-06-20 00:14:32,472 | INFO |     Analysis Done By     : Sahil
2025-06-20 00:14:32,473 | INFO |     Result               : Fail
2025-06-20 00:14:32,473 | INFO |     Failure Category     : Test Env issue
2025-06-20 00:14:32,474 | INFO |     Failure Sub Category : Automation Setup Malfunction
2025-06-20 00:14:32,474 | INFO |     Root Cause Details   : Failed launch music app on remote phone.
2025-06-20 00:14:32,475 | INFO |     Fixation Performed   : NA
2025-06-20 00:14:32,928 | INFO |   ✅ Commented on OSV-3225: 'KPIT_TC_DRT_BTA_032.

2025-06-20 00:14:33,262 | INFO | ⏳ Updating 'OSV-2610: KPIT_TC_DRT_BTA_053'...
2025-06-20 00:14:33,263 | INFO |   🔄 Updating fields for OSV-2610: 'KPIT_TC_DRT_BTA_053...
2025-06-20 00:14:33,263 | INFO |     Failure Category : Test Env issue
2025-06-20 00:14:33,264 | INFO |     Failure Sub Category : Automation Setup Malfunction
2025-06-20 00:14:33,264 | INFO |     Root Cause Details : Wireless CarPlay not connected.
2025-06-20 00:14:33,265 | INFO |     Fixation Performed : NA
2025-06-20 00:14:33,954 | INFO |   ✅ Updated fields for OSV-2610: 'KPIT_TC_DRT_BTA_053.
2025-06-20 00:14:33,955 | INFO |   🔄 Commenting on OSV-2610: 'KPIT_TC_DRT_BTA_053...
2025-06-20 00:14:33,955 | INFO |     Date                 : 3rd June 2025
2025-06-20 00:14:33,956 | INFO |     Analysis Done By     : Sahil
2025-06-20 00:14:33,956 | INFO |     Result               : Fail
2025-06-20 00:14:33,956 | INFO |     Failure Category     : Test Env issue
2025-06-20 00:14:33,957 | INFO |     Failure Sub Category : Automation Setup Malfunction
2025-06-20 00:14:33,957 | INFO |     Root Cause Details   : Wireless CarPlay not connected.
2025-06-20 00:14:33,957 | INFO |     Fixation Performed   : NA
2025-06-20 00:14:34,765 | INFO |   ✅ Commented on OSV-2610: 'KPIT_TC_DRT_BTA_053.

2025-06-20 00:14:35,112 | INFO | ⏳ Updating 'OSV-2607: KPIT_TC_DRT_HFT_048'...
2025-06-20 00:14:35,113 | INFO |   🔄 Updating fields for OSV-2607: 'KPIT_TC_DRT_HFT_048...
2025-06-20 00:14:35,114 | INFO |     Failure Category : Test Env issue
2025-06-20 00:14:35,114 | INFO |     Failure Sub Category : Automation Setup Malfunction
2025-06-20 00:14:35,115 | INFO |     Root Cause Details : Wireless CarPlay not connected.
2025-06-20 00:14:35,115 | INFO |     Fixation Performed : NA
2025-06-20 00:14:35,798 | INFO |   ✅ Updated fields for OSV-2607: 'KPIT_TC_DRT_HFT_048.
2025-06-20 00:14:35,799 | INFO |   🔄 Commenting on OSV-2607: 'KPIT_TC_DRT_HFT_048...
2025-06-20 00:14:35,799 | INFO |     Date                 : 3rd June 2025
2025-06-20 00:14:35,800 | INFO |     Analysis Done By     : Sahil
2025-06-20 00:14:35,800 | INFO |     Result               : Fail
2025-06-20 00:14:35,801 | INFO |     Failure Category     : Test Env issue
2025-06-20 00:14:35,802 | INFO |     Failure Sub Category : Automation Setup Malfunction
2025-06-20 00:14:35,803 | INFO |     Root Cause Details   : Wireless CarPlay not connected.
2025-06-20 00:14:35,803 | INFO |     Fixation Performed   : NA
2025-06-20 00:14:36,300 | INFO |   ✅ Commented on OSV-2607: 'KPIT_TC_DRT_HFT_048.

2025-06-20 00:14:36,654 | INFO | ⏳ Updating 'OSV-2609: KPIT_TC_DRT_HMI_001'...
2025-06-20 00:14:36,655 | INFO |   🔄 Updating fields for OSV-2609: 'KPIT_TC_DRT_HMI_001...
2025-06-20 00:14:36,655 | INFO |     Failure Category : Test Env issue
2025-06-20 00:14:36,655 | INFO |     Failure Sub Category : Automation Setup Malfunction
2025-06-20 00:14:36,655 | INFO |     Root Cause Details : Wireless CarPlay not connected.
2025-06-20 00:14:36,656 | INFO |     Fixation Performed : NA
2025-06-20 00:14:37,296 | INFO |   ✅ Updated fields for OSV-2609: 'KPIT_TC_DRT_HMI_001.
2025-06-20 00:14:37,297 | INFO |   🔄 Commenting on OSV-2609: 'KPIT_TC_DRT_HMI_001...
2025-06-20 00:14:37,297 | INFO |     Date                 : 3rd June 2025
2025-06-20 00:14:37,298 | INFO |     Analysis Done By     : Sahil
2025-06-20 00:14:37,298 | INFO |     Result               : Fail
2025-06-20 00:14:37,299 | INFO |     Failure Category     : Test Env issue
2025-06-20 00:14:37,299 | INFO |     Failure Sub Category : Automation Setup Malfunction
2025-06-20 00:14:37,300 | INFO |     Root Cause Details   : Wireless CarPlay not connected.
2025-06-20 00:14:37,300 | INFO |     Fixation Performed   : NA
2025-06-20 00:14:38,100 | INFO |   ✅ Commented on OSV-2609: 'KPIT_TC_DRT_HMI_001.

2025-06-20 00:14:38,413 | INFO | ⏳ Updating 'OSV-3010: KPIT_TC_DRT_IPD_1193'...
2025-06-20 00:14:38,413 | INFO |   🔄 Updating fields for OSV-3010: 'KPIT_TC_DRT_IPD_1193...
2025-06-20 00:14:38,414 | INFO |     Failure Category : Test Env issue
2025-06-20 00:14:38,414 | INFO |     Failure Sub Category : Automation Setup Malfunction
2025-06-20 00:14:38,414 | INFO |     Root Cause Details : iPod is disconnected
2025-06-20 00:14:38,415 | INFO |     Fixation Performed : NA
2025-06-20 00:14:39,239 | INFO |   ✅ Updated fields for OSV-3010: 'KPIT_TC_DRT_IPD_1193.
2025-06-20 00:14:39,240 | INFO |   🔄 Commenting on OSV-3010: 'KPIT_TC_DRT_IPD_1193...
2025-06-20 00:14:39,241 | INFO |     Date                 : 3rd June 2025
2025-06-20 00:14:39,242 | INFO |     Analysis Done By     : Sahil
2025-06-20 00:14:39,242 | INFO |     Result               : Fail
2025-06-20 00:14:39,243 | INFO |     Failure Category     : Test Env issue
2025-06-20 00:14:39,244 | INFO |     Failure Sub Category : Automation Setup Malfunction
2025-06-20 00:14:39,244 | INFO |     Root Cause Details   : iPod is disconnected
2025-06-20 00:14:39,245 | INFO |     Fixation Performed   : NA
2025-06-20 00:14:40,121 | INFO |   ✅ Commented on OSV-3010: 'KPIT_TC_DRT_IPD_1193.

2025-06-20 00:14:40,462 | INFO | ⏳ Updating 'OSV-2611: KPIT_TC_DRT_KBD_017'...
2025-06-20 00:14:40,463 | INFO |   🔄 Updating fields for OSV-2611: 'KPIT_TC_DRT_KBD_017...
2025-06-20 00:14:40,464 | INFO |     Failure Category : Test Env issue
2025-06-20 00:14:40,465 | INFO |     Failure Sub Category : Automation Setup Malfunction
2025-06-20 00:14:40,465 | INFO |     Root Cause Details : Keyboard Input Language is not get set to Francais, Even if the robot click performed.
2025-06-20 00:14:40,467 | INFO |     Fixation Performed : NA
2025-06-20 00:14:41,389 | INFO |   ✅ Updated fields for OSV-2611: 'KPIT_TC_DRT_KBD_017.
2025-06-20 00:14:41,389 | INFO |   🔄 Commenting on OSV-2611: 'KPIT_TC_DRT_KBD_017...
2025-06-20 00:14:41,390 | INFO |     Date                 : 3rd June 2025
2025-06-20 00:14:41,390 | INFO |     Analysis Done By     : Sahil
2025-06-20 00:14:41,391 | INFO |     Result               : Fail
2025-06-20 00:14:41,392 | INFO |     Failure Category     : Test Env issue
2025-06-20 00:14:41,392 | INFO |     Failure Sub Category : Automation Setup Malfunction
2025-06-20 00:14:41,393 | INFO |     Root Cause Details   : Keyboard Input Language is not get set to Francais, Even if the robot click performed.
2025-06-20 00:14:41,393 | INFO |     Fixation Performed   : NA
2025-06-20 00:14:41,804 | INFO |   ✅ Commented on OSV-2611: 'KPIT_TC_DRT_KBD_017.

2025-06-20 00:14:42,186 | INFO | ⏳ Updating 'OSV-2492: KPIT_TC_DRT_SPCAA_024'...
2025-06-20 00:14:42,187 | INFO |   🔄 Updating fields for OSV-2492: 'KPIT_TC_DRT_SPCAA_024...
2025-06-20 00:14:42,188 | INFO |     Failure Category : Test Env issue
2025-06-20 00:14:42,188 | INFO |     Failure Sub Category : Automation Setup Malfunction
2025-06-20 00:14:42,190 | INFO |     Root Cause Details : Failed to click on AA_A1_Song.png, Unable to find reference image on actual grab image.
2025-06-20 00:14:42,190 | INFO |     Fixation Performed : NA
2025-06-20 00:14:43,018 | INFO |   ✅ Updated fields for OSV-2492: 'KPIT_TC_DRT_SPCAA_024.
2025-06-20 00:14:43,018 | INFO |   🔄 Commenting on OSV-2492: 'KPIT_TC_DRT_SPCAA_024...
2025-06-20 00:14:43,018 | INFO |     Date                 : 3rd June 2025
2025-06-20 00:14:43,019 | INFO |     Analysis Done By     : Sahil
2025-06-20 00:14:43,019 | INFO |     Result               : Fail
2025-06-20 00:14:43,019 | INFO |     Failure Category     : Test Env issue
2025-06-20 00:14:43,020 | INFO |     Failure Sub Category : Automation Setup Malfunction
2025-06-20 00:14:43,020 | INFO |     Root Cause Details   : Failed to click on AA_A1_Song.png, Unable to find reference image on actual grab image.
2025-06-20 00:14:43,020 | INFO |     Fixation Performed   : NA
2025-06-20 00:14:43,907 | INFO |   ✅ Commented on OSV-2492: 'KPIT_TC_DRT_SPCAA_024.

2025-06-20 00:14:44,279 | INFO | ⏳ Updating 'OSV-2613: KPIT_TC_DRT_SPCCP_021'...
2025-06-20 00:14:44,280 | INFO |   🔄 Updating fields for OSV-2613: 'KPIT_TC_DRT_SPCCP_021...
2025-06-20 00:14:44,281 | INFO |     Failure Category : Test Env issue
2025-06-20 00:14:44,282 | INFO |     Failure Sub Category : Automation Setup Malfunction
2025-06-20 00:14:44,282 | INFO |     Root Cause Details : Wireless CarPlay not connected.
2025-06-20 00:14:44,283 | INFO |     Fixation Performed : NA
2025-06-20 00:14:45,007 | INFO |   ✅ Updated fields for OSV-2613: 'KPIT_TC_DRT_SPCCP_021.
2025-06-20 00:14:45,008 | INFO |   🔄 Commenting on OSV-2613: 'KPIT_TC_DRT_SPCCP_021...
2025-06-20 00:14:45,008 | INFO |     Date                 : 3rd June 2025
2025-06-20 00:14:45,009 | INFO |     Analysis Done By     : Sahil
2025-06-20 00:14:45,010 | INFO |     Result               : Fail
2025-06-20 00:14:45,011 | INFO |     Failure Category     : Test Env issue
2025-06-20 00:14:45,011 | INFO |     Failure Sub Category : Automation Setup Malfunction
2025-06-20 00:14:45,012 | INFO |     Root Cause Details   : Wireless CarPlay not connected.
2025-06-20 00:14:45,012 | INFO |     Fixation Performed   : NA
2025-06-20 00:14:45,483 | INFO |   ✅ Commented on OSV-2613: 'KPIT_TC_DRT_SPCCP_021.

2025-06-20 00:14:45,836 | INFO | ⏳ Updating 'OSV-2608: KPIT_TC_DRT_SPCCP_099'...
2025-06-20 00:14:45,837 | INFO |   🔄 Updating fields for OSV-2608: 'KPIT_TC_DRT_SPCCP_099...
2025-06-20 00:14:45,837 | INFO |     Failure Category : Test Env issue
2025-06-20 00:14:45,837 | INFO |     Failure Sub Category : Automation Setup Malfunction
2025-06-20 00:14:45,838 | INFO |     Root Cause Details : Wireless CarPlay not connected.
2025-06-20 00:14:45,838 | INFO |     Fixation Performed : NA
2025-06-20 00:14:46,574 | INFO |   ✅ Updated fields for OSV-2608: 'KPIT_TC_DRT_SPCCP_099.
2025-06-20 00:14:46,575 | INFO |   🔄 Commenting on OSV-2608: 'KPIT_TC_DRT_SPCCP_099...
2025-06-20 00:14:46,575 | INFO |     Date                 : 3rd June 2025
2025-06-20 00:14:46,576 | INFO |     Analysis Done By     : Sahil
2025-06-20 00:14:46,576 | INFO |     Result               : Fail
2025-06-20 00:14:46,578 | INFO |     Failure Category     : Test Env issue
2025-06-20 00:14:46,578 | INFO |     Failure Sub Category : Automation Setup Malfunction
2025-06-20 00:14:46,578 | INFO |     Root Cause Details   : Wireless CarPlay not connected.
2025-06-20 00:14:46,579 | INFO |     Fixation Performed   : NA
2025-06-20 00:14:47,050 | INFO |   ✅ Commented on OSV-2608: 'KPIT_TC_DRT_SPCCP_099.

2025-06-20 00:14:47,435 | INFO | ⏳ Updating 'OSV-3011: KPIT_TC_DRT_USB_1245'...
2025-06-20 00:14:47,436 | INFO |   🔄 Updating fields for OSV-3011: 'KPIT_TC_DRT_USB_1245...
2025-06-20 00:14:47,436 | INFO |     Failure Category : Test Env issue
2025-06-20 00:14:47,438 | INFO |     Failure Sub Category : Automation Setup Malfunction
2025-06-20 00:14:47,438 | INFO |     Root Cause Details : iPod is disconnected
2025-06-20 00:14:47,439 | INFO |     Fixation Performed : NA
2025-06-20 00:14:48,338 | INFO |   ✅ Updated fields for OSV-3011: 'KPIT_TC_DRT_USB_1245.
2025-06-20 00:14:48,338 | INFO |   🔄 Commenting on OSV-3011: 'KPIT_TC_DRT_USB_1245...
2025-06-20 00:14:48,339 | INFO |     Date                 : 3rd June 2025
2025-06-20 00:14:48,339 | INFO |     Analysis Done By     : Sahil
2025-06-20 00:14:48,340 | INFO |     Result               : Fail
2025-06-20 00:14:48,340 | INFO |     Failure Category     : Test Env issue
2025-06-20 00:14:48,341 | INFO |     Failure Sub Category : Automation Setup Malfunction
2025-06-20 00:14:48,342 | INFO |     Root Cause Details   : iPod is disconnected
2025-06-20 00:14:48,342 | INFO |     Fixation Performed   : NA
2025-06-20 00:14:48,742 | INFO |   ✅ Commented on OSV-3011: 'KPIT_TC_DRT_USB_1245.

2025-06-20 00:14:49,073 | INFO | ⏳ Updating 'OSV-2484: KPIT_TC_FNC_AVG_0878_0001'...
2025-06-20 00:14:49,074 | INFO |   🔄 Updating fields for OSV-2484: 'KPIT_TC_FNC_AVG_0878_0001...
2025-06-20 00:14:49,075 | INFO |     Failure Category : Test Env issue
2025-06-20 00:14:49,075 | INFO |     Failure Sub Category : Automation Setup Malfunction
2025-06-20 00:14:49,076 | INFO |     Root Cause Details : Wireless CarPlay not connected.
2025-06-20 00:14:49,077 | INFO |     Fixation Performed : NA
2025-06-20 00:14:49,781 | INFO |   ✅ Updated fields for OSV-2484: 'KPIT_TC_FNC_AVG_0878_0001.
2025-06-20 00:14:49,782 | INFO |   🔄 Commenting on OSV-2484: 'KPIT_TC_FNC_AVG_0878_0001...
2025-06-20 00:14:49,784 | INFO |     Date                 : 3rd June 2025
2025-06-20 00:14:49,784 | INFO |     Analysis Done By     : Sahil
2025-06-20 00:14:49,784 | INFO |     Result               : Fail
2025-06-20 00:14:49,785 | INFO |     Failure Category     : Test Env issue
2025-06-20 00:14:49,785 | INFO |     Failure Sub Category : Automation Setup Malfunction
2025-06-20 00:14:49,787 | INFO |     Root Cause Details   : Wireless CarPlay not connected.
2025-06-20 00:14:49,787 | INFO |     Fixation Performed   : NA
2025-06-20 00:14:50,341 | INFO |   ✅ Commented on OSV-2484: 'KPIT_TC_FNC_AVG_0878_0001.

