2025-06-20 00:05:46,572 | ERROR | [ERROR] Could not process OSV-2612: 'KPIT_TC_DRT_BTA_024 : 'Root Cause Details'.

2025-06-20 00:05:46,574 | ERROR | [ERROR] Could not process OSV-3225: 'KPIT_TC_DRT_BTA_032 : 'Root Cause Details'.

2025-06-20 00:05:46,576 | ERROR | [ERROR] Could not process OSV-3488: 'KPIT_TC_DRT_HFT_017 : 'Root Cause Details'.

2025-06-20 00:05:46,577 | ERROR | [ERROR] Could not process OSV-3493: 'KPIT_TC_DRT_HFT_046 : 'Root Cause Details'.

2025-06-20 00:05:46,579 | ERROR | [ERROR] Could not process OSV-3484: 'KPIT_TC_DRT_HFT_052 : 'Root Cause Details'.

2025-06-20 00:05:46,580 | ERROR | [ERROR] Could not process OSV-3485: 'KPIT_TC_DRT_HFT_054 : 'Root Cause Details'.

2025-06-20 00:05:46,582 | ERROR | [ERROR] Could not process OSV-3487: 'KPIT_TC_DRT_HFT_059 : 'Root Cause Details'.

2025-06-20 00:05:46,583 | ERROR | [ERROR] Could not process OSV-2780: 'KPIT_TC_DRT_HOM_005 : 'Root Cause Details'.

2025-06-20 00:05:46,584 | ERROR | [ERROR] Could not process OSV-2781: 'KPIT_TC_DRT_HOM_006 : 'Root Cause Details'.

2025-06-20 00:05:46,585 | ERROR | [ERROR] Could not process OSV-2778: 'KPIT_TC_DRT_HOM_009 : 'Root Cause Details'.

2025-06-20 00:05:46,586 | ERROR | [ERROR] Could not process OSV-2779: 'KPIT_TC_DRT_HOM_012 : 'Root Cause Details'.

2025-06-20 00:05:46,587 | ERROR | [ERROR] Could not process OSV-2494: 'KPIT_TC_DRT_HOM_013 : 'Root Cause Details'.

2025-06-20 00:05:46,588 | ERROR | [ERROR] Could not process OSV-2774: 'KPIT_TC_DRT_HOM_028 : 'Root Cause Details'.

2025-06-20 00:05:46,589 | ERROR | [ERROR] Could not process OSV-2776: 'KPIT_TC_DRT_HOM_031 : 'Root Cause Details'.

2025-06-20 00:05:46,590 | ERROR | [ERROR] Could not process OSV-2773: 'KPIT_TC_DRT_HOM_035 : 'Root Cause Details'.

2025-06-20 00:05:46,591 | ERROR | [ERROR] Could not process OSV-2771: 'KPIT_TC_DRT_HOM_050 : 'Root Cause Details'.

2025-06-20 00:05:46,593 | ERROR | [ERROR] Could not process OSV-3010: 'KPIT_TC_DRT_IPD_1193 : 'Root Cause Details'.

2025-06-20 00:05:46,594 | ERROR | [ERROR] Could not process OSV-3490: 'KPIT_TC_DRT_KBD_003 : 'Root Cause Details'.

2025-06-20 00:05:46,595 | ERROR | [ERROR] Could not process OSV-2777: 'KPIT_TC_DRT_KBD_013 : 'Root Cause Details'.

2025-06-20 00:05:46,596 | ERROR | [ERROR] Could not process OSV-2491: 'KPIT_TC_DRT_MCS_036 : 'Root Cause Details'.

2025-06-20 00:05:46,597 | ERROR | [ERROR] Could not process OSV-2483: 'KPIT_TC_DRT_MCS_045 : 'Root Cause Details'.

2025-06-20 00:05:46,598 | ERROR | [ERROR] Could not process OSV-2493: 'KPIT_TC_DRT_SPCAA_010 : 'Root Cause Details'.

2025-06-20 00:05:46,600 | ERROR | [ERROR] Could not process OSV-2492: 'KPIT_TC_DRT_SPCAA_024 : 'Root Cause Details'.

2025-06-20 00:05:46,601 | ERROR | [ERROR] Could not process OSV-2478: 'KPIT_TC_DRT_SPCAA_078 : 'Root Cause Details'.

2025-06-20 00:05:46,602 | ERROR | [ERROR] Could not process OSV-2490: 'KPIT_TC_DRT_SSR_004 : 'Root Cause Details'.

2025-06-20 00:05:46,603 | ERROR | [ERROR] Could not process OSV-2482: 'KPIT_TC_DRT_SSR_012 : 'Root Cause Details'.

2025-06-20 00:05:46,604 | ERROR | [ERROR] Could not process OSV-2496: 'KPIT_TC_DRT_SUW_003 : 'Root Cause Details'.

2025-06-20 00:05:46,605 | ERROR | [ERROR] Could not process OSV-2479: 'KPIT_TC_DRT_SUW_004 : 'Root Cause Details'.

2025-06-20 00:05:46,607 | ERROR | [ERROR] Could not process OSV-2488: 'KPIT_TC_DRT_USB_060 : 'Root Cause Details'.

2025-06-20 00:05:46,608 | ERROR | [ERROR] Could not process OSV-2775: 'KPIT_TC_DRT_VEH_002 : 'Root Cause Details'.

2025-06-20 00:05:46,609 | ERROR | [ERROR] Could not process OSV-2782: 'KPIT_TC_DRT_VEH_059 : 'Root Cause Details'.

2025-06-20 00:05:46,610 | ERROR | [ERROR] Could not process OSV-2495: 'KPIT_TC_FNC_SPCAA_0447_0001 : 'Root Cause Details'.

2025-06-20 00:05:46,611 | ERROR | [ERROR] Could not process : 'KPIT_TC_FNC_SSR_0396_0001 : 'Root Cause Details'.

2025-06-20 00:05:46,612 | ERROR | [ERROR] Could not process OSV-3009: 'KPIT_TC_DRT_BTA_018 : 'Root Cause Details'.

2025-06-20 00:05:46,613 | ERROR | [ERROR] Could not process OSV-2489: 'KPIT_TC_DRT_BTA_020 : 'Root Cause Details'.

2025-06-20 00:05:46,615 | ERROR | [ERROR] Could not process OSV-3008: 'KPIT_TC_DRT_BTA_021 : 'Root Cause Details'.

2025-06-20 00:05:46,616 | ERROR | [ERROR] Could not process OSV-2487: 'KPIT_TC_DRT_BTA_025 : 'Root Cause Details'.

2025-06-20 00:05:46,617 | ERROR | [ERROR] Could not process OSV-2610: 'KPIT_TC_DRT_BTA_053 : 'Root Cause Details'.

2025-06-20 00:05:46,618 | ERROR | [ERROR] Could not process OSV-2607: 'KPIT_TC_DRT_HFT_048 : 'Root Cause Details'.

2025-06-20 00:05:46,619 | ERROR | [ERROR] Could not process OSV-2609: 'KPIT_TC_DRT_HMI_001 : 'Root Cause Details'.

2025-06-20 00:05:46,620 | ERROR | [ERROR] Could not process OSV-3275: 'KPIT_TC_DRT_KBD_002 : 'Root Cause Details'.

2025-06-20 00:05:46,621 | ERROR | [ERROR] Could not process OSV-3286: 'KPIT_TC_DRT_KBD_004 : 'Root Cause Details'.

2025-06-20 00:05:46,622 | ERROR | [ERROR] Could not process OSV-3288: 'KPIT_TC_DRT_KBD_005 : 'Root Cause Details'.

2025-06-20 00:05:46,623 | ERROR | [ERROR] Could not process OSV-3287: 'KPIT_TC_DRT_KBD_011 : 'Root Cause Details'.

2025-06-20 00:05:46,624 | ERROR | [ERROR] Could not process OSV-3279: 'KPIT_TC_DRT_KBD_012 : 'Root Cause Details'.

2025-06-20 00:05:46,626 | ERROR | [ERROR] Could not process OSV-2611: 'KPIT_TC_DRT_KBD_017 : 'Root Cause Details'.

2025-06-20 00:05:46,626 | ERROR | [ERROR] Could not process OSV-3280: 'KPIT_TC_DRT_KBD_022 : 'Root Cause Details'.

2025-06-20 00:05:46,627 | ERROR | [ERROR] Could not process OSV-3276: 'KPIT_TC_DRT_KBD_023 : 'Root Cause Details'.

2025-06-20 00:05:46,628 | ERROR | [ERROR] Could not process OSV-3277: 'KPIT_TC_DRT_KBD_024 : 'Root Cause Details'.

2025-06-20 00:05:46,629 | ERROR | [ERROR] Could not process OSV-3281: 'KPIT_TC_DRT_KBD_031 : 'Root Cause Details'.

2025-06-20 00:05:46,631 | ERROR | [ERROR] Could not process OSV-3274: 'KPIT_TC_DRT_KBD_040 : 'Root Cause Details'.

2025-06-20 00:05:46,632 | ERROR | [ERROR] Could not process OSV-3278: 'KPIT_TC_DRT_KBD_041 : 'Root Cause Details'.

2025-06-20 00:05:46,633 | ERROR | [ERROR] Could not process OSV-3282: 'KPIT_TC_DRT_KBD_048 : 'Root Cause Details'.

2025-06-20 00:05:46,634 | ERROR | [ERROR] Could not process OSV-3272: 'KPIT_TC_DRT_KBD_054 : 'Root Cause Details'.

2025-06-20 00:05:46,635 | ERROR | [ERROR] Could not process OSV-3273: 'KPIT_TC_DRT_KBD_055 : 'Root Cause Details'.

2025-06-20 00:05:46,637 | ERROR | [ERROR] Could not process OSV-2485: 'KPIT_TC_DRT_PRM_003 : 'Root Cause Details'.

2025-06-20 00:05:46,638 | ERROR | [ERROR] Could not process OSV-3007: 'KPIT_TC_DRT_SND_039 : 'Root Cause Details'.

2025-06-20 00:05:46,639 | ERROR | [ERROR] Could not process OSV-2613: 'KPIT_TC_DRT_SPCCP_021 : 'Root Cause Details'.

2025-06-20 00:05:46,640 | ERROR | [ERROR] Could not process OSV-2608: 'KPIT_TC_DRT_SPCCP_099 : 'Root Cause Details'.

2025-06-20 00:05:46,642 | ERROR | [ERROR] Could not process OSV-2480: 'KPIT_TC_DRT_SUW_005 : 'Root Cause Details'.

2025-06-20 00:05:46,643 | ERROR | [ERROR] Could not process OSV-2481: 'KPIT_TC_DRT_SUW_006 : 'Root Cause Details'.

2025-06-20 00:05:46,644 | ERROR | [ERROR] Could not process OSV-3011: 'KPIT_TC_DRT_USB_1245 : 'Root Cause Details'.

2025-06-20 00:05:46,645 | ERROR | [ERROR] Could not process OSV-2484: 'KPIT_TC_FNC_AVG_0878_0001 : 'Root Cause Details'.

