2025-06-27 00:19:56,742 | INFO | ⏳ Updating 'OSV-4360: KPIT_TC_DRT_ANT_011'...
2025-06-27 00:19:56,743 | INFO |   🔄 Commenting on OSV-4360: 'KPIT_TC_DRT_ANT_011...
2025-06-27 00:19:56,745 | INFO |     Date                 : 18th June 2025
2025-06-27 00:19:56,746 | INFO |     Analysis Done By     : Chandrakant
2025-06-27 00:19:56,746 | INFO |     Result               : Pass
2025-06-27 00:19:57,646 | INFO |   ✅ Commented on OSV-4360: 'KPIT_TC_DRT_ANT_011.

2025-06-27 00:19:57,989 | INFO | ⏳ Updating 'OSV-4366: KPIT_TC_DRT_BTA_024'...
2025-06-27 00:19:57,990 | INFO |   🔄 Commenting on OSV-4366: 'KPIT_TC_DRT_BTA_024...
2025-06-27 00:19:57,990 | INFO |     Date                 : 18th June 2025
2025-06-27 00:19:57,991 | INFO |     Analysis Done By     : Chandrakant
2025-06-27 00:19:57,991 | INFO |     Result               : Pass
2025-06-27 00:19:58,476 | INFO |   ✅ Commented on OSV-4366: 'KPIT_TC_DRT_BTA_024.

2025-06-27 00:19:58,870 | INFO | ⏳ Updating 'OSV-4358: KPIT_TC_DRT_BTA_049'...
2025-06-27 00:19:58,871 | INFO |   🔄 Commenting on OSV-4358: 'KPIT_TC_DRT_BTA_049...
2025-06-27 00:19:58,871 | INFO |     Date                 : 18th June 2025
2025-06-27 00:19:58,872 | INFO |     Analysis Done By     : Chandrakant
2025-06-27 00:19:58,873 | INFO |     Result               : Pass
2025-06-27 00:19:59,724 | INFO |   ✅ Commented on OSV-4358: 'KPIT_TC_DRT_BTA_049.

2025-06-27 00:20:00,098 | INFO | ⏳ Updating 'OSV-4368: KPIT_TC_DRT_BTA_032'...
2025-06-27 00:20:00,099 | INFO |   🔄 Commenting on OSV-4368: 'KPIT_TC_DRT_BTA_032...
2025-06-27 00:20:00,099 | INFO |     Date                 : 18th June 2025
2025-06-27 00:20:00,100 | INFO |     Analysis Done By     : Chandrakant
2025-06-27 00:20:00,100 | INFO |     Result               : Pass
2025-06-27 00:20:00,876 | INFO |   ✅ Commented on OSV-4368: 'KPIT_TC_DRT_BTA_032.

2025-06-27 00:20:01,186 | INFO | ⏳ Updating 'OSV-4356: KPIT_TC_DRT_HED_013'...
2025-06-27 00:20:01,187 | INFO |   🔄 Commenting on OSV-4356: 'KPIT_TC_DRT_HED_013...
2025-06-27 00:20:01,187 | INFO |     Date                 : 18th June 2025
2025-06-27 00:20:01,188 | INFO |     Analysis Done By     : Chandrakant
2025-06-27 00:20:01,188 | INFO |     Result               : Pass
2025-06-27 00:20:01,700 | INFO |   ✅ Commented on OSV-4356: 'KPIT_TC_DRT_HED_013.

2025-06-27 00:20:02,070 | INFO | ⏳ Updating 'OSV-4376: KPIT_TC_FNC_SPCAA_0447_0001'...
2025-06-27 00:20:02,070 | INFO |   🔄 Commenting on OSV-4376: 'KPIT_TC_FNC_SPCAA_0447_0001...
2025-06-27 00:20:02,071 | INFO |     Date                 : 18th June 2025
2025-06-27 00:20:02,071 | INFO |     Analysis Done By     : Chandrakant
2025-06-27 00:20:02,071 | INFO |     Result               : Pass
2025-06-27 00:20:02,579 | INFO |   ✅ Commented on OSV-4376: 'KPIT_TC_FNC_SPCAA_0447_0001.

2025-06-27 00:20:02,917 | INFO | ⏳ Updating 'OSV-4373: KPIT_TC_DRT_KBD_003'...
2025-06-27 00:20:02,918 | INFO |   🔄 Commenting on OSV-4373: 'KPIT_TC_DRT_KBD_003...
2025-06-27 00:20:02,918 | INFO |     Date                 : 18th June 2025
2025-06-27 00:20:02,919 | INFO |     Analysis Done By     : Chandrakant
2025-06-27 00:20:02,919 | INFO |     Result               : Pass
2025-06-27 00:20:03,440 | INFO |   ✅ Commented on OSV-4373: 'KPIT_TC_DRT_KBD_003.

2025-06-27 00:20:03,818 | INFO | ⏳ Updating 'OSV-4364: KPIT_TC_DRT_KBD_017'...
2025-06-27 00:20:03,818 | INFO |   🔄 Commenting on OSV-4364: 'KPIT_TC_DRT_KBD_017...
2025-06-27 00:20:03,819 | INFO |     Date                 : 18th June 2025
2025-06-27 00:20:03,819 | INFO |     Analysis Done By     : Chandrakant
2025-06-27 00:20:03,820 | INFO |     Result               : Pass
2025-06-27 00:20:04,281 | INFO |   ✅ Commented on OSV-4364: 'KPIT_TC_DRT_KBD_017.

2025-06-27 00:20:04,632 | INFO | ⏳ Updating 'OSV-4363: KPIT_TC_DRT_HFT_017'...
2025-06-27 00:20:04,633 | INFO |   🔄 Commenting on OSV-4363: 'KPIT_TC_DRT_HFT_017...
2025-06-27 00:20:04,633 | INFO |     Date                 : 18th June 2025
2025-06-27 00:20:04,634 | INFO |     Analysis Done By     : Chandrakant
2025-06-27 00:20:04,635 | INFO |     Result               : Pass
2025-06-27 00:20:05,133 | INFO |   ✅ Commented on OSV-4363: 'KPIT_TC_DRT_HFT_017.

2025-06-27 00:20:05,456 | INFO | ⏳ Updating 'OSV-4377: KPIT_TC_DRT_HFT_046'...
2025-06-27 00:20:05,456 | INFO |   🔄 Commenting on OSV-4377: 'KPIT_TC_DRT_HFT_046...
2025-06-27 00:20:05,457 | INFO |     Date                 : 18th June 2025
2025-06-27 00:20:05,457 | INFO |     Analysis Done By     : Chandrakant
2025-06-27 00:20:05,457 | INFO |     Result               : Pass
2025-06-27 00:20:06,508 | INFO |   ✅ Commented on OSV-4377: 'KPIT_TC_DRT_HFT_046.

2025-06-27 00:20:06,845 | INFO | ⏳ Updating 'OSV-4353: KPIT_TC_DRT_HFT_052'...
2025-06-27 00:20:06,846 | INFO |   🔄 Commenting on OSV-4353: 'KPIT_TC_DRT_HFT_052...
2025-06-27 00:20:06,846 | INFO |     Date                 : 18th June 2025
2025-06-27 00:20:06,847 | INFO |     Analysis Done By     : Chandrakant
2025-06-27 00:20:06,847 | INFO |     Result               : Pass
2025-06-27 00:20:07,362 | INFO |   ✅ Commented on OSV-4353: 'KPIT_TC_DRT_HFT_052.

2025-06-27 00:20:07,678 | INFO | ⏳ Updating 'OSV-4361: KPIT_TC_DRT_HFT_059'...
2025-06-27 00:20:07,678 | INFO |   🔄 Commenting on OSV-4361: 'KPIT_TC_DRT_HFT_059...
2025-06-27 00:20:07,679 | INFO |     Date                 : 18th June 2025
2025-06-27 00:20:07,679 | INFO |     Analysis Done By     : Chandrakant
2025-06-27 00:20:07,679 | INFO |     Result               : Pass
2025-06-27 00:20:08,190 | INFO |   ✅ Commented on OSV-4361: 'KPIT_TC_DRT_HFT_059.

2025-06-27 00:20:08,524 | INFO | ⏳ Updating 'OSV-4351: KPIT_TC_DRT_HFT_047'...
2025-06-27 00:20:08,524 | INFO |   🔄 Commenting on OSV-4351: 'KPIT_TC_DRT_HFT_047...
2025-06-27 00:20:08,525 | INFO |     Date                 : 18th June 2025
2025-06-27 00:20:08,526 | INFO |     Analysis Done By     : Chandrakant
2025-06-27 00:20:08,526 | INFO |     Result               : Pass
2025-06-27 00:20:09,008 | INFO |   ✅ Commented on OSV-4351: 'KPIT_TC_DRT_HFT_047.

2025-06-27 00:20:09,404 | INFO | ⏳ Updating 'OSV-4354: KPIT_TC_DRT_HFT_054'...
2025-06-27 00:20:09,404 | INFO |   🔄 Commenting on OSV-4354: 'KPIT_TC_DRT_HFT_054...
2025-06-27 00:20:09,405 | INFO |     Date                 : 18th June 2025
2025-06-27 00:20:09,405 | INFO |     Analysis Done By     : Chandrakant
2025-06-27 00:20:09,406 | INFO |     Result               : Pass
2025-06-27 00:20:09,973 | INFO |   ✅ Commented on OSV-4354: 'KPIT_TC_DRT_HFT_054.

2025-06-27 00:20:10,309 | INFO | ⏳ Updating 'OSV-4378: KPIT_TC_DRT_USB_1245'...
2025-06-27 00:20:10,309 | INFO |   🔄 Commenting on OSV-4378: 'KPIT_TC_DRT_USB_1245...
2025-06-27 00:20:10,309 | INFO |     Date                 : 18th June 2025
2025-06-27 00:20:10,310 | INFO |     Analysis Done By     : Chandrakant
2025-06-27 00:20:10,311 | INFO |     Result               : Pass
2025-06-27 00:20:10,766 | INFO |   ✅ Commented on OSV-4378: 'KPIT_TC_DRT_USB_1245.

