2025-06-27 00:15:40,432 | INFO | ⏳ Updating 'OSV-4384: KPIT_TC_DRT_PRM_011'...
2025-06-27 00:15:40,433 | INFO |   🔄 Commenting on OSV-4384: 'KPIT_TC_DRT_PRM_011...
2025-06-27 00:15:40,434 | INFO |     Date                 : 23rd June 2025
2025-06-27 00:15:40,435 | INFO |     Analysis Done By     : Chandrakant
2025-06-27 00:15:40,436 | INFO |     Result               : Pass
2025-06-27 00:15:40,917 | INFO |   ✅ Commented on OSV-4384: 'KPIT_TC_DRT_PRM_011.

2025-06-27 00:15:41,280 | INFO | ⏳ Updating 'OSV-4385: KPIT_TC_DRT_PRM_014'...
2025-06-27 00:15:41,280 | INFO |   🔄 Commenting on OSV-4385: 'KPIT_TC_DRT_PRM_014...
2025-06-27 00:15:41,281 | INFO |     Date                 : 23rd June 2025
2025-06-27 00:15:41,281 | INFO |     Analysis Done By     : Chandrakant
2025-06-27 00:15:41,282 | INFO |     Result               : Pass
2025-06-27 00:15:42,147 | INFO |   ✅ Commented on OSV-4385: 'KPIT_TC_DRT_PRM_014.

2025-06-27 00:15:42,580 | INFO | ⏳ Updating 'OSV-4397: KPIT_TC_DRT_HOM_005'...
2025-06-27 00:15:42,581 | INFO |   🔄 Commenting on OSV-4397: 'KPIT_TC_DRT_HOM_005...
2025-06-27 00:15:42,581 | INFO |     Date                 : 23rd June 2025
2025-06-27 00:15:42,582 | INFO |     Analysis Done By     : Chandrakant
2025-06-27 00:15:42,583 | INFO |     Result               : Pass
2025-06-27 00:15:43,149 | INFO |   ✅ Commented on OSV-4397: 'KPIT_TC_DRT_HOM_005.

2025-06-27 00:15:43,881 | INFO | ⏳ Updating 'OSV-4398: KPIT_TC_DRT_HOM_006'...
2025-06-27 00:15:43,881 | INFO |   🔄 Commenting on OSV-4398: 'KPIT_TC_DRT_HOM_006...
2025-06-27 00:15:43,882 | INFO |     Date                 : 23rd June 2025
2025-06-27 00:15:43,882 | INFO |     Analysis Done By     : Chandrakant
2025-06-27 00:15:43,882 | INFO |     Result               : Pass
2025-06-27 00:15:44,823 | INFO |   ✅ Commented on OSV-4398: 'KPIT_TC_DRT_HOM_006.

2025-06-27 00:15:45,135 | INFO | ⏳ Updating 'OSV-4395: KPIT_TC_DRT_HOM_009'...
2025-06-27 00:15:45,135 | INFO |   🔄 Commenting on OSV-4395: 'KPIT_TC_DRT_HOM_009...
2025-06-27 00:15:45,136 | INFO |     Date                 : 23rd June 2025
2025-06-27 00:15:45,136 | INFO |     Analysis Done By     : Chandrakant
2025-06-27 00:15:45,136 | INFO |     Result               : Pass
2025-06-27 00:15:45,609 | INFO |   ✅ Commented on OSV-4395: 'KPIT_TC_DRT_HOM_009.

2025-06-27 00:15:45,977 | INFO | ⏳ Updating 'OSV-4396: KPIT_TC_DRT_HOM_012'...
2025-06-27 00:15:45,977 | INFO |   🔄 Commenting on OSV-4396: 'KPIT_TC_DRT_HOM_012...
2025-06-27 00:15:45,978 | INFO |     Date                 : 23rd June 2025
2025-06-27 00:15:45,978 | INFO |     Analysis Done By     : Chandrakant
2025-06-27 00:15:45,978 | INFO |     Result               : Pass
2025-06-27 00:15:46,902 | INFO |   ✅ Commented on OSV-4396: 'KPIT_TC_DRT_HOM_012.

2025-06-27 00:15:47,233 | INFO | ⏳ Updating 'OSV-4399: KPIT_TC_DRT_HOM_013'...
2025-06-27 00:15:47,234 | INFO |   🔄 Commenting on OSV-4399: 'KPIT_TC_DRT_HOM_013...
2025-06-27 00:15:47,234 | INFO |     Date                 : 23rd June 2025
2025-06-27 00:15:47,235 | INFO |     Analysis Done By     : Chandrakant
2025-06-27 00:15:47,235 | INFO |     Result               : Pass
2025-06-27 00:15:48,119 | INFO |   ✅ Commented on OSV-4399: 'KPIT_TC_DRT_HOM_013.

2025-06-27 00:15:48,485 | INFO | ⏳ Updating 'OSV-4394: KPIT_TC_DRT_HOM_031'...
2025-06-27 00:15:48,486 | INFO |   🔄 Commenting on OSV-4394: 'KPIT_TC_DRT_HOM_031...
2025-06-27 00:15:48,486 | INFO |     Date                 : 23rd June 2025
2025-06-27 00:15:48,486 | INFO |     Analysis Done By     : Chandrakant
2025-06-27 00:15:48,487 | INFO |     Result               : Pass
2025-06-27 00:15:49,003 | INFO |   ✅ Commented on OSV-4394: 'KPIT_TC_DRT_HOM_031.

2025-06-27 00:15:49,356 | INFO | ⏳ Updating 'OSV-4389: KPIT_TC_DRT_HOM_035'...
2025-06-27 00:15:49,356 | INFO |   🔄 Commenting on OSV-4389: 'KPIT_TC_DRT_HOM_035...
2025-06-27 00:15:49,357 | INFO |     Date                 : 23rd June 2025
2025-06-27 00:15:49,357 | INFO |     Analysis Done By     : Chandrakant
2025-06-27 00:15:49,357 | INFO |     Result               : Pass
2025-06-27 00:15:49,844 | INFO |   ✅ Commented on OSV-4389: 'KPIT_TC_DRT_HOM_035.

2025-06-27 00:15:50,215 | INFO | ⏳ Updating 'OSV-4387: KPIT_TC_DRT_HOM_049'...
2025-06-27 00:15:50,215 | INFO |   🔄 Commenting on OSV-4387: 'KPIT_TC_DRT_HOM_049...
2025-06-27 00:15:50,216 | INFO |     Date                 : 23rd June 2025
2025-06-27 00:15:50,217 | INFO |     Analysis Done By     : Chandrakant
2025-06-27 00:15:50,217 | INFO |     Result               : Pass
2025-06-27 00:15:51,163 | INFO |   ✅ Commented on OSV-4387: 'KPIT_TC_DRT_HOM_049.

2025-06-27 00:15:51,532 | INFO | ⏳ Updating 'OSV-4388: KPIT_TC_DRT_HOM_050'...
2025-06-27 00:15:51,532 | INFO |   🔄 Commenting on OSV-4388: 'KPIT_TC_DRT_HOM_050...
2025-06-27 00:15:51,533 | INFO |     Date                 : 23rd June 2025
2025-06-27 00:15:51,533 | INFO |     Analysis Done By     : Chandrakant
2025-06-27 00:15:51,533 | INFO |     Result               : Pass
2025-06-27 00:15:52,045 | INFO |   ✅ Commented on OSV-4388: 'KPIT_TC_DRT_HOM_050.

2025-06-27 00:15:52,392 | INFO | ⏳ Updating 'OSV-4400: KPIT_TC_DRT_USB_102'...
2025-06-27 00:15:52,393 | INFO |   🔄 Commenting on OSV-4400: 'KPIT_TC_DRT_USB_102...
2025-06-27 00:15:52,393 | INFO |     Date                 : 23rd June 2025
2025-06-27 00:15:52,393 | INFO |     Analysis Done By     : Chandrakant
2025-06-27 00:15:52,393 | INFO |     Result               : Pass
2025-06-27 00:15:53,218 | INFO |   ✅ Commented on OSV-4400: 'KPIT_TC_DRT_USB_102.

2025-06-27 00:15:53,546 | INFO | ⏳ Updating 'OSV-4401: KPIT_TC_DRT_USB_103'...
2025-06-27 00:15:53,547 | INFO |   🔄 Commenting on OSV-4401: 'KPIT_TC_DRT_USB_103...
2025-06-27 00:15:53,547 | INFO |     Date                 : 23rd June 2025
2025-06-27 00:15:53,548 | INFO |     Analysis Done By     : Chandrakant
2025-06-27 00:15:53,548 | INFO |     Result               : Pass
2025-06-27 00:15:54,055 | INFO |   ✅ Commented on OSV-4401: 'KPIT_TC_DRT_USB_103.

2025-06-27 00:15:54,397 | INFO | ⏳ Updating 'OSV-4393: KPIT_TC_DRT_BTA_018'...
2025-06-27 00:15:54,397 | INFO |   🔄 Commenting on OSV-4393: 'KPIT_TC_DRT_BTA_018...
2025-06-27 00:15:54,398 | INFO |     Date                 : 23rd June 2025
2025-06-27 00:15:54,398 | INFO |     Analysis Done By     : Chandrakant
2025-06-27 00:15:54,398 | INFO |     Result               : Pass
2025-06-27 00:15:54,881 | INFO |   ✅ Commented on OSV-4393: 'KPIT_TC_DRT_BTA_018.

2025-06-27 00:15:55,221 | INFO | ⏳ Updating 'OSV-4386: KPIT_TC_DRT_BTA_053'...
2025-06-27 00:15:55,222 | INFO |   🔄 Commenting on OSV-4386: 'KPIT_TC_DRT_BTA_053...
2025-06-27 00:15:55,222 | INFO |     Date                 : 23rd June 2025
2025-06-27 00:15:55,222 | INFO |     Analysis Done By     : Chandrakant
2025-06-27 00:15:55,222 | INFO |     Result               : Pass
2025-06-27 00:15:55,719 | INFO |   ✅ Commented on OSV-4386: 'KPIT_TC_DRT_BTA_053.

2025-06-27 00:15:56,113 | INFO | ⏳ Updating 'OSV-4390: KPIT_TC_FNC_AVG_0878_0001'...
2025-06-27 00:15:56,113 | INFO |   🔄 Commenting on OSV-4390: 'KPIT_TC_FNC_AVG_0878_0001...
2025-06-27 00:15:56,114 | INFO |     Date                 : 23rd June 2025
2025-06-27 00:15:56,114 | INFO |     Analysis Done By     : Chandrakant
2025-06-27 00:15:56,115 | INFO |     Result               : Pass
2025-06-27 00:15:57,013 | INFO |   ✅ Commented on OSV-4390: 'KPIT_TC_FNC_AVG_0878_0001.

2025-06-27 00:15:57,344 | INFO | ⏳ Updating 'OSV-4392: KPIT_TC_DRT_BTA_020'...
2025-06-27 00:15:57,344 | INFO |   🔄 Commenting on OSV-4392: 'KPIT_TC_DRT_BTA_020...
2025-06-27 00:15:57,345 | INFO |     Date                 : 23rd June 2025
2025-06-27 00:15:57,345 | INFO |     Analysis Done By     : Chandrakant
2025-06-27 00:15:57,345 | INFO |     Result               : Pass
2025-06-27 00:15:57,832 | INFO |   ✅ Commented on OSV-4392: 'KPIT_TC_DRT_BTA_020.

2025-06-27 00:15:58,200 | INFO | ⏳ Updating 'OSV-4391: KPIT_TC_DRT_BTA_025'...
2025-06-27 00:15:58,201 | INFO |   🔄 Commenting on OSV-4391: 'KPIT_TC_DRT_BTA_025...
2025-06-27 00:15:58,201 | INFO |     Date                 : 23rd June 2025
2025-06-27 00:15:58,201 | INFO |     Analysis Done By     : Chandrakant
2025-06-27 00:15:58,201 | INFO |     Result               : Pass
2025-06-27 00:15:58,728 | INFO |   ✅ Commented on OSV-4391: 'KPIT_TC_DRT_BTA_025.

2025-06-27 00:15:59,050 | INFO | ⏳ Updating 'OSV-4381: KPIT_TC_DRT_SPCCP_099'...
2025-06-27 00:15:59,050 | INFO |   🔄 Commenting on OSV-4381: 'KPIT_TC_DRT_SPCCP_099...
2025-06-27 00:15:59,050 | INFO |     Date                 : 23rd June 2025
2025-06-27 00:15:59,051 | INFO |     Analysis Done By     : Chandrakant
2025-06-27 00:15:59,051 | INFO |     Result               : Pass
2025-06-27 00:15:59,514 | INFO |   ✅ Commented on OSV-4381: 'KPIT_TC_DRT_SPCCP_099.

2025-06-27 00:15:59,850 | INFO | ⏳ Updating 'OSV-4380: KPIT_TC_DRT_HFT_048'...
2025-06-27 00:15:59,850 | INFO |   🔄 Commenting on OSV-4380: 'KPIT_TC_DRT_HFT_048...
2025-06-27 00:15:59,851 | INFO |     Date                 : 23rd June 2025
2025-06-27 00:15:59,852 | INFO |     Analysis Done By     : Chandrakant
2025-06-27 00:15:59,852 | INFO |     Result               : Pass
2025-06-27 00:16:00,380 | INFO |   ✅ Commented on OSV-4380: 'KPIT_TC_DRT_HFT_048.

2025-06-27 00:16:00,769 | INFO | ⏳ Updating 'OSV-4403: KPIT_TC_DRT_SUW_003'...
2025-06-27 00:16:00,770 | INFO |   🔄 Commenting on OSV-4403: 'KPIT_TC_DRT_SUW_003...
2025-06-27 00:16:00,770 | INFO |     Date                 : 23rd June 2025
2025-06-27 00:16:00,770 | INFO |     Analysis Done By     : Chandrakant
2025-06-27 00:16:00,771 | INFO |     Result               : Pass
2025-06-27 00:16:01,262 | INFO |   ✅ Commented on OSV-4403: 'KPIT_TC_DRT_SUW_003.

2025-06-27 00:16:01,572 | INFO | ⏳ Updating 'OSV-4383: KPIT_TC_DRT_SUW_006'...
2025-06-27 00:16:01,572 | INFO |   🔄 Commenting on OSV-4383: 'KPIT_TC_DRT_SUW_006...
2025-06-27 00:16:01,573 | INFO |     Date                 : 23rd June 2025
2025-06-27 00:16:01,573 | INFO |     Analysis Done By     : Chandrakant
2025-06-27 00:16:01,573 | INFO |     Result               : Pass
2025-06-27 00:16:02,489 | INFO |   ✅ Commented on OSV-4383: 'KPIT_TC_DRT_SUW_006.

2025-06-27 00:16:02,833 | INFO | ⏳ Updating 'OSV-4402: KPIT_TC_FNC_SUW_0005_0001'...
2025-06-27 00:16:02,834 | INFO |   🔄 Commenting on OSV-4402: 'KPIT_TC_FNC_SUW_0005_0001...
2025-06-27 00:16:02,835 | INFO |     Date                 : 23rd June 2025
2025-06-27 00:16:02,835 | INFO |     Analysis Done By     : Chandrakant
2025-06-27 00:16:02,836 | INFO |     Result               : Pass
2025-06-27 00:16:03,336 | INFO |   ✅ Commented on OSV-4402: 'KPIT_TC_FNC_SUW_0005_0001.

2025-06-27 00:16:03,705 | INFO | ⏳ Updating 'OSV-4382: KPIT_TC_DRT_SUW_004'...
2025-06-27 00:16:03,706 | INFO |   🔄 Commenting on OSV-4382: 'KPIT_TC_DRT_SUW_004...
2025-06-27 00:16:03,706 | INFO |     Date                 : 23rd June 2025
2025-06-27 00:16:03,706 | INFO |     Analysis Done By     : Chandrakant
2025-06-27 00:16:03,706 | INFO |     Result               : Pass
2025-06-27 00:16:04,219 | INFO |   ✅ Commented on OSV-4382: 'KPIT_TC_DRT_SUW_004.

