2025-07-04 09:13:13,322 | INFO | ⏳ Updating 'OSV-4403: KPIT_TC_DRT_SUW_003'...
2025-07-04 09:13:13,323 | INFO |   🔄 Commenting on OSV-4403: 'KPIT_TC_DRT_SUW_003...
2025-07-04 09:13:13,323 | INFO |     Date                 : 30th June 2025
2025-07-04 09:13:13,324 | INFO |     Analysis Done By     : Chandrakant
2025-07-04 09:13:13,324 | INFO |     Result               : Pass
2025-07-04 09:13:13,982 | INFO |   ✅ Commented on OSV-4403: 'KPIT_TC_DRT_SUW_003.

2025-07-04 09:13:14,348 | INFO | ⏳ Updating 'OSV-4402: KPIT_TC_FNC_SUW_0005_0001'...
2025-07-04 09:13:14,348 | INFO |   🔄 Commenting on OSV-4402: 'KPIT_TC_FNC_SUW_0005_0001...
2025-07-04 09:13:14,349 | INFO |     Date                 : 30th June 2025
2025-07-04 09:13:14,358 | INFO |     Analysis Done By     : Chandrakant
2025-07-04 09:13:14,360 | INFO |     Result               : Pass
2025-07-04 09:13:15,079 | INFO |   ✅ Commented on OSV-4402: 'KPIT_TC_FNC_SUW_0005_0001.

2025-07-04 09:13:15,431 | INFO | ⏳ Updating 'OSV-4401: KPIT_TC_DRT_USB_103'...
2025-07-04 09:13:15,431 | INFO |   🔄 Commenting on OSV-4401: 'KPIT_TC_DRT_USB_103...
2025-07-04 09:13:15,432 | INFO |     Date                 : 30th June 2025
2025-07-04 09:13:15,432 | INFO |     Analysis Done By     : Chandrakant
2025-07-04 09:13:15,432 | INFO |     Result               : Pass
2025-07-04 09:13:16,012 | INFO |   ✅ Commented on OSV-4401: 'KPIT_TC_DRT_USB_103.

2025-07-04 09:13:16,419 | INFO | ⏳ Updating 'OSV-4400: KPIT_TC_DRT_USB_102'...
2025-07-04 09:13:16,420 | INFO |   🔄 Commenting on OSV-4400: 'KPIT_TC_DRT_USB_102...
2025-07-04 09:13:16,421 | INFO |     Date                 : 30th June 2025
2025-07-04 09:13:16,421 | INFO |     Analysis Done By     : Chandrakant
2025-07-04 09:13:16,421 | INFO |     Result               : Pass
2025-07-04 09:13:16,957 | INFO |   ✅ Commented on OSV-4400: 'KPIT_TC_DRT_USB_102.

2025-07-04 09:13:17,345 | INFO | ⏳ Updating 'OSV-4399: KPIT_TC_DRT_HOM_013'...
2025-07-04 09:13:17,346 | INFO |   🔄 Commenting on OSV-4399: 'KPIT_TC_DRT_HOM_013...
2025-07-04 09:13:17,347 | INFO |     Date                 : 30th June 2025
2025-07-04 09:13:17,348 | INFO |     Analysis Done By     : Chandrakant
2025-07-04 09:13:17,348 | INFO |     Result               : Pass
2025-07-04 09:13:18,011 | INFO |   ✅ Commented on OSV-4399: 'KPIT_TC_DRT_HOM_013.

2025-07-04 09:13:18,419 | INFO | ⏳ Updating 'OSV-4398: KPIT_TC_DRT_HOM_006'...
2025-07-04 09:13:18,424 | INFO |   🔄 Commenting on OSV-4398: 'KPIT_TC_DRT_HOM_006...
2025-07-04 09:13:18,434 | INFO |     Date                 : 30th June 2025
2025-07-04 09:13:18,435 | INFO |     Analysis Done By     : Chandrakant
2025-07-04 09:13:18,435 | INFO |     Result               : Pass
2025-07-04 09:13:19,040 | INFO |   ✅ Commented on OSV-4398: 'KPIT_TC_DRT_HOM_006.

2025-07-04 09:13:19,435 | INFO | ⏳ Updating 'OSV-4397: KPIT_TC_DRT_HOM_005'...
2025-07-04 09:13:19,435 | INFO |   🔄 Commenting on OSV-4397: 'KPIT_TC_DRT_HOM_005...
2025-07-04 09:13:19,436 | INFO |     Date                 : 30th June 2025
2025-07-04 09:13:19,436 | INFO |     Analysis Done By     : Chandrakant
2025-07-04 09:13:19,436 | INFO |     Result               : Pass
2025-07-04 09:13:19,988 | INFO |   ✅ Commented on OSV-4397: 'KPIT_TC_DRT_HOM_005.

2025-07-04 09:13:20,377 | INFO | ⏳ Updating 'OSV-4396: KPIT_TC_DRT_HOM_012'...
2025-07-04 09:13:20,377 | INFO |   🔄 Commenting on OSV-4396: 'KPIT_TC_DRT_HOM_012...
2025-07-04 09:13:20,377 | INFO |     Date                 : 30th June 2025
2025-07-04 09:13:20,378 | INFO |     Analysis Done By     : Chandrakant
2025-07-04 09:13:20,378 | INFO |     Result               : Pass
2025-07-04 09:13:21,028 | INFO |   ✅ Commented on OSV-4396: 'KPIT_TC_DRT_HOM_012.

2025-07-04 09:13:21,435 | INFO | ⏳ Updating 'OSV-4395: KPIT_TC_DRT_HOM_009'...
2025-07-04 09:13:21,435 | INFO |   🔄 Commenting on OSV-4395: 'KPIT_TC_DRT_HOM_009...
2025-07-04 09:13:21,435 | INFO |     Date                 : 30th June 2025
2025-07-04 09:13:21,435 | INFO |     Analysis Done By     : Chandrakant
2025-07-04 09:13:21,436 | INFO |     Result               : Pass
2025-07-04 09:13:22,139 | INFO |   ✅ Commented on OSV-4395: 'KPIT_TC_DRT_HOM_009.

2025-07-04 09:13:22,514 | INFO | ⏳ Updating 'OSV-4394: KPIT_TC_DRT_HOM_031'...
2025-07-04 09:13:22,514 | INFO |   🔄 Commenting on OSV-4394: 'KPIT_TC_DRT_HOM_031...
2025-07-04 09:13:22,515 | INFO |     Date                 : 30th June 2025
2025-07-04 09:13:22,515 | INFO |     Analysis Done By     : Chandrakant
2025-07-04 09:13:22,515 | INFO |     Result               : Pass
2025-07-04 09:13:23,155 | INFO |   ✅ Commented on OSV-4394: 'KPIT_TC_DRT_HOM_031.

2025-07-04 09:13:23,537 | INFO | ⏳ Updating 'OSV-4393: KPIT_TC_DRT_BTA_018'...
2025-07-04 09:13:23,537 | INFO |   🔄 Commenting on OSV-4393: 'KPIT_TC_DRT_BTA_018...
2025-07-04 09:13:23,538 | INFO |     Date                 : 30th June 2025
2025-07-04 09:13:23,538 | INFO |     Analysis Done By     : Chandrakant
2025-07-04 09:13:23,538 | INFO |     Result               : Pass
2025-07-04 09:13:24,243 | INFO |   ✅ Commented on OSV-4393: 'KPIT_TC_DRT_BTA_018.

2025-07-04 09:13:24,609 | INFO | ⏳ Updating 'OSV-4392: KPIT_TC_DRT_BTA_020'...
2025-07-04 09:13:24,610 | INFO |   🔄 Commenting on OSV-4392: 'KPIT_TC_DRT_BTA_020...
2025-07-04 09:13:24,610 | INFO |     Date                 : 30th June 2025
2025-07-04 09:13:24,610 | INFO |     Analysis Done By     : Chandrakant
2025-07-04 09:13:24,611 | INFO |     Result               : Pass
2025-07-04 09:13:25,623 | INFO |   ✅ Commented on OSV-4392: 'KPIT_TC_DRT_BTA_020.

2025-07-04 09:13:26,028 | INFO | ⏳ Updating 'OSV-4391: KPIT_TC_DRT_BTA_025'...
2025-07-04 09:13:26,029 | INFO |   🔄 Commenting on OSV-4391: 'KPIT_TC_DRT_BTA_025...
2025-07-04 09:13:26,029 | INFO |     Date                 : 30th June 2025
2025-07-04 09:13:26,030 | INFO |     Analysis Done By     : Chandrakant
2025-07-04 09:13:26,030 | INFO |     Result               : Pass
2025-07-04 09:13:26,744 | INFO |   ✅ Commented on OSV-4391: 'KPIT_TC_DRT_BTA_025.

2025-07-04 09:13:27,103 | INFO | ⏳ Updating 'OSV-4390: KPIT_TC_FNC_AVG_0878_0001'...
2025-07-04 09:13:27,104 | INFO |   🔄 Commenting on OSV-4390: 'KPIT_TC_FNC_AVG_0878_0001...
2025-07-04 09:13:27,105 | INFO |     Date                 : 30th June 2025
2025-07-04 09:13:27,105 | INFO |     Analysis Done By     : Chandrakant
2025-07-04 09:13:27,106 | INFO |     Result               : Pass
2025-07-04 09:13:27,736 | INFO |   ✅ Commented on OSV-4390: 'KPIT_TC_FNC_AVG_0878_0001.

2025-07-04 09:13:28,099 | INFO | ⏳ Updating 'OSV-4389: KPIT_TC_DRT_HOM_035'...
2025-07-04 09:13:28,100 | INFO |   🔄 Commenting on OSV-4389: 'KPIT_TC_DRT_HOM_035...
2025-07-04 09:13:28,100 | INFO |     Date                 : 30th June 2025
2025-07-04 09:13:28,100 | INFO |     Analysis Done By     : Chandrakant
2025-07-04 09:13:28,101 | INFO |     Result               : Pass
2025-07-04 09:13:28,678 | INFO |   ✅ Commented on OSV-4389: 'KPIT_TC_DRT_HOM_035.

2025-07-04 09:13:29,090 | INFO | ⏳ Updating 'OSV-4388: KPIT_TC_DRT_HOM_050'...
2025-07-04 09:13:29,091 | INFO |   🔄 Commenting on OSV-4388: 'KPIT_TC_DRT_HOM_050...
2025-07-04 09:13:29,091 | INFO |     Date                 : 30th June 2025
2025-07-04 09:13:29,091 | INFO |     Analysis Done By     : Chandrakant
2025-07-04 09:13:29,092 | INFO |     Result               : Pass
2025-07-04 09:13:29,756 | INFO |   ✅ Commented on OSV-4388: 'KPIT_TC_DRT_HOM_050.

2025-07-04 09:13:30,162 | INFO | ⏳ Updating 'OSV-4387: KPIT_TC_DRT_HOM_049'...
2025-07-04 09:13:30,163 | INFO |   🔄 Commenting on OSV-4387: 'KPIT_TC_DRT_HOM_049...
2025-07-04 09:13:30,164 | INFO |     Date                 : 30th June 2025
2025-07-04 09:13:30,164 | INFO |     Analysis Done By     : Chandrakant
2025-07-04 09:13:30,164 | INFO |     Result               : Pass
2025-07-04 09:13:31,305 | INFO |   ✅ Commented on OSV-4387: 'KPIT_TC_DRT_HOM_049.

2025-07-04 09:13:31,685 | INFO | ⏳ Updating 'OSV-4386: KPIT_TC_DRT_BTA_053'...
2025-07-04 09:13:31,686 | INFO |   🔄 Commenting on OSV-4386: 'KPIT_TC_DRT_BTA_053...
2025-07-04 09:13:31,687 | INFO |     Date                 : 30th June 2025
2025-07-04 09:13:31,688 | INFO |     Analysis Done By     : Chandrakant
2025-07-04 09:13:31,688 | INFO |     Result               : Pass
2025-07-04 09:13:32,312 | INFO |   ✅ Commented on OSV-4386: 'KPIT_TC_DRT_BTA_053.

2025-07-04 09:13:32,677 | INFO | ⏳ Updating 'OSV-4385: KPIT_TC_DRT_PRM_014'...
2025-07-04 09:13:32,679 | INFO |   🔄 Commenting on OSV-4385: 'KPIT_TC_DRT_PRM_014...
2025-07-04 09:13:32,688 | INFO |     Date                 : 30th June 2025
2025-07-04 09:13:32,689 | INFO |     Analysis Done By     : Chandrakant
2025-07-04 09:13:32,689 | INFO |     Result               : Pass
2025-07-04 09:13:33,285 | INFO |   ✅ Commented on OSV-4385: 'KPIT_TC_DRT_PRM_014.

2025-07-04 09:13:33,685 | INFO | ⏳ Updating 'OSV-4384: KPIT_TC_DRT_PRM_011'...
2025-07-04 09:13:33,685 | INFO |   🔄 Commenting on OSV-4384: 'KPIT_TC_DRT_PRM_011...
2025-07-04 09:13:33,686 | INFO |     Date                 : 30th June 2025
2025-07-04 09:13:33,686 | INFO |     Analysis Done By     : Chandrakant
2025-07-04 09:13:33,687 | INFO |     Result               : Pass
2025-07-04 09:13:34,312 | INFO |   ✅ Commented on OSV-4384: 'KPIT_TC_DRT_PRM_011.

2025-07-04 09:13:34,749 | INFO | ⏳ Updating 'OSV-4383: KPIT_TC_DRT_SUW_006'...
2025-07-04 09:13:34,749 | INFO |   🔄 Commenting on OSV-4383: 'KPIT_TC_DRT_SUW_006...
2025-07-04 09:13:34,750 | INFO |     Date                 : 30th June 2025
2025-07-04 09:13:34,751 | INFO |     Analysis Done By     : Chandrakant
2025-07-04 09:13:34,751 | INFO |     Result               : Pass
2025-07-04 09:13:35,368 | INFO |   ✅ Commented on OSV-4383: 'KPIT_TC_DRT_SUW_006.

2025-07-04 09:13:35,741 | INFO | ⏳ Updating 'OSV-4382: KPIT_TC_DRT_SUW_004'...
2025-07-04 09:13:35,742 | INFO |   🔄 Commenting on OSV-4382: 'KPIT_TC_DRT_SUW_004...
2025-07-04 09:13:35,743 | INFO |     Date                 : 30th June 2025
2025-07-04 09:13:35,743 | INFO |     Analysis Done By     : Chandrakant
2025-07-04 09:13:35,744 | INFO |     Result               : Pass
2025-07-04 09:13:36,324 | INFO |   ✅ Commented on OSV-4382: 'KPIT_TC_DRT_SUW_004.

2025-07-04 09:13:36,707 | INFO | ⏳ Updating 'OSV-4381: KPIT_TC_DRT_SPCCP_099'...
2025-07-04 09:13:36,708 | INFO |   🔄 Commenting on OSV-4381: 'KPIT_TC_DRT_SPCCP_099...
2025-07-04 09:13:36,709 | INFO |     Date                 : 30th June 2025
2025-07-04 09:13:36,710 | INFO |     Analysis Done By     : Chandrakant
2025-07-04 09:13:36,710 | INFO |     Result               : Pass
2025-07-04 09:13:37,318 | INFO |   ✅ Commented on OSV-4381: 'KPIT_TC_DRT_SPCCP_099.

2025-07-04 09:13:37,768 | INFO | ⏳ Updating 'OSV-4380: KPIT_TC_DRT_HFT_048'...
2025-07-04 09:13:37,768 | INFO |   🔄 Commenting on OSV-4380: 'KPIT_TC_DRT_HFT_048...
2025-07-04 09:13:37,769 | INFO |     Date                 : 30th June 2025
2025-07-04 09:13:37,770 | INFO |     Analysis Done By     : Chandrakant
2025-07-04 09:13:37,770 | INFO |     Result               : Pass
2025-07-04 09:13:38,375 | INFO |   ✅ Commented on OSV-4380: 'KPIT_TC_DRT_HFT_048.

2025-07-04 09:13:38,743 | INFO | ⏳ Updating 'OSV-4073: KPIT_TC_DRT_SPCCP_021'...
2025-07-04 09:13:38,744 | INFO |   🔄 Commenting on OSV-4073: 'KPIT_TC_DRT_SPCCP_021...
2025-07-04 09:13:38,744 | INFO |     Date                 : 30th June 2025
2025-07-04 09:13:38,745 | INFO |     Analysis Done By     : Chandrakant
2025-07-04 09:13:38,745 | INFO |     Result               : Pass
2025-07-04 09:13:39,437 | INFO |   ✅ Commented on OSV-4073: 'KPIT_TC_DRT_SPCCP_021.

2025-07-04 09:13:39,853 | INFO | ⏳ Updating 'OSV-4071: KPIT_TC_DRT_MCS_036'...
2025-07-04 09:13:39,854 | INFO |   🔄 Commenting on OSV-4071: 'KPIT_TC_DRT_MCS_036...
2025-07-04 09:13:39,855 | INFO |     Date                 : 30th June 2025
2025-07-04 09:13:39,856 | INFO |     Analysis Done By     : Chandrakant
2025-07-04 09:13:39,856 | INFO |     Result               : Pass
2025-07-04 09:13:55,543 | INFO |   ✅ Commented on OSV-4071: 'KPIT_TC_DRT_MCS_036.

2025-07-04 09:13:55,912 | INFO | ⏳ Updating 'OSV-4044: KPIT_TC_DRT_BTA_021'...
2025-07-04 09:13:55,913 | INFO |   🔄 Commenting on OSV-4044: 'KPIT_TC_DRT_BTA_021...
2025-07-04 09:13:55,914 | INFO |     Date                 : 30th June 2025
2025-07-04 09:13:55,916 | INFO |     Analysis Done By     : Chandrakant
2025-07-04 09:13:55,916 | INFO |     Result               : Pass
2025-07-04 09:13:57,005 | INFO |   ✅ Commented on OSV-4044: 'KPIT_TC_DRT_BTA_021.

2025-07-04 09:13:57,369 | INFO | ⏳ Updating 'OSV-4034: KPIT_TC_DRT_HOM_028'...
2025-07-04 09:13:57,369 | INFO |   🔄 Commenting on OSV-4034: 'KPIT_TC_DRT_HOM_028...
2025-07-04 09:13:57,370 | INFO |     Date                 : 30th June 2025
2025-07-04 09:13:57,371 | INFO |     Analysis Done By     : Chandrakant
2025-07-04 09:13:57,371 | INFO |     Result               : Pass
2025-07-04 09:13:58,085 | INFO |   ✅ Commented on OSV-4034: 'KPIT_TC_DRT_HOM_028.

2025-07-04 09:13:58,451 | INFO | ⏳ Updating 'OSV-4007: KPIT_TC_DRT_PRM_007'...
2025-07-04 09:13:58,452 | INFO |   🔄 Commenting on OSV-4007: 'KPIT_TC_DRT_PRM_007...
2025-07-04 09:13:58,453 | INFO |     Date                 : 30th June 2025
2025-07-04 09:13:58,453 | INFO |     Analysis Done By     : Chandrakant
2025-07-04 09:13:58,454 | INFO |     Result               : Pass
2025-07-04 09:13:59,038 | INFO |   ✅ Commented on OSV-4007: 'KPIT_TC_DRT_PRM_007.

2025-07-04 09:13:59,400 | INFO | ⏳ Updating 'OSV-4004: KPIT_TC_DRT_PRM_003'...
2025-07-04 09:13:59,401 | INFO |   🔄 Commenting on OSV-4004: 'KPIT_TC_DRT_PRM_003...
2025-07-04 09:13:59,402 | INFO |     Date                 : 30th June 2025
2025-07-04 09:13:59,403 | INFO |     Analysis Done By     : Chandrakant
2025-07-04 09:13:59,403 | INFO |     Result               : Pass
2025-07-04 09:14:00,069 | INFO |   ✅ Commented on OSV-4004: 'KPIT_TC_DRT_PRM_003.

2025-07-04 09:14:00,452 | INFO | ⏳ Updating 'OSV-3962: KPIT_TC_DRT_PRM_015'...
2025-07-04 09:14:00,452 | INFO |   🔄 Commenting on OSV-3962: 'KPIT_TC_DRT_PRM_015...
2025-07-04 09:14:00,453 | INFO |     Date                 : 30th June 2025
2025-07-04 09:14:00,454 | INFO |     Analysis Done By     : Chandrakant
2025-07-04 09:14:00,454 | INFO |     Result               : Pass
2025-07-04 09:14:01,092 | INFO |   ✅ Commented on OSV-3962: 'KPIT_TC_DRT_PRM_015.

2025-07-04 09:14:01,496 | INFO | ⏳ Updating 'OSV-3956: KPIT_TC_DRT_SUW_005'...
2025-07-04 09:14:01,497 | INFO |   🔄 Commenting on OSV-3956: 'KPIT_TC_DRT_SUW_005...
2025-07-04 09:14:01,497 | INFO |     Date                 : 30th June 2025
2025-07-04 09:14:01,497 | INFO |     Analysis Done By     : Chandrakant
2025-07-04 09:14:01,497 | INFO |     Result               : Pass
2025-07-04 09:14:02,150 | INFO |   ✅ Commented on OSV-3956: 'KPIT_TC_DRT_SUW_005.

