2025-07-24 00:58:33,279 | INFO | ⏳ Updating 'OSV-4439: KPIT_TC_DRT_USB_103'...
2025-07-24 00:58:33,280 | INFO |   🔄 Commenting on OSV-4439: 'KPIT_TC_DRT_USB_103...
2025-07-24 00:58:33,280 | INFO |     Date                 : 17th July 2025
2025-07-24 00:58:33,281 | INFO |     Analysis Done By     : Neha
2025-07-24 00:58:33,282 | INFO |     Result               : Pass
2025-07-24 00:58:33,785 | INFO |   ✅ Commented on OSV-4439: 'KPIT_TC_DRT_USB_103.

2025-07-24 00:58:34,486 | INFO | ⏳ Updating 'OSV-4438: KPIT_TC_DRT_USB_102'...
2025-07-24 00:58:34,487 | INFO |   🔄 Commenting on OSV-4438: 'KPIT_TC_DRT_USB_102...
2025-07-24 00:58:34,487 | INFO |     Date                 : 17th July 2025
2025-07-24 00:58:34,498 | INFO |     Analysis Done By     : Neha
2025-07-24 00:58:34,498 | INFO |     Result               : Pass
2025-07-24 00:58:35,331 | INFO |   ✅ Commented on OSV-4438: 'KPIT_TC_DRT_USB_102.

2025-07-24 00:58:35,652 | INFO | ⏳ Updating 'OSV-4422: KPIT_TC_DRT_PRM_007'...
2025-07-24 00:58:35,652 | INFO |   🔄 Commenting on OSV-4422: 'KPIT_TC_DRT_PRM_007...
2025-07-24 00:58:35,653 | INFO |     Date                 : 17th July 2025
2025-07-24 00:58:35,653 | INFO |     Analysis Done By     : Neha
2025-07-24 00:58:35,654 | INFO |     Result               : Pass
2025-07-24 00:58:36,181 | INFO |   ✅ Commented on OSV-4422: 'KPIT_TC_DRT_PRM_007.

2025-07-24 00:58:36,489 | INFO | ⏳ Updating 'OSV-4421: KPIT_TC_DRT_PRM_003'...
2025-07-24 00:58:36,490 | INFO |   🔄 Commenting on OSV-4421: 'KPIT_TC_DRT_PRM_003...
2025-07-24 00:58:36,490 | INFO |     Date                 : 17th July 2025
2025-07-24 00:58:36,491 | INFO |     Analysis Done By     : Neha
2025-07-24 00:58:36,491 | INFO |     Result               : Pass
2025-07-24 00:58:36,966 | INFO |   ✅ Commented on OSV-4421: 'KPIT_TC_DRT_PRM_003.

2025-07-24 00:58:37,287 | INFO | ⏳ Updating 'OSV-4439: KPIT_TC_DRT_USB_103'...
2025-07-24 00:58:37,287 | INFO |   🔄 Commenting on OSV-4439: 'KPIT_TC_DRT_USB_103...
2025-07-24 00:58:37,288 | INFO |     Date                 : 21st July 2025
2025-07-24 00:58:37,288 | INFO |     Analysis Done By     : Chandrakant
2025-07-24 00:58:37,288 | INFO |     Result               : Pass
2025-07-24 00:58:37,764 | INFO |   ✅ Commented on OSV-4439: 'KPIT_TC_DRT_USB_103.

2025-07-24 00:58:38,105 | INFO | ⏳ Updating 'OSV-4438: KPIT_TC_DRT_USB_102'...
2025-07-24 00:58:38,106 | INFO |   🔄 Commenting on OSV-4438: 'KPIT_TC_DRT_USB_102...
2025-07-24 00:58:38,107 | INFO |     Date                 : 21st July 2025
2025-07-24 00:58:38,108 | INFO |     Analysis Done By     : Chandrakant
2025-07-24 00:58:38,108 | INFO |     Result               : Pass
2025-07-24 00:58:38,571 | INFO |   ✅ Commented on OSV-4438: 'KPIT_TC_DRT_USB_102.

2025-07-24 00:58:38,917 | INFO | ⏳ Updating 'OSV-4422: KPIT_TC_DRT_PRM_007'...
2025-07-24 00:58:38,918 | INFO |   🔄 Commenting on OSV-4422: 'KPIT_TC_DRT_PRM_007...
2025-07-24 00:58:38,918 | INFO |     Date                 : 21st July 2025
2025-07-24 00:58:38,919 | INFO |     Analysis Done By     : Chandrakant
2025-07-24 00:58:38,920 | INFO |     Result               : Pass
2025-07-24 00:58:40,844 | INFO |   ✅ Commented on OSV-4422: 'KPIT_TC_DRT_PRM_007.

2025-07-24 00:58:41,164 | INFO | ⏳ Updating 'OSV-4421: KPIT_TC_DRT_PRM_003'...
2025-07-24 00:58:41,165 | INFO |   🔄 Commenting on OSV-4421: 'KPIT_TC_DRT_PRM_003...
2025-07-24 00:58:41,166 | INFO |     Date                 : 21st July 2025
2025-07-24 00:58:41,166 | INFO |     Analysis Done By     : Chandrakant
2025-07-24 00:58:41,167 | INFO |     Result               : Pass
2025-07-24 00:58:42,095 | INFO |   ✅ Commented on OSV-4421: 'KPIT_TC_DRT_PRM_003.

2025-07-24 00:58:42,830 | INFO | ⏳ Updating 'OSV-4439: KPIT_TC_DRT_USB_103'...
2025-07-24 00:58:42,831 | INFO |   🔄 Commenting on OSV-4439: 'KPIT_TC_DRT_USB_103...
2025-07-24 00:58:42,832 | INFO |     Date                 : 22nd July 2025
2025-07-24 00:58:42,832 | INFO |     Analysis Done By     : Chandrakant
2025-07-24 00:58:42,833 | INFO |     Result               : Pass
2025-07-24 00:58:43,344 | INFO |   ✅ Commented on OSV-4439: 'KPIT_TC_DRT_USB_103.

2025-07-24 00:58:44,022 | INFO | ⏳ Updating 'OSV-4438: KPIT_TC_DRT_USB_102'...
2025-07-24 00:58:44,023 | INFO |   🔄 Commenting on OSV-4438: 'KPIT_TC_DRT_USB_102...
2025-07-24 00:58:44,024 | INFO |     Date                 : 22nd July 2025
2025-07-24 00:58:44,025 | INFO |     Analysis Done By     : Chandrakant
2025-07-24 00:58:44,025 | INFO |     Result               : Pass
2025-07-24 00:58:44,881 | INFO |   ✅ Commented on OSV-4438: 'KPIT_TC_DRT_USB_102.

2025-07-24 00:58:45,178 | INFO | ⏳ Updating 'OSV-4422: KPIT_TC_DRT_PRM_007'...
2025-07-24 00:58:45,178 | INFO |   🔄 Commenting on OSV-4422: 'KPIT_TC_DRT_PRM_007...
2025-07-24 00:58:45,178 | INFO |     Date                 : 22nd July 2025
2025-07-24 00:58:45,179 | INFO |     Analysis Done By     : Chandrakant
2025-07-24 00:58:45,181 | INFO |     Result               : Pass
2025-07-24 00:58:46,108 | INFO |   ✅ Commented on OSV-4422: 'KPIT_TC_DRT_PRM_007.

2025-07-24 00:58:46,812 | INFO | ⏳ Updating 'OSV-4421: KPIT_TC_DRT_PRM_003'...
2025-07-24 00:58:46,813 | INFO |   🔄 Commenting on OSV-4421: 'KPIT_TC_DRT_PRM_003...
2025-07-24 00:58:46,814 | INFO |     Date                 : 22nd July 2025
2025-07-24 00:58:46,814 | INFO |     Analysis Done By     : Chandrakant
2025-07-24 00:58:46,815 | INFO |     Result               : Pass
2025-07-24 00:58:47,421 | INFO |   ✅ Commented on OSV-4421: 'KPIT_TC_DRT_PRM_003.

2025-07-24 00:58:47,757 | INFO | ⏳ Updating 'OSV-4439: KPIT_TC_DRT_USB_103'...
2025-07-24 00:58:47,758 | INFO |   🔄 Commenting on OSV-4439: 'KPIT_TC_DRT_USB_103...
2025-07-24 00:58:47,758 | INFO |     Date                 : 23rd July 2025
2025-07-24 00:58:47,759 | INFO |     Analysis Done By     : Chandrakant
2025-07-24 00:58:47,759 | INFO |     Result               : Pass
2025-07-24 00:58:48,242 | INFO |   ✅ Commented on OSV-4439: 'KPIT_TC_DRT_USB_103.

2025-07-24 00:58:48,556 | INFO | ⏳ Updating 'OSV-4438: KPIT_TC_DRT_USB_102'...
2025-07-24 00:58:48,556 | INFO |   🔄 Commenting on OSV-4438: 'KPIT_TC_DRT_USB_102...
2025-07-24 00:58:48,557 | INFO |     Date                 : 23rd July 2025
2025-07-24 00:58:48,558 | INFO |     Analysis Done By     : Chandrakant
2025-07-24 00:58:48,559 | INFO |     Result               : Pass
2025-07-24 00:58:49,479 | INFO |   ✅ Commented on OSV-4438: 'KPIT_TC_DRT_USB_102.

2025-07-24 00:58:49,789 | INFO | ⏳ Updating 'OSV-4422: KPIT_TC_DRT_PRM_007'...
2025-07-24 00:58:49,790 | INFO |   🔄 Commenting on OSV-4422: 'KPIT_TC_DRT_PRM_007...
2025-07-24 00:58:49,790 | INFO |     Date                 : 23rd July 2025
2025-07-24 00:58:49,791 | INFO |     Analysis Done By     : Chandrakant
2025-07-24 00:58:49,792 | INFO |     Result               : Pass
2025-07-24 00:58:50,662 | INFO |   ✅ Commented on OSV-4422: 'KPIT_TC_DRT_PRM_007.

2025-07-24 00:58:50,968 | INFO | ⏳ Updating 'OSV-4421: KPIT_TC_DRT_PRM_003'...
2025-07-24 00:58:50,969 | INFO |   🔄 Commenting on OSV-4421: 'KPIT_TC_DRT_PRM_003...
2025-07-24 00:58:50,969 | INFO |     Date                 : 23rd July 2025
2025-07-24 00:58:50,970 | INFO |     Analysis Done By     : Chandrakant
2025-07-24 00:58:50,971 | INFO |     Result               : Pass
2025-07-24 00:58:51,423 | INFO |   ✅ Commented on OSV-4421: 'KPIT_TC_DRT_PRM_003.

