2025-06-20 02:00:24,452 | INFO | ⏳ Updating 'OSV-3275: KPIT_TC_DRT_KBD_002'...
2025-06-20 02:00:24,453 | INFO |   🔄 Commenting on OSV-3275: 'KPIT_TC_DRT_KBD_002...
2025-06-20 02:00:24,454 | INFO |     Date                 : 11th June 2025
2025-06-20 02:00:24,455 | INFO |     Analysis Done By     : Chandrakant
2025-06-20 02:00:24,455 | INFO |     Result               : Pass
2025-06-20 02:00:24,975 | INFO |   ✅ Commented on OSV-3275: 'KPIT_TC_DRT_KBD_002.

2025-06-20 02:00:25,388 | INFO | ⏳ Updating 'OSV-3286: KPIT_TC_DRT_KBD_004'...
2025-06-20 02:00:25,390 | INFO |   🔄 Commenting on OSV-3286: 'KPIT_TC_DRT_KBD_004...
2025-06-20 02:00:25,390 | INFO |     Date                 : 11th June 2025
2025-06-20 02:00:25,402 | INFO |     Analysis Done By     : Chandrakant
2025-06-20 02:00:25,403 | INFO |     Result               : Pass
2025-06-20 02:00:25,895 | INFO |   ✅ Commented on OSV-3286: 'KPIT_TC_DRT_KBD_004.

2025-06-20 02:00:26,612 | INFO | ⏳ Updating 'OSV-3288: KPIT_TC_DRT_KBD_005'...
2025-06-20 02:00:26,613 | INFO |   🔄 Commenting on OSV-3288: 'KPIT_TC_DRT_KBD_005...
2025-06-20 02:00:26,613 | INFO |     Date                 : 11th June 2025
2025-06-20 02:00:26,614 | INFO |     Analysis Done By     : Chandrakant
2025-06-20 02:00:26,615 | INFO |     Result               : Pass
2025-06-20 02:00:27,145 | INFO |   ✅ Commented on OSV-3288: 'KPIT_TC_DRT_KBD_005.

2025-06-20 02:00:27,504 | INFO | ⏳ Updating 'OSV-3287: KPIT_TC_DRT_KBD_011'...
2025-06-20 02:00:27,508 | INFO |   🔄 Commenting on OSV-3287: 'KPIT_TC_DRT_KBD_011...
2025-06-20 02:00:27,508 | INFO |     Date                 : 11th June 2025
2025-06-20 02:00:27,508 | INFO |     Analysis Done By     : Chandrakant
2025-06-20 02:00:27,510 | INFO |     Result               : Pass
2025-06-20 02:00:27,932 | INFO |   ✅ Commented on OSV-3287: 'KPIT_TC_DRT_KBD_011.

2025-06-20 02:00:28,350 | INFO | ⏳ Updating 'OSV-3279: KPIT_TC_DRT_KBD_012'...
2025-06-20 02:00:28,351 | INFO |   🔄 Commenting on OSV-3279: 'KPIT_TC_DRT_KBD_012...
2025-06-20 02:00:28,351 | INFO |     Date                 : 11th June 2025
2025-06-20 02:00:28,352 | INFO |     Analysis Done By     : Chandrakant
2025-06-20 02:00:28,352 | INFO |     Result               : Pass
2025-06-20 02:00:29,177 | INFO |   ✅ Commented on OSV-3279: 'KPIT_TC_DRT_KBD_012.

2025-06-20 02:00:29,585 | INFO | ⏳ Updating 'OSV-3280: KPIT_TC_DRT_KBD_022'...
2025-06-20 02:00:29,587 | INFO |   🔄 Commenting on OSV-3280: 'KPIT_TC_DRT_KBD_022...
2025-06-20 02:00:29,587 | INFO |     Date                 : 11th June 2025
2025-06-20 02:00:29,588 | INFO |     Analysis Done By     : Chandrakant
2025-06-20 02:00:29,588 | INFO |     Result               : Pass
2025-06-20 02:00:30,503 | INFO |   ✅ Commented on OSV-3280: 'KPIT_TC_DRT_KBD_022.

2025-06-20 02:00:30,843 | INFO | ⏳ Updating 'OSV-3276: KPIT_TC_DRT_KBD_023'...
2025-06-20 02:00:30,844 | INFO |   🔄 Commenting on OSV-3276: 'KPIT_TC_DRT_KBD_023...
2025-06-20 02:00:30,845 | INFO |     Date                 : 11th June 2025
2025-06-20 02:00:30,845 | INFO |     Analysis Done By     : Chandrakant
2025-06-20 02:00:30,845 | INFO |     Result               : Pass
2025-06-20 02:00:31,769 | INFO |   ✅ Commented on OSV-3276: 'KPIT_TC_DRT_KBD_023.

2025-06-20 02:00:32,135 | INFO | ⏳ Updating 'OSV-3277: KPIT_TC_DRT_KBD_024'...
2025-06-20 02:00:32,136 | INFO |   🔄 Commenting on OSV-3277: 'KPIT_TC_DRT_KBD_024...
2025-06-20 02:00:32,136 | INFO |     Date                 : 11th June 2025
2025-06-20 02:00:32,137 | INFO |     Analysis Done By     : Chandrakant
2025-06-20 02:00:32,137 | INFO |     Result               : Pass
2025-06-20 02:00:32,651 | INFO |   ✅ Commented on OSV-3277: 'KPIT_TC_DRT_KBD_024.

2025-06-20 02:00:33,057 | INFO | ⏳ Updating 'OSV-3281: KPIT_TC_DRT_KBD_031'...
2025-06-20 02:00:33,059 | INFO |   🔄 Commenting on OSV-3281: 'KPIT_TC_DRT_KBD_031...
2025-06-20 02:00:33,059 | INFO |     Date                 : 11th June 2025
2025-06-20 02:00:33,059 | INFO |     Analysis Done By     : Chandrakant
2025-06-20 02:00:33,059 | INFO |     Result               : Pass
2025-06-20 02:00:33,692 | INFO |   ✅ Commented on OSV-3281: 'KPIT_TC_DRT_KBD_031.

2025-06-20 02:00:34,068 | INFO | ⏳ Updating 'OSV-3274: KPIT_TC_DRT_KBD_040'...
2025-06-20 02:00:34,068 | INFO |   🔄 Commenting on OSV-3274: 'KPIT_TC_DRT_KBD_040...
2025-06-20 02:00:34,069 | INFO |     Date                 : 11th June 2025
2025-06-20 02:00:34,069 | INFO |     Analysis Done By     : Chandrakant
2025-06-20 02:00:34,069 | INFO |     Result               : Pass
2025-06-20 02:00:35,006 | INFO |   ✅ Commented on OSV-3274: 'KPIT_TC_DRT_KBD_040.

2025-06-20 02:00:35,417 | INFO | ⏳ Updating 'OSV-3278: KPIT_TC_DRT_KBD_041'...
2025-06-20 02:00:35,417 | INFO |   🔄 Commenting on OSV-3278: 'KPIT_TC_DRT_KBD_041...
2025-06-20 02:00:35,418 | INFO |     Date                 : 11th June 2025
2025-06-20 02:00:35,419 | INFO |     Analysis Done By     : Chandrakant
2025-06-20 02:00:35,419 | INFO |     Result               : Pass
2025-06-20 02:00:36,329 | INFO |   ✅ Commented on OSV-3278: 'KPIT_TC_DRT_KBD_041.

2025-06-20 02:00:36,721 | INFO | ⏳ Updating 'OSV-3282: KPIT_TC_DRT_KBD_048'...
2025-06-20 02:00:36,721 | INFO |   🔄 Commenting on OSV-3282: 'KPIT_TC_DRT_KBD_048...
2025-06-20 02:00:36,721 | INFO |     Date                 : 11th June 2025
2025-06-20 02:00:36,722 | INFO |     Analysis Done By     : Chandrakant
2025-06-20 02:00:36,722 | INFO |     Result               : Pass
2025-06-20 02:00:37,250 | INFO |   ✅ Commented on OSV-3282: 'KPIT_TC_DRT_KBD_048.

2025-06-20 02:00:37,771 | INFO | ⏳ Updating 'OSV-3272: KPIT_TC_DRT_KBD_054'...
2025-06-20 02:00:37,772 | INFO |   🔄 Commenting on OSV-3272: 'KPIT_TC_DRT_KBD_054...
2025-06-20 02:00:37,772 | INFO |     Date                 : 11th June 2025
2025-06-20 02:00:37,772 | INFO |     Analysis Done By     : Chandrakant
2025-06-20 02:00:37,773 | INFO |     Result               : Pass
2025-06-20 02:00:38,689 | INFO |   ✅ Commented on OSV-3272: 'KPIT_TC_DRT_KBD_054.

2025-06-20 02:00:39,077 | INFO | ⏳ Updating 'OSV-3273: KPIT_TC_DRT_KBD_055'...
2025-06-20 02:00:39,078 | INFO |   🔄 Commenting on OSV-3273: 'KPIT_TC_DRT_KBD_055...
2025-06-20 02:00:39,078 | INFO |     Date                 : 11th June 2025
2025-06-20 02:00:39,079 | INFO |     Analysis Done By     : Chandrakant
2025-06-20 02:00:39,079 | INFO |     Result               : Pass
2025-06-20 02:00:39,929 | INFO |   ✅ Commented on OSV-3273: 'KPIT_TC_DRT_KBD_055.

2025-06-20 02:00:40,331 | INFO | ⏳ Updating 'OSV-2480: KPIT_TC_DRT_SUW_005'...
2025-06-20 02:00:40,332 | INFO |   🔄 Commenting on OSV-2480: 'KPIT_TC_DRT_SUW_005...
2025-06-20 02:00:40,333 | INFO |     Date                 : 11th June 2025
2025-06-20 02:00:40,333 | INFO |     Analysis Done By     : Chandrakant
2025-06-20 02:00:40,334 | INFO |     Result               : Pass
2025-06-20 02:00:40,858 | INFO |   ✅ Commented on OSV-2480: 'KPIT_TC_DRT_SUW_005.

2025-06-20 02:00:41,216 | INFO | ⏳ Updating 'OSV-3489: KPIT_TC_DRT_AMFM_175'...
2025-06-20 02:00:41,217 | INFO |   🔄 Commenting on OSV-3489: 'KPIT_TC_DRT_AMFM_175...
2025-06-20 02:00:41,218 | INFO |     Date                 : 11th June 2025
2025-06-20 02:00:41,218 | INFO |     Analysis Done By     : Chandrakant
2025-06-20 02:00:41,218 | INFO |     Result               : Pass
2025-06-20 02:00:42,170 | INFO |   ✅ Commented on OSV-3489: 'KPIT_TC_DRT_AMFM_175.

2025-06-20 02:00:42,555 | INFO | ⏳ Updating 'OSV-3009: KPIT_TC_DRT_BTA_018'...
2025-06-20 02:00:42,556 | INFO |   🔄 Commenting on OSV-3009: 'KPIT_TC_DRT_BTA_018...
2025-06-20 02:00:42,556 | INFO |     Date                 : 11th June 2025
2025-06-20 02:00:42,556 | INFO |     Analysis Done By     : Chandrakant
2025-06-20 02:00:42,557 | INFO |     Result               : Pass
2025-06-20 02:00:43,052 | INFO |   ✅ Commented on OSV-3009: 'KPIT_TC_DRT_BTA_018.

2025-06-20 02:00:43,396 | INFO | ⏳ Updating 'OSV-2489: KPIT_TC_DRT_BTA_020'...
2025-06-20 02:00:43,397 | INFO |   🔄 Commenting on OSV-2489: 'KPIT_TC_DRT_BTA_020...
2025-06-20 02:00:43,397 | INFO |     Date                 : 11th June 2025
2025-06-20 02:00:43,398 | INFO |     Analysis Done By     : Chandrakant
2025-06-20 02:00:43,398 | INFO |     Result               : Pass
2025-06-20 02:00:44,376 | INFO |   ✅ Commented on OSV-2489: 'KPIT_TC_DRT_BTA_020.

2025-06-20 02:00:44,843 | INFO | ⏳ Updating 'OSV-2612: KPIT_TC_DRT_BTA_024'...
2025-06-20 02:00:44,846 | INFO |   🔄 Commenting on OSV-2612: 'KPIT_TC_DRT_BTA_024...
2025-06-20 02:00:44,846 | INFO |     Date                 : 11th June 2025
2025-06-20 02:00:44,847 | INFO |     Analysis Done By     : Chandrakant
2025-06-20 02:00:44,848 | INFO |     Result               : Pass
2025-06-20 02:00:45,685 | INFO |   ✅ Commented on OSV-2612: 'KPIT_TC_DRT_BTA_024.

2025-06-20 02:00:46,018 | INFO | ⏳ Updating 'OSV-2487: KPIT_TC_DRT_BTA_025'...
2025-06-20 02:00:46,018 | INFO |   🔄 Commenting on OSV-2487: 'KPIT_TC_DRT_BTA_025...
2025-06-20 02:00:46,019 | INFO |     Date                 : 11th June 2025
2025-06-20 02:00:46,019 | INFO |     Analysis Done By     : Chandrakant
2025-06-20 02:00:46,020 | INFO |     Result               : Pass
2025-06-20 02:00:46,534 | INFO |   ✅ Commented on OSV-2487: 'KPIT_TC_DRT_BTA_025.

2025-06-20 02:00:46,947 | INFO | ⏳ Updating 'OSV-3225: KPIT_TC_DRT_BTA_032'...
2025-06-20 02:00:46,948 | INFO |   🔄 Commenting on OSV-3225: 'KPIT_TC_DRT_BTA_032...
2025-06-20 02:00:46,949 | INFO |     Date                 : 11th June 2025
2025-06-20 02:00:46,949 | INFO |     Analysis Done By     : Chandrakant
2025-06-20 02:00:46,950 | INFO |     Result               : Pass
2025-06-20 02:00:47,446 | INFO |   ✅ Commented on OSV-3225: 'KPIT_TC_DRT_BTA_032.

2025-06-20 02:00:47,809 | INFO | ⏳ Updating 'OSV-3486: KPIT_TC_DRT_BTA_049'...
2025-06-20 02:00:47,811 | INFO |   🔄 Commenting on OSV-3486: 'KPIT_TC_DRT_BTA_049...
2025-06-20 02:00:47,812 | INFO |     Date                 : 11th June 2025
2025-06-20 02:00:47,812 | INFO |     Analysis Done By     : Chandrakant
2025-06-20 02:00:47,813 | INFO |     Result               : Pass
2025-06-20 02:00:48,281 | INFO |   ✅ Commented on OSV-3486: 'KPIT_TC_DRT_BTA_049.

2025-06-20 02:00:48,626 | INFO | ⏳ Updating 'OSV-2610: KPIT_TC_DRT_BTA_053'...
2025-06-20 02:00:48,627 | INFO |   🔄 Commenting on OSV-2610: 'KPIT_TC_DRT_BTA_053...
2025-06-20 02:00:48,628 | INFO |     Date                 : 11th June 2025
2025-06-20 02:00:48,628 | INFO |     Analysis Done By     : Chandrakant
2025-06-20 02:00:48,628 | INFO |     Result               : Pass
2025-06-20 02:00:49,003 | INFO |   ✅ Commented on OSV-2610: 'KPIT_TC_DRT_BTA_053.

2025-06-20 02:00:49,367 | INFO | ⏳ Updating 'OSV-2770: KPIT_TC_DRT_HED_013'...
2025-06-20 02:00:49,367 | INFO |   🔄 Commenting on OSV-2770: 'KPIT_TC_DRT_HED_013...
2025-06-20 02:00:49,368 | INFO |     Date                 : 11th June 2025
2025-06-20 02:00:49,369 | INFO |     Analysis Done By     : Chandrakant
2025-06-20 02:00:49,369 | INFO |     Result               : Pass
2025-06-20 02:00:49,836 | INFO |   ✅ Commented on OSV-2770: 'KPIT_TC_DRT_HED_013.

2025-06-20 02:00:50,266 | INFO | ⏳ Updating 'OSV-3488: KPIT_TC_DRT_HFT_017'...
2025-06-20 02:00:50,268 | INFO |   🔄 Commenting on OSV-3488: 'KPIT_TC_DRT_HFT_017...
2025-06-20 02:00:50,268 | INFO |     Date                 : 11th June 2025
2025-06-20 02:00:50,268 | INFO |     Analysis Done By     : Chandrakant
2025-06-20 02:00:50,268 | INFO |     Result               : Pass
2025-06-20 02:00:50,772 | INFO |   ✅ Commented on OSV-3488: 'KPIT_TC_DRT_HFT_017.

2025-06-20 02:00:51,191 | INFO | ⏳ Updating 'OSV-3493: KPIT_TC_DRT_HFT_046'...
2025-06-20 02:00:51,191 | INFO |   🔄 Commenting on OSV-3493: 'KPIT_TC_DRT_HFT_046...
2025-06-20 02:00:51,193 | INFO |     Date                 : 11th June 2025
2025-06-20 02:00:51,193 | INFO |     Analysis Done By     : Chandrakant
2025-06-20 02:00:51,194 | INFO |     Result               : Pass
2025-06-20 02:00:52,107 | INFO |   ✅ Commented on OSV-3493: 'KPIT_TC_DRT_HFT_046.

2025-06-20 02:00:52,511 | INFO | ⏳ Updating 'OSV-3483: KPIT_TC_DRT_HFT_047'...
2025-06-20 02:00:52,512 | INFO |   🔄 Commenting on OSV-3483: 'KPIT_TC_DRT_HFT_047...
2025-06-20 02:00:52,513 | INFO |     Date                 : 11th June 2025
2025-06-20 02:00:52,514 | INFO |     Analysis Done By     : Chandrakant
2025-06-20 02:00:52,514 | INFO |     Result               : Pass
2025-06-20 02:00:53,437 | INFO |   ✅ Commented on OSV-3483: 'KPIT_TC_DRT_HFT_047.

2025-06-20 02:00:53,840 | INFO | ⏳ Updating 'OSV-2607: KPIT_TC_DRT_HFT_048'...
2025-06-20 02:00:53,841 | INFO |   🔄 Commenting on OSV-2607: 'KPIT_TC_DRT_HFT_048...
2025-06-20 02:00:53,841 | INFO |     Date                 : 11th June 2025
2025-06-20 02:00:53,842 | INFO |     Analysis Done By     : Chandrakant
2025-06-20 02:00:53,842 | INFO |     Result               : Pass
2025-06-20 02:00:54,233 | INFO |   ✅ Commented on OSV-2607: 'KPIT_TC_DRT_HFT_048.

2025-06-20 02:00:54,661 | INFO | ⏳ Updating 'OSV-3484: KPIT_TC_DRT_HFT_052'...
2025-06-20 02:00:54,662 | INFO |   🔄 Commenting on OSV-3484: 'KPIT_TC_DRT_HFT_052...
2025-06-20 02:00:54,662 | INFO |     Date                 : 11th June 2025
2025-06-20 02:00:54,662 | INFO |     Analysis Done By     : Chandrakant
2025-06-20 02:00:54,663 | INFO |     Result               : Pass
2025-06-20 02:00:55,170 | INFO |   ✅ Commented on OSV-3484: 'KPIT_TC_DRT_HFT_052.

2025-06-20 02:00:55,479 | INFO | ⏳ Updating 'OSV-3485: KPIT_TC_DRT_HFT_054'...
2025-06-20 02:00:55,480 | INFO |   🔄 Commenting on OSV-3485: 'KPIT_TC_DRT_HFT_054...
2025-06-20 02:00:55,480 | INFO |     Date                 : 11th June 2025
2025-06-20 02:00:55,480 | INFO |     Analysis Done By     : Chandrakant
2025-06-20 02:00:55,481 | INFO |     Result               : Pass
2025-06-20 02:00:55,998 | INFO |   ✅ Commented on OSV-3485: 'KPIT_TC_DRT_HFT_054.

2025-06-20 02:00:56,401 | INFO | ⏳ Updating 'OSV-3487: KPIT_TC_DRT_HFT_059'...
2025-06-20 02:00:56,403 | INFO |   🔄 Commenting on OSV-3487: 'KPIT_TC_DRT_HFT_059...
2025-06-20 02:00:56,403 | INFO |     Date                 : 11th June 2025
2025-06-20 02:00:56,404 | INFO |     Analysis Done By     : Chandrakant
2025-06-20 02:00:56,404 | INFO |     Result               : Pass
2025-06-20 02:00:56,850 | INFO |   ✅ Commented on OSV-3487: 'KPIT_TC_DRT_HFT_059.

2025-06-20 02:00:57,179 | INFO | ⏳ Updating 'OSV-3010: KPIT_TC_DRT_IPD_1193'...
2025-06-20 02:00:57,180 | INFO |   🔄 Commenting on OSV-3010: 'KPIT_TC_DRT_IPD_1193...
2025-06-20 02:00:57,180 | INFO |     Date                 : 11th June 2025
2025-06-20 02:00:57,180 | INFO |     Analysis Done By     : Chandrakant
2025-06-20 02:00:57,181 | INFO |     Result               : Pass
2025-06-20 02:00:57,628 | INFO |   ✅ Commented on OSV-3010: 'KPIT_TC_DRT_IPD_1193.

2025-06-20 02:00:58,040 | INFO | ⏳ Updating 'OSV-3490: KPIT_TC_DRT_KBD_003'...
2025-06-20 02:00:58,041 | INFO |   🔄 Commenting on OSV-3490: 'KPIT_TC_DRT_KBD_003...
2025-06-20 02:00:58,042 | INFO |     Date                 : 11th June 2025
2025-06-20 02:00:58,042 | INFO |     Analysis Done By     : Chandrakant
2025-06-20 02:00:58,042 | INFO |     Result               : Pass
2025-06-20 02:00:58,513 | INFO |   ✅ Commented on OSV-3490: 'KPIT_TC_DRT_KBD_003.

2025-06-20 02:00:58,870 | INFO | ⏳ Updating 'OSV-2611: KPIT_TC_DRT_KBD_017'...
2025-06-20 02:00:58,871 | INFO |   🔄 Commenting on OSV-2611: 'KPIT_TC_DRT_KBD_017...
2025-06-20 02:00:58,872 | INFO |     Date                 : 11th June 2025
2025-06-20 02:00:58,873 | INFO |     Analysis Done By     : Chandrakant
2025-06-20 02:00:58,874 | INFO |     Result               : Pass
2025-06-20 02:00:59,317 | INFO |   ✅ Commented on OSV-2611: 'KPIT_TC_DRT_KBD_017.

2025-06-20 02:00:59,780 | INFO | ⏳ Updating 'OSV-3007: KPIT_TC_DRT_SND_039'...
2025-06-20 02:00:59,782 | INFO |   🔄 Commenting on OSV-3007: 'KPIT_TC_DRT_SND_039...
2025-06-20 02:00:59,782 | INFO |     Date                 : 11th June 2025
2025-06-20 02:00:59,782 | INFO |     Analysis Done By     : Chandrakant
2025-06-20 02:00:59,793 | INFO |     Result               : Pass
2025-06-20 02:01:00,283 | INFO |   ✅ Commented on OSV-3007: 'KPIT_TC_DRT_SND_039.

2025-06-20 02:01:00,701 | INFO | ⏳ Updating 'OSV-2613: KPIT_TC_DRT_SPCCP_021'...
2025-06-20 02:01:00,701 | INFO |   🔄 Commenting on OSV-2613: 'KPIT_TC_DRT_SPCCP_021...
2025-06-20 02:01:00,702 | INFO |     Date                 : 11th June 2025
2025-06-20 02:01:00,702 | INFO |     Analysis Done By     : Chandrakant
2025-06-20 02:01:00,702 | INFO |     Result               : Pass
2025-06-20 02:01:01,629 | INFO |   ✅ Commented on OSV-2613: 'KPIT_TC_DRT_SPCCP_021.

2025-06-20 02:01:02,037 | INFO | ⏳ Updating 'OSV-2608: KPIT_TC_DRT_SPCCP_099'...
2025-06-20 02:01:02,039 | INFO |   🔄 Commenting on OSV-2608: 'KPIT_TC_DRT_SPCCP_099...
2025-06-20 02:01:02,040 | INFO |     Date                 : 11th June 2025
2025-06-20 02:01:02,040 | INFO |     Analysis Done By     : Chandrakant
2025-06-20 02:01:02,040 | INFO |     Result               : Pass
2025-06-20 02:01:02,964 | INFO |   ✅ Commented on OSV-2608: 'KPIT_TC_DRT_SPCCP_099.

2025-06-20 02:01:03,379 | INFO | ⏳ Updating 'OSV-2488: KPIT_TC_DRT_USB_060'...
2025-06-20 02:01:03,380 | INFO |   🔄 Commenting on OSV-2488: 'KPIT_TC_DRT_USB_060...
2025-06-20 02:01:03,380 | INFO |     Date                 : 11th June 2025
2025-06-20 02:01:03,380 | INFO |     Analysis Done By     : Chandrakant
2025-06-20 02:01:03,381 | INFO |     Result               : Pass
2025-06-20 02:01:03,887 | INFO |   ✅ Commented on OSV-2488: 'KPIT_TC_DRT_USB_060.

2025-06-20 02:01:04,287 | INFO | ⏳ Updating 'OSV-3491: KPIT_TC_DRT_USB_102'...
2025-06-20 02:01:04,288 | INFO |   🔄 Commenting on OSV-3491: 'KPIT_TC_DRT_USB_102...
2025-06-20 02:01:04,289 | INFO |     Date                 : 11th June 2025
2025-06-20 02:01:04,290 | INFO |     Analysis Done By     : Chandrakant
2025-06-20 02:01:04,290 | INFO |     Result               : Pass
2025-06-20 02:01:04,809 | INFO |   ✅ Commented on OSV-3491: 'KPIT_TC_DRT_USB_102.

2025-06-20 02:01:05,208 | INFO | ⏳ Updating 'OSV-3492: KPIT_TC_DRT_USB_103'...
2025-06-20 02:01:05,208 | INFO |   🔄 Commenting on OSV-3492: 'KPIT_TC_DRT_USB_103...
2025-06-20 02:01:05,209 | INFO |     Date                 : 11th June 2025
2025-06-20 02:01:05,210 | INFO |     Analysis Done By     : Chandrakant
2025-06-20 02:01:05,210 | INFO |     Result               : Pass
2025-06-20 02:01:05,717 | INFO |   ✅ Commented on OSV-3492: 'KPIT_TC_DRT_USB_103.

2025-06-20 02:01:06,130 | INFO | ⏳ Updating 'OSV-3011: KPIT_TC_DRT_USB_1245'...
2025-06-20 02:01:06,132 | INFO |   🔄 Commenting on OSV-3011: 'KPIT_TC_DRT_USB_1245...
2025-06-20 02:01:06,132 | INFO |     Date                 : 11th June 2025
2025-06-20 02:01:06,132 | INFO |     Analysis Done By     : Chandrakant
2025-06-20 02:01:06,132 | INFO |     Result               : Pass
2025-06-20 02:01:07,058 | INFO |   ✅ Commented on OSV-3011: 'KPIT_TC_DRT_USB_1245.

2025-06-20 02:01:07,576 | INFO | ⏳ Updating 'OSV-3008: KPIT_TC_DRT_BTA_021'...
2025-06-20 02:01:07,579 | INFO |   🔄 Updating fields for OSV-3008: 'KPIT_TC_DRT_BTA_021...
2025-06-20 02:01:07,579 | INFO |     Failure Category : Test Env issue
2025-06-20 02:01:07,580 | INFO |     Failure Sub Category : Automation Setup Malfunction
2025-06-20 02:01:07,581 | INFO |     Root Cause Details : Play state validation failed.
2025-06-20 02:01:07,583 | INFO |     Fixation Performed : NA
2025-06-20 02:01:08,699 | INFO |   ✅ Updated fields for OSV-3008: 'KPIT_TC_DRT_BTA_021.
2025-06-20 02:01:08,701 | INFO |   🔄 Commenting on OSV-3008: 'KPIT_TC_DRT_BTA_021...
2025-06-20 02:01:08,702 | INFO |     Date                 : 11th June 2025
2025-06-20 02:01:08,702 | INFO |     Analysis Done By     : Chandrakant
2025-06-20 02:01:08,702 | INFO |     Result               : Fail
2025-06-20 02:01:08,703 | INFO |     Failure Category     : Test Env issue
2025-06-20 02:01:08,705 | INFO |     Failure Sub Category : Automation Setup Malfunction
2025-06-20 02:01:08,705 | INFO |     Root Cause Details   : Play state validation failed.
2025-06-20 02:01:08,706 | INFO |     Fixation Performed   : NA
2025-06-20 02:01:09,618 | INFO |   ✅ Commented on OSV-3008: 'KPIT_TC_DRT_BTA_021.

2025-06-20 02:01:10,023 | INFO | ⏳ Updating 'OSV-2609: KPIT_TC_DRT_HMI_001'...
2025-06-20 02:01:10,024 | INFO |   🔄 Updating fields for OSV-2609: 'KPIT_TC_DRT_HMI_001...
2025-06-20 02:01:10,025 | INFO |     Failure Category : Test Env issue
2025-06-20 02:01:10,026 | INFO |     Failure Sub Category : Automation Setup Malfunction
2025-06-20 02:01:10,026 | INFO |     Root Cause Details : Wireless Carplay not connected.
2025-06-20 02:01:10,027 | INFO |     Fixation Performed : NA
2025-06-20 02:01:11,054 | INFO |   ✅ Updated fields for OSV-2609: 'KPIT_TC_DRT_HMI_001.
2025-06-20 02:01:11,054 | INFO |   🔄 Commenting on OSV-2609: 'KPIT_TC_DRT_HMI_001...
2025-06-20 02:01:11,055 | INFO |     Date                 : 11th June 2025
2025-06-20 02:01:11,055 | INFO |     Analysis Done By     : Chandrakant
2025-06-20 02:01:11,056 | INFO |     Result               : Fail
2025-06-20 02:01:11,056 | INFO |     Failure Category     : Test Env issue
2025-06-20 02:01:11,056 | INFO |     Failure Sub Category : Automation Setup Malfunction
2025-06-20 02:01:11,057 | INFO |     Root Cause Details   : Wireless Carplay not connected.
2025-06-20 02:01:11,057 | INFO |     Fixation Performed   : NA
2025-06-20 02:01:11,588 | INFO |   ✅ Commented on OSV-2609: 'KPIT_TC_DRT_HMI_001.

2025-06-20 02:01:11,959 | INFO | ⏳ Updating 'OSV-2496: KPIT_TC_DRT_SUW_003'...
2025-06-20 02:01:11,960 | INFO |   🔄 Updating fields for OSV-2496: 'KPIT_TC_DRT_SUW_003...
2025-06-20 02:01:11,961 | INFO |     Failure Category : ICB issue (Once)
2025-06-20 02:01:11,961 | INFO |     Failure Sub Category : Other TS Failed
2025-06-20 02:01:11,962 | INFO |     Root Cause Details : Failed to Enter User Selection Pin, Hence Guest Profile is logged in.
2025-06-20 02:01:11,962 | INFO |     Fixation Performed : NA
2025-06-20 02:01:12,919 | INFO |   ✅ Updated fields for OSV-2496: 'KPIT_TC_DRT_SUW_003.
2025-06-20 02:01:12,920 | INFO |   🔄 Commenting on OSV-2496: 'KPIT_TC_DRT_SUW_003...
2025-06-20 02:01:12,921 | INFO |     Date                 : 11th June 2025
2025-06-20 02:01:12,922 | INFO |     Analysis Done By     : Chandrakant
2025-06-20 02:01:12,922 | INFO |     Result               : Fail
2025-06-20 02:01:12,923 | INFO |     Failure Category     : ICB issue (Once)
2025-06-20 02:01:12,923 | INFO |     Failure Sub Category : Other TS Failed
2025-06-20 02:01:12,925 | INFO |     Root Cause Details   : Failed to Enter User Selection Pin, Hence Guest Profile is logged in.
2025-06-20 02:01:12,926 | INFO |     Fixation Performed   : NA
2025-06-20 02:01:13,514 | INFO |   ✅ Commented on OSV-2496: 'KPIT_TC_DRT_SUW_003.

2025-06-20 02:01:13,913 | INFO | ⏳ Updating 'OSV-2491: KPIT_TC_DRT_MCS_036'...
2025-06-20 02:01:13,914 | INFO |   🔄 Updating fields for OSV-2491: 'KPIT_TC_DRT_MCS_036...
2025-06-20 02:01:13,914 | INFO |     Failure Category : ICB issue (Once)
2025-06-20 02:01:13,915 | INFO |     Failure Sub Category : GAS Implementation
2025-06-20 02:01:13,915 | INFO |     Root Cause Details : Instead of Maps it shows Google Maps.
2025-06-20 02:01:13,916 | INFO |     Fixation Performed : NA
2025-06-20 02:01:14,953 | INFO |   ✅ Updated fields for OSV-2491: 'KPIT_TC_DRT_MCS_036.
2025-06-20 02:01:14,953 | INFO |   🔄 Commenting on OSV-2491: 'KPIT_TC_DRT_MCS_036...
2025-06-20 02:01:14,954 | INFO |     Date                 : 11th June 2025
2025-06-20 02:01:14,956 | INFO |     Analysis Done By     : Chandrakant
2025-06-20 02:01:14,956 | INFO |     Result               : Fail
2025-06-20 02:01:14,957 | INFO |     Failure Category     : ICB issue (Once)
2025-06-20 02:01:14,957 | INFO |     Failure Sub Category : GAS Implementation
2025-06-20 02:01:14,959 | INFO |     Root Cause Details   : Instead of Maps it shows Google Maps.
2025-06-20 02:01:14,960 | INFO |     Fixation Performed   : NA
2025-06-20 02:01:15,556 | INFO |   ✅ Commented on OSV-2491: 'KPIT_TC_DRT_MCS_036.

2025-06-20 02:01:15,934 | INFO | ⏳ Updating 'OSV-2484: KPIT_TC_FNC_AVG_0878_0001'...
2025-06-20 02:01:15,934 | INFO |   🔄 Updating fields for OSV-2484: 'KPIT_TC_FNC_AVG_0878_0001...
2025-06-20 02:01:15,935 | INFO |     Failure Category : Test Env issue
2025-06-20 02:01:15,936 | INFO |     Failure Sub Category : Automation Setup Malfunction
2025-06-20 02:01:15,937 | INFO |     Root Cause Details : Wireless Carplay not connected.
2025-06-20 02:01:15,938 | INFO |     Fixation Performed : NA
2025-06-20 02:01:16,998 | INFO |   ✅ Updated fields for OSV-2484: 'KPIT_TC_FNC_AVG_0878_0001.
2025-06-20 02:01:17,000 | INFO |   🔄 Commenting on OSV-2484: 'KPIT_TC_FNC_AVG_0878_0001...
2025-06-20 02:01:17,000 | INFO |     Date                 : 11th June 2025
2025-06-20 02:01:17,002 | INFO |     Analysis Done By     : Chandrakant
2025-06-20 02:01:17,003 | INFO |     Result               : Fail
2025-06-20 02:01:17,004 | INFO |     Failure Category     : Test Env issue
2025-06-20 02:01:17,006 | INFO |     Failure Sub Category : Automation Setup Malfunction
2025-06-20 02:01:17,007 | INFO |     Root Cause Details   : Wireless Carplay not connected.
2025-06-20 02:01:17,007 | INFO |     Fixation Performed   : NA
2025-06-20 02:01:17,426 | INFO |   ✅ Commented on OSV-2484: 'KPIT_TC_FNC_AVG_0878_0001.

2025-06-20 02:01:17,804 | INFO | ⏳ Updating 'OSV-2481: KPIT_TC_DRT_SUW_006'...
2025-06-20 02:01:17,805 | INFO |   🔄 Updating fields for OSV-2481: 'KPIT_TC_DRT_SUW_006...
2025-06-20 02:01:17,805 | INFO |     Failure Category : ICB issue (Once)
2025-06-20 02:01:17,806 | INFO |     Failure Sub Category : Other TS Failed
2025-06-20 02:01:17,807 | INFO |     Root Cause Details : Failed to Enter User Selection Pin, Hence Guest Profile is logged in.
2025-06-20 02:01:17,808 | INFO |     Fixation Performed : NA
2025-06-20 02:01:18,740 | INFO |   ✅ Updated fields for OSV-2481: 'KPIT_TC_DRT_SUW_006.
2025-06-20 02:01:18,741 | INFO |   🔄 Commenting on OSV-2481: 'KPIT_TC_DRT_SUW_006...
2025-06-20 02:01:18,742 | INFO |     Date                 : 11th June 2025
2025-06-20 02:01:18,743 | INFO |     Analysis Done By     : Chandrakant
2025-06-20 02:01:18,743 | INFO |     Result               : Fail
2025-06-20 02:01:18,743 | INFO |     Failure Category     : ICB issue (Once)
2025-06-20 02:01:18,745 | INFO |     Failure Sub Category : Other TS Failed
2025-06-20 02:01:18,746 | INFO |     Root Cause Details   : Failed to Enter User Selection Pin, Hence Guest Profile is logged in.
2025-06-20 02:01:18,747 | INFO |     Fixation Performed   : NA
2025-06-20 02:01:19,235 | INFO |   ✅ Commented on OSV-2481: 'KPIT_TC_DRT_SUW_006.

