2025-06-27 01:30:45,784 | ERROR | [ERROR] Could not process OSV-4360 - KPIT_TC_DRT_ANT_011: 'Failure Category'

2025-06-27 01:30:45,785 | ERROR | [ERROR] Could not process OSV-4376 - KPIT_TC_FNC_SPCAA_0447_0001: 'Failure Category'

2025-06-27 01:30:45,785 | ERROR | [ERROR] Could not process OSV-4432 - KPIT_TC_DRT_KBD_013: 'Failure Category'

2025-06-27 01:30:45,788 | ERROR | [ERROR] Could not process OSV-4422 - KPIT_TC_DRT_PRM_007: 'Failure Category'

2025-06-27 01:30:45,789 | ERROR | [ERROR] Could not process OSV-4413 - KPIT_TC_DRT_PRM_011: 'Failure Category'

2025-06-27 01:30:45,790 | ERROR | [ERROR] Could not process OSV-4415 - KPIT_TC_DRT_PRM_015: 'Failure Category'

2025-06-27 01:30:45,790 | ERROR | [ERROR] Could not process OSV-4435 - KPIT_TC_DRT_HOM_005: 'Failure Category'

2025-06-27 01:30:45,791 | ERROR | [ERROR] Could not process OSV-4436 - KPIT_TC_DRT_HOM_006: 'Failure Category'

2025-06-27 01:30:45,793 | ERROR | [ERROR] Could not process OSV-4433 - KPIT_TC_DRT_HOM_009: 'Failure Category'

2025-06-27 01:30:45,793 | ERROR | [ERROR] Could not process OSV-4434 - KPIT_TC_DRT_HOM_012: 'Failure Category'

2025-06-27 01:30:45,794 | ERROR | [ERROR] Could not process OSV-4437 - KPIT_TC_DRT_HOM_013: 'Failure Category'

2025-06-27 01:30:45,795 | ERROR | [ERROR] Could not process OSV-4424 - KPIT_TC_DRT_HOM_028: 'Failure Category'

2025-06-27 01:30:45,796 | ERROR | [ERROR] Could not process OSV-4431 - KPIT_TC_DRT_HOM_031: 'Failure Category'

2025-06-27 01:30:45,797 | ERROR | [ERROR] Could not process OSV-4419 - KPIT_TC_DRT_HOM_035: 'Failure Category'

2025-06-27 01:30:45,798 | ERROR | [ERROR] Could not process OSV-4417 - KPIT_TC_DRT_HOM_049: 'Failure Category'

2025-06-27 01:30:45,799 | ERROR | [ERROR] Could not process OSV-4418 - KPIT_TC_DRT_HOM_050: 'Failure Category'

2025-06-27 01:30:45,800 | ERROR | [ERROR] Could not process OSV-4441 - KPIT_TC_DRT_SUW_003: 'Failure Category'

2025-06-27 01:30:45,801 | ERROR | [ERROR] Could not process OSV-4411 - KPIT_TC_DRT_SUW_005: 'Failure Category'

2025-06-27 01:30:45,803 | ERROR | [ERROR] Could not process OSV-4412 - KPIT_TC_DRT_SUW_006: 'Failure Category'

2025-06-27 01:30:45,803 | ERROR | [ERROR] Could not process OSV-4440 - KPIT_TC_FNC_SUW_0005_0001: 'Failure Category'

2025-06-27 01:30:45,804 | ERROR | [ERROR] Could not process OSV-4410 - KPIT_TC_DRT_SUW_004: 'Failure Category'

