2025-06-17 13:25:41,947 | INFO | ⏳ Updating 'OSV-2494: KPIT_TC_DRT_HOM_013'...
2025-06-17 13:25:41,949 | INFO |   🔄 Updating fields for OSV-2494: 'KPIT_TC_DRT_HOM_013...
2025-06-17 13:25:41,950 | INFO |     Failure Category : ICB issue (Once)
2025-06-17 13:25:41,951 | INFO |     Failure Sub Category : Once Seen
2025-06-17 13:25:41,951 | INFO |     Root Cause Details : Home Customisation App Sequence got changed
2025-06-17 13:25:41,952 | INFO |     Fixation Performed : NA
2025-06-17 13:25:42,849 | INFO |   ✅ Updated fields for OSV-2494: 'KPIT_TC_DRT_HOM_013.
2025-06-17 13:25:42,850 | INFO |   🔄 Commenting on OSV-2494: 'KPIT_TC_DRT_HOM_013...
2025-06-17 13:25:42,851 | INFO |     Date : 20th May 2025
2025-06-17 13:25:42,866 | INFO |     Result : Fail
2025-06-17 13:25:42,867 | INFO |     Failure Category : ICB issue (Once)
2025-06-17 13:25:42,867 | INFO |     Failure Sub Category : Once Seen
2025-06-17 13:25:42,868 | INFO |     Root Cause Details : Home Customisation App Sequence got changed
2025-06-17 13:25:42,868 | INFO |     Fixation Performed : NA
2025-06-17 13:25:43,600 | INFO |   ✅ Commented on OSV-2494: 'KPIT_TC_DRT_HOM_013.

2025-06-17 13:25:44,080 | INFO | ⏳ Updating 'OSV-2494: KPIT_TC_DRT_HOM_013'...
2025-06-17 13:25:44,081 | INFO |   🔄 Commenting on OSV-2494: 'KPIT_TC_DRT_HOM_013...
2025-06-17 13:25:44,082 | INFO |     Date : 20th May 2025
2025-06-17 13:25:44,082 | INFO |     Result : Pass
2025-06-17 13:25:44,650 | INFO |   ✅ Commented on OSV-2494: 'KPIT_TC_DRT_HOM_013.

