2025-06-17 12:57:33,911 | INFO | ⏳ Updating 'OSV-2489: KPIT_TC_DRT_BTA_020'...
2025-06-17 12:57:33,914 | INFO |   🔄 Commenting on OSV-2489: 'KPIT_TC_DRT_BTA_020...
2025-06-17 12:57:33,915 | INFO |     Date : 22nd May 2025
2025-06-17 12:57:33,916 | INFO |     Result : Pass
2025-06-17 12:57:34,740 | INFO |   ✅ Commented on OSV-2489: 'KPIT_TC_DRT_BTA_020.

2025-06-17 12:57:35,216 | INFO | ⏳ Updating 'OSV-2612: KPIT_TC_DRT_BTA_024'...
2025-06-17 12:57:35,217 | INFO |   🔄 Commenting on OSV-2612: 'KPIT_TC_DRT_BTA_024...
2025-06-17 12:57:35,218 | INFO |     Date : 22nd May 2025
2025-06-17 12:57:35,219 | INFO |     Result : Pass
2025-06-17 12:57:36,444 | INFO |   ✅ Commented on OSV-2612: 'KPIT_TC_DRT_BTA_024.

2025-06-17 12:57:36,942 | INFO | ⏳ Updating 'OSV-2487: KPIT_TC_DRT_BTA_025'...
2025-06-17 12:57:36,945 | INFO |   🔄 Commenting on OSV-2487: 'KPIT_TC_DRT_BTA_025...
2025-06-17 12:57:36,945 | INFO |     Date : 22nd May 2025
2025-06-17 12:57:36,946 | INFO |     Result : Pass
2025-06-17 12:57:37,780 | INFO |   ✅ Commented on OSV-2487: 'KPIT_TC_DRT_BTA_025.

2025-06-17 12:57:38,323 | INFO | ⏳ Updating 'OSV-2610: KPIT_TC_DRT_BTA_053'...
2025-06-17 12:57:38,324 | INFO |   🔄 Commenting on OSV-2610: 'KPIT_TC_DRT_BTA_053...
2025-06-17 12:57:38,324 | INFO |     Date : 22nd May 2025
2025-06-17 12:57:38,324 | INFO |     Result : Pass
2025-06-17 12:57:39,516 | INFO |   ✅ Commented on OSV-2610: 'KPIT_TC_DRT_BTA_053.

2025-06-17 12:57:39,999 | INFO | ⏳ Updating 'OSV-2607: KPIT_TC_DRT_HFT_048'...
2025-06-17 12:57:40,000 | INFO |   🔄 Commenting on OSV-2607: 'KPIT_TC_DRT_HFT_048...
2025-06-17 12:57:40,000 | INFO |     Date : 22nd May 2025
2025-06-17 12:57:40,000 | INFO |     Result : Pass
2025-06-17 12:57:40,794 | INFO |   ✅ Commented on OSV-2607: 'KPIT_TC_DRT_HFT_048.

2025-06-17 12:57:41,257 | INFO | ⏳ Updating 'OSV-2609: KPIT_TC_DRT_HMI_001'...
2025-06-17 12:57:41,258 | INFO |   🔄 Updating fields for OSV-2609: 'KPIT_TC_DRT_HMI_001...
2025-06-17 12:57:41,258 | INFO |     Failure Category : ICB issue (Once)
2025-06-17 12:57:41,258 | INFO |     Failure Sub Category : Timing Issue
2025-06-17 12:57:41,259 | INFO |     Root Cause Details : Carplay screen took more time to load
2025-06-17 12:57:41,259 | INFO |     Fixation Performed : NA
2025-06-17 12:57:42,130 | INFO |   ✅ Updated fields for OSV-2609: 'KPIT_TC_DRT_HMI_001.
2025-06-17 12:57:42,131 | INFO |   🔄 Commenting on OSV-2609: 'KPIT_TC_DRT_HMI_001...
2025-06-17 12:57:42,131 | INFO |     Date : 22nd May 2025
2025-06-17 12:57:42,132 | INFO |     Result : Fail
2025-06-17 12:57:42,132 | INFO |     Failure Category : ICB issue (Once)
2025-06-17 12:57:42,132 | INFO |     Failure Sub Category : Timing Issue
2025-06-17 12:57:42,132 | INFO |     Root Cause Details : Carplay screen took more time to load
2025-06-17 12:57:42,132 | INFO |     Fixation Performed : NA
2025-06-17 12:57:42,939 | INFO |   ✅ Commented on OSV-2609: 'KPIT_TC_DRT_HMI_001.

2025-06-17 12:57:43,477 | INFO | ⏳ Updating 'OSV-2494: KPIT_TC_DRT_HOM_013'...
2025-06-17 12:57:43,477 | INFO |   🔄 Commenting on OSV-2494: 'KPIT_TC_DRT_HOM_013...
2025-06-17 12:57:43,478 | INFO |     Date : 22nd May 2025
2025-06-17 12:57:43,478 | INFO |     Result : Pass
2025-06-17 12:57:44,374 | INFO |   ✅ Commented on OSV-2494: 'KPIT_TC_DRT_HOM_013.

2025-06-17 12:57:44,866 | INFO | ⏳ Updating 'OSV-2611: KPIT_TC_DRT_KBD_017'...
2025-06-17 12:57:44,866 | INFO |   🔄 Commenting on OSV-2611: 'KPIT_TC_DRT_KBD_017...
2025-06-17 12:57:44,867 | INFO |     Date : 22nd May 2025
2025-06-17 12:57:44,867 | INFO |     Result : Pass
2025-06-17 12:57:45,714 | INFO |   ✅ Commented on OSV-2611: 'KPIT_TC_DRT_KBD_017.

2025-06-17 12:57:46,307 | INFO | ⏳ Updating 'OSV-2491: KPIT_TC_DRT_MCS_036'...
2025-06-17 12:57:46,308 | INFO |   🔄 Commenting on OSV-2491: 'KPIT_TC_DRT_MCS_036...
2025-06-17 12:57:46,308 | INFO |     Date : 22nd May 2025
2025-06-17 12:57:46,309 | INFO |     Result : Pass
2025-06-17 12:57:47,063 | INFO |   ✅ Commented on OSV-2491: 'KPIT_TC_DRT_MCS_036.

2025-06-17 12:57:47,630 | INFO | ⏳ Updating 'OSV-2485: KPIT_TC_DRT_PRM_003'...
2025-06-17 12:57:47,631 | INFO |   🔄 Commenting on OSV-2485: 'KPIT_TC_DRT_PRM_003...
2025-06-17 12:57:47,632 | INFO |     Date : 22nd May 2025
2025-06-17 12:57:47,632 | INFO |     Result : Pass
2025-06-17 12:57:48,411 | INFO |   ✅ Commented on OSV-2485: 'KPIT_TC_DRT_PRM_003.

2025-06-17 12:57:48,882 | INFO | ⏳ Updating 'OSV-2613: KPIT_TC_DRT_SPCCP_021'...
2025-06-17 12:57:48,882 | INFO |   🔄 Commenting on OSV-2613: 'KPIT_TC_DRT_SPCCP_021...
2025-06-17 12:57:48,883 | INFO |     Date : 22nd May 2025
2025-06-17 12:57:48,883 | INFO |     Result : Pass
2025-06-17 12:57:50,033 | INFO |   ✅ Commented on OSV-2613: 'KPIT_TC_DRT_SPCCP_021.

2025-06-17 12:57:50,501 | INFO | ⏳ Updating 'OSV-2608: KPIT_TC_DRT_SPCCP_099'...
2025-06-17 12:57:50,502 | INFO |   🔄 Commenting on OSV-2608: 'KPIT_TC_DRT_SPCCP_099...
2025-06-17 12:57:50,502 | INFO |     Date : 22nd May 2025
2025-06-17 12:57:50,503 | INFO |     Result : Pass
2025-06-17 12:57:51,233 | INFO |   ✅ Commented on OSV-2608: 'KPIT_TC_DRT_SPCCP_099.

2025-06-17 12:57:52,009 | INFO | ⏳ Updating 'OSV-2496: KPIT_TC_DRT_SUW_003'...
2025-06-17 12:57:52,012 | INFO |   🔄 Commenting on OSV-2496: 'KPIT_TC_DRT_SUW_003...
2025-06-17 12:57:52,013 | INFO |     Date : 22nd May 2025
2025-06-17 12:57:52,014 | INFO |     Result : Pass
2025-06-17 12:57:53,443 | INFO |   ✅ Commented on OSV-2496: 'KPIT_TC_DRT_SUW_003.

2025-06-17 12:57:53,950 | INFO | ⏳ Updating 'OSV-2479: KPIT_TC_DRT_SUW_004'...
2025-06-17 12:57:53,950 | INFO |   🔄 Commenting on OSV-2479: 'KPIT_TC_DRT_SUW_004...
2025-06-17 12:57:53,951 | INFO |     Date : 22nd May 2025
2025-06-17 12:57:53,952 | INFO |     Result : Pass
2025-06-17 12:57:54,742 | INFO |   ✅ Commented on OSV-2479: 'KPIT_TC_DRT_SUW_004.

2025-06-17 12:57:55,209 | INFO | ⏳ Updating 'OSV-2480: KPIT_TC_DRT_SUW_005'...
2025-06-17 12:57:55,210 | INFO |   🔄 Commenting on OSV-2480: 'KPIT_TC_DRT_SUW_005...
2025-06-17 12:57:55,210 | INFO |     Date : 22nd May 2025
2025-06-17 12:57:55,211 | INFO |     Result : Pass
2025-06-17 12:57:55,976 | INFO |   ✅ Commented on OSV-2480: 'KPIT_TC_DRT_SUW_005.

2025-06-17 12:57:56,410 | INFO | ⏳ Updating 'OSV-2481: KPIT_TC_DRT_SUW_006'...
2025-06-17 12:57:56,411 | INFO |   🔄 Commenting on OSV-2481: 'KPIT_TC_DRT_SUW_006...
2025-06-17 12:57:56,411 | INFO |     Date : 22nd May 2025
2025-06-17 12:57:56,412 | INFO |     Result : Pass
2025-06-17 12:57:57,323 | INFO |   ✅ Commented on OSV-2481: 'KPIT_TC_DRT_SUW_006.

2025-06-17 12:57:57,802 | INFO | ⏳ Updating 'OSV-2484: KPIT_TC_FNC_AVG_0878_0001'...
2025-06-17 12:57:57,803 | INFO |   🔄 Updating fields for OSV-2484: 'KPIT_TC_FNC_AVG_0878_0001...
2025-06-17 12:57:57,803 | INFO |     Failure Category : Test Env issue
2025-06-17 12:57:57,803 | INFO |     Failure Sub Category : Automation Setup Malfunction
2025-06-17 12:57:57,804 | INFO |     Root Cause Details : Expected volume is more than the recorded one 
2025-06-17 12:57:57,804 | INFO |     Fixation Performed : Fixed Audio Setup.
2025-06-17 12:57:58,670 | INFO |   ✅ Updated fields for OSV-2484: 'KPIT_TC_FNC_AVG_0878_0001.
2025-06-17 12:57:58,670 | INFO |   🔄 Commenting on OSV-2484: 'KPIT_TC_FNC_AVG_0878_0001...
2025-06-17 12:57:58,671 | INFO |     Date : 22nd May 2025
2025-06-17 12:57:58,671 | INFO |     Result : Fail
2025-06-17 12:57:58,671 | INFO |     Failure Category : Test Env issue
2025-06-17 12:57:58,672 | INFO |     Failure Sub Category : Automation Setup Malfunction
2025-06-17 12:57:58,672 | INFO |     Root Cause Details : Expected volume is more than the recorded one 
2025-06-17 12:57:58,673 | INFO |     Fixation Performed : Fixed Audio Setup.
2025-06-17 12:57:59,435 | INFO |   ✅ Commented on OSV-2484: 'KPIT_TC_FNC_AVG_0878_0001.

2025-06-17 12:57:59,912 | INFO | ⏳ Updating 'OSV-2495: KPIT_TC_FNC_SPCAA_0447_0001'...
2025-06-17 12:57:59,913 | INFO |   🔄 Commenting on OSV-2495: 'KPIT_TC_FNC_SPCAA_0447_0001...
2025-06-17 12:57:59,914 | INFO |     Date : 22nd May 2025
2025-06-17 12:57:59,915 | INFO |     Result : Pass
2025-06-17 12:58:00,678 | INFO |   ✅ Commented on OSV-2495: 'KPIT_TC_FNC_SPCAA_0447_0001.

2025-06-17 12:58:01,149 | INFO | ⏳ Updating 'OSV-2483: KPIT_TC_DRT_MCS_045'...
2025-06-17 12:58:01,149 | INFO |   🔄 Commenting on OSV-2483: 'KPIT_TC_DRT_MCS_045...
2025-06-17 12:58:01,150 | INFO |     Date : 22nd May 2025
2025-06-17 12:58:01,150 | INFO |     Result : Pass
2025-06-17 12:58:01,823 | INFO |   ✅ Commented on OSV-2483: 'KPIT_TC_DRT_MCS_045.

2025-06-17 12:58:02,277 | INFO | ⏳ Updating 'OSV-2493: KPIT_TC_DRT_SPCAA_010'...
2025-06-17 12:58:02,278 | INFO |   🔄 Commenting on OSV-2493: 'KPIT_TC_DRT_SPCAA_010...
2025-06-17 12:58:02,279 | INFO |     Date : 22nd May 2025
2025-06-17 12:58:02,279 | INFO |     Result : Pass
2025-06-17 12:58:03,067 | INFO |   ✅ Commented on OSV-2493: 'KPIT_TC_DRT_SPCAA_010.

2025-06-17 12:58:03,538 | INFO | ⏳ Updating 'OSV-2492: KPIT_TC_DRT_SPCAA_024'...
2025-06-17 12:58:03,539 | INFO |   🔄 Commenting on OSV-2492: 'KPIT_TC_DRT_SPCAA_024...
2025-06-17 12:58:03,539 | INFO |     Date : 22nd May 2025
2025-06-17 12:58:03,541 | INFO |     Result : Pass
2025-06-17 12:58:04,276 | INFO |   ✅ Commented on OSV-2492: 'KPIT_TC_DRT_SPCAA_024.

2025-06-17 12:58:04,757 | INFO | ⏳ Updating 'OSV-2478: KPIT_TC_DRT_SPCAA_078'...
2025-06-17 12:58:04,759 | INFO |   🔄 Commenting on OSV-2478: 'KPIT_TC_DRT_SPCAA_078...
2025-06-17 12:58:04,759 | INFO |     Date : 22nd May 2025
2025-06-17 12:58:04,761 | INFO |     Result : Pass
2025-06-17 12:58:05,450 | INFO |   ✅ Commented on OSV-2478: 'KPIT_TC_DRT_SPCAA_078.

2025-06-17 12:58:05,902 | INFO | ⏳ Updating 'OSV-2490: KPIT_TC_DRT_SSR_004'...
2025-06-17 12:58:05,903 | INFO |   🔄 Commenting on OSV-2490: 'KPIT_TC_DRT_SSR_004...
2025-06-17 12:58:05,904 | INFO |     Date : 22nd May 2025
2025-06-17 12:58:05,904 | INFO |     Result : Pass
2025-06-17 12:58:06,666 | INFO |   ✅ Commented on OSV-2490: 'KPIT_TC_DRT_SSR_004.

2025-06-17 12:58:07,203 | INFO | ⏳ Updating 'OSV-2482: KPIT_TC_DRT_SSR_012'...
2025-06-17 12:58:07,204 | INFO |   🔄 Commenting on OSV-2482: 'KPIT_TC_DRT_SSR_012...
2025-06-17 12:58:07,204 | INFO |     Date : 22nd May 2025
2025-06-17 12:58:07,205 | INFO |     Result : Pass
2025-06-17 12:58:08,032 | INFO |   ✅ Commented on OSV-2482: 'KPIT_TC_DRT_SSR_012.

2025-06-17 12:58:08,516 | INFO | ⏳ Updating 'OSV-2488: KPIT_TC_DRT_USB_060'...
2025-06-17 12:58:08,517 | INFO |   🔄 Commenting on OSV-2488: 'KPIT_TC_DRT_USB_060...
2025-06-17 12:58:08,518 | INFO |     Date : 22nd May 2025
2025-06-17 12:58:08,519 | INFO |     Result : Pass
2025-06-17 12:58:09,569 | INFO |   ✅ Commented on OSV-2488: 'KPIT_TC_DRT_USB_060.

