2025-11-14 00:14:23,520 | INFO | ⏳ Updating 'DRT-2140: KPIT_TC_DRT_BTA_052'...
2025-11-14 00:14:23,521 | INFO |   🔄 Updating fields for DRT-2140: 'KPIT_TC_DRT_BTA_052...
2025-11-14 00:14:23,521 | INFO |     Failure Category : ICB Issue (Once)
2025-11-14 00:14:23,522 | INFO |     Failure Sub Category : Timing Issue
2025-11-14 00:14:23,522 | INFO |     Previous Failure Category : ['ICB Issue (Once)', 'KITE Issues', 'Human Error']
2025-11-14 00:14:23,523 | INFO |     Root Cause Details : Music Library Screen Refreshed while selecting Samsung Music, Hence further operation not performed.
2025-11-14 00:14:23,523 | INFO |     Fixation Performed : NA
2025-11-14 00:14:23,524 | INFO |     Remarks : NA
2025-11-14 00:14:23,535 | INFO |     Reviewer : Lumesh
2025-11-14 00:14:25,031 | INFO |   ✅ Updated fields for DRT-2140: 'KPIT_TC_DRT_BTA_052.
2025-11-14 00:14:25,032 | INFO |   🔄 Commenting on DRT-2140: 'KPIT_TC_DRT_BTA_052...
2025-11-14 00:14:25,033 | INFO |     Date AEA1413R0.251112.1 : 13th November 2025
2025-11-14 00:14:25,033 | INFO |     Result : Fail
2025-11-14 00:14:25,034 | INFO |     Failure Category : ICB Issue (Once)
2025-11-14 00:14:25,034 | INFO |     Failure Sub Category : Timing Issue
2025-11-14 00:14:25,035 | INFO |     Root Cause Details : Music Library Screen Refreshed while selecting Samsung Music, Hence further operation not performed.
2025-11-14 00:14:25,035 | INFO |     Fixation Performed : NA
2025-11-14 00:14:26,411 | INFO |   ✅ Commented on DRT-2140: 'KPIT_TC_DRT_BTA_052.

2025-11-14 00:14:26,412 | ERROR | 
 ✅ All tasks completed successfully.
