2025-11-14 00:09:07,476 | INFO | ⏳ Updating 'DRT-2140: KPIT_TC_DRT_BTA_052'...
2025-11-14 00:09:07,477 | INFO |   🔄 Updating fields for DRT-2140: 'KPIT_TC_DRT_BTA_052...
2025-11-14 00:09:07,477 | INFO |     Failure Category : ICB Issue (Once)
2025-11-14 00:09:07,478 | INFO |     Failure Sub Category : Timing Issue
2025-11-14 00:09:07,479 | INFO |     Previous Failure Category : ['ICB Issue (Once)', 'KITE Issues', 'Human Error']
2025-11-14 00:09:07,479 | INFO |     Root Cause Details : Music Library Screen Refreshed while selecting Samsung Music, Hence further operation not performed.
2025-11-14 00:09:07,479 | INFO |     Fixation Performed : NA
2025-11-14 00:09:07,480 | INFO |     Remarks : NA
2025-11-14 00:09:07,481 | INFO |     Reviewer : Lumesh
2025-11-14 00:09:09,070 | INFO |   ✅ Updated fields for DRT-2140: 'KPIT_TC_DRT_BTA_052.
2025-11-14 00:09:09,071 | INFO |   🔄 Commenting on DRT-2140: 'KPIT_TC_DRT_BTA_052...
2025-11-14 00:09:09,071 | INFO |     Date AEA1413R0.251112.1 : 13th November 2025
2025-11-14 00:09:09,072 | INFO |     Result : Fail
2025-11-14 00:09:09,072 | INFO |     Failure Category : ICB Issue (Once)
2025-11-14 00:09:09,073 | INFO |     Failure Sub Category : Timing Issue
2025-11-14 00:09:09,073 | INFO |     Root Cause Details : Music Library Screen Refreshed while selecting Samsung Music, Hence further operation not performed.
2025-11-14 00:09:09,074 | INFO |     Fixation Performed : NA
2025-11-14 00:09:12,792 | INFO |   ✅ Commented on DRT-2140: 'KPIT_TC_DRT_BTA_052.

2025-11-14 00:09:12,793 | ERROR | 
 ✅ All tasks completed successfully.
