2025-11-23 23:29:54,824 | INFO | ⏳ Updating 'DRT-3914: KPIT_TC_DRT_VEND_115'...
2025-11-23 23:29:54,825 | INFO |   🔄 Updating fields for DRT-3914: 'KPIT_TC_DRT_VEND_115...
2025-11-23 23:29:54,825 | INFO |     Failure Category : Test Env Issue
2025-11-23 23:29:54,826 | INFO |     Failure Sub Category : External Application Issue
2025-11-23 23:29:54,826 | INFO |     Previous Failure Category : ['Test Env Issue', 'ICB Issue (Once)']
2025-11-23 23:29:54,827 | INFO |     Root Cause Details : Vendor Extension Application Issue
2025-11-23 23:29:54,827 | INFO |     Fixation Performed : NA
2025-11-23 23:29:54,828 | INFO |     Remarks : QA is already raised: https://jira.honda-ivi.com/browse/IVIKPIT-2881.
2025-11-23 23:29:54,829 | INFO |     Reviewer : Rajashri
2025-11-23 23:29:56,306 | INFO |   ✅ Updated fields for DRT-3914: 'KPIT_TC_DRT_VEND_115.
2025-11-23 23:29:56,306 | INFO |   🔄 Commenting on DRT-3914: 'KPIT_TC_DRT_VEND_115...
2025-11-23 23:29:56,307 | INFO |     Date AEA1414D0.251114.1  : 2025-11-14
2025-11-23 23:29:56,307 | INFO |     Result : Fail
2025-11-23 23:29:56,307 | INFO |     Failure Category : Test Env Issue
2025-11-23 23:29:56,308 | INFO |     Failure Sub Category : External Application Issue
2025-11-23 23:29:56,309 | INFO |     Root Cause Details : Vendor Extension Application Issue
2025-11-23 23:29:56,309 | INFO |     Fixation Performed : NA
2025-11-23 23:29:57,179 | INFO |   ✅ Commented on DRT-3914: 'KPIT_TC_DRT_VEND_115.

2025-11-23 23:29:57,872 | INFO | ⏳ Updating 'DRT-3914: KPIT_TC_DRT_VEND_115'...
2025-11-23 23:29:57,872 | INFO |   🔄 Updating fields for DRT-3914: 'KPIT_TC_DRT_VEND_115...
2025-11-23 23:29:57,872 | INFO |     Failure Category : Test Env Issue
2025-11-23 23:29:57,873 | INFO |     Failure Sub Category : External Hardware Setup Malfunction
2025-11-23 23:29:57,873 | INFO |     Previous Failure Category : ['Test Env Issue', 'ICB Issue (Once)']
2025-11-23 23:29:57,873 | INFO |     Root Cause Details : Failed to receive BT pairing request on Phone2.
2025-11-23 23:29:57,873 | INFO |     Fixation Performed : Restarted Phone2.
2025-11-23 23:29:57,874 | INFO |     Remarks : NA
2025-11-23 23:29:57,874 | INFO |     Reviewer : Rajashri
2025-11-23 23:29:59,619 | INFO |   ✅ Updated fields for DRT-3914: 'KPIT_TC_DRT_VEND_115.
2025-11-23 23:29:59,619 | INFO |   🔄 Commenting on DRT-3914: 'KPIT_TC_DRT_VEND_115...
2025-11-23 23:29:59,619 | INFO |     Date AEA1414D0.251118.1 : 2025-11-18
2025-11-23 23:29:59,620 | INFO |     Result : Fail
2025-11-23 23:29:59,620 | INFO |     Failure Category : Test Env Issue
2025-11-23 23:29:59,621 | INFO |     Failure Sub Category : External Hardware Setup Malfunction
2025-11-23 23:29:59,621 | INFO |     Root Cause Details : Failed to receive BT pairing request on Phone2.
2025-11-23 23:29:59,621 | INFO |     Fixation Performed : Restarted Phone2.
2025-11-23 23:30:00,460 | INFO |   ✅ Commented on DRT-3914: 'KPIT_TC_DRT_VEND_115.

2025-11-23 23:30:00,901 | INFO | ⏳ Updating 'DRT-3914: KPIT_TC_DRT_VEND_115'...
2025-11-23 23:30:00,901 | INFO |   🔄 Updating fields for DRT-3914: 'KPIT_TC_DRT_VEND_115...
2025-11-23 23:30:00,903 | INFO |     Failure Category : Test Env Issue
2025-11-23 23:30:00,903 | INFO |     Failure Sub Category : External Hardware Setup Malfunction
2025-11-23 23:30:00,904 | INFO |     Previous Failure Category : ['Test Env Issue', 'ICB Issue (Once)']
2025-11-23 23:30:00,904 | INFO |     Root Cause Details : SET_HOME command Passed on Phone2, but operation didn't happen. Hence further actions failed.
2025-11-23 23:30:00,904 | INFO |     Fixation Performed : Phone2 restarted and ADB cable reconnected.
2025-11-23 23:30:00,905 | INFO |     Remarks : NA
2025-11-23 23:30:00,905 | INFO |     Reviewer : Rajashri
2025-11-23 23:30:01,825 | INFO |   ✅ Updated fields for DRT-3914: 'KPIT_TC_DRT_VEND_115.
2025-11-23 23:30:01,826 | INFO |   🔄 Commenting on DRT-3914: 'KPIT_TC_DRT_VEND_115...
2025-11-23 23:30:01,826 | INFO |     Date AEA1414D0.251119.1  : 2025-11-19
2025-11-23 23:30:01,827 | INFO |     Result : Fail
2025-11-23 23:30:01,827 | INFO |     Failure Category : Test Env Issue
2025-11-23 23:30:01,828 | INFO |     Failure Sub Category : External Hardware Setup Malfunction
2025-11-23 23:30:01,828 | INFO |     Root Cause Details : SET_HOME command Passed on Phone2, but operation didn't happen. Hence further actions failed.
2025-11-23 23:30:01,828 | INFO |     Fixation Performed : Phone2 restarted and ADB cable reconnected.
2025-11-23 23:30:02,655 | INFO |   ✅ Commented on DRT-3914: 'KPIT_TC_DRT_VEND_115.

2025-11-23 23:30:02,988 | INFO | ⏳ Updating 'DRT-3914: KPIT_TC_DRT_VEND_115'...
2025-11-23 23:30:02,989 | INFO |   🔄 Updating fields for DRT-3914: 'KPIT_TC_DRT_VEND_115...
2025-11-23 23:30:02,990 | INFO |     Failure Category : Test Env Issue
2025-11-23 23:30:02,990 | INFO |     Failure Sub Category : External Application Issue
2025-11-23 23:30:02,991 | INFO |     Previous Failure Category : ['Test Env Issue', 'ICB Issue (Once)']
2025-11-23 23:30:02,992 | INFO |     Root Cause Details : Vendor Extension Application Issue
2025-11-23 23:30:02,992 | INFO |     Fixation Performed : NA
2025-11-23 23:30:02,993 | INFO |     Remarks : QA is already raised: https://jira.honda-ivi.com/browse/IVIKPIT-2881.
2025-11-23 23:30:02,994 | INFO |     Reviewer : Rajashri
2025-11-23 23:30:04,294 | INFO |   ✅ Updated fields for DRT-3914: 'KPIT_TC_DRT_VEND_115.
2025-11-23 23:30:04,294 | INFO |   🔄 Commenting on DRT-3914: 'KPIT_TC_DRT_VEND_115...
2025-11-23 23:30:04,295 | INFO |     Date AEA1414D0.251120.1 : 2025-11-20
2025-11-23 23:30:04,295 | INFO |     Result : Fail
2025-11-23 23:30:04,296 | INFO |     Failure Category : Test Env Issue
2025-11-23 23:30:04,297 | INFO |     Failure Sub Category : External Application Issue
2025-11-23 23:30:04,297 | INFO |     Root Cause Details : Vendor Extension Application Issue
2025-11-23 23:30:04,297 | INFO |     Fixation Performed : NA
2025-11-23 23:30:05,075 | INFO |   ✅ Commented on DRT-3914: 'KPIT_TC_DRT_VEND_115.

2025-11-23 23:30:05,076 | INFO | 
  ✅ JIRA UPDATE COMPLETED...

