2025-12-01 13:10:15,613 | INFO |   🔄 Commenting on DRT-3279: 'KPIT_TC_DRT_ACF_020...
2025-12-01 13:10:15,614 | INFO |     Date : 2025-11-06
2025-12-01 13:10:15,615 | INFO |     Result : Pass
2025-12-01 13:10:15,616 | INFO |     Boild Number : AEA1412S1.251106.1
2025-12-01 13:10:16,272 | INFO |   ✅ Commented on DRT-3279: 'KPIT_TC_DRT_ACF_020.

2025-12-01 13:10:16,605 | INFO |   🔄 Commenting on DRT-3279: 'KPIT_TC_DRT_ACF_020...
2025-12-01 13:10:16,605 | INFO |     Date : 2025-11-07
2025-12-01 13:10:16,606 | INFO |     Result : Pass
2025-12-01 13:10:16,607 | INFO |     Boild Number : AEA1412S0.251107.1
2025-12-01 13:10:17,526 | INFO |   ✅ Commented on DRT-3279: 'KPIT_TC_DRT_ACF_020.

2025-12-01 13:10:17,845 | INFO |   🔄 Commenting on DRT-3279: 'KPIT_TC_DRT_ACF_020...
2025-12-01 13:10:17,846 | INFO |     Date : 2025-11-10
2025-12-01 13:10:17,847 | INFO |     Result : Pass
2025-12-01 13:10:17,847 | INFO |     Boild Number : AEA1414D0.251110.1
2025-12-01 13:10:18,334 | INFO |   ✅ Commented on DRT-3279: 'KPIT_TC_DRT_ACF_020.

2025-12-01 13:10:18,636 | INFO |   🔄 Commenting on DRT-3279: 'KPIT_TC_DRT_ACF_020...
2025-12-01 13:10:18,637 | INFO |     Date : 2025-11-12
2025-12-01 13:10:18,637 | INFO |     Result : Pass
2025-12-01 13:10:18,638 | INFO |     Boild Number : AEA1413R0.251112.1
2025-12-01 13:10:19,192 | INFO |   ✅ Commented on DRT-3279: 'KPIT_TC_DRT_ACF_020.

2025-12-01 13:10:19,498 | INFO |   🔄 Commenting on DRT-3279: 'KPIT_TC_DRT_ACF_020...
2025-12-01 13:10:19,499 | INFO |     Date : 2025-11-13
2025-12-01 13:10:19,499 | INFO |     Result : Pass
2025-12-01 13:10:19,500 | INFO |     Boild Number : AEA1412S1.251113.1
2025-12-01 13:10:20,420 | INFO |   ✅ Commented on DRT-3279: 'KPIT_TC_DRT_ACF_020.

2025-12-01 13:10:20,730 | INFO |   🔄 Commenting on DRT-3279: 'KPIT_TC_DRT_ACF_020...
2025-12-01 13:10:20,731 | INFO |     Date : 2025-11-14
2025-12-01 13:10:20,732 | INFO |     Result : Pass
2025-12-01 13:10:20,732 | INFO |     Boild Number : AEA1414D0.251114.1
2025-12-01 13:10:21,620 | INFO |   ✅ Commented on DRT-3279: 'KPIT_TC_DRT_ACF_020.

2025-12-01 13:10:21,931 | INFO |   🔄 Commenting on DRT-3279: 'KPIT_TC_DRT_ACF_020...
2025-12-01 13:10:21,932 | INFO |     Date : 2025-11-17
2025-12-01 13:10:21,932 | INFO |     Result : Pass
2025-12-01 13:10:21,933 | INFO |     Boild Number : AEA1412S0.251117.1
2025-12-01 13:10:22,480 | INFO |   ✅ Commented on DRT-3279: 'KPIT_TC_DRT_ACF_020.

2025-12-01 13:10:22,481 | INFO |   ✅ JIRA UPDATE COMPLETED...

