2025-11-14 00:52:16,129 | INFO | ⏳ Updating 'DRT-2140: KPIT_TC_DRT_BTA_052'...
2025-11-14 00:52:16,130 | INFO |   🔄 Updating fields for DRT-2140: 'KPIT_TC_DRT_BTA_052...
2025-11-14 00:52:16,131 | INFO |     Failure Category : ICB Issue (Once)
2025-11-14 00:52:16,132 | INFO |     Failure Sub Category : Timing Issue
2025-11-14 00:52:16,133 | INFO |     Previous Failure Category : ['Human Error', 'ICB Issue (Once)', 'KITE Issues']
2025-11-14 00:52:16,134 | INFO |     Root Cause Details : Music Library Screen Refreshed while selecting Samsung Music, Hence further operation not performed.
2025-11-14 00:52:16,136 | INFO |     Fixation Performed : NA
2025-11-14 00:52:16,137 | INFO |     Remarks : NA
2025-11-14 00:52:16,139 | INFO |     Reviewer : Lumesh
2025-11-14 00:52:16,805 | INFO |   ✅ Updated fields for DRT-2140: 'KPIT_TC_DRT_BTA_052.
2025-11-14 00:52:16,806 | INFO |   🔄 Commenting on DRT-2140: 'KPIT_TC_DRT_BTA_052...
2025-11-14 00:52:16,806 | INFO |     Date AEA1413R0.251112.1 : 2025-11-12
2025-11-14 00:52:16,807 | INFO |     Result : Fail
2025-11-14 00:52:16,807 | INFO |     Failure Category : ICB Issue (Once)
2025-11-14 00:52:16,808 | INFO |     Failure Sub Category : Timing Issue
2025-11-14 00:52:16,809 | INFO |     Root Cause Details : Music Library Screen Refreshed while selecting Samsung Music, Hence further operation not performed.
2025-11-14 00:52:16,809 | INFO |     Fixation Performed : NA
2025-11-14 00:52:17,261 | INFO |   ✅ Commented on DRT-2140: 'KPIT_TC_DRT_BTA_052.

2025-11-14 00:52:17,559 | INFO | ⏳ Updating 'DRT-1792: KPIT_TC_DRT_SPCAA_005'...
2025-11-14 00:52:17,560 | INFO |   🔄 Updating fields for DRT-1792: 'KPIT_TC_DRT_SPCAA_005...
2025-11-14 00:52:17,560 | INFO |     Failure Category : KITE Issue
2025-11-14 00:52:17,561 | INFO |     Failure Sub Category : KITE Application Issue
2025-11-14 00:52:17,562 | INFO |     Previous Failure Category : ['Human Error', 'KITE Issues']
2025-11-14 00:52:17,563 | INFO |     Root Cause Details : Kite Internal Error for Capture Screen for Phone8, Hence Wireless AA Connection.
2025-11-14 00:52:17,563 | INFO |     Fixation Performed : NA
2025-11-14 00:52:17,564 | INFO |     Remarks : Keeping this issue under observation.
2025-11-14 00:52:17,564 | INFO |     Reviewer : Lumesh
2025-11-14 00:52:18,372 | INFO |   ✅ Updated fields for DRT-1792: 'KPIT_TC_DRT_SPCAA_005.
2025-11-14 00:52:18,373 | INFO |   🔄 Commenting on DRT-1792: 'KPIT_TC_DRT_SPCAA_005...
2025-11-14 00:52:18,373 | INFO |     Date AEA1413R0.251112.1 : 2025-11-12
2025-11-14 00:52:18,374 | INFO |     Result : Fail
2025-11-14 00:52:18,374 | INFO |     Failure Category : KITE Issue
2025-11-14 00:52:18,375 | INFO |     Failure Sub Category : KITE Application Issue
2025-11-14 00:52:18,375 | INFO |     Root Cause Details : Kite Internal Error for Capture Screen for Phone8, Hence Wireless AA Connection.
2025-11-14 00:52:18,376 | INFO |     Fixation Performed : NA
2025-11-14 00:52:18,923 | INFO |   ✅ Commented on DRT-1792: 'KPIT_TC_DRT_SPCAA_005.

2025-11-14 00:52:19,203 | INFO | ⏳ Updating 'DRT-1825: KPIT_TC_DRT_SPCAA_028'...
2025-11-14 00:52:19,203 | INFO |   🔄 Updating fields for DRT-1825: 'KPIT_TC_DRT_SPCAA_028...
2025-11-14 00:52:19,204 | INFO |     Failure Category : Test Env Issue
2025-11-14 00:52:19,204 | INFO |     Failure Sub Category : Automation Setup Malfunction
2025-11-14 00:52:19,205 | INFO |     Previous Failure Category : ['Test Env Issue', 'ICB Issue (Once)']
2025-11-14 00:52:19,205 | INFO |     Root Cause Details : Samsung Music Application is not available on Android Auto Screen. Incorrect device set on Device Mapping  Preference Page.(Same Device as Phone2 ans Phone3)
2025-11-14 00:52:19,206 | INFO |     Fixation Performed : Set correct device on Device Mapping  Preference Page.
2025-11-14 00:52:19,207 | INFO |     Remarks : NA
2025-11-14 00:52:19,208 | INFO |     Reviewer : Lumesh
2025-11-14 00:52:20,011 | INFO |   ✅ Updated fields for DRT-1825: 'KPIT_TC_DRT_SPCAA_028.
2025-11-14 00:52:20,012 | INFO |   🔄 Commenting on DRT-1825: 'KPIT_TC_DRT_SPCAA_028...
2025-11-14 00:52:20,012 | INFO |     Date AEA1413R0.251112.1 : 2025-11-12
2025-11-14 00:52:20,013 | INFO |     Result : Fail
2025-11-14 00:52:20,013 | INFO |     Failure Category : Test Env Issue
2025-11-14 00:52:20,013 | INFO |     Failure Sub Category : Automation Setup Malfunction
2025-11-14 00:52:20,014 | INFO |     Root Cause Details : Samsung Music Application is not available on Android Auto Screen. Incorrect device set on Device Mapping  Preference Page.(Same Device as Phone2 ans Phone3)
2025-11-14 00:52:20,014 | INFO |     Fixation Performed : Set correct device on Device Mapping  Preference Page.
2025-11-14 00:52:20,525 | INFO |   ✅ Commented on DRT-1825: 'KPIT_TC_DRT_SPCAA_028.

2025-11-14 00:52:20,807 | INFO | ⏳ Updating 'DRT-2565: KPIT_TC_DRT_SPCAA_053'...
2025-11-14 00:52:20,807 | INFO |   🔄 Updating fields for DRT-2565: 'KPIT_TC_DRT_SPCAA_053...
2025-11-14 00:52:20,808 | INFO |     Failure Category : Test Env Issue
2025-11-14 00:52:20,808 | INFO |     Failure Sub Category : Automation Setup Malfunction
2025-11-14 00:52:20,809 | INFO |     Previous Failure Category : ['Test Env Issue', 'ICB Issue (Once)']
2025-11-14 00:52:20,809 | INFO |     Root Cause Details : AA not disconnected after disabled wifi on Phone3.
2025-11-14 00:52:20,810 | INFO |     Fixation Performed : NA
2025-11-14 00:52:20,810 | INFO |     Remarks : Executed in daytime, Result : Pass.Keeping this issue under observation.
2025-11-14 00:52:20,810 | INFO |     Reviewer : Lumesh
2025-11-14 00:52:21,974 | INFO |   ✅ Updated fields for DRT-2565: 'KPIT_TC_DRT_SPCAA_053.
2025-11-14 00:52:21,975 | INFO |   🔄 Commenting on DRT-2565: 'KPIT_TC_DRT_SPCAA_053...
2025-11-14 00:52:21,975 | INFO |     Date AEA1413R0.251112.1 : 2025-11-12
2025-11-14 00:52:21,975 | INFO |     Result : Fail
2025-11-14 00:52:21,976 | INFO |     Failure Category : Test Env Issue
2025-11-14 00:52:21,976 | INFO |     Failure Sub Category : Automation Setup Malfunction
2025-11-14 00:52:21,977 | INFO |     Root Cause Details : AA not disconnected after disabled wifi on Phone3.
2025-11-14 00:52:21,977 | INFO |     Fixation Performed : NA
2025-11-14 00:52:22,843 | INFO |   ✅ Commented on DRT-2565: 'KPIT_TC_DRT_SPCAA_053.

2025-11-14 00:52:23,128 | INFO | ⏳ Updating 'DRT-1793: KPIT_TC_DRT_SPCAA_080'...
2025-11-14 00:52:23,129 | INFO |   🔄 Updating fields for DRT-1793: 'KPIT_TC_DRT_SPCAA_080...
2025-11-14 00:52:23,130 | INFO |     Failure Category : Test Env Issue
2025-11-14 00:52:23,130 | INFO |     Failure Sub Category : Automation Setup Malfunction
2025-11-14 00:52:23,131 | INFO |     Previous Failure Category : ['Test Env Issue']
2025-11-14 00:52:23,131 | INFO |     Root Cause Details : Samsung Music Application is not available on Android Auto Screen, Hence AA Projection Screen. Incorrect device set on Device Mapping  Preference Page.(Same Device as Phone2 ans Phone3)
2025-11-14 00:52:23,131 | INFO |     Fixation Performed : Set correct device on Device Mapping  Preference Page.
2025-11-14 00:52:23,132 | INFO |     Remarks : NA
2025-11-14 00:52:23,132 | INFO |     Reviewer : Lumesh
2025-11-14 00:52:23,956 | INFO |   ✅ Updated fields for DRT-1793: 'KPIT_TC_DRT_SPCAA_080.
2025-11-14 00:52:23,956 | INFO |   🔄 Commenting on DRT-1793: 'KPIT_TC_DRT_SPCAA_080...
2025-11-14 00:52:23,957 | INFO |     Date AEA1413R0.251112.1 : 2025-11-12
2025-11-14 00:52:23,957 | INFO |     Result : Fail
2025-11-14 00:52:23,957 | INFO |     Failure Category : Test Env Issue
2025-11-14 00:52:23,958 | INFO |     Failure Sub Category : Automation Setup Malfunction
2025-11-14 00:52:23,958 | INFO |     Root Cause Details : Samsung Music Application is not available on Android Auto Screen, Hence AA Projection Screen. Incorrect device set on Device Mapping  Preference Page.(Same Device as Phone2 ans Phone3)
2025-11-14 00:52:23,958 | INFO |     Fixation Performed : Set correct device on Device Mapping  Preference Page.
2025-11-14 00:52:24,416 | INFO |   ✅ Commented on DRT-1793: 'KPIT_TC_DRT_SPCAA_080.

2025-11-14 00:52:25,057 | INFO | ⏳ Updating 'DRT-3939: KPIT_TC_DRT_WF_048'...
2025-11-14 00:52:25,058 | INFO |   🔄 Updating fields for DRT-3939: 'KPIT_TC_DRT_WF_048...
2025-11-14 00:52:25,059 | INFO |     Failure Category : ICB Issue (Once)
2025-11-14 00:52:25,059 | INFO |     Failure Sub Category : Once Seen
2025-11-14 00:52:25,060 | INFO |     Previous Failure Category : ['Test Env Issue']
2025-11-14 00:52:25,060 | INFO |     Root Cause Details : Black Screen observed after selecting Manage Device Connections Screen Option.
2025-11-14 00:52:25,061 | INFO |     Fixation Performed : NA
2025-11-14 00:52:25,061 | INFO |     Remarks : Keeping this issue under observation.
2025-11-14 00:52:25,062 | INFO |     Reviewer : Lumesh
2025-11-14 00:52:25,813 | INFO |   ✅ Updated fields for DRT-3939: 'KPIT_TC_DRT_WF_048.
2025-11-14 00:52:25,814 | INFO |   🔄 Commenting on DRT-3939: 'KPIT_TC_DRT_WF_048...
2025-11-14 00:52:25,814 | INFO |     Date AEA1413R0.251112.1 : 2025-11-12
2025-11-14 00:52:25,815 | INFO |     Result : Fail
2025-11-14 00:52:25,815 | INFO |     Failure Category : ICB Issue (Once)
2025-11-14 00:52:25,816 | INFO |     Failure Sub Category : Once Seen
2025-11-14 00:52:25,816 | INFO |     Root Cause Details : Black Screen observed after selecting Manage Device Connections Screen Option.
2025-11-14 00:52:25,816 | INFO |     Fixation Performed : NA
2025-11-14 00:52:26,644 | INFO |   ✅ Commented on DRT-3939: 'KPIT_TC_DRT_WF_048.

2025-11-14 00:52:26,913 | INFO | ⏳ Updating 'DRT-3938: KPIT_TC_DRT_HOM_038'...
2025-11-14 00:52:26,914 | INFO |   🔄 Updating fields for DRT-3938: 'KPIT_TC_DRT_HOM_038...
2025-11-14 00:52:26,915 | INFO |     Failure Category : ICB Issue (Always)
2025-11-14 00:52:26,916 | INFO |     Failure Sub Category : Valid Issue
2025-11-14 00:52:26,916 | INFO |     Previous Failure Category : ['ICB Issue (Once)', 'ICB Issue (Always)']
2025-11-14 00:52:26,917 | INFO |     Root Cause Details : Maps Apps is displayed as Google Maps on All Apps Screen, Hence All Apps Screen 4 validation failed.
Google Assistant displayed twice on All Apps screen, Hence All Apps Screen 5 validation failed.
Trip Computer displayed ROI mismatch on All Apps screen, Hence All Apps Screen 6 validation failed.
2025-11-14 00:52:26,917 | INFO |     Fixation Performed : NA
2025-11-14 00:52:26,918 | INFO |     Remarks : 
2025-11-14 00:52:26,918 | INFO |     Reviewer : Lumesh
2025-11-14 00:52:27,257 | ERROR | [ERROR] Could not process DRT-3938: 'KPIT_TC_DRT_HOM_038 : JiraError HTTP 400 url: https://kpithondajapan.atlassian.net/rest/api/2/issue/50496
	
	response headers = {'Content-Type': 'application/json;charset=UTF-8', 'Transfer-Encoding': 'chunked', 'Connection': 'keep-alive', 'Date': 'Thu, 13 Nov 2025 19:22:27 GMT', 'Server': 'AtlassianEdge', 'Timing-Allow-Origin': '*', 'X-Arequestid': '6daf8e2ac9f3b905bf1b49d23c55eb9b', 'X-Aaccountid': '712020%3A7ebd6444-898e-4d1e-ba7a-2710a262ffa7', 'Cache-Control': 'no-store, no-cache', 'X-Beta-Ratelimit-Limit': '300', 'X-Beta-Ratelimit-Remaining': '299', 'X-Content-Type-Options': 'nosniff', 'X-Xss-Protection': '1; mode=block', 'Atl-Traceid': 'e25d66a1c10e46298213f6875fab5ee9', 'Atl-Request-Id': 'e25d66a1-c10e-4629-8213-f6875fab5ee9', 'Strict-Transport-Security': 'max-age=63072000; includeSubDomains; preload', 'Report-To': '{"endpoints": [{"url": "https://dz8aopenkvv6s.cloudfront.net"}], "group": "endpoint-1", "include_subdomains": true, "max_age": 600}', 'Nel': '{"failure_fraction": 0.001, "include_subdomains": true, "max_age": 600, "report_to": "endpoint-1"}', 'Content-Encoding': 'br', 'Vary': 'Accept-Encoding', 'Server-Timing': 'atl-edge;dur=197,atl-edge-internal;dur=15,atl-edge-upstream;dur=180,atl-edge-pop;desc="aws-eu-west-1"', 'X-Cache': 'Error from cloudfront', 'Via': '1.1 9f3f4cadb8601c4fc66883a04796dbd0.cloudfront.net (CloudFront)', 'X-Amz-Cf-Pop': 'BOM78-P4', 'X-Amz-Cf-Id': '7puOo6Q6gIdbZbBpi_Czz463Op22t7QjhcuCOTBrQPYo4r8YSCSZjg=='}
	response text = {"errorMessages":[],"errors":{"customfield_10614":"Root Cause Details can't exceed 255 characters"}}.

2025-11-14 00:52:27,925 | INFO | ⏳ Updating 'DRT-4355: KPIT_TC_DRT_SUW_1258'...
2025-11-14 00:52:27,926 | INFO |   🔄 Updating fields for DRT-4355: 'KPIT_TC_DRT_SUW_1258...
2025-11-14 00:52:27,926 | INFO |     Failure Category : ICB Issue (Once)
2025-11-14 00:52:27,927 | INFO |     Failure Sub Category : Once Seen
2025-11-14 00:52:27,927 | INFO |     Previous Failure Category : ['Test Env Issue', 'ICB Issue (Once)']
2025-11-14 00:52:27,927 | INFO |     Root Cause Details : SUW Screen not displayed afters selecting "View Terms And Data Setting" on Notification Screen.
2025-11-14 00:52:27,928 | INFO |     Fixation Performed : NA
2025-11-14 00:52:27,928 | INFO |     Remarks : Executed in daytime, Result : Pass.Keeping this issue under observation.
2025-11-14 00:52:27,929 | INFO |     Reviewer : Lumesh
2025-11-14 00:52:28,673 | INFO |   ✅ Updated fields for DRT-4355: 'KPIT_TC_DRT_SUW_1258.
2025-11-14 00:52:28,674 | INFO |   🔄 Commenting on DRT-4355: 'KPIT_TC_DRT_SUW_1258...
2025-11-14 00:52:28,674 | INFO |     Date AEA1413R0.251112.1 : 2025-11-12
2025-11-14 00:52:28,675 | INFO |     Result : Fail
2025-11-14 00:52:28,675 | INFO |     Failure Category : ICB Issue (Once)
2025-11-14 00:52:28,676 | INFO |     Failure Sub Category : Once Seen
2025-11-14 00:52:28,676 | INFO |     Root Cause Details : SUW Screen not displayed afters selecting "View Terms And Data Setting" on Notification Screen.
2025-11-14 00:52:28,676 | INFO |     Fixation Performed : NA
2025-11-14 00:52:29,529 | INFO |   ✅ Commented on DRT-4355: 'KPIT_TC_DRT_SUW_1258.

2025-11-14 00:52:30,151 | INFO | ⏳ Updating 'DRT-5775: KPIT_TC_DRT_CLK_014'...
2025-11-14 00:52:30,151 | INFO |   🔄 Updating fields for DRT-5775: 'KPIT_TC_DRT_CLK_014...
2025-11-14 00:52:30,151 | INFO |     Failure Category : TS Issue
2025-11-14 00:52:30,151 | INFO |     Failure Sub Category : FB Modification Required
2025-11-14 00:52:30,153 | INFO |     Previous Failure Category : ['Test Env Issue']
2025-11-14 00:52:30,153 | INFO |     Root Cause Details : Time zone difference for validation is needs to be updated for 1 hour.
2025-11-14 00:52:30,154 | INFO |     Fixation Performed : Updated the FB Logic.
2025-11-14 00:52:30,154 | INFO |     Remarks : Executed in daytime, Result : Pass.Keeping this issue under observation.
2025-11-14 00:52:30,154 | INFO |     Reviewer : Lumesh
2025-11-14 00:52:30,892 | INFO |   ✅ Updated fields for DRT-5775: 'KPIT_TC_DRT_CLK_014.
2025-11-14 00:52:30,893 | INFO |   🔄 Commenting on DRT-5775: 'KPIT_TC_DRT_CLK_014...
2025-11-14 00:52:30,893 | INFO |     Date AEA1413R0.251112.1 : 2025-11-12
2025-11-14 00:52:30,894 | INFO |     Result : Fail
2025-11-14 00:52:30,895 | INFO |     Failure Category : TS Issue
2025-11-14 00:52:30,895 | INFO |     Failure Sub Category : FB Modification Required
2025-11-14 00:52:30,896 | INFO |     Root Cause Details : Time zone difference for validation is needs to be updated for 1 hour.
2025-11-14 00:52:30,896 | INFO |     Fixation Performed : Updated the FB Logic.
2025-11-14 00:52:31,377 | INFO |   ✅ Commented on DRT-5775: 'KPIT_TC_DRT_CLK_014.

