2025-11-14 00:16:00,633 | INFO | ⏳ Updating 'DRT-2140: KPIT_TC_DRT_BTA_052'...
2025-11-14 00:16:00,633 | INFO |   🔄 Updating fields for DRT-2140: 'KPIT_TC_DRT_BTA_052...
2025-11-14 00:16:00,634 | INFO |     Failure Category : ICB Issue (Once)
2025-11-14 00:16:00,635 | INFO |     Failure Sub Category : Timing Issue
2025-11-14 00:16:00,635 | INFO |     Previous Failure Category : ['Human Error', 'ICB Issue (Once)', 'KITE Issues']
2025-11-14 00:16:00,636 | INFO |     Root Cause Details : Music Library Screen Refreshed while selecting Samsung Music, Hence further operation not performed.
2025-11-14 00:16:00,637 | INFO |     Fixation Performed : NA
2025-11-14 00:16:00,638 | INFO |     Remarks : NA
2025-11-14 00:16:00,648 | INFO |     Reviewer : Lumesh
2025-11-14 00:16:02,670 | INFO |   ✅ Updated fields for DRT-2140: 'KPIT_TC_DRT_BTA_052.
2025-11-14 00:16:02,671 | INFO |   🔄 Commenting on DRT-2140: 'KPIT_TC_DRT_BTA_052...
2025-11-14 00:16:02,672 | INFO |     Date AEA1413R0.251112.1 : 13th November 2025
2025-11-14 00:16:02,673 | INFO |     Result : Fail
2025-11-14 00:16:02,674 | INFO |     Failure Category : ICB Issue (Once)
2025-11-14 00:16:02,674 | INFO |     Failure Sub Category : Timing Issue
2025-11-14 00:16:02,675 | INFO |     Root Cause Details : Music Library Screen Refreshed while selecting Samsung Music, Hence further operation not performed.
2025-11-14 00:16:02,676 | INFO |     Fixation Performed : NA
2025-11-14 00:16:04,171 | INFO |   ✅ Commented on DRT-2140: 'KPIT_TC_DRT_BTA_052.

2025-11-14 00:16:04,171 | INFO | 
 ✅ All tasks completed successfully.
