2025-12-06 22:21:46,123 | INFO | ⏳ Updating 'DRT-1880: KPIT_TC_DRT_IPD_047'...
2025-12-06 22:21:46,124 | INFO |   🔄 Updating fields for DRT-1880: 'KPIT_TC_DRT_IPD_047...
2025-12-06 22:21:46,124 | INFO |     Failure Category : Test Env Issue
2025-12-06 22:21:46,125 | INFO |     Failure Sub Category : External Hardware Setup Malfunction
2025-12-06 22:21:46,125 | INFO |     Previous Failure Category : ['Test Env Issue']
2025-12-06 22:21:46,126 | INFO |     Root Cause Details : Even if Port3 is enabled, iPod not got connected to ICB. Even though it got connected in previous Test Pack.
2025-12-06 22:21:46,126 | INFO |     Fixation Performed : Changed Test Pack sequence in Test Cycle.
2025-12-06 22:21:46,126 | INFO |     Remarks : Root Cause is not found, We will keep this under observation.
We will keep this under observation.
2025-12-06 22:21:46,134 | INFO |     Reviewer : Rajashri
2025-12-06 22:21:47,382 | INFO |   ✅ Updated fields for DRT-1880: 'KPIT_TC_DRT_IPD_047.
2025-12-06 22:21:47,383 | INFO |   🔄 Commenting on DRT-1880: 'KPIT_TC_DRT_IPD_047...
2025-12-06 22:21:47,383 | INFO |     Date AEA1415D0.251205.1 : 2025-11-05
2025-12-06 22:21:47,384 | INFO |     Result : Fail
2025-12-06 22:21:47,384 | INFO |     Failure Category : Test Env Issue
2025-12-06 22:21:47,385 | INFO |     Failure Sub Category : External Hardware Setup Malfunction
2025-12-06 22:21:47,385 | INFO |     Root Cause Details : Even if Port3 is enabled, iPod not got connected to ICB. Even though it got connected in previous Test Pack.
2025-12-06 22:21:47,386 | INFO |     Fixation Performed : Changed Test Pack sequence in Test Cycle.
2025-12-06 22:21:48,284 | INFO |   ✅ Commented on DRT-1880: 'KPIT_TC_DRT_IPD_047.

2025-12-06 22:21:48,960 | INFO | ⏳ Updating 'DRT-1732: KPIT_TC_FNC_IPD_0534_0001'...
2025-12-06 22:21:48,960 | INFO |   🔄 Updating fields for DRT-1732: 'KPIT_TC_FNC_IPD_0534_0001...
2025-12-06 22:21:48,961 | INFO |     Failure Category : Test Env Issue
2025-12-06 22:21:48,961 | INFO |     Failure Sub Category : External Hardware Setup Malfunction
2025-12-06 22:21:48,962 | INFO |     Previous Failure Category : ['ICB Issue (Always)', 'Test Env Issue', 'ICB Issue (Once)']
2025-12-06 22:21:48,962 | INFO |     Root Cause Details : Even if Port3 is enabled, iPod not got connected to ICB. Even though it got connected in previous Test Pack.
2025-12-06 22:21:48,962 | INFO |     Fixation Performed : Changed Test Pack sequence in Test Cycle.
2025-12-06 22:21:48,963 | INFO |     Remarks : Root Cause is not found, We will keep this under observation.
We will keep this under observation.
2025-12-06 22:21:48,963 | INFO |     Reviewer : Rajashri
2025-12-06 22:21:50,228 | INFO |   ✅ Updated fields for DRT-1732: 'KPIT_TC_FNC_IPD_0534_0001.
2025-12-06 22:21:50,229 | INFO |   🔄 Commenting on DRT-1732: 'KPIT_TC_FNC_IPD_0534_0001...
2025-12-06 22:21:50,230 | INFO |     Date AEA1415D0.251205.1 : 2025-11-05
2025-12-06 22:21:50,231 | INFO |     Result : Fail
2025-12-06 22:21:50,231 | INFO |     Failure Category : Test Env Issue
2025-12-06 22:21:50,232 | INFO |     Failure Sub Category : External Hardware Setup Malfunction
2025-12-06 22:21:50,232 | INFO |     Root Cause Details : Even if Port3 is enabled, iPod not got connected to ICB. Even though it got connected in previous Test Pack.
2025-12-06 22:21:50,233 | INFO |     Fixation Performed : Changed Test Pack sequence in Test Cycle.
2025-12-06 22:21:50,770 | INFO |   ✅ Commented on DRT-1732: 'KPIT_TC_FNC_IPD_0534_0001.

2025-12-06 22:21:51,409 | INFO | ⏳ Updating 'DRT-1732: KPIT_TC_DRT_LMG_021'...
2025-12-06 22:21:51,410 | INFO |   🔄 Updating fields for DRT-1732: 'KPIT_TC_DRT_LMG_021...
2025-12-06 22:21:51,410 | INFO |     Failure Category : Test Env Issue
2025-12-06 22:21:51,410 | INFO |     Failure Sub Category : External Hardware Setup Malfunction
2025-12-06 22:21:51,411 | INFO |     Previous Failure Category : ['ICB Issue (Always)', 'Test Env Issue', 'ICB Issue (Once)']
2025-12-06 22:21:51,411 | INFO |     Root Cause Details : "Pairing code could not be verified" popup displayed while doing active pairing to phone1.
2025-12-06 22:21:51,412 | INFO |     Fixation Performed : NA
2025-12-06 22:21:51,412 | INFO |     Remarks : NA
2025-12-06 22:21:51,413 | INFO |     Reviewer : Rajashri
2025-12-06 22:21:52,620 | INFO |   ✅ Updated fields for DRT-1732: 'KPIT_TC_DRT_LMG_021.
2025-12-06 22:21:52,621 | INFO |   🔄 Commenting on DRT-1732: 'KPIT_TC_DRT_LMG_021...
2025-12-06 22:21:52,621 | INFO |     Date AEA1415D0.251205.1 : 2025-11-05
2025-12-06 22:21:52,622 | INFO |     Result : Fail
2025-12-06 22:21:52,622 | INFO |     Failure Category : Test Env Issue
2025-12-06 22:21:52,622 | INFO |     Failure Sub Category : External Hardware Setup Malfunction
2025-12-06 22:21:52,623 | INFO |     Root Cause Details : "Pairing code could not be verified" popup displayed while doing active pairing to phone1.
2025-12-06 22:21:52,623 | INFO |     Fixation Performed : NA
2025-12-06 22:21:53,537 | INFO |   ✅ Commented on DRT-1732: 'KPIT_TC_DRT_LMG_021.

2025-12-06 22:21:53,842 | INFO | ⏳ Updating 'DRT-1732: KPIT_TC_DRT_VEND_006'...
2025-12-06 22:21:53,843 | INFO |   🔄 Updating fields for DRT-1732: 'KPIT_TC_DRT_VEND_006...
2025-12-06 22:21:53,844 | INFO |     Failure Category : Test Env Issue
2025-12-06 22:21:53,845 | INFO |     Failure Sub Category : External Application Issue
2025-12-06 22:21:53,846 | INFO |     Previous Failure Category : ['ICB Issue (Always)', 'Test Env Issue', 'ICB Issue (Once)']
2025-12-06 22:21:53,846 | INFO |     Root Cause Details : Android auto didn't connected due to android auto application update on Phone2.
2025-12-06 22:21:53,847 | INFO |     Fixation Performed : Updated android auto application and restarted Phone2.
2025-12-06 22:21:53,848 | INFO |     Remarks : Android auto got connected in daytime.
2025-12-06 22:21:53,848 | INFO |     Reviewer : Rajashri
2025-12-06 22:21:54,637 | INFO |   ✅ Updated fields for DRT-1732: 'KPIT_TC_DRT_VEND_006.
2025-12-06 22:21:54,638 | INFO |   🔄 Commenting on DRT-1732: 'KPIT_TC_DRT_VEND_006...
2025-12-06 22:21:54,638 | INFO |     Date AEA1415D0.251205.1 : 2025-11-05
2025-12-06 22:21:54,639 | INFO |     Result : Fail
2025-12-06 22:21:54,639 | INFO |     Failure Category : Test Env Issue
2025-12-06 22:21:54,640 | INFO |     Failure Sub Category : External Application Issue
2025-12-06 22:21:54,640 | INFO |     Root Cause Details : Android auto didn't connected due to android auto application update on Phone2.
2025-12-06 22:21:54,640 | INFO |     Fixation Performed : Updated android auto application and restarted Phone2.
2025-12-06 22:21:55,123 | INFO |   ✅ Commented on DRT-1732: 'KPIT_TC_DRT_VEND_006.

2025-12-06 22:21:55,780 | INFO | ⏳ Updating 'DRT-1732: KPIT_TC_DRT_VEND_115'...
2025-12-06 22:21:55,780 | INFO |   🔄 Updating fields for DRT-1732: 'KPIT_TC_DRT_VEND_115...
2025-12-06 22:21:55,781 | INFO |     Failure Category : Test Env Issue
2025-12-06 22:21:55,781 | INFO |     Failure Sub Category : External Application Issue
2025-12-06 22:21:55,781 | INFO |     Previous Failure Category : ['ICB Issue (Always)', 'Test Env Issue', 'ICB Issue (Once)']
2025-12-06 22:21:55,782 | INFO |     Root Cause Details : Android auto didn't connected due to android auto application update on Phone2.
2025-12-06 22:21:55,782 | INFO |     Fixation Performed : Updated android auto application and restarted Phone2.
2025-12-06 22:21:55,782 | INFO |     Remarks : Android auto got connected in daytime.
2025-12-06 22:21:55,783 | INFO |     Reviewer : Rajashri
2025-12-06 22:21:56,783 | INFO |   ✅ Updated fields for DRT-1732: 'KPIT_TC_DRT_VEND_115.
2025-12-06 22:21:56,783 | INFO |   🔄 Commenting on DRT-1732: 'KPIT_TC_DRT_VEND_115...
2025-12-06 22:21:56,784 | INFO |     Date AEA1415D0.251205.1 : 2025-11-05
2025-12-06 22:21:56,784 | INFO |     Result : Fail
2025-12-06 22:21:56,785 | INFO |     Failure Category : Test Env Issue
2025-12-06 22:21:56,785 | INFO |     Failure Sub Category : External Application Issue
2025-12-06 22:21:56,786 | INFO |     Root Cause Details : Android auto didn't connected due to android auto application update on Phone2.
2025-12-06 22:21:56,786 | INFO |     Fixation Performed : Updated android auto application and restarted Phone2.
2025-12-06 22:21:57,269 | INFO |   ✅ Commented on DRT-1732: 'KPIT_TC_DRT_VEND_115.

2025-12-06 22:21:57,563 | INFO | ⏳ Updating 'DRT-1880: KPIT_TC_DRT_BZA_013'...
2025-12-06 22:21:57,563 | INFO |   🔄 Updating fields for DRT-1880: 'KPIT_TC_DRT_BZA_013...
2025-12-06 22:21:57,564 | INFO |     Failure Category : Test Env Issue
2025-12-06 22:21:57,564 | INFO |     Failure Sub Category : External Application Issue
2025-12-06 22:21:57,564 | INFO |     Previous Failure Category : ['Test Env Issue']
2025-12-06 22:21:57,565 | INFO |     Root Cause Details : Android auto didn't connected due to android auto application update on Phone2.
2025-12-06 22:21:57,566 | INFO |     Fixation Performed : Updated android auto application and restarted Phone2.
2025-12-06 22:21:57,567 | INFO |     Remarks : Android auto got connected in daytime.
2025-12-06 22:21:57,567 | INFO |     Reviewer : Rajashri
2025-12-06 22:21:58,334 | INFO |   ✅ Updated fields for DRT-1880: 'KPIT_TC_DRT_BZA_013.
2025-12-06 22:21:58,335 | INFO |   🔄 Commenting on DRT-1880: 'KPIT_TC_DRT_BZA_013...
2025-12-06 22:21:58,335 | INFO |     Date AEA1415D0.251205.1 : 2025-11-05
2025-12-06 22:21:58,336 | INFO |     Result : Fail
2025-12-06 22:21:58,337 | INFO |     Failure Category : Test Env Issue
2025-12-06 22:21:58,337 | INFO |     Failure Sub Category : External Application Issue
2025-12-06 22:21:58,337 | INFO |     Root Cause Details : Android auto didn't connected due to android auto application update on Phone2.
2025-12-06 22:21:58,338 | INFO |     Fixation Performed : Updated android auto application and restarted Phone2.
2025-12-06 22:21:59,123 | INFO |   ✅ Commented on DRT-1880: 'KPIT_TC_DRT_BZA_013.

2025-12-06 22:21:59,402 | INFO | ⏳ Updating 'DRT-1732: KPIT_TC_DRT_VEND_114'...
2025-12-06 22:21:59,402 | INFO |   🔄 Updating fields for DRT-1732: 'KPIT_TC_DRT_VEND_114...
2025-12-06 22:21:59,403 | INFO |     Failure Category : Test Env Issue
2025-12-06 22:21:59,403 | INFO |     Failure Sub Category : External Application Issue
2025-12-06 22:21:59,404 | INFO |     Previous Failure Category : ['ICB Issue (Always)', 'Test Env Issue', 'ICB Issue (Once)']
2025-12-06 22:21:59,404 | INFO |     Root Cause Details : Vendor Extension Application Issue
2025-12-06 22:21:59,405 | INFO |     Fixation Performed : NA
2025-12-06 22:21:59,405 | INFO |     Remarks : QA is already raised: https://jira.honda-ivi.com/browse/IVIKPIT-2881.
2025-12-06 22:21:59,406 | INFO |     Reviewer : Rajashri
2025-12-06 22:22:00,209 | INFO |   ✅ Updated fields for DRT-1732: 'KPIT_TC_DRT_VEND_114.
2025-12-06 22:22:00,210 | INFO |   🔄 Commenting on DRT-1732: 'KPIT_TC_DRT_VEND_114...
2025-12-06 22:22:00,210 | INFO |     Date AEA1415D0.251205.1 : 2025-11-05
2025-12-06 22:22:00,210 | INFO |     Result : Fail
2025-12-06 22:22:00,212 | INFO |     Failure Category : Test Env Issue
2025-12-06 22:22:00,212 | INFO |     Failure Sub Category : External Application Issue
2025-12-06 22:22:00,213 | INFO |     Root Cause Details : Vendor Extension Application Issue
2025-12-06 22:22:00,213 | INFO |     Fixation Performed : NA
2025-12-06 22:22:01,017 | INFO |   ✅ Commented on DRT-1732: 'KPIT_TC_DRT_VEND_114.

2025-12-06 22:22:01,312 | INFO | ⏳ Updating 'DRT-1732: KPIT_TC_DRT_VEND_113'...
2025-12-06 22:22:01,313 | INFO |   🔄 Updating fields for DRT-1732: 'KPIT_TC_DRT_VEND_113...
2025-12-06 22:22:01,313 | INFO |     Failure Category : Test Env Issue
2025-12-06 22:22:01,314 | INFO |     Failure Sub Category : External Application Issue
2025-12-06 22:22:01,315 | INFO |     Previous Failure Category : ['ICB Issue (Always)', 'Test Env Issue', 'ICB Issue (Once)']
2025-12-06 22:22:01,315 | INFO |     Root Cause Details : Vendor Extension Application Issue
2025-12-06 22:22:01,316 | INFO |     Fixation Performed : NA
2025-12-06 22:22:01,316 | INFO |     Remarks : QA is already raised: https://jira.honda-ivi.com/browse/IVIKPIT-2881.
2025-12-06 22:22:01,317 | INFO |     Reviewer : Rajashri
2025-12-06 22:22:02,403 | INFO |   ✅ Updated fields for DRT-1732: 'KPIT_TC_DRT_VEND_113.
2025-12-06 22:22:02,404 | INFO |   🔄 Commenting on DRT-1732: 'KPIT_TC_DRT_VEND_113...
2025-12-06 22:22:02,404 | INFO |     Date AEA1415D0.251205.1 : 2025-11-05
2025-12-06 22:22:02,405 | INFO |     Result : Fail
2025-12-06 22:22:02,406 | INFO |     Failure Category : Test Env Issue
2025-12-06 22:22:02,406 | INFO |     Failure Sub Category : External Application Issue
2025-12-06 22:22:02,407 | INFO |     Root Cause Details : Vendor Extension Application Issue
2025-12-06 22:22:02,407 | INFO |     Fixation Performed : NA
2025-12-06 22:22:03,306 | INFO |   ✅ Commented on DRT-1732: 'KPIT_TC_DRT_VEND_113.

2025-12-06 22:22:03,307 | INFO |   ✅ JIRA UPDATE COMPLETED...

