2025-11-21 15:50:47,457 | INFO | ⏳ Updating 'DRT-5927: KPIT_TC_DRT_HFT_020'...
2025-11-21 15:50:47,458 | INFO |   🔄 Updating fields for DRT-5927: 'KPIT_TC_DRT_HFT_020...
2025-11-21 15:50:47,459 | INFO |     Failure Category : Test Env Issue
2025-11-21 15:50:47,459 | INFO |     Failure Sub Category : External Hardware Setup Malfunction
2025-11-21 15:50:47,460 | INFO |     Previous Failure Category : ['Test Env Issue']
2025-11-21 15:50:47,460 | INFO |     Root Cause Details : Phone1's ADB disconnected due to a swollen battery, also SIM card not detected.
2025-11-21 15:50:47,461 | INFO |     Fixation Performed : Device replaced and installed neccessary applications and test data.
2025-11-21 15:50:47,461 | INFO |     Remarks : NA
2025-11-21 15:50:47,474 | INFO |     Reviewer : Rajashri
2025-11-21 15:50:48,284 | INFO |   ✅ Updated fields for DRT-5927: 'KPIT_TC_DRT_HFT_020.
2025-11-21 15:50:48,285 | INFO |   🔄 Commenting on DRT-5927: 'KPIT_TC_DRT_HFT_020...
2025-11-21 15:50:48,285 | INFO |     Date AEA1412S0.251117.1 : 2025-11-18
2025-11-21 15:50:48,286 | INFO |     Result : Fail
2025-11-21 15:50:48,287 | INFO |     Failure Category : Test Env Issue
2025-11-21 15:50:48,287 | INFO |     Failure Sub Category : External Hardware Setup Malfunction
2025-11-21 15:50:48,288 | INFO |     Root Cause Details : Phone1's ADB disconnected due to a swollen battery, also SIM card not detected.
2025-11-21 15:50:48,288 | INFO |     Fixation Performed : Device replaced and installed neccessary applications and test data.
2025-11-21 15:50:48,716 | INFO |   ✅ Commented on DRT-5927: 'KPIT_TC_DRT_HFT_020.

2025-11-21 15:50:49,004 | INFO | ⏳ Updating 'DRT-5247: KPIT_TC_DRT_LMG_016'...
2025-11-21 15:50:49,005 | INFO |   🔄 Updating fields for DRT-5247: 'KPIT_TC_DRT_LMG_016...
2025-11-21 15:50:49,005 | INFO |     Failure Category : Test Env Issue
2025-11-21 15:50:49,007 | INFO |     Failure Sub Category : External Hardware Setup Malfunction
2025-11-21 15:50:49,007 | INFO |     Previous Failure Category : ['Test Env Issue']
2025-11-21 15:50:49,008 | INFO |     Root Cause Details : Phone1's ADB disconnected due to a swollen battery, also SIM card not detected.
2025-11-21 15:50:49,008 | INFO |     Fixation Performed : Device replaced and installed neccessary applications and test data.
2025-11-21 15:50:49,009 | INFO |     Remarks : NA
2025-11-21 15:50:49,009 | INFO |     Reviewer : Rajashri
2025-11-21 15:50:49,632 | INFO |   ✅ Updated fields for DRT-5247: 'KPIT_TC_DRT_LMG_016.
2025-11-21 15:50:49,633 | INFO |   🔄 Commenting on DRT-5247: 'KPIT_TC_DRT_LMG_016...
2025-11-21 15:50:49,634 | INFO |     Date AEA1412S0.251117.1 : 2025-11-18
2025-11-21 15:50:49,634 | INFO |     Result : Fail
2025-11-21 15:50:49,635 | INFO |     Failure Category : Test Env Issue
2025-11-21 15:50:49,635 | INFO |     Failure Sub Category : External Hardware Setup Malfunction
2025-11-21 15:50:49,635 | INFO |     Root Cause Details : Phone1's ADB disconnected due to a swollen battery, also SIM card not detected.
2025-11-21 15:50:49,637 | INFO |     Fixation Performed : Device replaced and installed neccessary applications and test data.
2025-11-21 15:50:50,086 | INFO |   ✅ Commented on DRT-5247: 'KPIT_TC_DRT_LMG_016.

2025-11-21 15:50:50,378 | INFO | ⏳ Updating 'DRT-5246: KPIT_TC_DRT_LMG_015'...
2025-11-21 15:50:50,379 | INFO |   🔄 Updating fields for DRT-5246: 'KPIT_TC_DRT_LMG_015...
2025-11-21 15:50:50,380 | INFO |     Failure Category : Test Env Issue
2025-11-21 15:50:50,380 | INFO |     Failure Sub Category : External Hardware Setup Malfunction
2025-11-21 15:50:50,382 | INFO |     Previous Failure Category : ['Human Error', 'Test Env Issue']
2025-11-21 15:50:50,382 | INFO |     Root Cause Details : Phone1's ADB disconnected due to a swollen battery, also SIM card not detected.
2025-11-21 15:50:50,383 | INFO |     Fixation Performed : Device replaced and installed neccessary applications and test data.
2025-11-21 15:50:50,383 | INFO |     Remarks : NA
2025-11-21 15:50:50,384 | INFO |     Reviewer : Rajashri
2025-11-21 15:50:50,993 | INFO |   ✅ Updated fields for DRT-5246: 'KPIT_TC_DRT_LMG_015.
2025-11-21 15:50:50,993 | INFO |   🔄 Commenting on DRT-5246: 'KPIT_TC_DRT_LMG_015...
2025-11-21 15:50:50,993 | INFO |     Date AEA1412S0.251117.1 : 2025-11-18
2025-11-21 15:50:50,994 | INFO |     Result : Fail
2025-11-21 15:50:50,996 | INFO |     Failure Category : Test Env Issue
2025-11-21 15:50:50,996 | INFO |     Failure Sub Category : External Hardware Setup Malfunction
2025-11-21 15:50:50,997 | INFO |     Root Cause Details : Phone1's ADB disconnected due to a swollen battery, also SIM card not detected.
2025-11-21 15:50:50,998 | INFO |     Fixation Performed : Device replaced and installed neccessary applications and test data.
2025-11-21 15:50:51,442 | INFO |   ✅ Commented on DRT-5246: 'KPIT_TC_DRT_LMG_015.

2025-11-21 15:50:51,730 | INFO | ⏳ Updating 'DRT-5245: KPIT_TC_DRT_LMG_013'...
2025-11-21 15:50:51,731 | INFO |   🔄 Updating fields for DRT-5245: 'KPIT_TC_DRT_LMG_013...
2025-11-21 15:50:51,732 | INFO |     Failure Category : Test Env Issue
2025-11-21 15:50:51,733 | INFO |     Failure Sub Category : External Hardware Setup Malfunction
2025-11-21 15:50:51,733 | INFO |     Previous Failure Category : ['Human Error', 'Test Env Issue']
2025-11-21 15:50:51,734 | INFO |     Root Cause Details : Phone1's ADB disconnected due to a swollen battery, also SIM card not detected.
2025-11-21 15:50:51,734 | INFO |     Fixation Performed : Device replaced and installed neccessary applications and test data.
2025-11-21 15:50:51,735 | INFO |     Remarks : NA
2025-11-21 15:50:51,735 | INFO |     Reviewer : Rajashri
2025-11-21 15:50:52,380 | INFO |   ✅ Updated fields for DRT-5245: 'KPIT_TC_DRT_LMG_013.
2025-11-21 15:50:52,381 | INFO |   🔄 Commenting on DRT-5245: 'KPIT_TC_DRT_LMG_013...
2025-11-21 15:50:52,382 | INFO |     Date AEA1412S0.251117.1 : 2025-11-18
2025-11-21 15:50:52,383 | INFO |     Result : Fail
2025-11-21 15:50:52,383 | INFO |     Failure Category : Test Env Issue
2025-11-21 15:50:52,384 | INFO |     Failure Sub Category : External Hardware Setup Malfunction
2025-11-21 15:50:52,385 | INFO |     Root Cause Details : Phone1's ADB disconnected due to a swollen battery, also SIM card not detected.
2025-11-21 15:50:52,386 | INFO |     Fixation Performed : Device replaced and installed neccessary applications and test data.
2025-11-21 15:50:52,851 | INFO |   ✅ Commented on DRT-5245: 'KPIT_TC_DRT_LMG_013.

2025-11-21 15:50:53,133 | INFO | ⏳ Updating 'DRT-5244: KPIT_TC_DRT_LMG_011'...
2025-11-21 15:50:53,134 | INFO |   🔄 Updating fields for DRT-5244: 'KPIT_TC_DRT_LMG_011...
2025-11-21 15:50:53,135 | INFO |     Failure Category : Test Env Issue
2025-11-21 15:50:53,136 | INFO |     Failure Sub Category : External Hardware Setup Malfunction
2025-11-21 15:50:53,136 | INFO |     Previous Failure Category : ['Test Env Issue']
2025-11-21 15:50:53,137 | INFO |     Root Cause Details : Phone1's ADB disconnected due to a swollen battery, also SIM card not detected.
2025-11-21 15:50:53,138 | INFO |     Fixation Performed : Device replaced and installed neccessary applications and test data.
2025-11-21 15:50:53,138 | INFO |     Remarks : NA
2025-11-21 15:50:53,140 | INFO |     Reviewer : Rajashri
2025-11-21 15:50:53,774 | INFO |   ✅ Updated fields for DRT-5244: 'KPIT_TC_DRT_LMG_011.
2025-11-21 15:50:53,775 | INFO |   🔄 Commenting on DRT-5244: 'KPIT_TC_DRT_LMG_011...
2025-11-21 15:50:53,775 | INFO |     Date AEA1412S0.251117.1 : 2025-11-18
2025-11-21 15:50:53,776 | INFO |     Result : Fail
2025-11-21 15:50:53,776 | INFO |     Failure Category : Test Env Issue
2025-11-21 15:50:53,776 | INFO |     Failure Sub Category : External Hardware Setup Malfunction
2025-11-21 15:50:53,777 | INFO |     Root Cause Details : Phone1's ADB disconnected due to a swollen battery, also SIM card not detected.
2025-11-21 15:50:53,777 | INFO |     Fixation Performed : Device replaced and installed neccessary applications and test data.
2025-11-21 15:50:54,219 | INFO |   ✅ Commented on DRT-5244: 'KPIT_TC_DRT_LMG_011.

2025-11-21 15:50:54,886 | INFO | ⏳ Updating 'DRT-5243: KPIT_TC_DRT_LMG_1232'...
2025-11-21 15:50:54,887 | INFO |   🔄 Updating fields for DRT-5243: 'KPIT_TC_DRT_LMG_1232...
2025-11-21 15:50:54,888 | INFO |     Failure Category : Test Env Issue
2025-11-21 15:50:54,889 | INFO |     Failure Sub Category : External Hardware Setup Malfunction
2025-11-21 15:50:54,889 | INFO |     Previous Failure Category : ['Test Env Issue']
2025-11-21 15:50:54,890 | INFO |     Root Cause Details : Phone1's ADB disconnected due to a swollen battery, also SIM card not detected.
2025-11-21 15:50:54,890 | INFO |     Fixation Performed : Device replaced and installed neccessary applications and test data.
2025-11-21 15:50:54,891 | INFO |     Remarks : NA
2025-11-21 15:50:54,892 | INFO |     Reviewer : Rajashri
2025-11-21 15:50:55,522 | INFO |   ✅ Updated fields for DRT-5243: 'KPIT_TC_DRT_LMG_1232.
2025-11-21 15:50:55,523 | INFO |   🔄 Commenting on DRT-5243: 'KPIT_TC_DRT_LMG_1232...
2025-11-21 15:50:55,523 | INFO |     Date AEA1412S0.251117.1 : 2025-11-18
2025-11-21 15:50:55,524 | INFO |     Result : Fail
2025-11-21 15:50:55,524 | INFO |     Failure Category : Test Env Issue
2025-11-21 15:50:55,525 | INFO |     Failure Sub Category : External Hardware Setup Malfunction
2025-11-21 15:50:55,525 | INFO |     Root Cause Details : Phone1's ADB disconnected due to a swollen battery, also SIM card not detected.
2025-11-21 15:50:55,526 | INFO |     Fixation Performed : Device replaced and installed neccessary applications and test data.
2025-11-21 15:50:56,366 | INFO |   ✅ Commented on DRT-5243: 'KPIT_TC_DRT_LMG_1232.

2025-11-21 15:50:56,650 | INFO | ⏳ Updating 'DRT-5159: KPIT_TC_DRT_BT_035'...
2025-11-21 15:50:56,650 | INFO |   🔄 Updating fields for DRT-5159: 'KPIT_TC_DRT_BT_035...
2025-11-21 15:50:56,651 | INFO |     Failure Category : Test Env Issue
2025-11-21 15:50:56,651 | INFO |     Failure Sub Category : External Hardware Setup Malfunction
2025-11-21 15:50:56,651 | INFO |     Previous Failure Category : ['Human Error', 'Test Env Issue', 'KITE Issues']
2025-11-21 15:50:56,651 | INFO |     Root Cause Details : Phone1's ADB disconnected due to a swollen battery, also SIM card not detected.
2025-11-21 15:50:56,652 | INFO |     Fixation Performed : Device replaced and installed neccessary applications and test data.
2025-11-21 15:50:56,652 | INFO |     Remarks : NA
2025-11-21 15:50:56,653 | INFO |     Reviewer : Rajashri
2025-11-21 15:50:57,423 | INFO |   ✅ Updated fields for DRT-5159: 'KPIT_TC_DRT_BT_035.
2025-11-21 15:50:57,423 | INFO |   🔄 Commenting on DRT-5159: 'KPIT_TC_DRT_BT_035...
2025-11-21 15:50:57,423 | INFO |     Date AEA1412S0.251117.1 : 2025-11-18
2025-11-21 15:50:57,424 | INFO |     Result : Fail
2025-11-21 15:50:57,425 | INFO |     Failure Category : Test Env Issue
2025-11-21 15:50:57,426 | INFO |     Failure Sub Category : External Hardware Setup Malfunction
2025-11-21 15:50:57,426 | INFO |     Root Cause Details : Phone1's ADB disconnected due to a swollen battery, also SIM card not detected.
2025-11-21 15:50:57,427 | INFO |     Fixation Performed : Device replaced and installed neccessary applications and test data.
2025-11-21 15:50:57,979 | INFO |   ✅ Commented on DRT-5159: 'KPIT_TC_DRT_BT_035.

2025-11-21 15:50:58,247 | INFO | ⏳ Updating 'DRT-5044: KPIT_TC_DRT_LMG_014'...
2025-11-21 15:50:58,248 | INFO |   🔄 Updating fields for DRT-5044: 'KPIT_TC_DRT_LMG_014...
2025-11-21 15:50:58,249 | INFO |     Failure Category : Test Env Issue
2025-11-21 15:50:58,249 | INFO |     Failure Sub Category : External Hardware Setup Malfunction
2025-11-21 15:50:58,250 | INFO |     Previous Failure Category : ['Human Error', 'ICB Issue (Once)', 'Test Env Issue']
2025-11-21 15:50:58,250 | INFO |     Root Cause Details : Phone1's ADB disconnected due to a swollen battery, also SIM card not detected.
2025-11-21 15:50:58,250 | INFO |     Fixation Performed : Device replaced and installed neccessary applications and test data.
2025-11-21 15:50:58,251 | INFO |     Remarks : NA
2025-11-21 15:50:58,251 | INFO |     Reviewer : Rajashri
2025-11-21 15:50:59,105 | INFO |   ✅ Updated fields for DRT-5044: 'KPIT_TC_DRT_LMG_014.
2025-11-21 15:50:59,105 | INFO |   🔄 Commenting on DRT-5044: 'KPIT_TC_DRT_LMG_014...
2025-11-21 15:50:59,106 | INFO |     Date AEA1412S0.251117.1 : 2025-11-18
2025-11-21 15:50:59,106 | INFO |     Result : Fail
2025-11-21 15:50:59,107 | INFO |     Failure Category : Test Env Issue
2025-11-21 15:50:59,107 | INFO |     Failure Sub Category : External Hardware Setup Malfunction
2025-11-21 15:50:59,108 | INFO |     Root Cause Details : Phone1's ADB disconnected due to a swollen battery, also SIM card not detected.
2025-11-21 15:50:59,108 | INFO |     Fixation Performed : Device replaced and installed neccessary applications and test data.
2025-11-21 15:50:59,526 | INFO |   ✅ Commented on DRT-5044: 'KPIT_TC_DRT_LMG_014.

2025-11-21 15:51:00,166 | INFO | ⏳ Updating 'DRT-4978: KPIT_TC_DRT_LMG_004'...
2025-11-21 15:51:00,166 | INFO |   🔄 Updating fields for DRT-4978: 'KPIT_TC_DRT_LMG_004...
2025-11-21 15:51:00,167 | INFO |     Failure Category : Test Env Issue
2025-11-21 15:51:00,167 | INFO |     Failure Sub Category : External Hardware Setup Malfunction
2025-11-21 15:51:00,168 | INFO |     Previous Failure Category : ['ICB Issue (Once)', 'Test Env Issue']
2025-11-21 15:51:00,168 | INFO |     Root Cause Details : Phone1's ADB disconnected due to a swollen battery, also SIM card not detected.
2025-11-21 15:51:00,168 | INFO |     Fixation Performed : Device replaced and installed neccessary applications and test data.
2025-11-21 15:51:00,169 | INFO |     Remarks : NA
2025-11-21 15:51:00,169 | INFO |     Reviewer : Rajashri
2025-11-21 15:51:01,213 | INFO |   ✅ Updated fields for DRT-4978: 'KPIT_TC_DRT_LMG_004.
2025-11-21 15:51:01,214 | INFO |   🔄 Commenting on DRT-4978: 'KPIT_TC_DRT_LMG_004...
2025-11-21 15:51:01,215 | INFO |     Date AEA1412S0.251117.1 : 2025-11-18
2025-11-21 15:51:01,215 | INFO |     Result : Fail
2025-11-21 15:51:01,216 | INFO |     Failure Category : Test Env Issue
2025-11-21 15:51:01,216 | INFO |     Failure Sub Category : External Hardware Setup Malfunction
2025-11-21 15:51:01,217 | INFO |     Root Cause Details : Phone1's ADB disconnected due to a swollen battery, also SIM card not detected.
2025-11-21 15:51:01,217 | INFO |     Fixation Performed : Device replaced and installed neccessary applications and test data.
2025-11-21 15:51:01,714 | INFO |   ✅ Commented on DRT-4978: 'KPIT_TC_DRT_LMG_004.

2025-11-21 15:51:02,025 | INFO | ⏳ Updating 'DRT-4715: KPIT_TC_DRT_LMG_009'...
2025-11-21 15:51:02,026 | INFO |   🔄 Updating fields for DRT-4715: 'KPIT_TC_DRT_LMG_009...
2025-11-21 15:51:02,026 | INFO |     Failure Category : Test Env Issue
2025-11-21 15:51:02,027 | INFO |     Failure Sub Category : External Hardware Setup Malfunction
2025-11-21 15:51:02,028 | INFO |     Previous Failure Category : ['Test Env Issue', 'KITE Issues']
2025-11-21 15:51:02,028 | INFO |     Root Cause Details : SET_HOME command Passed on Phone8, but operation didn't happen. Hence further actions failed.
2025-11-21 15:51:02,029 | INFO |     Fixation Performed : Phone8 restarted and ADB cable reconnected.
2025-11-21 15:51:02,030 | INFO |     Remarks : NA
2025-11-21 15:51:02,030 | INFO |     Reviewer : Rajashri
2025-11-21 15:51:03,211 | INFO |   ✅ Updated fields for DRT-4715: 'KPIT_TC_DRT_LMG_009.
2025-11-21 15:51:03,211 | INFO |   🔄 Commenting on DRT-4715: 'KPIT_TC_DRT_LMG_009...
2025-11-21 15:51:03,211 | INFO |     Date AEA1412S0.251117.1 : 2025-11-18
2025-11-21 15:51:03,212 | INFO |     Result : Fail
2025-11-21 15:51:03,212 | INFO |     Failure Category : Test Env Issue
2025-11-21 15:51:03,213 | INFO |     Failure Sub Category : External Hardware Setup Malfunction
2025-11-21 15:51:03,214 | INFO |     Root Cause Details : SET_HOME command Passed on Phone8, but operation didn't happen. Hence further actions failed.
2025-11-21 15:51:03,214 | INFO |     Fixation Performed : Phone8 restarted and ADB cable reconnected.
2025-11-21 15:51:04,024 | INFO |   ✅ Commented on DRT-4715: 'KPIT_TC_DRT_LMG_009.

2025-11-21 15:51:04,339 | INFO | ⏳ Updating 'DRT-3933: KPIT_TC_DRT_VEND_114'...
2025-11-21 15:51:04,340 | INFO |   🔄 Updating fields for DRT-3933: 'KPIT_TC_DRT_VEND_114...
2025-11-21 15:51:04,340 | INFO |     Failure Category : Test Env Issue
2025-11-21 15:51:04,341 | INFO |     Failure Sub Category : External Application Issue
2025-11-21 15:51:04,341 | INFO |     Previous Failure Category : ['Test Env Issue', 'KITE Issues']
2025-11-21 15:51:04,342 | INFO |     Root Cause Details : Vendor Extension Application Issue
2025-11-21 15:51:04,342 | INFO |     Fixation Performed : NA
2025-11-21 15:51:04,343 | INFO |     Remarks : QA is already raised: https://jira.honda-ivi.com/browse/IVIKPIT-2881.
2025-11-21 15:51:04,343 | INFO |     Reviewer : Rajashri
2025-11-21 15:51:05,071 | INFO |   ✅ Updated fields for DRT-3933: 'KPIT_TC_DRT_VEND_114.
2025-11-21 15:51:05,071 | INFO |   🔄 Commenting on DRT-3933: 'KPIT_TC_DRT_VEND_114...
2025-11-21 15:51:05,072 | INFO |     Date AEA1412S0.251117.1 : 2025-11-18
2025-11-21 15:51:05,072 | INFO |     Result : Fail
2025-11-21 15:51:05,072 | INFO |     Failure Category : Test Env Issue
2025-11-21 15:51:05,073 | INFO |     Failure Sub Category : External Application Issue
2025-11-21 15:51:05,073 | INFO |     Root Cause Details : Vendor Extension Application Issue
2025-11-21 15:51:05,073 | INFO |     Fixation Performed : NA
2025-11-21 15:51:05,520 | INFO |   ✅ Commented on DRT-3933: 'KPIT_TC_DRT_VEND_114.

2025-11-21 15:51:05,822 | INFO | ⏳ Updating 'DRT-3932: KPIT_TC_DRT_VEND_006'...
2025-11-21 15:51:05,823 | INFO |   🔄 Updating fields for DRT-3932: 'KPIT_TC_DRT_VEND_006...
2025-11-21 15:51:05,823 | INFO |     Failure Category : Test Env Issue
2025-11-21 15:51:05,823 | INFO |     Failure Sub Category : External Hardware Setup Malfunction
2025-11-21 15:51:05,824 | INFO |     Previous Failure Category : ['Test Env Issue']
2025-11-21 15:51:05,824 | INFO |     Root Cause Details : SET_HOME command Passed on Phone2, but operation didn't happen. Hence further actions failed.
2025-11-21 15:51:05,824 | INFO |     Fixation Performed : Phone2 restarted and ADB cable reconnected.
2025-11-21 15:51:05,825 | INFO |     Remarks : NA
2025-11-21 15:51:05,825 | INFO |     Reviewer : Rajashri
2025-11-21 15:51:06,652 | INFO |   ✅ Updated fields for DRT-3932: 'KPIT_TC_DRT_VEND_006.
2025-11-21 15:51:06,653 | INFO |   🔄 Commenting on DRT-3932: 'KPIT_TC_DRT_VEND_006...
2025-11-21 15:51:06,654 | INFO |     Date AEA1412S0.251117.1 : 2025-11-18
2025-11-21 15:51:06,654 | INFO |     Result : Fail
2025-11-21 15:51:06,655 | INFO |     Failure Category : Test Env Issue
2025-11-21 15:51:06,655 | INFO |     Failure Sub Category : External Hardware Setup Malfunction
2025-11-21 15:51:06,655 | INFO |     Root Cause Details : SET_HOME command Passed on Phone2, but operation didn't happen. Hence further actions failed.
2025-11-21 15:51:06,656 | INFO |     Fixation Performed : Phone2 restarted and ADB cable reconnected.
2025-11-21 15:51:07,129 | INFO |   ✅ Commented on DRT-3932: 'KPIT_TC_DRT_VEND_006.

2025-11-21 15:51:07,460 | INFO | ⏳ Updating 'DRT-3931: KPIT_TC_DRT_VEND_115'...
2025-11-21 15:51:07,460 | INFO |   🔄 Updating fields for DRT-3931: 'KPIT_TC_DRT_VEND_115...
2025-11-21 15:51:07,461 | INFO |     Failure Category : Test Env Issue
2025-11-21 15:51:07,461 | INFO |     Failure Sub Category : External Application Issue
2025-11-21 15:51:07,462 | INFO |     Previous Failure Category : ['ICB Issue (Once)', 'Test Env Issue']
2025-11-21 15:51:07,462 | INFO |     Root Cause Details : Vendor Extension Application Issue
2025-11-21 15:51:07,462 | INFO |     Fixation Performed : NA
2025-11-21 15:51:07,463 | INFO |     Remarks : QA is already raised: https://jira.honda-ivi.com/browse/IVIKPIT-2881.
2025-11-21 15:51:07,463 | INFO |     Reviewer : Rajashri
2025-11-21 15:51:08,469 | INFO |   ✅ Updated fields for DRT-3931: 'KPIT_TC_DRT_VEND_115.
2025-11-21 15:51:08,469 | INFO |   🔄 Commenting on DRT-3931: 'KPIT_TC_DRT_VEND_115...
2025-11-21 15:51:08,469 | INFO |     Date AEA1412S0.251117.1 : 2025-11-18
2025-11-21 15:51:08,469 | INFO |     Result : Fail
2025-11-21 15:51:08,470 | INFO |     Failure Category : Test Env Issue
2025-11-21 15:51:08,470 | INFO |     Failure Sub Category : External Application Issue
2025-11-21 15:51:08,471 | INFO |     Root Cause Details : Vendor Extension Application Issue
2025-11-21 15:51:08,471 | INFO |     Fixation Performed : NA
2025-11-21 15:51:09,890 | INFO |   ✅ Commented on DRT-3931: 'KPIT_TC_DRT_VEND_115.

2025-11-21 15:51:10,536 | INFO | ⏳ Updating 'DRT-3518: KPIT_TC_DRT_LMG_010'...
2025-11-21 15:51:10,536 | INFO |   🔄 Updating fields for DRT-3518: 'KPIT_TC_DRT_LMG_010...
2025-11-21 15:51:10,537 | INFO |     Failure Category : Test Env Issue
2025-11-21 15:51:10,538 | INFO |     Failure Sub Category : External Hardware Setup Malfunction
2025-11-21 15:51:10,539 | INFO |     Previous Failure Category : ['ICB Issue (Once)', 'Test Env Issue', 'KITE Issues']
2025-11-21 15:51:10,540 | INFO |     Root Cause Details : Phone1's ADB disconnected due to a swollen battery, also SIM card not detected.
2025-11-21 15:51:10,540 | INFO |     Fixation Performed : Device replaced and installed neccessary applications and test data.
2025-11-21 15:51:10,541 | INFO |     Remarks : NA
2025-11-21 15:51:10,542 | INFO |     Reviewer : Rajashri
2025-11-21 15:51:12,021 | INFO |   ✅ Updated fields for DRT-3518: 'KPIT_TC_DRT_LMG_010.
2025-11-21 15:51:12,022 | INFO |   🔄 Commenting on DRT-3518: 'KPIT_TC_DRT_LMG_010...
2025-11-21 15:51:12,022 | INFO |     Date AEA1412S0.251117.1 : 2025-11-18
2025-11-21 15:51:12,022 | INFO |     Result : Fail
2025-11-21 15:51:12,023 | INFO |     Failure Category : Test Env Issue
2025-11-21 15:51:12,025 | INFO |     Failure Sub Category : External Hardware Setup Malfunction
2025-11-21 15:51:12,025 | INFO |     Root Cause Details : Phone1's ADB disconnected due to a swollen battery, also SIM card not detected.
2025-11-21 15:51:12,025 | INFO |     Fixation Performed : Device replaced and installed neccessary applications and test data.
2025-11-21 15:51:12,455 | INFO |   ✅ Commented on DRT-3518: 'KPIT_TC_DRT_LMG_010.

2025-11-21 15:51:12,740 | INFO | ⏳ Updating 'DRT-2615: KPIT_TC_DRT_LMG_012'...
2025-11-21 15:51:12,741 | INFO |   🔄 Updating fields for DRT-2615: 'KPIT_TC_DRT_LMG_012...
2025-11-21 15:51:12,741 | INFO |     Failure Category : Test Env Issue
2025-11-21 15:51:12,742 | INFO |     Failure Sub Category : External Hardware Setup Malfunction
2025-11-21 15:51:12,742 | INFO |     Previous Failure Category : ['Test Env Issue']
2025-11-21 15:51:12,743 | INFO |     Root Cause Details : SET_HOME command Passed on Phone8, but operation didn't happen. Hence further actions failed.
2025-11-21 15:51:12,743 | INFO |     Fixation Performed : Phone8 restarted and ADB cable reconnected.
2025-11-21 15:51:12,744 | INFO |     Remarks : NA
2025-11-21 15:51:12,744 | INFO |     Reviewer : Rajashri
2025-11-21 15:51:13,743 | INFO |   ✅ Updated fields for DRT-2615: 'KPIT_TC_DRT_LMG_012.
2025-11-21 15:51:13,744 | INFO |   🔄 Commenting on DRT-2615: 'KPIT_TC_DRT_LMG_012...
2025-11-21 15:51:13,745 | INFO |     Date AEA1412S0.251117.1 : 2025-11-18
2025-11-21 15:51:13,746 | INFO |     Result : Fail
2025-11-21 15:51:13,747 | INFO |     Failure Category : Test Env Issue
2025-11-21 15:51:13,747 | INFO |     Failure Sub Category : External Hardware Setup Malfunction
2025-11-21 15:51:13,748 | INFO |     Root Cause Details : SET_HOME command Passed on Phone8, but operation didn't happen. Hence further actions failed.
2025-11-21 15:51:13,748 | INFO |     Fixation Performed : Phone8 restarted and ADB cable reconnected.
2025-11-21 15:51:14,238 | INFO |   ✅ Commented on DRT-2615: 'KPIT_TC_DRT_LMG_012.

2025-11-21 15:51:14,571 | INFO | ⏳ Updating 'DRT-2306: KPIT_TC_DRT_VEND_113'...
2025-11-21 15:51:14,572 | INFO |   🔄 Updating fields for DRT-2306: 'KPIT_TC_DRT_VEND_113...
2025-11-21 15:51:14,572 | INFO |     Failure Category : Test Env Issue
2025-11-21 15:51:14,573 | INFO |     Failure Sub Category : External Application Issue
2025-11-21 15:51:14,573 | INFO |     Previous Failure Category : ['Test Env Issue', 'KITE Issues']
2025-11-21 15:51:14,574 | INFO |     Root Cause Details : Vendor Extension Application Issue
2025-11-21 15:51:14,574 | INFO |     Fixation Performed : NA
2025-11-21 15:51:14,574 | INFO |     Remarks : QA is already raised: https://jira.honda-ivi.com/browse/IVIKPIT-2881.
2025-11-21 15:51:14,574 | INFO |     Reviewer : Rajashri
2025-11-21 15:51:15,254 | INFO |   ✅ Updated fields for DRT-2306: 'KPIT_TC_DRT_VEND_113.
2025-11-21 15:51:15,254 | INFO |   🔄 Commenting on DRT-2306: 'KPIT_TC_DRT_VEND_113...
2025-11-21 15:51:15,255 | INFO |     Date AEA1412S0.251117.1 : 2025-11-18
2025-11-21 15:51:15,255 | INFO |     Result : Fail
2025-11-21 15:51:15,256 | INFO |     Failure Category : Test Env Issue
2025-11-21 15:51:15,256 | INFO |     Failure Sub Category : External Application Issue
2025-11-21 15:51:15,257 | INFO |     Root Cause Details : Vendor Extension Application Issue
2025-11-21 15:51:15,257 | INFO |     Fixation Performed : NA
2025-11-21 15:51:15,699 | INFO |   ✅ Commented on DRT-2306: 'KPIT_TC_DRT_VEND_113.

2025-11-21 15:51:16,004 | INFO | ⏳ Updating 'DRT-2305: KPIT_TC_DRT_VEND_092'...
2025-11-21 15:51:16,004 | INFO |   🔄 Updating fields for DRT-2305: 'KPIT_TC_DRT_VEND_092...
2025-11-21 15:51:16,005 | INFO |     Failure Category : Test Env Issue
2025-11-21 15:51:16,005 | INFO |     Failure Sub Category : External Hardware Setup Malfunction
2025-11-21 15:51:16,006 | INFO |     Previous Failure Category : ['Test Env Issue', 'KITE Issues']
2025-11-21 15:51:16,007 | INFO |     Root Cause Details : Although sample application text was present Phone8, CLICK_BY_TEXT command failed. So failed to launch Vendor Extension Application.
2025-11-21 15:51:16,007 | INFO |     Fixation Performed : Phone8 restarted and ADB cable reconnected.
2025-11-21 15:51:16,008 | INFO |     Remarks : NA
2025-11-21 15:51:16,008 | INFO |     Reviewer : Rajashri
2025-11-21 15:51:16,840 | INFO |   ✅ Updated fields for DRT-2305: 'KPIT_TC_DRT_VEND_092.
2025-11-21 15:51:16,841 | INFO |   🔄 Commenting on DRT-2305: 'KPIT_TC_DRT_VEND_092...
2025-11-21 15:51:16,841 | INFO |     Date AEA1412S0.251117.1 : 2025-11-18
2025-11-21 15:51:16,841 | INFO |     Result : Fail
2025-11-21 15:51:16,842 | INFO |     Failure Category : Test Env Issue
2025-11-21 15:51:16,842 | INFO |     Failure Sub Category : External Hardware Setup Malfunction
2025-11-21 15:51:16,843 | INFO |     Root Cause Details : Although sample application text was present Phone8, CLICK_BY_TEXT command failed. So failed to launch Vendor Extension Application.
2025-11-21 15:51:16,843 | INFO |     Fixation Performed : Phone8 restarted and ADB cable reconnected.
2025-11-21 15:51:17,299 | INFO |   ✅ Commented on DRT-2305: 'KPIT_TC_DRT_VEND_092.

2025-11-21 15:51:17,615 | INFO | ⏳ Updating 'DRT-2304: KPIT_TC_FNC_VEND_0063_0001'...
2025-11-21 15:51:17,615 | INFO |   🔄 Updating fields for DRT-2304: 'KPIT_TC_FNC_VEND_0063_0001...
2025-11-21 15:51:17,616 | INFO |     Failure Category : Test Env Issue
2025-11-21 15:51:17,616 | INFO |     Failure Sub Category : External Hardware Setup Malfunction
2025-11-21 15:51:17,616 | INFO |     Previous Failure Category : ['Test Env Issue', 'KITE Issues']
2025-11-21 15:51:17,616 | INFO |     Root Cause Details : Although sample application text was present Phone8, CLICK_BY_TEXT command failed. So failed to launch Vendor Extension Application.
2025-11-21 15:51:17,616 | INFO |     Fixation Performed : Phone8 restarted and ADB cable reconnected.
2025-11-21 15:51:17,618 | INFO |     Remarks : NA
2025-11-21 15:51:17,618 | INFO |     Reviewer : Rajashri
2025-11-21 15:51:18,454 | INFO |   ✅ Updated fields for DRT-2304: 'KPIT_TC_FNC_VEND_0063_0001.
2025-11-21 15:51:18,455 | INFO |   🔄 Commenting on DRT-2304: 'KPIT_TC_FNC_VEND_0063_0001...
2025-11-21 15:51:18,455 | INFO |     Date AEA1412S0.251117.1 : 2025-11-18
2025-11-21 15:51:18,456 | INFO |     Result : Fail
2025-11-21 15:51:18,456 | INFO |     Failure Category : Test Env Issue
2025-11-21 15:51:18,456 | INFO |     Failure Sub Category : External Hardware Setup Malfunction
2025-11-21 15:51:18,457 | INFO |     Root Cause Details : Although sample application text was present Phone8, CLICK_BY_TEXT command failed. So failed to launch Vendor Extension Application.
2025-11-21 15:51:18,457 | INFO |     Fixation Performed : Phone8 restarted and ADB cable reconnected.
2025-11-21 15:51:19,933 | INFO |   ✅ Commented on DRT-2304: 'KPIT_TC_FNC_VEND_0063_0001.

2025-11-21 15:51:20,261 | INFO | ⏳ Updating 'DRT-2139: KPIT_TC_DRT_BZA_013'...
2025-11-21 15:51:20,262 | INFO |   🔄 Updating fields for DRT-2139: 'KPIT_TC_DRT_BZA_013...
2025-11-21 15:51:20,262 | INFO |     Failure Category : Test Env Issue
2025-11-21 15:51:20,263 | INFO |     Failure Sub Category : External Hardware Setup Malfunction
2025-11-21 15:51:20,263 | INFO |     Previous Failure Category : ['ICB Issue (Once)', 'Test Env Issue']
2025-11-21 15:51:20,264 | INFO |     Root Cause Details : SET_HOME command Passed on Phone2, but operation didn't happen. Hence further actions failed.
2025-11-21 15:51:20,264 | INFO |     Fixation Performed : Phone2 restarted and ADB cable reconnected.
2025-11-21 15:51:20,264 | INFO |     Remarks : NA
2025-11-21 15:51:20,265 | INFO |     Reviewer : Rajashri
2025-11-21 15:51:21,119 | INFO |   ✅ Updated fields for DRT-2139: 'KPIT_TC_DRT_BZA_013.
2025-11-21 15:51:21,120 | INFO |   🔄 Commenting on DRT-2139: 'KPIT_TC_DRT_BZA_013...
2025-11-21 15:51:21,120 | INFO |     Date AEA1412S0.251117.1 : 2025-11-18
2025-11-21 15:51:21,121 | INFO |     Result : Fail
2025-11-21 15:51:21,121 | INFO |     Failure Category : Test Env Issue
2025-11-21 15:51:21,122 | INFO |     Failure Sub Category : External Hardware Setup Malfunction
2025-11-21 15:51:21,122 | INFO |     Root Cause Details : SET_HOME command Passed on Phone2, but operation didn't happen. Hence further actions failed.
2025-11-21 15:51:21,122 | INFO |     Fixation Performed : Phone2 restarted and ADB cable reconnected.
2025-11-21 15:51:21,567 | INFO |   ✅ Commented on DRT-2139: 'KPIT_TC_DRT_BZA_013.

2025-11-21 15:51:21,855 | INFO | ⏳ Updating 'DRT-2042: KPIT_TC_DRT_BT_034'...
2025-11-21 15:51:21,856 | INFO |   🔄 Updating fields for DRT-2042: 'KPIT_TC_DRT_BT_034...
2025-11-21 15:51:21,856 | INFO |     Failure Category : Test Env Issue
2025-11-21 15:51:21,858 | INFO |     Failure Sub Category : External Hardware Setup Malfunction
2025-11-21 15:51:21,858 | INFO |     Previous Failure Category : ['Human Error', 'Test Env Issue', 'KITE Issues']
2025-11-21 15:51:21,859 | INFO |     Root Cause Details : Phone1's ADB disconnected due to a swollen battery, also SIM card not detected.
2025-11-21 15:51:21,860 | INFO |     Fixation Performed : Device replaced and installed neccessary applications and test data.
2025-11-21 15:51:21,860 | INFO |     Remarks : NA
2025-11-21 15:51:21,861 | INFO |     Reviewer : Rajashri
2025-11-21 15:51:22,673 | INFO |   ✅ Updated fields for DRT-2042: 'KPIT_TC_DRT_BT_034.
2025-11-21 15:51:22,674 | INFO |   🔄 Commenting on DRT-2042: 'KPIT_TC_DRT_BT_034...
2025-11-21 15:51:22,674 | INFO |     Date AEA1412S0.251117.1 : 2025-11-18
2025-11-21 15:51:22,675 | INFO |     Result : Fail
2025-11-21 15:51:22,676 | INFO |     Failure Category : Test Env Issue
2025-11-21 15:51:22,676 | INFO |     Failure Sub Category : External Hardware Setup Malfunction
2025-11-21 15:51:22,676 | INFO |     Root Cause Details : Phone1's ADB disconnected due to a swollen battery, also SIM card not detected.
2025-11-21 15:51:22,677 | INFO |     Fixation Performed : Device replaced and installed neccessary applications and test data.
2025-11-21 15:51:23,104 | INFO |   ✅ Commented on DRT-2042: 'KPIT_TC_DRT_BT_034.

2025-11-21 15:51:23,427 | INFO | ⏳ Updating 'DRT-2034: KPIT_TC_DRT_LMG_005'...
2025-11-21 15:51:23,427 | INFO |   🔄 Updating fields for DRT-2034: 'KPIT_TC_DRT_LMG_005...
2025-11-21 15:51:23,428 | INFO |     Failure Category : Test Env Issue
2025-11-21 15:51:23,428 | INFO |     Failure Sub Category : External Hardware Setup Malfunction
2025-11-21 15:51:23,429 | INFO |     Previous Failure Category : ['ICB Issue (Once)', 'Test Env Issue']
2025-11-21 15:51:23,429 | INFO |     Root Cause Details : Phone1's ADB disconnected due to a swollen battery, also SIM card not detected.
2025-11-21 15:51:23,431 | INFO |     Fixation Performed : Device replaced and installed neccessary applications and test data.
2025-11-21 15:51:23,431 | INFO |     Remarks : NA
2025-11-21 15:51:23,431 | INFO |     Reviewer : Rajashri
2025-11-21 15:51:24,064 | INFO |   ✅ Updated fields for DRT-2034: 'KPIT_TC_DRT_LMG_005.
2025-11-21 15:51:24,064 | INFO |   🔄 Commenting on DRT-2034: 'KPIT_TC_DRT_LMG_005...
2025-11-21 15:51:24,065 | INFO |     Date AEA1412S0.251117.1 : 2025-11-18
2025-11-21 15:51:24,065 | INFO |     Result : Fail
2025-11-21 15:51:24,066 | INFO |     Failure Category : Test Env Issue
2025-11-21 15:51:24,066 | INFO |     Failure Sub Category : External Hardware Setup Malfunction
2025-11-21 15:51:24,067 | INFO |     Root Cause Details : Phone1's ADB disconnected due to a swollen battery, also SIM card not detected.
2025-11-21 15:51:24,067 | INFO |     Fixation Performed : Device replaced and installed neccessary applications and test data.
2025-11-21 15:51:24,503 | INFO |   ✅ Commented on DRT-2034: 'KPIT_TC_DRT_LMG_005.

2025-11-21 15:51:24,812 | INFO | ⏳ Updating 'DRT-1858: KPIT_TC_DRT_LMG_028'...
2025-11-21 15:51:24,812 | INFO |   🔄 Updating fields for DRT-1858: 'KPIT_TC_DRT_LMG_028...
2025-11-21 15:51:24,813 | INFO |     Failure Category : Test Env Issue
2025-11-21 15:51:24,813 | INFO |     Failure Sub Category : External Hardware Setup Malfunction
2025-11-21 15:51:24,814 | INFO |     Previous Failure Category : ['Test Env Issue']
2025-11-21 15:51:24,814 | INFO |     Root Cause Details : Phone1's ADB disconnected due to a swollen battery, also SIM card not detected.
2025-11-21 15:51:24,815 | INFO |     Fixation Performed : Device replaced and installed neccessary applications and test data.
2025-11-21 15:51:24,815 | INFO |     Remarks : NA
2025-11-21 15:51:24,815 | INFO |     Reviewer : Rajashri
2025-11-21 15:51:25,479 | INFO |   ✅ Updated fields for DRT-1858: 'KPIT_TC_DRT_LMG_028.
2025-11-21 15:51:25,480 | INFO |   🔄 Commenting on DRT-1858: 'KPIT_TC_DRT_LMG_028...
2025-11-21 15:51:25,480 | INFO |     Date AEA1412S0.251117.1 : 2025-11-18
2025-11-21 15:51:25,481 | INFO |     Result : Fail
2025-11-21 15:51:25,481 | INFO |     Failure Category : Test Env Issue
2025-11-21 15:51:25,481 | INFO |     Failure Sub Category : External Hardware Setup Malfunction
2025-11-21 15:51:25,482 | INFO |     Root Cause Details : Phone1's ADB disconnected due to a swollen battery, also SIM card not detected.
2025-11-21 15:51:25,482 | INFO |     Fixation Performed : Device replaced and installed neccessary applications and test data.
2025-11-21 15:51:25,939 | INFO |   ✅ Commented on DRT-1858: 'KPIT_TC_DRT_LMG_028.

2025-11-21 15:51:26,580 | INFO | ⏳ Updating 'DRT-1818: KPIT_TC_DRT_BT_033'...
2025-11-21 15:51:26,580 | INFO |   🔄 Updating fields for DRT-1818: 'KPIT_TC_DRT_BT_033...
2025-11-21 15:51:26,581 | INFO |     Failure Category : Test Env Issue
2025-11-21 15:51:26,582 | INFO |     Failure Sub Category : External Hardware Setup Malfunction
2025-11-21 15:51:26,582 | INFO |     Previous Failure Category : ['Human Error', 'ICB Issue (Once)', 'Test Env Issue', 'ICB Issue (Always)']
2025-11-21 15:51:26,583 | INFO |     Root Cause Details : Phone1's ADB disconnected due to a swollen battery, also SIM card not detected.
2025-11-21 15:51:26,583 | INFO |     Fixation Performed : Device replaced and installed neccessary applications and test data.
2025-11-21 15:51:26,584 | INFO |     Remarks : NA
2025-11-21 15:51:26,585 | INFO |     Reviewer : Rajashri
2025-11-21 15:51:27,347 | INFO |   ✅ Updated fields for DRT-1818: 'KPIT_TC_DRT_BT_033.
2025-11-21 15:51:27,348 | INFO |   🔄 Commenting on DRT-1818: 'KPIT_TC_DRT_BT_033...
2025-11-21 15:51:27,349 | INFO |     Date AEA1412S0.251117.1 : 2025-11-18
2025-11-21 15:51:27,349 | INFO |     Result : Fail
2025-11-21 15:51:27,350 | INFO |     Failure Category : Test Env Issue
2025-11-21 15:51:27,350 | INFO |     Failure Sub Category : External Hardware Setup Malfunction
2025-11-21 15:51:27,351 | INFO |     Root Cause Details : Phone1's ADB disconnected due to a swollen battery, also SIM card not detected.
2025-11-21 15:51:27,351 | INFO |     Fixation Performed : Device replaced and installed neccessary applications and test data.
2025-11-21 15:51:28,058 | INFO |   ✅ Commented on DRT-1818: 'KPIT_TC_DRT_BT_033.

2025-11-21 15:51:28,350 | INFO | ⏳ Updating 'DRT-1809: KPIT_TC_DRT_LMG_021'...
2025-11-21 15:51:28,351 | INFO |   🔄 Updating fields for DRT-1809: 'KPIT_TC_DRT_LMG_021...
2025-11-21 15:51:28,351 | INFO |     Failure Category : Test Env Issue
2025-11-21 15:51:28,352 | INFO |     Failure Sub Category : External Hardware Setup Malfunction
2025-11-21 15:51:28,352 | INFO |     Previous Failure Category : ['Test Env Issue', 'ICB Issue (Always)']
2025-11-21 15:51:28,352 | INFO |     Root Cause Details : SET_HOME command Passed on Phone8, but operation didn't happen. Hence further actions failed.
2025-11-21 15:51:28,352 | INFO |     Fixation Performed : Phone5 restarted and ADB cable reconnected.
2025-11-21 15:51:28,353 | INFO |     Remarks : NA
2025-11-21 15:51:28,353 | INFO |     Reviewer : Rajashri
2025-11-21 15:51:29,168 | INFO |   ✅ Updated fields for DRT-1809: 'KPIT_TC_DRT_LMG_021.
2025-11-21 15:51:29,169 | INFO |   🔄 Commenting on DRT-1809: 'KPIT_TC_DRT_LMG_021...
2025-11-21 15:51:29,169 | INFO |     Date AEA1412S0.251117.1 : 2025-11-18
2025-11-21 15:51:29,170 | INFO |     Result : Fail
2025-11-21 15:51:29,170 | INFO |     Failure Category : Test Env Issue
2025-11-21 15:51:29,171 | INFO |     Failure Sub Category : External Hardware Setup Malfunction
2025-11-21 15:51:29,171 | INFO |     Root Cause Details : SET_HOME command Passed on Phone8, but operation didn't happen. Hence further actions failed.
2025-11-21 15:51:29,172 | INFO |     Fixation Performed : Phone5 restarted and ADB cable reconnected.
2025-11-21 15:51:29,612 | INFO |   ✅ Commented on DRT-1809: 'KPIT_TC_DRT_LMG_021.

2025-11-21 15:51:29,901 | INFO | ⏳ Updating 'DRT-4778: KPIT_TC_DRT_SND_009'...
2025-11-21 15:51:29,902 | INFO |   🔄 Updating fields for DRT-4778: 'KPIT_TC_DRT_SND_009...
2025-11-21 15:51:29,902 | INFO |     Failure Category : Test Env Issue
2025-11-21 15:51:29,903 | INFO |     Failure Sub Category : External Hardware Setup Malfunction
2025-11-21 15:51:29,903 | INFO |     Previous Failure Category : ['ICB Issue (Once)', 'Test Env Issue', 'KITE Issues']
2025-11-21 15:51:29,904 | INFO |     Root Cause Details : iPod music data not loaded.
2025-11-21 15:51:29,904 | INFO |     Fixation Performed : Restarted iPod Device.
2025-11-21 15:51:29,905 | INFO |     Remarks : NA
2025-11-21 15:51:29,906 | INFO |     Reviewer : Rajashri
2025-11-21 15:51:30,700 | INFO |   ✅ Updated fields for DRT-4778: 'KPIT_TC_DRT_SND_009.
2025-11-21 15:51:30,701 | INFO |   🔄 Commenting on DRT-4778: 'KPIT_TC_DRT_SND_009...
2025-11-21 15:51:30,702 | INFO |     Date AEA1413R0.251120.1 : 2025-11-20
2025-11-21 15:51:30,703 | INFO |     Result : Fail
2025-11-21 15:51:30,704 | INFO |     Failure Category : Test Env Issue
2025-11-21 15:51:30,704 | INFO |     Failure Sub Category : External Hardware Setup Malfunction
2025-11-21 15:51:30,704 | INFO |     Root Cause Details : iPod music data not loaded.
2025-11-21 15:51:30,705 | INFO |     Fixation Performed : Restarted iPod Device.
2025-11-21 15:51:31,102 | INFO |   ✅ Commented on DRT-4778: 'KPIT_TC_DRT_SND_009.

2025-11-21 15:51:31,755 | INFO | ⏳ Updating 'DRT-4715: KPIT_TC_DRT_LMG_009'...
2025-11-21 15:51:31,756 | INFO |   🔄 Updating fields for DRT-4715: 'KPIT_TC_DRT_LMG_009...
2025-11-21 15:51:31,757 | INFO |     Failure Category : KITE Issue
2025-11-21 15:51:31,758 | INFO |     Failure Sub Category : KITE Application Issue
2025-11-21 15:51:31,759 | INFO |     Previous Failure Category : ['Test Env Issue', 'KITE Issues']
2025-11-21 15:51:31,760 | INFO |     Root Cause Details : KITE Internal Error for CAPTURE_SCREEN on Phone8.
2025-11-21 15:51:31,760 | INFO |     Fixation Performed : NA
2025-11-21 15:51:31,761 | INFO |     Remarks : Official execution is extended till 7 PM, Hence didn't get time for fixation.
2025-11-21 15:51:31,762 | INFO |     Reviewer : Rajashri
2025-11-21 15:51:32,622 | INFO |   ✅ Updated fields for DRT-4715: 'KPIT_TC_DRT_LMG_009.
2025-11-21 15:51:32,623 | INFO |   🔄 Commenting on DRT-4715: 'KPIT_TC_DRT_LMG_009...
2025-11-21 15:51:32,623 | INFO |     Date AEA1413R0.251120.1 : 2025-11-20
2025-11-21 15:51:32,624 | INFO |     Result : Fail
2025-11-21 15:51:32,624 | INFO |     Failure Category : KITE Issue
2025-11-21 15:51:32,625 | INFO |     Failure Sub Category : KITE Application Issue
2025-11-21 15:51:32,625 | INFO |     Root Cause Details : KITE Internal Error for CAPTURE_SCREEN on Phone8.
2025-11-21 15:51:32,625 | INFO |     Fixation Performed : NA
2025-11-21 15:51:33,160 | INFO |   ✅ Commented on DRT-4715: 'KPIT_TC_DRT_LMG_009.

2025-11-21 15:51:33,493 | INFO | ⏳ Updating 'DRT-3933: KPIT_TC_DRT_VEND_114'...
2025-11-21 15:51:33,494 | INFO |   🔄 Updating fields for DRT-3933: 'KPIT_TC_DRT_VEND_114...
2025-11-21 15:51:33,494 | INFO |     Failure Category : Test Env Issue
2025-11-21 15:51:33,495 | INFO |     Failure Sub Category : External Application Issue
2025-11-21 15:51:33,495 | INFO |     Previous Failure Category : ['Test Env Issue', 'KITE Issues']
2025-11-21 15:51:33,495 | INFO |     Root Cause Details : Vendor Extension Application Issue
2025-11-21 15:51:33,496 | INFO |     Fixation Performed : NA
2025-11-21 15:51:33,496 | INFO |     Remarks : QA is already raised: https://jira.honda-ivi.com/browse/IVIKPIT-2881.
2025-11-21 15:51:33,496 | INFO |     Reviewer : Rajashri
2025-11-21 15:51:34,519 | INFO |   ✅ Updated fields for DRT-3933: 'KPIT_TC_DRT_VEND_114.
2025-11-21 15:51:34,520 | INFO |   🔄 Commenting on DRT-3933: 'KPIT_TC_DRT_VEND_114...
2025-11-21 15:51:34,520 | INFO |     Date AEA1413R0.251120.1 : 2025-11-20
2025-11-21 15:51:34,521 | INFO |     Result : Fail
2025-11-21 15:51:34,521 | INFO |     Failure Category : Test Env Issue
2025-11-21 15:51:34,521 | INFO |     Failure Sub Category : External Application Issue
2025-11-21 15:51:34,522 | INFO |     Root Cause Details : Vendor Extension Application Issue
2025-11-21 15:51:34,522 | INFO |     Fixation Performed : NA
2025-11-21 15:51:35,124 | INFO |   ✅ Commented on DRT-3933: 'KPIT_TC_DRT_VEND_114.

2025-11-21 15:51:35,426 | INFO | ⏳ Updating 'DRT-3932: KPIT_TC_DRT_VEND_006'...
2025-11-21 15:51:35,426 | INFO |   🔄 Updating fields for DRT-3932: 'KPIT_TC_DRT_VEND_006...
2025-11-21 15:51:35,427 | INFO |     Failure Category : Test Env Issue
2025-11-21 15:51:35,427 | INFO |     Failure Sub Category : External Hardware Setup Malfunction
2025-11-21 15:51:35,427 | INFO |     Previous Failure Category : ['Test Env Issue']
2025-11-21 15:51:35,427 | INFO |     Root Cause Details : Failed to receive BT pairing request on Phone2.
2025-11-21 15:51:35,427 | INFO |     Fixation Performed : Restarted Phone2.
2025-11-21 15:51:35,427 | INFO |     Remarks : NA
2025-11-21 15:51:35,427 | INFO |     Reviewer : Rajashri
2025-11-21 15:51:36,261 | INFO |   ✅ Updated fields for DRT-3932: 'KPIT_TC_DRT_VEND_006.
2025-11-21 15:51:36,261 | INFO |   🔄 Commenting on DRT-3932: 'KPIT_TC_DRT_VEND_006...
2025-11-21 15:51:36,262 | INFO |     Date AEA1413R0.251120.1 : 2025-11-20
2025-11-21 15:51:36,262 | INFO |     Result : Fail
2025-11-21 15:51:36,262 | INFO |     Failure Category : Test Env Issue
2025-11-21 15:51:36,263 | INFO |     Failure Sub Category : External Hardware Setup Malfunction
2025-11-21 15:51:36,263 | INFO |     Root Cause Details : Failed to receive BT pairing request on Phone2.
2025-11-21 15:51:36,264 | INFO |     Fixation Performed : Restarted Phone2.
2025-11-21 15:51:37,106 | INFO |   ✅ Commented on DRT-3932: 'KPIT_TC_DRT_VEND_006.

2025-11-21 15:51:37,413 | INFO | ⏳ Updating 'DRT-3931: KPIT_TC_DRT_VEND_115'...
2025-11-21 15:51:37,413 | INFO |   🔄 Updating fields for DRT-3931: 'KPIT_TC_DRT_VEND_115...
2025-11-21 15:51:37,414 | INFO |     Failure Category : Test Env Issue
2025-11-21 15:51:37,414 | INFO |     Failure Sub Category : External Application Issue
2025-11-21 15:51:37,415 | INFO |     Previous Failure Category : ['ICB Issue (Once)', 'Test Env Issue']
2025-11-21 15:51:37,417 | INFO |     Root Cause Details : Vendor Extension Application Issue
2025-11-21 15:51:37,417 | INFO |     Fixation Performed : NA
2025-11-21 15:51:37,418 | INFO |     Remarks : QA is already raised: https://jira.honda-ivi.com/browse/IVIKPIT-2881.
2025-11-21 15:51:37,419 | INFO |     Reviewer : Rajashri
2025-11-21 15:51:38,090 | INFO |   ✅ Updated fields for DRT-3931: 'KPIT_TC_DRT_VEND_115.
2025-11-21 15:51:38,091 | INFO |   🔄 Commenting on DRT-3931: 'KPIT_TC_DRT_VEND_115...
2025-11-21 15:51:38,091 | INFO |     Date AEA1413R0.251120.1 : 2025-11-20
2025-11-21 15:51:38,091 | INFO |     Result : Fail
2025-11-21 15:51:38,092 | INFO |     Failure Category : Test Env Issue
2025-11-21 15:51:38,092 | INFO |     Failure Sub Category : External Application Issue
2025-11-21 15:51:38,093 | INFO |     Root Cause Details : Vendor Extension Application Issue
2025-11-21 15:51:38,093 | INFO |     Fixation Performed : NA
2025-11-21 15:51:38,561 | INFO |   ✅ Commented on DRT-3931: 'KPIT_TC_DRT_VEND_115.

2025-11-21 15:51:38,895 | INFO | ⏳ Updating 'DRT-2306: KPIT_TC_DRT_VEND_113'...
2025-11-21 15:51:38,896 | INFO |   🔄 Updating fields for DRT-2306: 'KPIT_TC_DRT_VEND_113...
2025-11-21 15:51:38,896 | INFO |     Failure Category : Test Env Issue
2025-11-21 15:51:38,896 | INFO |     Failure Sub Category : External Application Issue
2025-11-21 15:51:38,896 | INFO |     Previous Failure Category : ['Test Env Issue', 'KITE Issues']
2025-11-21 15:51:38,897 | INFO |     Root Cause Details : Vendor Extension Application Issue
2025-11-21 15:51:38,897 | INFO |     Fixation Performed : NA
2025-11-21 15:51:38,897 | INFO |     Remarks : QA is already raised: https://jira.honda-ivi.com/browse/IVIKPIT-2881.
2025-11-21 15:51:38,897 | INFO |     Reviewer : Rajashri
2025-11-21 15:51:39,561 | INFO |   ✅ Updated fields for DRT-2306: 'KPIT_TC_DRT_VEND_113.
2025-11-21 15:51:39,561 | INFO |   🔄 Commenting on DRT-2306: 'KPIT_TC_DRT_VEND_113...
2025-11-21 15:51:39,562 | INFO |     Date AEA1413R0.251120.1 : 2025-11-20
2025-11-21 15:51:39,562 | INFO |     Result : Fail
2025-11-21 15:51:39,563 | INFO |     Failure Category : Test Env Issue
2025-11-21 15:51:39,563 | INFO |     Failure Sub Category : External Application Issue
2025-11-21 15:51:39,563 | INFO |     Root Cause Details : Vendor Extension Application Issue
2025-11-21 15:51:39,564 | INFO |     Fixation Performed : NA
2025-11-21 15:51:40,003 | INFO |   ✅ Commented on DRT-2306: 'KPIT_TC_DRT_VEND_113.

2025-11-21 15:51:40,323 | INFO | ⏳ Updating 'DRT-2305: KPIT_TC_DRT_VEND_092'...
2025-11-21 15:51:40,324 | INFO |   🔄 Updating fields for DRT-2305: 'KPIT_TC_DRT_VEND_092...
2025-11-21 15:51:40,324 | INFO |     Failure Category : KITE Issue
2025-11-21 15:51:40,325 | INFO |     Failure Sub Category : Image Comparision
2025-11-21 15:51:40,325 | INFO |     Previous Failure Category : ['Test Env Issue', 'KITE Issues']
2025-11-21 15:51:40,325 | INFO |     Root Cause Details : OCR validation failed for validating vendor extention notification is displayed on B-Zone.
2025-11-21 15:51:40,326 | INFO |     Fixation Performed : NA
2025-11-21 15:51:40,326 | INFO |     Remarks : Official execution is extended till 7 PM, Hence didn't get time for fixation.
2025-11-21 15:51:40,326 | INFO |     Reviewer : Rajashri
2025-11-21 15:51:41,144 | INFO |   ✅ Updated fields for DRT-2305: 'KPIT_TC_DRT_VEND_092.
2025-11-21 15:51:41,144 | INFO |   🔄 Commenting on DRT-2305: 'KPIT_TC_DRT_VEND_092...
2025-11-21 15:51:41,145 | INFO |     Date AEA1413R0.251120.1 : 2025-11-20
2025-11-21 15:51:41,145 | INFO |     Result : Fail
2025-11-21 15:51:41,146 | INFO |     Failure Category : KITE Issue
2025-11-21 15:51:41,146 | INFO |     Failure Sub Category : Image Comparision
2025-11-21 15:51:41,147 | INFO |     Root Cause Details : OCR validation failed for validating vendor extention notification is displayed on B-Zone.
2025-11-21 15:51:41,147 | INFO |     Fixation Performed : NA
2025-11-21 15:51:41,580 | INFO |   ✅ Commented on DRT-2305: 'KPIT_TC_DRT_VEND_092.

2025-11-21 15:51:41,898 | INFO | ⏳ Updating 'DRT-2304: KPIT_TC_FNC_VEND_0063_0001'...
2025-11-21 15:51:41,898 | INFO |   🔄 Updating fields for DRT-2304: 'KPIT_TC_FNC_VEND_0063_0001...
2025-11-21 15:51:41,899 | INFO |     Failure Category : KITE Issue
2025-11-21 15:51:41,899 | INFO |     Failure Sub Category : KITE Application Issue
2025-11-21 15:51:41,899 | INFO |     Previous Failure Category : ['Test Env Issue', 'KITE Issues']
2025-11-21 15:51:41,899 | INFO |     Root Cause Details : Failed to drag. Error: Unable to perform W3C actions on Phone8.
2025-11-21 15:51:41,900 | INFO |     Fixation Performed : NA
2025-11-21 15:51:41,900 | INFO |     Remarks : Official execution is extended till 7 PM, Hence didn't get time for fixation.
2025-11-21 15:51:41,900 | INFO |     Reviewer : Rajashri
2025-11-21 15:51:42,655 | INFO |   ✅ Updated fields for DRT-2304: 'KPIT_TC_FNC_VEND_0063_0001.
2025-11-21 15:51:42,656 | INFO |   🔄 Commenting on DRT-2304: 'KPIT_TC_FNC_VEND_0063_0001...
2025-11-21 15:51:42,656 | INFO |     Date AEA1413R0.251120.1 : 2025-11-20
2025-11-21 15:51:42,658 | INFO |     Result : Fail
2025-11-21 15:51:42,658 | INFO |     Failure Category : KITE Issue
2025-11-21 15:51:42,658 | INFO |     Failure Sub Category : KITE Application Issue
2025-11-21 15:51:42,658 | INFO |     Root Cause Details : Failed to drag. Error: Unable to perform W3C actions on Phone8.
2025-11-21 15:51:42,659 | INFO |     Fixation Performed : NA
2025-11-21 15:51:43,098 | INFO |   ✅ Commented on DRT-2304: 'KPIT_TC_FNC_VEND_0063_0001.

2025-11-21 15:51:43,421 | INFO | ⏳ Updating 'DRT-2139: KPIT_TC_DRT_BZA_013'...
2025-11-21 15:51:43,421 | INFO |   🔄 Updating fields for DRT-2139: 'KPIT_TC_DRT_BZA_013...
2025-11-21 15:51:43,422 | INFO |     Failure Category : Test Env Issue
2025-11-21 15:51:43,422 | INFO |     Failure Sub Category : External Hardware Setup Malfunction
2025-11-21 15:51:43,423 | INFO |     Previous Failure Category : ['ICB Issue (Once)', 'Test Env Issue']
2025-11-21 15:51:43,423 | INFO |     Root Cause Details : Failed to receive BT pairing request on Phone2.
2025-11-21 15:51:43,424 | INFO |     Fixation Performed : Restarted Phone2.
2025-11-21 15:51:43,424 | INFO |     Remarks : NA
2025-11-21 15:51:43,425 | INFO |     Reviewer : Rajashri
2025-11-21 15:51:44,255 | INFO |   ✅ Updated fields for DRT-2139: 'KPIT_TC_DRT_BZA_013.
2025-11-21 15:51:44,256 | INFO |   🔄 Commenting on DRT-2139: 'KPIT_TC_DRT_BZA_013...
2025-11-21 15:51:44,256 | INFO |     Date AEA1413R0.251120.1 : 2025-11-20
2025-11-21 15:51:44,257 | INFO |     Result : Fail
2025-11-21 15:51:44,257 | INFO |     Failure Category : Test Env Issue
2025-11-21 15:51:44,258 | INFO |     Failure Sub Category : External Hardware Setup Malfunction
2025-11-21 15:51:44,258 | INFO |     Root Cause Details : Failed to receive BT pairing request on Phone2.
2025-11-21 15:51:44,258 | INFO |     Fixation Performed : Restarted Phone2.
2025-11-21 15:51:44,747 | INFO |   ✅ Commented on DRT-2139: 'KPIT_TC_DRT_BZA_013.

2025-11-21 15:51:45,053 | INFO | ⏳ Updating 'DRT-1859: KPIT_TC_DRT_LMG_024'...
2025-11-21 15:51:45,053 | INFO |   🔄 Updating fields for DRT-1859: 'KPIT_TC_DRT_LMG_024...
2025-11-21 15:51:45,053 | INFO |     Failure Category : KITE Issue
2025-11-21 15:51:45,054 | INFO |     Failure Sub Category : KITE Application Issue
2025-11-21 15:51:45,054 | INFO |     Previous Failure Category : ['Test Env Issue', 'ICB Issue (Always)', 'KITE Issues']
2025-11-21 15:51:45,055 | INFO |     Root Cause Details : KITE Internal Error for CAPTURE_SCREEN on Phone5.
2025-11-21 15:51:45,055 | INFO |     Fixation Performed : NA
2025-11-21 15:51:45,056 | INFO |     Remarks : Official execution is extended till 7 PM, Hence didn't get time for fixation.
2025-11-21 15:51:45,056 | INFO |     Reviewer : Rajashri
2025-11-21 15:51:45,872 | INFO |   ✅ Updated fields for DRT-1859: 'KPIT_TC_DRT_LMG_024.
2025-11-21 15:51:45,873 | INFO |   🔄 Commenting on DRT-1859: 'KPIT_TC_DRT_LMG_024...
2025-11-21 15:51:45,873 | INFO |     Date AEA1413R0.251120.1 : 2025-11-20
2025-11-21 15:51:45,873 | INFO |     Result : Fail
2025-11-21 15:51:45,874 | INFO |     Failure Category : KITE Issue
2025-11-21 15:51:45,874 | INFO |     Failure Sub Category : KITE Application Issue
2025-11-21 15:51:45,874 | INFO |     Root Cause Details : KITE Internal Error for CAPTURE_SCREEN on Phone5.
2025-11-21 15:51:45,875 | INFO |     Fixation Performed : NA
2025-11-21 15:51:46,323 | INFO |   ✅ Commented on DRT-1859: 'KPIT_TC_DRT_LMG_024.

2025-11-21 15:51:46,617 | INFO | ⏳ Updating 'DRT-1818: KPIT_TC_DRT_BT_033'...
2025-11-21 15:51:46,618 | INFO |   🔄 Updating fields for DRT-1818: 'KPIT_TC_DRT_BT_033...
2025-11-21 15:51:46,618 | INFO |     Failure Category : Test Env Issue
2025-11-21 15:51:46,619 | INFO |     Failure Sub Category : External Hardware Setup Malfunction
2025-11-21 15:51:46,620 | INFO |     Previous Failure Category : ['Human Error', 'ICB Issue (Once)', 'Test Env Issue', 'ICB Issue (Always)']
2025-11-21 15:51:46,620 | INFO |     Root Cause Details : Failed to receive BT pairing request on Phone2.
2025-11-21 15:51:46,621 | INFO |     Fixation Performed : Restarted Phone2.
2025-11-21 15:51:46,621 | INFO |     Remarks : NA
2025-11-21 15:51:46,622 | INFO |     Reviewer : Rajashri
2025-11-21 15:51:47,750 | INFO |   ✅ Updated fields for DRT-1818: 'KPIT_TC_DRT_BT_033.
2025-11-21 15:51:47,751 | INFO |   🔄 Commenting on DRT-1818: 'KPIT_TC_DRT_BT_033...
2025-11-21 15:51:47,752 | INFO |     Date AEA1413R0.251120.1 : 2025-11-20
2025-11-21 15:51:47,753 | INFO |     Result : Fail
2025-11-21 15:51:47,753 | INFO |     Failure Category : Test Env Issue
2025-11-21 15:51:47,754 | INFO |     Failure Sub Category : External Hardware Setup Malfunction
2025-11-21 15:51:47,755 | INFO |     Root Cause Details : Failed to receive BT pairing request on Phone2.
2025-11-21 15:51:47,756 | INFO |     Fixation Performed : Restarted Phone2.
2025-11-21 15:51:48,201 | INFO |   ✅ Commented on DRT-1818: 'KPIT_TC_DRT_BT_033.

2025-11-21 15:51:48,496 | INFO | ⏳ Updating 'DRT-1809: KPIT_TC_DRT_LMG_021'...
2025-11-21 15:51:48,498 | INFO |   🔄 Updating fields for DRT-1809: 'KPIT_TC_DRT_LMG_021...
2025-11-21 15:51:48,498 | INFO |     Failure Category : Test Env Issue
2025-11-21 15:51:48,499 | INFO |     Failure Sub Category : External Hardware Setup Malfunction
2025-11-21 15:51:48,499 | INFO |     Previous Failure Category : ['Test Env Issue', 'ICB Issue (Always)']
2025-11-21 15:51:48,499 | INFO |     Root Cause Details : Failed to receive BT pairing request on Phone8.
2025-11-21 15:51:48,500 | INFO |     Fixation Performed : Restarted Phone8.
2025-11-21 15:51:48,500 | INFO |     Remarks : 
2025-11-21 15:51:48,500 | INFO |     Reviewer : Rajashri
2025-11-21 15:51:49,342 | INFO |   ✅ Updated fields for DRT-1809: 'KPIT_TC_DRT_LMG_021.
2025-11-21 15:51:49,343 | INFO |   🔄 Commenting on DRT-1809: 'KPIT_TC_DRT_LMG_021...
2025-11-21 15:51:49,344 | INFO |     Date AEA1413R0.251120.1 : 2025-11-20
2025-11-21 15:51:49,344 | INFO |     Result : Fail
2025-11-21 15:51:49,345 | INFO |     Failure Category : Test Env Issue
2025-11-21 15:51:49,345 | INFO |     Failure Sub Category : External Hardware Setup Malfunction
2025-11-21 15:51:49,345 | INFO |     Root Cause Details : Failed to receive BT pairing request on Phone8.
2025-11-21 15:51:49,345 | INFO |     Fixation Performed : Restarted Phone8.
2025-11-21 15:51:49,811 | INFO |   ✅ Commented on DRT-1809: 'KPIT_TC_DRT_LMG_021.

