2025-12-23 18:32:27,077 | INFO |   🔄 Commenting on DRT-4118: 'KPIT_TC_DRT_BT_033...
2025-12-23 18:32:27,078 | INFO |     Date : 2025-12-20
2025-12-23 18:32:27,078 | INFO |     Result : Pass
2025-12-23 18:32:27,080 | INFO |     Boild Number : AFA1501D0.251220.1
2025-12-23 18:32:28,118 | INFO |   ✅ Commented on DRT-4118: 'KPIT_TC_DRT_BT_033.

2025-12-23 18:32:28,550 | INFO |   🔄 Commenting on DRT-3981: 'KPIT_TC_DRT_BT_003...
2025-12-23 18:32:28,551 | INFO |     Date : 2025-12-20
2025-12-23 18:32:28,551 | INFO |     Result : Pass
2025-12-23 18:32:28,553 | INFO |     Boild Number : AFA1501D0.251220.1
2025-12-23 18:32:29,103 | INFO |   ✅ Commented on DRT-3981: 'KPIT_TC_DRT_BT_003.

2025-12-23 18:32:29,466 | INFO |   🔄 Commenting on DRT-3915: 'KPIT_TC_DRT_VEND_006...
2025-12-23 18:32:29,466 | INFO |     Date : 2025-12-20
2025-12-23 18:32:29,467 | INFO |     Result : Pass
2025-12-23 18:32:29,467 | INFO |     Boild Number : AFA1501D0.251220.1
2025-12-23 18:32:30,008 | INFO |   ✅ Commented on DRT-3915: 'KPIT_TC_DRT_VEND_006.

2025-12-23 18:32:30,395 | INFO |   🔄 Commenting on DRT-3914: 'KPIT_TC_DRT_VEND_115...
2025-12-23 18:32:30,395 | INFO |     Date : 2025-12-20
2025-12-23 18:32:30,395 | INFO |     Result : Pass
2025-12-23 18:32:30,396 | INFO |     Boild Number : AFA1501D0.251220.1
2025-12-23 18:32:30,852 | INFO |   ✅ Commented on DRT-3914: 'KPIT_TC_DRT_VEND_115.

2025-12-23 18:32:31,185 | INFO |   🔄 Commenting on DRT-3831: 'KPIT_TC_DRT_IPD_047...
2025-12-23 18:32:31,185 | INFO |     Date : 2025-12-20
2025-12-23 18:32:31,186 | INFO |     Result : Pass
2025-12-23 18:32:31,186 | INFO |     Boild Number : AFA1501D0.251220.1
2025-12-23 18:32:31,705 | INFO |   ✅ Commented on DRT-3831: 'KPIT_TC_DRT_IPD_047.

2025-12-23 18:32:32,007 | INFO |   🔄 Commenting on DRT-1965: 'KPIT_TC_DRT_BT_002...
2025-12-23 18:32:32,008 | INFO |     Date : 2025-12-20
2025-12-23 18:32:32,008 | INFO |     Result : Pass
2025-12-23 18:32:32,008 | INFO |     Boild Number : AFA1501D0.251220.1
2025-12-23 18:32:32,928 | INFO |   ✅ Commented on DRT-1965: 'KPIT_TC_DRT_BT_002.

2025-12-23 18:32:33,350 | INFO |   🔄 Commenting on DRT-1880: 'KPIT_TC_DRT_BZA_013...
2025-12-23 18:32:33,351 | INFO |     Date : 2025-12-20
2025-12-23 18:32:33,351 | INFO |     Result : Pass
2025-12-23 18:32:33,351 | INFO |     Boild Number : AFA1501D0.251220.1
2025-12-23 18:32:34,222 | INFO |   ✅ Commented on DRT-1880: 'KPIT_TC_DRT_BZA_013.

2025-12-23 18:32:34,572 | INFO |   🔄 Commenting on DRT-1732: 'KPIT_TC_DRT_LMG_021...
2025-12-23 18:32:34,573 | INFO |     Date : 2025-12-20
2025-12-23 18:32:34,573 | INFO |     Result : Pass
2025-12-23 18:32:34,574 | INFO |     Boild Number : AFA1501D0.251220.1
2025-12-23 18:32:35,045 | INFO |   ✅ Commented on DRT-1732: 'KPIT_TC_DRT_LMG_021.

2025-12-23 18:32:35,045 | INFO |   ✅ JIRA UPDATE COMPLETED...

