2025-11-14 00:20:57,926 | INFO | ⏳ Updating 'DRT-2140: KPIT_TC_DRT_BTA_052'...
2025-11-14 00:20:57,927 | INFO |   🔄 Updating fields for DRT-2140: 'KPIT_TC_DRT_BTA_052...
2025-11-14 00:20:57,928 | INFO |     Failure Category : ICB Issue (Once)
2025-11-14 00:20:57,929 | INFO |     Failure Sub Category : Timing Issue
2025-11-14 00:20:57,930 | INFO |     Previous Failure Category : ['ICB Issue (Once)', 'Human Error', 'KITE Issues']
2025-11-14 00:20:57,931 | INFO |     Root Cause Details : Music Library Screen Refreshed while selecting Samsung Music, Hence further operation not performed.
2025-11-14 00:20:57,932 | INFO |     Fixation Performed : NA
2025-11-14 00:20:57,933 | INFO |     Remarks : NA
2025-11-14 00:20:57,935 | INFO |     Reviewer : Lumesh
2025-11-14 00:21:00,304 | INFO |   ✅ Updated fields for DRT-2140: 'KPIT_TC_DRT_BTA_052.
2025-11-14 00:21:00,305 | INFO |   🔄 Commenting on DRT-2140: 'KPIT_TC_DRT_BTA_052...
2025-11-14 00:21:00,305 | INFO |     Date AEA1413R0.251112.1 : 13th November 2025
2025-11-14 00:21:00,306 | INFO |     Result : Fail
2025-11-14 00:21:00,306 | INFO |     Failure Category : ICB Issue (Once)
2025-11-14 00:21:00,307 | INFO |     Failure Sub Category : Timing Issue
2025-11-14 00:21:00,307 | INFO |     Root Cause Details : Music Library Screen Refreshed while selecting Samsung Music, Hence further operation not performed.
2025-11-14 00:21:00,307 | INFO |     Fixation Performed : NA
2025-11-14 00:21:01,406 | INFO |   ✅ Commented on DRT-2140: 'KPIT_TC_DRT_BTA_052.

2025-11-14 00:21:02,124 | INFO | ⏳ Updating 'DRT-2140: KPIT_TC_DRT_BTA_052'...
2025-11-14 00:21:02,125 | INFO |   🔄 Updating fields for DRT-2140: 'KPIT_TC_DRT_BTA_052...
2025-11-14 00:21:02,126 | INFO |     Failure Category : ICB Issue (Once)
2025-11-14 00:21:02,126 | INFO |     Failure Sub Category : Timing Issue
2025-11-14 00:21:02,127 | INFO |     Previous Failure Category : ['ICB Issue (Once)', 'Human Error', 'KITE Issues']
2025-11-14 00:21:02,127 | INFO |     Root Cause Details : Music Library Screen Refreshed while selecting Samsung Music, Hence further operation not performed.
2025-11-14 00:21:02,127 | INFO |     Fixation Performed : NA
2025-11-14 00:21:02,128 | INFO |     Remarks : NA
2025-11-14 00:21:02,128 | INFO |     Reviewer : Lumesh
2025-11-14 00:21:03,757 | INFO |   ✅ Updated fields for DRT-2140: 'KPIT_TC_DRT_BTA_052.
2025-11-14 00:21:03,758 | INFO |   🔄 Commenting on DRT-2140: 'KPIT_TC_DRT_BTA_052...
2025-11-14 00:21:03,758 | INFO |     Date AEA1413R0.251112.1 : 13th November 2025
2025-11-14 00:21:03,758 | INFO |     Result : Fail
2025-11-14 00:21:03,758 | INFO |     Failure Category : ICB Issue (Once)
2025-11-14 00:21:03,759 | INFO |     Failure Sub Category : Timing Issue
2025-11-14 00:21:03,759 | INFO |     Root Cause Details : Music Library Screen Refreshed while selecting Samsung Music, Hence further operation not performed.
2025-11-14 00:21:03,760 | INFO |     Fixation Performed : NA
2025-11-14 00:21:06,381 | INFO |   ✅ Commented on DRT-2140: 'KPIT_TC_DRT_BTA_052.

