2025-12-06 23:03:36,053 | INFO |   🔄 Commenting on DRT-5247: 'KPIT_TC_DRT_LMG_016...
2025-12-06 23:03:36,054 | INFO |     Date : 2025-11-05
2025-12-06 23:03:36,055 | INFO |     Result : Pass
2025-12-06 23:03:36,055 | INFO |     Boild Number : AEA1412S0.251205.1
2025-12-06 23:03:36,663 | INFO |   ✅ Commented on DRT-5247: 'KPIT_TC_DRT_LMG_016.

2025-12-06 23:03:36,944 | INFO |   🔄 Commenting on DRT-5246: 'KPIT_TC_DRT_LMG_015...
2025-12-06 23:03:36,945 | INFO |     Date : 2025-11-05
2025-12-06 23:03:36,945 | INFO |     Result : Pass
2025-12-06 23:03:36,946 | INFO |     Boild Number : AEA1412S0.251205.1
2025-12-06 23:03:37,833 | INFO |   ✅ Commented on DRT-5246: 'KPIT_TC_DRT_LMG_015.

2025-12-06 23:03:38,539 | INFO |   🔄 Commenting on DRT-5245: 'KPIT_TC_DRT_LMG_013...
2025-12-06 23:03:38,540 | INFO |     Date : 2025-11-05
2025-12-06 23:03:38,540 | INFO |     Result : Pass
2025-12-06 23:03:38,541 | INFO |     Boild Number : AEA1412S0.251205.1
2025-12-06 23:03:39,040 | INFO |   ✅ Commented on DRT-5245: 'KPIT_TC_DRT_LMG_013.

2025-12-06 23:03:39,327 | INFO |   🔄 Commenting on DRT-5244: 'KPIT_TC_DRT_LMG_011...
2025-12-06 23:03:39,329 | INFO |     Date : 2025-11-05
2025-12-06 23:03:39,329 | INFO |     Result : Pass
2025-12-06 23:03:39,329 | INFO |     Boild Number : AEA1412S0.251205.1
2025-12-06 23:03:40,145 | INFO |   ✅ Commented on DRT-5244: 'KPIT_TC_DRT_LMG_011.

2025-12-06 23:03:40,819 | INFO |   🔄 Commenting on DRT-5243: 'KPIT_TC_DRT_LMG_1232...
2025-12-06 23:03:40,820 | INFO |     Date : 2025-11-05
2025-12-06 23:03:40,820 | INFO |     Result : Pass
2025-12-06 23:03:40,821 | INFO |     Boild Number : AEA1412S0.251205.1
2025-12-06 23:03:41,625 | INFO |   ✅ Commented on DRT-5243: 'KPIT_TC_DRT_LMG_1232.

2025-12-06 23:03:42,274 | INFO |   🔄 Commenting on DRT-2308: 'KPIT_TC_DRT_BZA_005...
2025-12-06 23:03:42,274 | INFO |     Date : 2025-11-05
2025-12-06 23:03:42,275 | INFO |     Result : Pass
2025-12-06 23:03:42,276 | INFO |     Boild Number : AEA1412S0.251205.1
2025-12-06 23:03:43,117 | INFO |   ✅ Commented on DRT-2308: 'KPIT_TC_DRT_BZA_005.

2025-12-06 23:03:43,812 | INFO |   🔄 Commenting on DRT-2305: 'KPIT_TC_DRT_VEND_092...
2025-12-06 23:03:43,813 | INFO |     Date : 2025-11-05
2025-12-06 23:03:43,813 | INFO |     Result : Pass
2025-12-06 23:03:43,813 | INFO |     Boild Number : AEA1412S0.251205.1
2025-12-06 23:03:44,273 | INFO |   ✅ Commented on DRT-2305: 'KPIT_TC_DRT_VEND_092.

2025-12-06 23:03:44,912 | INFO |   🔄 Commenting on DRT-1818: 'KPIT_TC_DRT_BT_033...
2025-12-06 23:03:44,914 | INFO |     Date : 2025-11-05
2025-12-06 23:03:44,914 | INFO |     Result : Pass
2025-12-06 23:03:44,915 | INFO |     Boild Number : AEA1412S0.251205.1
2025-12-06 23:03:45,890 | INFO |   ✅ Commented on DRT-1818: 'KPIT_TC_DRT_BT_033.

2025-12-06 23:03:46,535 | INFO | ⏳ Updating 'DRT-4779: KPIT_TC_FNC_IPD_0534_0001'...
2025-12-06 23:03:46,535 | INFO |   🔄 Updating fields for DRT-4779: 'KPIT_TC_FNC_IPD_0534_0001...
2025-12-06 23:03:46,536 | INFO |     Failure Category : Test Env Issue
2025-12-06 23:03:46,536 | INFO |     Failure Sub Category : External Hardware Setup Malfunction
2025-12-06 23:03:46,537 | INFO |     Previous Failure Category : ['Test Env Issue']
2025-12-06 23:03:46,537 | INFO |     Root Cause Details : Even if Port3 is enabled, iPod not got connected to ICB. Even though it got connected in previous Test Pack.
2025-12-06 23:03:46,538 | INFO |     Fixation Performed : Changed Test Pack sequence in Test Cycle.
2025-12-06 23:03:46,538 | INFO |     Remarks : Root Cause is not found, We will keep this under observation.
We will keep this under observation.
2025-12-06 23:03:46,539 | INFO |     Reviewer : Rajashri
2025-12-06 23:03:47,408 | INFO |   ✅ Updated fields for DRT-4779: 'KPIT_TC_FNC_IPD_0534_0001.
2025-12-06 23:03:47,409 | INFO |   🔄 Commenting on DRT-4779: 'KPIT_TC_FNC_IPD_0534_0001...
2025-12-06 23:03:47,409 | INFO |     Date AEA1412S0.251205.1 : 2025-11-05
2025-12-06 23:03:47,410 | INFO |     Result : Fail
2025-12-06 23:03:47,410 | INFO |     Failure Category : Test Env Issue
2025-12-06 23:03:47,411 | INFO |     Failure Sub Category : External Hardware Setup Malfunction
2025-12-06 23:03:47,412 | INFO |     Root Cause Details : Even if Port3 is enabled, iPod not got connected to ICB. Even though it got connected in previous Test Pack.
2025-12-06 23:03:47,412 | INFO |     Fixation Performed : Changed Test Pack sequence in Test Cycle.
2025-12-06 23:03:47,955 | INFO |   ✅ Commented on DRT-4779: 'KPIT_TC_FNC_IPD_0534_0001.

2025-12-06 23:03:48,273 | INFO | ⏳ Updating 'DRT-3933: KPIT_TC_DRT_VEND_114'...
2025-12-06 23:03:48,274 | INFO |   🔄 Updating fields for DRT-3933: 'KPIT_TC_DRT_VEND_114...
2025-12-06 23:03:48,274 | INFO |     Failure Category : Test Env Issue
2025-12-06 23:03:48,274 | INFO |     Failure Sub Category : External Application Issue
2025-12-06 23:03:48,275 | INFO |     Previous Failure Category : ['Test Env Issue']
2025-12-06 23:03:48,275 | INFO |     Root Cause Details : Vendor Extension Application Issue
2025-12-06 23:03:48,276 | INFO |     Fixation Performed : NA
2025-12-06 23:03:48,276 | INFO |     Remarks : QA is already raised: https://jira.honda-ivi.com/browse/IVIKPIT-2881.
2025-12-06 23:03:48,276 | INFO |     Reviewer : Rajashri
2025-12-06 23:03:49,814 | INFO |   ✅ Updated fields for DRT-3933: 'KPIT_TC_DRT_VEND_114.
2025-12-06 23:03:49,815 | INFO |   🔄 Commenting on DRT-3933: 'KPIT_TC_DRT_VEND_114...
2025-12-06 23:03:49,815 | INFO |     Date AEA1412S0.251205.1 : 2025-11-05
2025-12-06 23:03:49,816 | INFO |     Result : Fail
2025-12-06 23:03:49,816 | INFO |     Failure Category : Test Env Issue
2025-12-06 23:03:49,817 | INFO |     Failure Sub Category : External Application Issue
2025-12-06 23:03:49,818 | INFO |     Root Cause Details : Vendor Extension Application Issue
2025-12-06 23:03:49,818 | INFO |     Fixation Performed : NA
2025-12-06 23:03:50,738 | INFO |   ✅ Commented on DRT-3933: 'KPIT_TC_DRT_VEND_114.

2025-12-06 23:03:51,284 | INFO | ⏳ Updating 'DRT-3932: KPIT_TC_DRT_VEND_006'...
2025-12-06 23:03:51,284 | INFO |   🔄 Updating fields for DRT-3932: 'KPIT_TC_DRT_VEND_006...
2025-12-06 23:03:51,285 | INFO |     Failure Category : Test Env Issue
2025-12-06 23:03:51,285 | INFO |     Failure Sub Category : External Application Issue
2025-12-06 23:03:51,285 | INFO |     Previous Failure Category : ['Test Env Issue']
2025-12-06 23:03:51,287 | INFO |     Root Cause Details : Android auto didn't connected due to android auto application update on Phone2.
2025-12-06 23:03:51,287 | INFO |     Fixation Performed : Updated android auto application and restarted Phone2.
2025-12-06 23:03:51,287 | INFO |     Remarks : Android auto got connected in daytime.
2025-12-06 23:03:51,288 | INFO |     Reviewer : Rajashri
2025-12-06 23:03:52,495 | INFO |   ✅ Updated fields for DRT-3932: 'KPIT_TC_DRT_VEND_006.
2025-12-06 23:03:52,496 | INFO |   🔄 Commenting on DRT-3932: 'KPIT_TC_DRT_VEND_006...
2025-12-06 23:03:52,496 | INFO |     Date AEA1412S0.251205.1 : 2025-11-05
2025-12-06 23:03:52,496 | INFO |     Result : Fail
2025-12-06 23:03:52,497 | INFO |     Failure Category : Test Env Issue
2025-12-06 23:03:52,497 | INFO |     Failure Sub Category : External Application Issue
2025-12-06 23:03:52,498 | INFO |     Root Cause Details : Android auto didn't connected due to android auto application update on Phone2.
2025-12-06 23:03:52,498 | INFO |     Fixation Performed : Updated android auto application and restarted Phone2.
2025-12-06 23:03:52,997 | INFO |   ✅ Commented on DRT-3932: 'KPIT_TC_DRT_VEND_006.

2025-12-06 23:03:53,296 | INFO | ⏳ Updating 'DRT-3931: KPIT_TC_DRT_VEND_115'...
2025-12-06 23:03:53,297 | INFO |   🔄 Updating fields for DRT-3931: 'KPIT_TC_DRT_VEND_115...
2025-12-06 23:03:53,298 | INFO |     Failure Category : Test Env Issue
2025-12-06 23:03:53,298 | INFO |     Failure Sub Category : External Application Issue
2025-12-06 23:03:53,298 | INFO |     Previous Failure Category : ['Test Env Issue']
2025-12-06 23:03:53,299 | INFO |     Root Cause Details : Android auto didn't connected due to android auto application update on Phone2.
2025-12-06 23:03:53,299 | INFO |     Fixation Performed : Updated android auto application and restarted Phone2.
2025-12-06 23:03:53,300 | INFO |     Remarks : Android auto got connected in daytime.
2025-12-06 23:03:53,300 | INFO |     Reviewer : Rajashri
2025-12-06 23:03:54,434 | INFO |   ✅ Updated fields for DRT-3931: 'KPIT_TC_DRT_VEND_115.
2025-12-06 23:03:54,435 | INFO |   🔄 Commenting on DRT-3931: 'KPIT_TC_DRT_VEND_115...
2025-12-06 23:03:54,435 | INFO |     Date AEA1412S0.251205.1 : 2025-11-05
2025-12-06 23:03:54,435 | INFO |     Result : Fail
2025-12-06 23:03:54,436 | INFO |     Failure Category : Test Env Issue
2025-12-06 23:03:54,436 | INFO |     Failure Sub Category : External Application Issue
2025-12-06 23:03:54,437 | INFO |     Root Cause Details : Android auto didn't connected due to android auto application update on Phone2.
2025-12-06 23:03:54,437 | INFO |     Fixation Performed : Updated android auto application and restarted Phone2.
2025-12-06 23:03:55,305 | INFO |   ✅ Commented on DRT-3931: 'KPIT_TC_DRT_VEND_115.

2025-12-06 23:03:56,076 | INFO | ⏳ Updating 'DRT-3841: KPIT_TC_DRT_IPD_047'...
2025-12-06 23:03:56,077 | INFO |   🔄 Updating fields for DRT-3841: 'KPIT_TC_DRT_IPD_047...
2025-12-06 23:03:56,077 | INFO |     Failure Category : Test Env Issue
2025-12-06 23:03:56,077 | INFO |     Failure Sub Category : External Hardware Setup Malfunction
2025-12-06 23:03:56,078 | INFO |     Previous Failure Category : ['KITE Issues', 'Test Env Issue']
2025-12-06 23:03:56,079 | INFO |     Root Cause Details : Even if Port3 is enabled, iPod not got connected to ICB. Even though it got connected in previous Test Pack.
2025-12-06 23:03:56,081 | INFO |     Fixation Performed : Changed Test Pack sequence in Test Cycle.
2025-12-06 23:03:56,081 | INFO |     Remarks : Root Cause is not found, We will keep this under observation.
We will keep this under observation.
2025-12-06 23:03:56,081 | INFO |     Reviewer : Rajashri
2025-12-06 23:03:56,406 | ERROR | [ERROR] Could not process DRT-3841: 'KPIT_TC_DRT_IPD_047 : JiraError HTTP 400 url: https://kpithondajapan.atlassian.net/rest/api/2/issue/23904
	
	response headers = {'Content-Type': 'application/json;charset=UTF-8', 'Transfer-Encoding': 'chunked', 'Connection': 'keep-alive', 'Date': 'Sat, 06 Dec 2025 17:33:56 GMT', 'Server': 'AtlassianEdge', 'Timing-Allow-Origin': '*', 'X-Arequestid': 'ae3d8857c6c604b2531854869f3cc9cb', 'X-Aaccountid': '712020%3A7ebd6444-898e-4d1e-ba7a-2710a262ffa7', 'Cache-Control': 'no-store, no-cache', 'X-Ratelimit-Limit': '300', 'X-Ratelimit-Remaining': '299', 'X-Content-Type-Options': 'nosniff', 'X-Xss-Protection': '1; mode=block', 'Atl-Traceid': '4fa0d9b5d438472898ca4955edd9bdd5', 'Atl-Request-Id': '4fa0d9b5-d438-4728-98ca-4955edd9bdd5', 'Strict-Transport-Security': 'max-age=63072000; includeSubDomains; preload', 'Report-To': '{"endpoints": [{"url": "https://dz8aopenkvv6s.cloudfront.net"}], "group": "endpoint-1", "include_subdomains": true, "max_age": 600}', 'Nel': '{"failure_fraction": 0.01, "include_subdomains": true, "max_age": 600, "report_to": "endpoint-1"}', 'Content-Encoding': 'br', 'Vary': 'Accept-Encoding', 'Server-Timing': 'atl-edge;dur=169,atl-edge-internal;dur=15,atl-edge-upstream;dur=153,atl-edge-pop;desc="aws-eu-west-1"', 'X-Cache': 'Error from cloudfront', 'Via': '1.1 cd8dc8372d683f6b3fa7efd5aa7dfe0c.cloudfront.net (CloudFront)', 'X-Amz-Cf-Pop': 'BOM78-P7', 'X-Amz-Cf-Id': 'fsprOburFN32RGLoW0vFc3myi-_e82iKORUu-wlqI2JKNpCegq-q6g=='}
	response text = {"errorMessages":[],"errors":{"customfield_12208":"Option value 'KITE Issues' is not valid"}}.

2025-12-06 23:03:56,698 | INFO | ⏳ Updating 'DRT-2306: KPIT_TC_DRT_VEND_113'...
2025-12-06 23:03:56,699 | INFO |   🔄 Updating fields for DRT-2306: 'KPIT_TC_DRT_VEND_113...
2025-12-06 23:03:56,700 | INFO |     Failure Category : Test Env Issue
2025-12-06 23:03:56,701 | INFO |     Failure Sub Category : External Application Issue
2025-12-06 23:03:56,701 | INFO |     Previous Failure Category : ['Test Env Issue']
2025-12-06 23:03:56,702 | INFO |     Root Cause Details : Vendor Extension Application Issue
2025-12-06 23:03:56,703 | INFO |     Fixation Performed : NA
2025-12-06 23:03:56,703 | INFO |     Remarks : QA is already raised: https://jira.honda-ivi.com/browse/IVIKPIT-2881.
2025-12-06 23:03:56,704 | INFO |     Reviewer : Rajashri
2025-12-06 23:03:58,070 | INFO |   ✅ Updated fields for DRT-2306: 'KPIT_TC_DRT_VEND_113.
2025-12-06 23:03:58,071 | INFO |   🔄 Commenting on DRT-2306: 'KPIT_TC_DRT_VEND_113...
2025-12-06 23:03:58,071 | INFO |     Date AEA1412S0.251205.1 : 2025-11-05
2025-12-06 23:03:58,072 | INFO |     Result : Fail
2025-12-06 23:03:58,072 | INFO |     Failure Category : Test Env Issue
2025-12-06 23:03:58,073 | INFO |     Failure Sub Category : External Application Issue
2025-12-06 23:03:58,073 | INFO |     Root Cause Details : Vendor Extension Application Issue
2025-12-06 23:03:58,074 | INFO |     Fixation Performed : NA
2025-12-06 23:03:58,766 | INFO |   ✅ Commented on DRT-2306: 'KPIT_TC_DRT_VEND_113.

2025-12-06 23:03:59,095 | INFO | ⏳ Updating 'DRT-2139: KPIT_TC_DRT_BZA_013'...
2025-12-06 23:03:59,096 | INFO |   🔄 Updating fields for DRT-2139: 'KPIT_TC_DRT_BZA_013...
2025-12-06 23:03:59,096 | INFO |     Failure Category : Test Env Issue
2025-12-06 23:03:59,097 | INFO |     Failure Sub Category : External Application Issue
2025-12-06 23:03:59,097 | INFO |     Previous Failure Category : ['Test Env Issue']
2025-12-06 23:03:59,098 | INFO |     Root Cause Details : Android auto didn't connected due to android auto application update on Phone2.
2025-12-06 23:03:59,098 | INFO |     Fixation Performed : Updated android auto application and restarted Phone2.
2025-12-06 23:03:59,098 | INFO |     Remarks : Android auto got connected in daytime.
2025-12-06 23:03:59,099 | INFO |     Reviewer : Rajashri
2025-12-06 23:04:00,553 | INFO |   ✅ Updated fields for DRT-2139: 'KPIT_TC_DRT_BZA_013.
2025-12-06 23:04:00,553 | INFO |   🔄 Commenting on DRT-2139: 'KPIT_TC_DRT_BZA_013...
2025-12-06 23:04:00,553 | INFO |     Date AEA1412S0.251205.1 : 2025-11-05
2025-12-06 23:04:00,555 | INFO |     Result : Fail
2025-12-06 23:04:00,555 | INFO |     Failure Category : Test Env Issue
2025-12-06 23:04:00,556 | INFO |     Failure Sub Category : External Application Issue
2025-12-06 23:04:00,556 | INFO |     Root Cause Details : Android auto didn't connected due to android auto application update on Phone2.
2025-12-06 23:04:00,556 | INFO |     Fixation Performed : Updated android auto application and restarted Phone2.
2025-12-06 23:04:01,750 | INFO |   ✅ Commented on DRT-2139: 'KPIT_TC_DRT_BZA_013.

2025-12-06 23:04:02,296 | INFO | ⏳ Updating 'DRT-1809: KPIT_TC_DRT_LMG_021'...
2025-12-06 23:04:02,297 | INFO |   🔄 Updating fields for DRT-1809: 'KPIT_TC_DRT_LMG_021...
2025-12-06 23:04:02,298 | INFO |     Failure Category : Test Env Issue
2025-12-06 23:04:02,298 | INFO |     Failure Sub Category : External Hardware Setup Malfunction
2025-12-06 23:04:02,299 | INFO |     Previous Failure Category : ['KITE Issues', 'Test Env Issue', 'ICB Issue (Always)']
2025-12-06 23:04:02,299 | INFO |     Root Cause Details : "Pairing code could not be verified" popup displayed while doing active pairing to phone1.
2025-12-06 23:04:02,299 | INFO |     Fixation Performed : NA
2025-12-06 23:04:02,300 | INFO |     Remarks : NA
2025-12-06 23:04:02,300 | INFO |     Reviewer : Rajashri
2025-12-06 23:04:02,978 | ERROR | [ERROR] Could not process DRT-1809: 'KPIT_TC_DRT_LMG_021 : JiraError HTTP 400 url: https://kpithondajapan.atlassian.net/rest/api/2/issue/17961
	
	response headers = {'Content-Type': 'application/json;charset=UTF-8', 'Transfer-Encoding': 'chunked', 'Connection': 'keep-alive', 'Date': 'Sat, 06 Dec 2025 17:34:02 GMT', 'Server': 'AtlassianEdge', 'Timing-Allow-Origin': '*', 'X-Arequestid': '4a2640d28d1fa142ed8714cc0be8c3ff', 'X-Aaccountid': '712020%3A7ebd6444-898e-4d1e-ba7a-2710a262ffa7', 'Cache-Control': 'no-store, no-cache', 'X-Ratelimit-Limit': '300', 'X-Ratelimit-Remaining': '299', 'X-Content-Type-Options': 'nosniff', 'X-Xss-Protection': '1; mode=block', 'Atl-Traceid': 'fab649b1e3094e12867a3f1ecf835c44', 'Atl-Request-Id': 'fab649b1-e309-4e12-867a-3f1ecf835c44', 'Strict-Transport-Security': 'max-age=63072000; includeSubDomains; preload', 'Report-To': '{"endpoints": [{"url": "https://dz8aopenkvv6s.cloudfront.net"}], "group": "endpoint-1", "include_subdomains": true, "max_age": 600}', 'Nel': '{"failure_fraction": 0.01, "include_subdomains": true, "max_age": 600, "report_to": "endpoint-1"}', 'Content-Encoding': 'br', 'Vary': 'Accept-Encoding', 'Server-Timing': 'atl-edge;dur=166,atl-edge-internal;dur=14,atl-edge-upstream;dur=152,atl-edge-pop;desc="aws-eu-west-1"', 'X-Cache': 'Error from cloudfront', 'Via': '1.1 cd8dc8372d683f6b3fa7efd5aa7dfe0c.cloudfront.net (CloudFront)', 'X-Amz-Cf-Pop': 'BOM78-P7', 'X-Amz-Cf-Id': 'JFSSf--4lDxf0nQAgCXz-BXUsur0biqfxq3tFt0m0L5fuBMhaAHHHw=='}
	response text = {"errorMessages":[],"errors":{"customfield_12208":"Option value 'KITE Issues' is not valid"}}.

2025-12-06 23:04:02,979 | INFO |   ✅ JIRA UPDATE COMPLETED...

