2025-11-14 00:17:51,274 | INFO | ⏳ Updating 'DRT-2140: KPIT_TC_DRT_BTA_052'...
2025-11-14 00:17:51,276 | INFO |   🔄 Updating fields for DRT-2140: 'KPIT_TC_DRT_BTA_052...
2025-11-14 00:17:51,277 | INFO |     Failure Category : ICB Issue (Once)
2025-11-14 00:17:51,278 | INFO |     Failure Sub Category : Timing Issue
2025-11-14 00:17:51,279 | INFO |     Previous Failure Category : ['Human Error', 'KITE Issues', 'ICB Issue (Once)']
2025-11-14 00:17:51,280 | INFO |     Root Cause Details : Music Library Screen Refreshed while selecting Samsung Music, Hence further operation not performed.
2025-11-14 00:17:51,281 | INFO |     Fixation Performed : NA
2025-11-14 00:17:51,282 | INFO |     Remarks : NA
2025-11-14 00:17:51,293 | INFO |     Reviewer : Lumesh
2025-11-14 00:17:52,743 | INFO |   ✅ Updated fields for DRT-2140: 'KPIT_TC_DRT_BTA_052.
2025-11-14 00:17:52,743 | INFO |   🔄 Commenting on DRT-2140: 'KPIT_TC_DRT_BTA_052...
2025-11-14 00:17:52,744 | INFO |     Date AEA1413R0.251112.1 : 13th November 2025
2025-11-14 00:17:52,744 | INFO |     Result : Fail
2025-11-14 00:17:52,745 | INFO |     Failure Category : ICB Issue (Once)
2025-11-14 00:17:52,745 | INFO |     Failure Sub Category : Timing Issue
2025-11-14 00:17:52,745 | INFO |     Root Cause Details : Music Library Screen Refreshed while selecting Samsung Music, Hence further operation not performed.
2025-11-14 00:17:52,746 | INFO |     Fixation Performed : NA
2025-11-14 00:17:53,566 | INFO |   ✅ Commented on DRT-2140: 'KPIT_TC_DRT_BTA_052.

2025-11-14 00:17:53,567 | INFO | ✅ All tasks completed successfully.
2025-11-14 00:17:53,853 | INFO | ⏳ Updating 'DRT-2140: KPIT_TC_DRT_BTA_052'...
2025-11-14 00:17:53,854 | INFO |   🔄 Updating fields for DRT-2140: 'KPIT_TC_DRT_BTA_052...
2025-11-14 00:17:53,854 | INFO |     Failure Category : ICB Issue (Once)
2025-11-14 00:17:53,854 | INFO |     Failure Sub Category : Timing Issue
2025-11-14 00:17:53,855 | INFO |     Previous Failure Category : ['Human Error', 'KITE Issues', 'ICB Issue (Once)']
2025-11-14 00:17:53,855 | INFO |     Root Cause Details : Music Library Screen Refreshed while selecting Samsung Music, Hence further operation not performed.
2025-11-14 00:17:53,856 | INFO |     Fixation Performed : NA
2025-11-14 00:17:53,856 | INFO |     Remarks : NA
2025-11-14 00:17:53,856 | INFO |     Reviewer : Lumesh
2025-11-14 00:17:55,257 | INFO |   ✅ Updated fields for DRT-2140: 'KPIT_TC_DRT_BTA_052.
2025-11-14 00:17:55,258 | INFO |   🔄 Commenting on DRT-2140: 'KPIT_TC_DRT_BTA_052...
2025-11-14 00:17:55,258 | INFO |     Date AEA1413R0.251112.1 : 13th November 2025
2025-11-14 00:17:55,259 | INFO |     Result : Fail
2025-11-14 00:17:55,259 | INFO |     Failure Category : ICB Issue (Once)
2025-11-14 00:17:55,259 | INFO |     Failure Sub Category : Timing Issue
2025-11-14 00:17:55,260 | INFO |     Root Cause Details : Music Library Screen Refreshed while selecting Samsung Music, Hence further operation not performed.
2025-11-14 00:17:55,260 | INFO |     Fixation Performed : NA
2025-11-14 00:17:56,091 | INFO |   ✅ Commented on DRT-2140: 'KPIT_TC_DRT_BTA_052.

2025-11-14 00:17:56,094 | INFO | ✅ All tasks completed successfully.
