2025-11-14 00:24:31,438 | INFO | ⏳ Updating 'DRT-2140: KPIT_TC_DRT_BTA_052'...
2025-11-14 00:24:31,439 | INFO |   🔄 Updating fields for DRT-2140: 'KPIT_TC_DRT_BTA_052...
2025-11-14 00:24:31,440 | INFO |     Failure Category : ICB Issue (Once)
2025-11-14 00:24:31,440 | INFO |     Failure Sub Category : Timing Issue
2025-11-14 00:24:31,441 | INFO |     Previous Failure Category : ['KITE Issues', 'ICB Issue (Once)', 'Human Error']
2025-11-14 00:24:31,442 | INFO |     Root Cause Details : Music Library Screen Refreshed while selecting Samsung Music, Hence further operation not performed.
2025-11-14 00:24:31,442 | INFO |     Fixation Performed : NA
2025-11-14 00:24:31,443 | INFO |     Remarks : NA
2025-11-14 00:24:31,454 | INFO |     Reviewer : Lumesh
2025-11-14 00:24:32,368 | INFO |   ✅ Updated fields for DRT-2140: 'KPIT_TC_DRT_BTA_052.
2025-11-14 00:24:32,369 | INFO |   🔄 Commenting on DRT-2140: 'KPIT_TC_DRT_BTA_052...
2025-11-14 00:24:32,369 | INFO |     Date AEA1413R0.251112.1 : 13th November 2025
2025-11-14 00:24:32,370 | INFO |     Result : Fail
2025-11-14 00:24:32,370 | INFO |     Failure Category : ICB Issue (Once)
2025-11-14 00:24:32,370 | INFO |     Failure Sub Category : Timing Issue
2025-11-14 00:24:32,372 | INFO |     Root Cause Details : Music Library Screen Refreshed while selecting Samsung Music, Hence further operation not performed.
2025-11-14 00:24:32,372 | INFO |     Fixation Performed : NA
2025-11-14 00:24:32,785 | INFO |   ✅ Commented on DRT-2140: 'KPIT_TC_DRT_BTA_052.

2025-11-14 00:24:33,057 | INFO | ⏳ Updating 'DRT-2140: KPIT_TC_DRT_BTA_052'...
2025-11-14 00:24:33,058 | INFO |   🔄 Updating fields for DRT-2140: 'KPIT_TC_DRT_BTA_052...
2025-11-14 00:24:33,059 | INFO |     Failure Category : ICB Issue (Once)
2025-11-14 00:24:33,059 | INFO |     Failure Sub Category : Timing Issue
2025-11-14 00:24:33,060 | INFO |     Previous Failure Category : ['KITE Issues', 'ICB Issue (Once)', 'Human Error']
2025-11-14 00:24:33,060 | INFO |     Root Cause Details : Music Library Screen Refreshed while selecting Samsung Music, Hence further operation not performed.
2025-11-14 00:24:33,061 | INFO |     Fixation Performed : NA
2025-11-14 00:24:33,061 | INFO |     Remarks : NA
2025-11-14 00:24:33,062 | INFO |     Reviewer : Lumesh
2025-11-14 00:24:33,694 | INFO |   ✅ Updated fields for DRT-2140: 'KPIT_TC_DRT_BTA_052.
2025-11-14 00:24:33,694 | INFO |   🔄 Commenting on DRT-2140: 'KPIT_TC_DRT_BTA_052...
2025-11-14 00:24:33,695 | INFO |     Date AEA1413R0.251112.1 : 13th November 2025
2025-11-14 00:24:33,695 | INFO |     Result : Fail
2025-11-14 00:24:33,696 | INFO |     Failure Category : ICB Issue (Once)
2025-11-14 00:24:33,696 | INFO |     Failure Sub Category : Timing Issue
2025-11-14 00:24:33,696 | INFO |     Root Cause Details : Music Library Screen Refreshed while selecting Samsung Music, Hence further operation not performed.
2025-11-14 00:24:33,697 | INFO |     Fixation Performed : NA
2025-11-14 00:24:34,468 | INFO |   ✅ Commented on DRT-2140: 'KPIT_TC_DRT_BTA_052.

