2025-12-01 13:23:42,683 | INFO |   🔄 Commenting on DRT-4570: 'KPIT_TC_DRT_LNG_003...
2025-12-01 13:23:42,684 | INFO |     Date : 2025-11-06
2025-12-01 13:23:42,685 | INFO |     Result : Pass
2025-12-01 13:23:42,685 | INFO |     Boild Number : AEA1412S1.251106.1
2025-12-01 13:23:43,304 | INFO |   ✅ Commented on DRT-4570: 'KPIT_TC_DRT_LNG_003.

2025-12-01 13:23:43,608 | INFO |   🔄 Commenting on DRT-4570: 'KPIT_TC_DRT_LNG_003...
2025-12-01 13:23:43,608 | INFO |     Date : 2025-11-07
2025-12-01 13:23:43,609 | INFO |     Result : Pass
2025-12-01 13:23:43,609 | INFO |     Boild Number : AEA1412S0.251107.1
2025-12-01 13:23:44,591 | INFO |   ✅ Commented on DRT-4570: 'KPIT_TC_DRT_LNG_003.

2025-12-01 13:23:44,924 | INFO |   🔄 Commenting on DRT-4570: 'KPIT_TC_DRT_LNG_003...
2025-12-01 13:23:44,925 | INFO |     Date : 2025-11-10
2025-12-01 13:23:44,925 | INFO |     Result : Pass
2025-12-01 13:23:44,926 | INFO |     Boild Number : AEA1414D0.251110.1
2025-12-01 13:23:45,544 | INFO |   ✅ Commented on DRT-4570: 'KPIT_TC_DRT_LNG_003.

2025-12-01 13:23:45,904 | INFO |   🔄 Commenting on DRT-4570: 'KPIT_TC_DRT_LNG_003...
2025-12-01 13:23:45,905 | INFO |     Date : 2025-11-12
2025-12-01 13:23:45,905 | INFO |     Result : Pass
2025-12-01 13:23:45,906 | INFO |     Boild Number : AEA1413R0.251112.1
2025-12-01 13:23:46,572 | INFO |   ✅ Commented on DRT-4570: 'KPIT_TC_DRT_LNG_003.

2025-12-01 13:23:47,252 | INFO |   🔄 Commenting on DRT-4570: 'KPIT_TC_DRT_LNG_003...
2025-12-01 13:23:47,253 | INFO |     Date : 2025-11-13
2025-12-01 13:23:47,254 | INFO |     Result : Pass
2025-12-01 13:23:47,254 | INFO |     Boild Number : AEA1412S1.251113.1
2025-12-01 13:23:47,891 | INFO |   ✅ Commented on DRT-4570: 'KPIT_TC_DRT_LNG_003.

2025-12-01 13:23:48,563 | INFO |   🔄 Commenting on DRT-4570: 'KPIT_TC_DRT_LNG_003...
2025-12-01 13:23:48,564 | INFO |     Date : 2025-11-14
2025-12-01 13:23:48,564 | INFO |     Result : Pass
2025-12-01 13:23:48,565 | INFO |     Boild Number : AEA1414D0.251114.1
2025-12-01 13:23:49,135 | INFO |   ✅ Commented on DRT-4570: 'KPIT_TC_DRT_LNG_003.

2025-12-01 13:23:49,596 | INFO |   🔄 Commenting on DRT-4570: 'KPIT_TC_DRT_LNG_003...
2025-12-01 13:23:49,597 | INFO |     Date : 2025-11-17
2025-12-01 13:23:49,597 | INFO |     Result : Pass
2025-12-01 13:23:49,598 | INFO |     Boild Number : AEA1412S0.251117.1
2025-12-01 13:23:50,241 | INFO |   ✅ Commented on DRT-4570: 'KPIT_TC_DRT_LNG_003.

2025-12-01 13:23:50,241 | INFO |   ✅ JIRA UPDATE COMPLETED...

