2025-11-14 00:04:33,026 | INFO | ⏳ Updating 'DRT-2140: KPIT_TC_DRT_BTA_052'...
2025-11-14 00:04:33,026 | INFO |   🔄 Updating fields for DRT-2140: 'KPIT_TC_DRT_BTA_052...
2025-11-14 00:04:33,027 | INFO |     Failure Category : ICB Issue (Once)
2025-11-14 00:04:33,028 | INFO |     Failure Sub Category : Timing Issue
2025-11-14 00:04:33,028 | INFO |     Previous Failure Category : ['KITE Issues', 'Human Error', 'ICB Issue (Once)']
2025-11-14 00:04:33,029 | INFO |     Root Cause Details : Music Library Screen Refreshed while selecting Samsung Music, Hence further operation not performed.
2025-11-14 00:04:33,029 | INFO |     Fixation Performed : NA
2025-11-14 00:04:33,030 | INFO |     Remarks : NA
2025-11-14 00:04:33,041 | INFO |     Reviewer : Lumesh
2025-11-14 00:04:34,588 | INFO |   ✅ Updated fields for DRT-2140: 'KPIT_TC_DRT_BTA_052.
2025-11-14 00:04:34,588 | INFO |   🔄 Commenting on DRT-2140: 'KPIT_TC_DRT_BTA_052...
2025-11-14 00:04:34,588 | INFO |     Date AEA1413R0.251112.1 : 13th November 2025
2025-11-14 00:04:34,589 | INFO |     Result : Fail
2025-11-14 00:04:34,589 | INFO |     Failure Category : ICB Issue (Once)
2025-11-14 00:04:34,590 | INFO |     Failure Sub Category : Timing Issue
2025-11-14 00:04:34,591 | INFO |     Root Cause Details : Music Library Screen Refreshed while selecting Samsung Music, Hence further operation not performed.
2025-11-14 00:04:34,591 | INFO |     Fixation Performed : NA
2025-11-14 00:04:35,500 | INFO |   ✅ Commented on DRT-2140: 'KPIT_TC_DRT_BTA_052.

2025-11-14 00:04:35,501 | ERROR | 
 ✅ All tasks completed successfully.
