2026-03-14 19:03:45,782 | INFO | ⏳ Updating 'DRT-7527: 12345'...
2026-03-14 19:03:45,784 | INFO |   🔄 Updating fields for DRT-7527: '12345...
2026-03-14 19:03:45,785 | INFO |     Failure Category : Human error
2026-03-14 19:03:45,785 | INFO |     Failure Sub Category : -
2026-03-14 19:03:45,786 | INFO |     Previous Failure Category : ['ICB Issue (Always)', 'TS Issue', 'Human error', 'SRL/CR Changes', 'Test Env Issue', 'ICB Issue (Once)', 'KITE Issue', 'Human Error']
2026-03-14 19:03:45,786 | INFO |     Root Cause Details : Root Cause Details
2026-03-14 19:03:45,786 | INFO |     Fixation Performed : Fixation Performed
2026-03-14 19:03:46,119 | ERROR | [ERROR] Could not process DRT-7527: '12345 : JiraError HTTP 400 url: https://kpithondajapan.atlassian.net/rest/api/2/issue/3284918
	
	response headers = {'Content-Type': 'application/json;charset=UTF-8', 'Transfer-Encoding': 'chunked', 'Connection': 'keep-alive', 'Date': 'Sat, 14 Mar 2026 13:33:46 GMT', 'Server': 'AtlassianEdge', 'Timing-Allow-Origin': '*', 'X-Arequestid': 'ae168b938af1b3b1971aa955e4b6400c', 'X-Aaccountid': '712020%3A7ebd6444-898e-4d1e-ba7a-2710a262ffa7', 'Cache-Control': 'no-store, no-cache', 'X-Ratelimit-Limit': '300', 'X-Ratelimit-Remaining': '299', 'X-Content-Type-Options': 'nosniff', 'X-Xss-Protection': '1; mode=block', 'Atl-Traceid': '29f93aab27614fbeb2a92c481bab1f88', 'Atl-Request-Id': '29f93aab-2761-4fbe-b2a9-2c481bab1f88', 'Strict-Transport-Security': 'max-age=63072000; includeSubDomains; preload', 'Report-To': '{"endpoints": [{"url": "https://dz8aopenkvv6s.cloudfront.net"}], "group": "endpoint-1", "include_subdomains": true, "max_age": 600}', 'Nel': '{"failure_fraction": 0.01, "include_subdomains": true, "max_age": 600, "report_to": "endpoint-1"}', 'Content-Encoding': 'br', 'Vary': 'Accept-Encoding', 'Server-Timing': 'atl-edge;dur=193,atl-edge-internal;dur=16,atl-edge-upstream;dur=177,atl-edge-pop;desc="aws-eu-west-1"', 'X-Cache': 'Error from cloudfront', 'Via': '1.1 939ac72d2cac41d9a569cd07d056cb64.cloudfront.net (CloudFront)', 'X-Amz-Cf-Pop': 'BOM78-P1', 'X-Amz-Cf-Id': 'EDRtzNbR8SfzAHBdYVVqEUFrh5ySf2YerbwikrLAkZOixifaw1P2Pw=='}
	response text = {"errorMessages":[],"errors":{"customfield_12208":"Option value 'Human error' is not valid"}}.

2026-03-14 19:03:46,802 | INFO | ⏳ Updating 'DRT-7527: 12345'...
2026-03-14 19:03:46,803 | INFO |   🔄 Updating fields for DRT-7527: '12345...
2026-03-14 19:03:46,804 | INFO |     Failure Category : KITE issue
2026-03-14 19:03:46,804 | INFO |     Failure Sub Category : Device Mapping issue
2026-03-14 19:03:46,805 | INFO |     Previous Failure Category : ['ICB Issue (Always)', 'TS Issue', 'Human error', 'SRL/CR Changes', 'Test Env Issue', 'ICB Issue (Once)', 'KITE Issue', 'Human Error']
2026-03-14 19:03:46,805 | INFO |     Root Cause Details : Root Cause Details
2026-03-14 19:03:46,806 | INFO |     Fixation Performed : Fixation Performed
2026-03-14 19:03:47,491 | ERROR | [ERROR] Could not process DRT-7527: '12345 : JiraError HTTP 400 url: https://kpithondajapan.atlassian.net/rest/api/2/issue/3284918
	
	response headers = {'Content-Type': 'application/json;charset=UTF-8', 'Transfer-Encoding': 'chunked', 'Connection': 'keep-alive', 'Date': 'Sat, 14 Mar 2026 13:33:47 GMT', 'Server': 'AtlassianEdge', 'Timing-Allow-Origin': '*', 'X-Arequestid': 'ac208c54c27f01f926c6608a6327463f', 'X-Aaccountid': '712020%3A7ebd6444-898e-4d1e-ba7a-2710a262ffa7', 'Cache-Control': 'no-store, no-cache', 'X-Ratelimit-Limit': '300', 'X-Ratelimit-Remaining': '299', 'X-Content-Type-Options': 'nosniff', 'X-Xss-Protection': '1; mode=block', 'Atl-Traceid': '0bc733edd4484215a58f0504b7c9ed08', 'Atl-Request-Id': '0bc733ed-d448-4215-a58f-0504b7c9ed08', 'Strict-Transport-Security': 'max-age=63072000; includeSubDomains; preload', 'Report-To': '{"endpoints": [{"url": "https://dz8aopenkvv6s.cloudfront.net"}], "group": "endpoint-1", "include_subdomains": true, "max_age": 600}', 'Nel': '{"failure_fraction": 0.01, "include_subdomains": true, "max_age": 600, "report_to": "endpoint-1"}', 'Content-Encoding': 'br', 'Vary': 'Accept-Encoding', 'Server-Timing': 'atl-edge;dur=175,atl-edge-internal;dur=17,atl-edge-upstream;dur=158,atl-edge-pop;desc="aws-eu-west-1"', 'X-Cache': 'Error from cloudfront', 'Via': '1.1 939ac72d2cac41d9a569cd07d056cb64.cloudfront.net (CloudFront)', 'X-Amz-Cf-Pop': 'BOM78-P1', 'X-Amz-Cf-Id': 'X8loFOEJklGk88SgWTwSSU-Oo1ukcvk9zlvPe9n09wl_xJd6kBE_NQ=='}
	response text = {"errorMessages":[],"errors":{"customfield_12208":"Option value 'Human error' is not valid"}}.

2026-03-14 19:03:47,491 | INFO |   ✅ JIRA UPDATE COMPLETED...

