2026-03-19 01:33:38,688 | INFO | ⏳ Updating 'DRT-7527: 12345'...
2026-03-19 01:33:38,689 | INFO |   🔄 Updating fields for DRT-7527: '12345...
2026-03-19 01:33:38,690 | INFO |     Failure Category : Human error
2026-03-19 01:33:38,690 | INFO |     Failure Sub Category : -
2026-03-19 01:33:38,691 | INFO |     Previous Failure Category : []
2026-03-19 01:33:38,691 | INFO |     Root Cause Details : Root Cause Details
2026-03-19 01:33:38,692 | INFO |     Fixation Performed : Fixation Performed
2026-03-19 01:33:39,951 | INFO |   ✅ Updated fields for DRT-7527: '12345.
2026-03-19 01:33:39,951 | INFO |   🔄 Commenting on DRT-7527: '12345...
2026-03-19 01:33:39,952 | INFO |     Date Build : Date
2026-03-19 01:33:39,963 | INFO |     Result : Fail
2026-03-19 01:33:39,964 | INFO |     Failure Category : Human error
2026-03-19 01:33:39,964 | INFO |     Failure Sub Category : -
2026-03-19 01:33:39,964 | INFO |     Root Cause Details : Root Cause Details
2026-03-19 01:33:39,965 | INFO |     Fixation Performed : Fixation Performed
2026-03-19 01:33:39,965 | INFO |     Remarks : Remarks
2026-03-19 01:33:39,966 | INFO |     Reviewer : Reviewer
2026-03-19 01:33:40,834 | INFO |   ✅ Commented on DRT-7527: '12345.

2026-03-19 01:33:41,135 | INFO | ⏳ Updating 'DRT-7527: 12345'...
2026-03-19 01:33:41,135 | INFO |   🔄 Updating fields for DRT-7527: '12345...
2026-03-19 01:33:41,136 | INFO |     Failure Category : KITE issue
2026-03-19 01:33:41,136 | INFO |     Failure Sub Category : Device Mapping issue
2026-03-19 01:33:41,137 | INFO |     Previous Failure Category : []
2026-03-19 01:33:41,137 | INFO |     Root Cause Details : Root Cause Details
2026-03-19 01:33:41,137 | INFO |     Fixation Performed : Fixation Performed
2026-03-19 01:33:42,669 | INFO |   ✅ Updated fields for DRT-7527: '12345.
2026-03-19 01:33:42,669 | INFO |   🔄 Commenting on DRT-7527: '12345...
2026-03-19 01:33:42,670 | INFO |     Date Build : Date
2026-03-19 01:33:42,670 | INFO |     Result : Fail
2026-03-19 01:33:42,671 | INFO |     Failure Category : KITE issue
2026-03-19 01:33:42,671 | INFO |     Failure Sub Category : Device Mapping issue
2026-03-19 01:33:42,672 | INFO |     Root Cause Details : Root Cause Details
2026-03-19 01:33:42,673 | INFO |     Fixation Performed : Fixation Performed
2026-03-19 01:33:42,673 | INFO |     Remarks : Remarks
2026-03-19 01:33:42,674 | INFO |     Reviewer : Reviewer
2026-03-19 01:33:43,519 | INFO |   ✅ Commented on DRT-7527: '12345.

2026-03-19 01:33:43,520 | INFO |   ✅ JIRA UPDATE COMPLETED...

