2026-03-19 02:08:40,600 | INFO | ⏳ Updating 'DRT-7527: 12345'...
2026-03-19 02:08:40,601 | INFO |   🔄 Updating fields for DRT-7527: '12345...
2026-03-19 02:08:40,602 | INFO |     Failure Category : Human error
2026-03-19 02:08:40,603 | INFO |     Failure Sub Category : -
2026-03-19 02:08:40,603 | INFO |     Previous Failure Category : ['KITE Issue', 'Human Error', 'SRL/CR Changes']
2026-03-19 02:08:40,604 | INFO |     Root Cause Details : Root Cause Details
2026-03-19 02:08:40,604 | INFO |     Fixation Performed : Fixation Performed
2026-03-19 02:08:42,246 | INFO |   ✅ Updated fields for DRT-7527: '12345.
2026-03-19 02:08:42,247 | INFO |   🔄 Commenting on DRT-7527: '12345...
2026-03-19 02:08:42,247 | INFO |     Date Build : Date
2026-03-19 02:08:42,259 | INFO |     Result : Fail
2026-03-19 02:08:42,259 | INFO |     Failure Category : Human error
2026-03-19 02:08:42,259 | INFO |     Failure Sub Category : -
2026-03-19 02:08:42,260 | INFO |     Root Cause Details : Root Cause Details
2026-03-19 02:08:42,260 | INFO |     Fixation Performed : Fixation Performed
2026-03-19 02:08:42,260 | INFO |     Remarks : Remarks
2026-03-19 02:08:42,261 | INFO |     Reviewer : Reviewer
2026-03-19 02:08:43,134 | INFO |   ✅ Commented on DRT-7527: '12345.

2026-03-19 02:08:43,458 | INFO | ⏳ Updating 'DRT-7527: 12345'...
2026-03-19 02:08:43,459 | INFO |   🔄 Updating fields for DRT-7527: '12345...
2026-03-19 02:08:43,459 | INFO |     Failure Category : KITE issue
2026-03-19 02:08:43,460 | INFO |     Failure Sub Category : Device Mapping issue
2026-03-19 02:08:43,460 | INFO |     Previous Failure Category : ['KITE Issue', 'Human Error', 'SRL/CR Changes']
2026-03-19 02:08:43,461 | INFO |     Root Cause Details : Root Cause Details
2026-03-19 02:08:43,461 | INFO |     Fixation Performed : Fixation Performed
2026-03-19 02:08:45,064 | INFO |   ✅ Updated fields for DRT-7527: '12345.
2026-03-19 02:08:45,064 | INFO |   🔄 Commenting on DRT-7527: '12345...
2026-03-19 02:08:45,065 | INFO |     Date Build : Date
2026-03-19 02:08:45,065 | INFO |     Result : Fail
2026-03-19 02:08:45,066 | INFO |     Failure Category : KITE issue
2026-03-19 02:08:45,066 | INFO |     Failure Sub Category : Device Mapping issue
2026-03-19 02:08:45,067 | INFO |     Root Cause Details : Root Cause Details
2026-03-19 02:08:45,067 | INFO |     Fixation Performed : Fixation Performed
2026-03-19 02:08:45,068 | INFO |     Remarks : Remarks
2026-03-19 02:08:45,068 | INFO |     Reviewer : Reviewer
2026-03-19 02:08:45,522 | INFO |   ✅ Commented on DRT-7527: '12345.

2026-03-19 02:08:45,522 | INFO |   ✅ JIRA UPDATE COMPLETED...

