2026-03-19 02:24:04,739 | INFO | ⏳ Updating 'DRT-7527: 12345'...
2026-03-19 02:24:04,740 | INFO |   🔄 Updating fields for DRT-7527: '12345...
2026-03-19 02:24:04,741 | INFO |     Failure Category : ICB issue
2026-03-19 02:24:04,741 | INFO |     Failure Sub Category : Once seen
2026-03-19 02:24:04,742 | INFO |     Previous Failure Category : ['KITE Issue', 'Human Error', 'SRL/CR Changes']
2026-03-19 02:24:04,742 | INFO |     Root Cause Details : Root Cause Details
2026-03-19 02:24:04,742 | INFO |     Fixation Performed : Fixation Performed
2026-03-19 02:24:05,995 | INFO |   ✅ Updated fields for DRT-7527: '12345.
2026-03-19 02:24:05,995 | INFO |   🔄 Commenting on DRT-7527: '12345...
2026-03-19 02:24:06,005 | INFO |     Date Build : Date
2026-03-19 02:24:06,006 | INFO |     Result : Fail
2026-03-19 02:24:06,006 | INFO |     Failure Category : ICB issue
2026-03-19 02:24:06,007 | INFO |     Failure Sub Category : Once seen
2026-03-19 02:24:06,007 | INFO |     Root Cause Details : Root Cause Details
2026-03-19 02:24:06,007 | INFO |     Fixation Performed : Fixation Performed
2026-03-19 02:24:06,008 | INFO |     Remarks : Remarks
2026-03-19 02:24:06,008 | INFO |     Reviewer : Reviewer
2026-03-19 02:24:06,492 | INFO |   ✅ Commented on DRT-7527: '12345.

2026-03-19 02:24:07,156 | INFO | ⏳ Updating 'DRT-7527: 12345'...
2026-03-19 02:24:07,156 | INFO |   🔄 Updating fields for DRT-7527: '12345...
2026-03-19 02:24:07,157 | INFO |     Failure Category : ICB issue
2026-03-19 02:24:07,157 | INFO |     Failure Sub Category : Always
2026-03-19 02:24:07,158 | INFO |     Previous Failure Category : ['KITE Issue', 'Human Error', 'SRL/CR Changes']
2026-03-19 02:24:07,158 | INFO |     Root Cause Details : Root Cause Details
2026-03-19 02:24:07,158 | INFO |     Fixation Performed : Fixation Performed
2026-03-19 02:24:08,341 | INFO |   ✅ Updated fields for DRT-7527: '12345.
2026-03-19 02:24:08,342 | INFO |   🔄 Commenting on DRT-7527: '12345...
2026-03-19 02:24:08,342 | INFO |     Date Build : Date
2026-03-19 02:24:08,343 | INFO |     Result : Fail
2026-03-19 02:24:08,343 | INFO |     Failure Category : ICB issue
2026-03-19 02:24:08,344 | INFO |     Failure Sub Category : Always
2026-03-19 02:24:08,344 | INFO |     Root Cause Details : Root Cause Details
2026-03-19 02:24:08,345 | INFO |     Fixation Performed : Fixation Performed
2026-03-19 02:24:08,345 | INFO |     Remarks : Remarks
2026-03-19 02:24:08,346 | INFO |     Reviewer : Reviewer
2026-03-19 02:24:08,862 | INFO |   ✅ Commented on DRT-7527: '12345.

2026-03-19 02:24:08,863 | INFO |   ✅ JIRA UPDATE COMPLETED...

