2026-03-20 00:42:31,562 | INFO |   🔄 Commenting on DRT-5002: 'KPIT_TC_DRT_PKS_004...
2026-03-20 00:42:31,563 | INFO |     Date : 2026-03-19
2026-03-20 00:42:31,565 | INFO |     Result : Pass
2026-03-20 00:42:31,566 | INFO |     Boild Number : AEA1415R1.260319.1
2026-03-20 00:42:32,468 | INFO |   ✅ Commented on DRT-5002: 'KPIT_TC_DRT_PKS_004.

2026-03-20 00:42:33,132 | INFO |   🔄 Commenting on DRT-3933: 'KPIT_TC_DRT_VEND_114...
2026-03-20 00:42:33,132 | INFO |     Date : 2026-03-19
2026-03-20 00:42:33,133 | INFO |     Result : Pass
2026-03-20 00:42:33,134 | INFO |     Boild Number : AEA1415R1.260319.1
2026-03-20 00:42:34,050 | INFO |   ✅ Commented on DRT-3933: 'KPIT_TC_DRT_VEND_114.

2026-03-20 00:42:34,689 | INFO |   🔄 Commenting on DRT-2306: 'KPIT_TC_DRT_VEND_113...
2026-03-20 00:42:34,690 | INFO |     Date : 2026-03-19
2026-03-20 00:42:34,690 | INFO |     Result : Pass
2026-03-20 00:42:34,691 | INFO |     Boild Number : AEA1415R1.260319.1
2026-03-20 00:42:35,575 | INFO |   ✅ Commented on DRT-2306: 'KPIT_TC_DRT_VEND_113.

2026-03-20 00:42:36,236 | INFO |   🔄 Commenting on DRT-1811: 'KPIT_TC_DRT_BT_003...
2026-03-20 00:42:36,237 | INFO |     Date : 2026-03-19
2026-03-20 00:42:36,237 | INFO |     Result : Pass
2026-03-20 00:42:36,238 | INFO |     Boild Number : AEA1415R1.260319.1
2026-03-20 00:42:37,130 | INFO |   ✅ Commented on DRT-1811: 'KPIT_TC_DRT_BT_003.

2026-03-20 00:42:37,409 | INFO |   🔄 Commenting on DRT-1800: 'KPIT_TC_DRT_BT_002...
2026-03-20 00:42:37,409 | INFO |     Date : 2026-03-19
2026-03-20 00:42:37,410 | INFO |     Result : Pass
2026-03-20 00:42:37,410 | INFO |     Boild Number : AEA1415R1.260319.1
2026-03-20 00:42:37,860 | INFO |   ✅ Commented on DRT-1800: 'KPIT_TC_DRT_BT_002.

2026-03-20 00:42:37,861 | INFO |   ✅ JIRA UPDATE COMPLETED...

