2026-03-19 02:40:04,532 | INFO | ⏳ Updating 'DRT-7527: 12345'...
2026-03-19 02:40:04,533 | INFO |   🔄 Updating fields for DRT-7527: '12345...
2026-03-19 02:40:04,534 | INFO |     Failure Category : ICB issue
2026-03-19 02:40:04,534 | INFO |     Failure Sub Category : Once seen
2026-03-19 02:40:04,535 | INFO |     Previous Failure Category : ['KITE Issue', 'Human Error', 'SRL/CR Changes']
2026-03-19 02:40:04,536 | INFO |     Root Cause Details : Root Cause Details
2026-03-19 02:40:04,536 | INFO |     Fixation Performed : Fixation Performed
2026-03-19 02:40:06,311 | INFO |   ✅ Updated fields for DRT-7527: '12345.
2026-03-19 02:40:06,311 | INFO |   🔄 Commenting on DRT-7527: '12345...
2026-03-19 02:40:06,313 | INFO |     Date Build : Date
2026-03-19 02:40:06,313 | INFO |     Result : Fail
2026-03-19 02:40:06,314 | INFO |     Failure Category : ICB issue
2026-03-19 02:40:06,314 | INFO |     Failure Sub Category : Once seen
2026-03-19 02:40:06,314 | INFO |     Root Cause Details : Root Cause Details
2026-03-19 02:40:06,315 | INFO |     Fixation Performed : Fixation Performed
2026-03-19 02:40:06,315 | INFO |     Remarks : Remarks
2026-03-19 02:40:06,316 | INFO |     Reviewer : Reviewer
2026-03-19 02:40:07,219 | INFO |   ✅ Commented on DRT-7527: '12345.

2026-03-19 02:40:07,510 | INFO | ⏳ Updating 'DRT-7527: 12345'...
2026-03-19 02:40:07,511 | INFO |   🔄 Updating fields for DRT-7527: '12345...
2026-03-19 02:40:07,511 | INFO |     Failure Category : ICB issue
2026-03-19 02:40:07,512 | INFO |     Failure Sub Category : Always
2026-03-19 02:40:07,512 | INFO |     Previous Failure Category : ['KITE Issue', 'Human Error', 'SRL/CR Changes']
2026-03-19 02:40:07,514 | INFO |     Root Cause Details : Root Cause Details
2026-03-19 02:40:07,514 | INFO |     Fixation Performed : Fixation Performed
2026-03-19 02:40:09,119 | INFO |   ✅ Updated fields for DRT-7527: '12345.
2026-03-19 02:40:09,120 | INFO |   🔄 Commenting on DRT-7527: '12345...
2026-03-19 02:40:09,120 | INFO |     Date Build : Date
2026-03-19 02:40:09,120 | INFO |     Result : Fail
2026-03-19 02:40:09,121 | INFO |     Failure Category : ICB issue
2026-03-19 02:40:09,121 | INFO |     Failure Sub Category : Always
2026-03-19 02:40:09,121 | INFO |     Root Cause Details : Root Cause Details
2026-03-19 02:40:09,122 | INFO |     Fixation Performed : Fixation Performed
2026-03-19 02:40:09,122 | INFO |     Remarks : Remarks
2026-03-19 02:40:09,123 | INFO |     Reviewer : Reviewer
2026-03-19 02:40:09,889 | INFO |   ✅ Commented on DRT-7527: '12345.

2026-03-19 02:40:09,890 | INFO |   ✅ JIRA UPDATE COMPLETED...

