2026-03-19 02:40:23,363 | INFO | ⏳ Updating 'DRT-7527: 12345'...
2026-03-19 02:40:23,364 | INFO |   🔄 Updating fields for DRT-7527: '12345...
2026-03-19 02:40:23,365 | INFO |     Failure Category : ICB issue
2026-03-19 02:40:23,365 | INFO |     Failure Sub Category : Once seen
2026-03-19 02:40:23,366 | INFO |     Previous Failure Category : ['KITE Issue', 'Human Error', 'SRL/CR Changes']
2026-03-19 02:40:23,366 | INFO |     Root Cause Details : Root Cause Details
2026-03-19 02:40:23,366 | INFO |     Fixation Performed : Fixation Performed
2026-03-19 02:40:24,667 | INFO |   ✅ Updated fields for DRT-7527: '12345.
2026-03-19 02:40:24,668 | INFO |   🔄 Commenting on DRT-7527: '12345...
2026-03-19 02:40:24,669 | INFO |     Date Build : Date
2026-03-19 02:40:24,670 | INFO |     Result : Fail
2026-03-19 02:40:24,670 | INFO |     Failure Category : ICB issue
2026-03-19 02:40:24,671 | INFO |     Failure Sub Category : Once seen
2026-03-19 02:40:24,671 | INFO |     Root Cause Details : Root Cause Details
2026-03-19 02:40:24,672 | INFO |     Fixation Performed : Fixation Performed
2026-03-19 02:40:24,672 | INFO |     Remarks : Remarks
2026-03-19 02:40:24,673 | INFO |     Reviewer : Reviewer
2026-03-19 02:40:25,489 | INFO |   ✅ Commented on DRT-7527: '12345.

2026-03-19 02:40:25,801 | INFO | ⏳ Updating 'DRT-7527: 12345'...
2026-03-19 02:40:25,802 | INFO |   🔄 Updating fields for DRT-7527: '12345...
2026-03-19 02:40:25,802 | INFO |     Failure Category : ICB issue
2026-03-19 02:40:25,802 | INFO |     Failure Sub Category : Always
2026-03-19 02:40:25,803 | INFO |     Previous Failure Category : ['KITE Issue', 'Human Error', 'SRL/CR Changes']
2026-03-19 02:40:25,803 | INFO |     Root Cause Details : Root Cause Details
2026-03-19 02:40:25,803 | INFO |     Fixation Performed : Fixation Performed
2026-03-19 02:40:26,979 | INFO |   ✅ Updated fields for DRT-7527: '12345.
2026-03-19 02:40:26,980 | INFO |   🔄 Commenting on DRT-7527: '12345...
2026-03-19 02:40:26,980 | INFO |     Date Build : Date
2026-03-19 02:40:26,981 | INFO |     Result : Fail
2026-03-19 02:40:26,981 | INFO |     Failure Category : ICB issue
2026-03-19 02:40:26,982 | INFO |     Failure Sub Category : Always
2026-03-19 02:40:26,982 | INFO |     Root Cause Details : Root Cause Details
2026-03-19 02:40:26,983 | INFO |     Fixation Performed : Fixation Performed
2026-03-19 02:40:26,983 | INFO |     Remarks : Remarks
2026-03-19 02:40:26,983 | INFO |     Reviewer : Reviewer
2026-03-19 02:40:27,837 | INFO |   ✅ Commented on DRT-7527: '12345.

2026-03-19 02:40:27,838 | INFO |   ✅ JIRA UPDATE COMPLETED...

