2026-03-19 02:36:09,651 | INFO | ⏳ Updating 'DRT-7527: 12345'...
2026-03-19 02:36:09,651 | INFO |   🔄 Updating fields for DRT-7527: '12345...
2026-03-19 02:36:09,652 | INFO |     Failure Category : ICB issue
2026-03-19 02:36:09,653 | INFO |     Failure Sub Category : Once seen
2026-03-19 02:36:09,654 | INFO |     Previous Failure Category : ['KITE Issue', 'Human Error', 'SRL/CR Changes']
2026-03-19 02:36:09,654 | INFO |     Root Cause Details : Root Cause Details
2026-03-19 02:36:09,655 | INFO |     Fixation Performed : Fixation Performed
2026-03-19 02:36:11,347 | INFO |   ✅ Updated fields for DRT-7527: '12345.
2026-03-19 02:36:11,348 | INFO |   🔄 Commenting on DRT-7527: '12345...
2026-03-19 02:36:11,348 | INFO |     Date Build : Date
2026-03-19 02:36:11,348 | INFO |     Result : Fail
2026-03-19 02:36:11,349 | INFO |     Failure Category : ICB issue
2026-03-19 02:36:11,349 | INFO |     Failure Sub Category : Once seen
2026-03-19 02:36:11,349 | INFO |     Root Cause Details : Root Cause Details
2026-03-19 02:36:11,349 | INFO |     Fixation Performed : Fixation Performed
2026-03-19 02:36:11,351 | INFO |     Remarks : Remarks
2026-03-19 02:36:11,351 | INFO |     Reviewer : Reviewer
2026-03-19 02:36:12,195 | INFO |   ✅ Commented on DRT-7527: '12345.

2026-03-19 02:36:12,512 | INFO | ⏳ Updating 'DRT-7527: 12345'...
2026-03-19 02:36:12,512 | INFO |   🔄 Updating fields for DRT-7527: '12345...
2026-03-19 02:36:12,513 | INFO |     Failure Category : ICB issue
2026-03-19 02:36:12,513 | INFO |     Failure Sub Category : Always
2026-03-19 02:36:12,514 | INFO |     Previous Failure Category : ['KITE Issue', 'Human Error', 'SRL/CR Changes']
2026-03-19 02:36:12,514 | INFO |     Root Cause Details : Root Cause Details
2026-03-19 02:36:12,514 | INFO |     Fixation Performed : Fixation Performed
2026-03-19 02:36:13,784 | INFO |   ✅ Updated fields for DRT-7527: '12345.
2026-03-19 02:36:13,785 | INFO |   🔄 Commenting on DRT-7527: '12345...
2026-03-19 02:36:13,785 | INFO |     Date Build : Date
2026-03-19 02:36:13,786 | INFO |     Result : Fail
2026-03-19 02:36:13,786 | INFO |     Failure Category : ICB issue
2026-03-19 02:36:13,786 | INFO |     Failure Sub Category : Always
2026-03-19 02:36:13,787 | INFO |     Root Cause Details : Root Cause Details
2026-03-19 02:36:13,787 | INFO |     Fixation Performed : Fixation Performed
2026-03-19 02:36:13,788 | INFO |     Remarks : Remarks
2026-03-19 02:36:13,788 | INFO |     Reviewer : Reviewer
2026-03-19 02:36:14,648 | INFO |   ✅ Commented on DRT-7527: '12345.

2026-03-19 02:36:14,649 | INFO |   ✅ JIRA UPDATE COMPLETED...

