2026-03-19 02:59:47,043 | INFO | ⏳ Updating 'DRT-7527: 12345'...
2026-03-19 02:59:47,045 | INFO |   🔄 Updating fields for DRT-7527: '12345...
2026-03-19 02:59:47,046 | INFO |     Failure Category : ICB issue
2026-03-19 02:59:47,047 | INFO |     Failure Sub Category : Once seen
2026-03-19 02:59:47,047 | INFO |     Previous Failure Category : ['KITE Issue', 'Human Error', 'SRL/CR Changes']
2026-03-19 02:59:47,048 | INFO |     Root Cause Details : Root Cause Details
2026-03-19 02:59:47,048 | INFO |     Fixation Performed : Fixation Performed
2026-03-19 02:59:48,731 | INFO |   ✅ Updated fields for DRT-7527: '12345.
2026-03-19 02:59:48,732 | INFO |   🔄 Commenting on DRT-7527: '12345...
2026-03-19 02:59:48,734 | INFO |     Date Build : Date
2026-03-19 02:59:48,735 | INFO |     Result : Fail
2026-03-19 02:59:48,736 | INFO |     Failure Category : ICB issue
2026-03-19 02:59:48,736 | INFO |     Failure Sub Category : Once seen
2026-03-19 02:59:48,737 | INFO |     Root Cause Details : Root Cause Details
2026-03-19 02:59:48,738 | INFO |     Fixation Performed : Fixation Performed
2026-03-19 02:59:48,739 | INFO |     Remarks : Remarks
2026-03-19 02:59:48,740 | INFO |     Reviewer : Reviewer
2026-03-19 02:59:49,570 | INFO |   ✅ Commented on DRT-7527: '12345.

2026-03-19 02:59:50,470 | INFO | ⏳ Updating 'DRT-7527: 12345'...
2026-03-19 02:59:50,470 | INFO |   🔄 Updating fields for DRT-7527: '12345...
2026-03-19 02:59:50,471 | INFO |     Failure Category : ICB issue
2026-03-19 02:59:50,471 | INFO |     Failure Sub Category : Always
2026-03-19 02:59:50,471 | INFO |     Previous Failure Category : ['KITE Issue', 'Human Error', 'SRL/CR Changes']
2026-03-19 02:59:50,472 | INFO |     Root Cause Details : Root Cause Details
2026-03-19 02:59:50,472 | INFO |     Fixation Performed : Fixation Performed
2026-03-19 02:59:51,374 | INFO |   ✅ Updated fields for DRT-7527: '12345.
2026-03-19 02:59:51,376 | INFO |   🔄 Commenting on DRT-7527: '12345...
2026-03-19 02:59:51,377 | INFO |     Date Build : Date
2026-03-19 02:59:51,378 | INFO |     Result : Fail
2026-03-19 02:59:51,379 | INFO |     Failure Category : ICB issue
2026-03-19 02:59:51,380 | INFO |     Failure Sub Category : Always
2026-03-19 02:59:51,381 | INFO |     Root Cause Details : Root Cause Details
2026-03-19 02:59:51,382 | INFO |     Fixation Performed : Fixation Performed
2026-03-19 02:59:51,383 | INFO |     Remarks : Remarks
2026-03-19 02:59:51,383 | INFO |     Reviewer : Reviewer
2026-03-19 02:59:51,866 | INFO |   ✅ Commented on DRT-7527: '12345.

2026-03-19 02:59:51,866 | INFO |   ✅ JIRA UPDATE COMPLETED...

