2026-03-14 16:16:55,373 | INFO | ⏳ Updating 'DRT-7527: 12345'...
2026-03-14 16:16:55,374 | INFO |   🔄 Updating fields for DRT-7527: '12345...
2026-03-14 16:16:55,374 | INFO |     Failure Category : Human error
2026-03-14 16:16:55,374 | INFO |     Failure Sub Category : -
2026-03-14 16:16:55,375 | INFO |     Previous Failure Category : []
2026-03-14 16:16:55,375 | INFO |     Root Cause Details : Root Cause Details
2026-03-14 16:16:55,376 | INFO |     Fixation Performed : Fixation Performed
2026-03-14 16:16:56,709 | INFO |   ✅ Updated fields for DRT-7527: '12345.
2026-03-14 16:16:56,710 | INFO |   🔄 Commenting on DRT-7527: '12345...
2026-03-14 16:16:56,710 | INFO |     Date Build : Date
2026-03-14 16:16:56,721 | INFO |     Result : Fail
2026-03-14 16:16:56,722 | INFO |     Failure Category : Human error
2026-03-14 16:16:56,722 | INFO |     Failure Sub Category : -
2026-03-14 16:16:56,722 | INFO |     Root Cause Details : Root Cause Details
2026-03-14 16:16:56,723 | INFO |     Fixation Performed : Fixation Performed
2026-03-14 16:16:56,723 | INFO |     Remarks : Remarks
2026-03-14 16:16:56,723 | INFO |     Reviewer : Reviewer
2026-03-14 16:16:57,581 | INFO |   ✅ Commented on DRT-7527: '12345.

2026-03-14 16:16:58,230 | INFO | ⏳ Updating 'DRT-7527: 12345'...
2026-03-14 16:16:58,230 | INFO |   🔄 Updating fields for DRT-7527: '12345...
2026-03-14 16:16:58,231 | INFO |     Failure Category : KITE issue
2026-03-14 16:16:58,231 | INFO |     Failure Sub Category : Device Mapping issue
2026-03-14 16:16:58,232 | INFO |     Previous Failure Category : []
2026-03-14 16:16:58,232 | INFO |     Root Cause Details : Root Cause Details
2026-03-14 16:16:58,233 | INFO |     Fixation Performed : Fixation Performed
2026-03-14 16:16:59,474 | INFO |   ✅ Updated fields for DRT-7527: '12345.
2026-03-14 16:16:59,474 | INFO |   🔄 Commenting on DRT-7527: '12345...
2026-03-14 16:16:59,474 | INFO |     Date Build : Date
2026-03-14 16:16:59,475 | INFO |     Result : Fail
2026-03-14 16:16:59,476 | INFO |     Failure Category : KITE issue
2026-03-14 16:16:59,476 | INFO |     Failure Sub Category : Device Mapping issue
2026-03-14 16:16:59,477 | INFO |     Root Cause Details : Root Cause Details
2026-03-14 16:16:59,477 | INFO |     Fixation Performed : Fixation Performed
2026-03-14 16:16:59,478 | INFO |     Remarks : Remarks
2026-03-14 16:16:59,478 | INFO |     Reviewer : Reviewer
2026-03-14 16:17:00,313 | INFO |   ✅ Commented on DRT-7527: '12345.

2026-03-14 16:17:00,314 | INFO |   ✅ JIRA UPDATE COMPLETED...

