2026-03-19 02:15:46,390 | INFO | ⏳ Updating 'DRT-7527: 12345'...
2026-03-19 02:15:46,391 | INFO |   🔄 Updating fields for DRT-7527: '12345...
2026-03-19 02:15:46,392 | INFO |     Failure Category : Human error
2026-03-19 02:15:46,393 | INFO |     Failure Sub Category : -
2026-03-19 02:15:46,394 | INFO |     Previous Failure Category : ['KITE Issue', 'Human Error', 'SRL/CR Changes']
2026-03-19 02:15:46,395 | INFO |     Root Cause Details : Root Cause Details
2026-03-19 02:15:46,396 | INFO |     Fixation Performed : Fixation Performed
2026-03-19 02:15:47,667 | INFO |   ✅ Updated fields for DRT-7527: '12345.
2026-03-19 02:15:47,668 | INFO |   🔄 Commenting on DRT-7527: '12345...
2026-03-19 02:15:47,668 | INFO |     Date Build : Date
2026-03-19 02:15:47,679 | INFO |     Result : Fail
2026-03-19 02:15:47,680 | INFO |     Failure Category : Human error
2026-03-19 02:15:47,680 | INFO |     Failure Sub Category : -
2026-03-19 02:15:47,681 | INFO |     Root Cause Details : Root Cause Details
2026-03-19 02:15:47,682 | INFO |     Fixation Performed : Fixation Performed
2026-03-19 02:15:47,683 | INFO |     Remarks : Remarks
2026-03-19 02:15:47,683 | INFO |     Reviewer : Reviewer
2026-03-19 02:15:48,575 | INFO |   ✅ Commented on DRT-7527: '12345.

2026-03-19 02:15:48,875 | INFO | ⏳ Updating 'DRT-7527: 12345'...
2026-03-19 02:15:48,877 | INFO |   🔄 Updating fields for DRT-7527: '12345...
2026-03-19 02:15:48,877 | INFO |     Failure Category : KITE issue
2026-03-19 02:15:48,878 | INFO |     Failure Sub Category : Device Mapping issue
2026-03-19 02:15:48,879 | INFO |     Previous Failure Category : ['KITE Issue', 'Human Error', 'SRL/CR Changes']
2026-03-19 02:15:48,879 | INFO |     Root Cause Details : Root Cause Details
2026-03-19 02:15:48,880 | INFO |     Fixation Performed : Fixation Performed
2026-03-19 02:15:50,149 | INFO |   ✅ Updated fields for DRT-7527: '12345.
2026-03-19 02:15:50,150 | INFO |   🔄 Commenting on DRT-7527: '12345...
2026-03-19 02:15:50,151 | INFO |     Date Build : Date
2026-03-19 02:15:50,156 | INFO |     Result : Fail
2026-03-19 02:15:50,182 | INFO |     Failure Category : KITE issue
2026-03-19 02:15:50,188 | INFO |     Failure Sub Category : Device Mapping issue
2026-03-19 02:15:50,198 | INFO |     Root Cause Details : Root Cause Details
2026-03-19 02:15:50,199 | INFO |     Fixation Performed : Fixation Performed
2026-03-19 02:15:50,199 | INFO |     Remarks : Remarks
2026-03-19 02:15:50,200 | INFO |     Reviewer : Reviewer
2026-03-19 02:15:51,033 | INFO |   ✅ Commented on DRT-7527: '12345.

2026-03-19 02:15:51,034 | INFO |   ✅ JIRA UPDATE COMPLETED...

