2026-03-19 01:29:18,528 | INFO | ⏳ Updating 'DRT-7527: 12345'...
2026-03-19 01:29:18,530 | INFO |   🔄 Updating fields for DRT-7527: '12345...
2026-03-19 01:29:18,531 | INFO |     Failure Category : Human error
2026-03-19 01:29:18,532 | INFO |     Failure Sub Category : -
2026-03-19 01:29:18,532 | INFO |     Previous Failure Category : []
2026-03-19 01:29:18,533 | INFO |     Root Cause Details : Root Cause Details
2026-03-19 01:29:18,535 | INFO |     Fixation Performed : Fixation Performed
2026-03-19 01:29:19,815 | INFO |   ✅ Updated fields for DRT-7527: '12345.
2026-03-19 01:29:19,816 | INFO |   🔄 Commenting on DRT-7527: '12345...
2026-03-19 01:29:19,817 | INFO |     Date Build : Date
2026-03-19 01:29:19,829 | INFO |     Result : Fail
2026-03-19 01:29:19,831 | INFO |     Failure Category : Human error
2026-03-19 01:29:19,832 | INFO |     Failure Sub Category : -
2026-03-19 01:29:19,833 | INFO |     Root Cause Details : Root Cause Details
2026-03-19 01:29:19,834 | INFO |     Fixation Performed : Fixation Performed
2026-03-19 01:29:19,835 | INFO |     Remarks : Remarks
2026-03-19 01:29:19,836 | INFO |     Reviewer : Reviewer
2026-03-19 01:29:20,630 | INFO |   ✅ Commented on DRT-7527: '12345.

2026-03-19 01:29:21,304 | INFO | ⏳ Updating 'DRT-7527: 12345'...
2026-03-19 01:29:21,305 | INFO |   🔄 Updating fields for DRT-7527: '12345...
2026-03-19 01:29:21,306 | INFO |     Failure Category : KITE issue
2026-03-19 01:29:21,307 | INFO |     Failure Sub Category : Device Mapping issue
2026-03-19 01:29:21,308 | INFO |     Previous Failure Category : []
2026-03-19 01:29:21,310 | INFO |     Root Cause Details : Root Cause Details
2026-03-19 01:29:21,311 | INFO |     Fixation Performed : Fixation Performed
2026-03-19 01:29:22,837 | INFO |   ✅ Updated fields for DRT-7527: '12345.
2026-03-19 01:29:22,838 | INFO |   🔄 Commenting on DRT-7527: '12345...
2026-03-19 01:29:22,838 | INFO |     Date Build : Date
2026-03-19 01:29:22,839 | INFO |     Result : Fail
2026-03-19 01:29:22,839 | INFO |     Failure Category : KITE issue
2026-03-19 01:29:22,840 | INFO |     Failure Sub Category : Device Mapping issue
2026-03-19 01:29:22,840 | INFO |     Root Cause Details : Root Cause Details
2026-03-19 01:29:22,841 | INFO |     Fixation Performed : Fixation Performed
2026-03-19 01:29:22,842 | INFO |     Remarks : Remarks
2026-03-19 01:29:22,842 | INFO |     Reviewer : Reviewer
2026-03-19 01:29:23,682 | INFO |   ✅ Commented on DRT-7527: '12345.

2026-03-19 01:29:23,682 | INFO |   ✅ JIRA UPDATE COMPLETED...

