2026-03-19 20:20:08,950 | INFO | ⏳ Updating 'A15-3419: KPIT_TC_DRT_IVI_038'...
2026-03-19 20:20:08,953 | ERROR | [ERROR] Could not process A15-3419: 'KPIT_TC_DRT_IVI_038 : 'ICB Issue (Always)'.

2026-03-19 20:20:09,301 | INFO | ⏳ Updating 'A15-3420: KPIT_TC_DRT_IVI_039'...
2026-03-19 20:20:09,302 | ERROR | [ERROR] Could not process A15-3420: 'KPIT_TC_DRT_IVI_039 : 'ICB Issue (Always)'.

2026-03-19 20:20:09,950 | INFO | ⏳ Updating 'A15-3422: KPIT_TC_DRT_LMG_004'...
2026-03-19 20:20:09,951 | ERROR | [ERROR] Could not process A15-3422: 'KPIT_TC_DRT_LMG_004 : 'Test Env Issue'.

2026-03-19 20:20:10,694 | INFO | ⏳ Updating 'A15-3421: KPIT_TC_DRT_LMG_005'...
2026-03-19 20:20:10,695 | ERROR | [ERROR] Could not process A15-3421: 'KPIT_TC_DRT_LMG_005 : 'Test Env Issue'.

2026-03-19 20:20:11,525 | INFO | ⏳ Updating 'A15-3428: KPIT_TC_DRT_LMG_010'...
2026-03-19 20:20:11,525 | ERROR | [ERROR] Could not process A15-3428: 'KPIT_TC_DRT_LMG_010 : 'Test Env Issue'.

2026-03-19 20:20:12,241 | INFO | ⏳ Updating 'A15-3426: KPIT_TC_DRT_LMG_014'...
2026-03-19 20:20:12,242 | ERROR | [ERROR] Could not process A15-3426: 'KPIT_TC_DRT_LMG_014 : 'Test Env Issue'.

2026-03-19 20:20:12,908 | INFO | ⏳ Updating 'A15-3423: KPIT_TC_DRT_VEND_006'...
2026-03-19 20:20:12,909 | ERROR | [ERROR] Could not process A15-3423: 'KPIT_TC_DRT_VEND_006 : 'Test Env Issue'.

2026-03-19 20:20:13,639 | INFO | ⏳ Updating 'A15-3427: KPIT_TC_DRT_BZA_013'...
2026-03-19 20:20:13,639 | ERROR | [ERROR] Could not process A15-3427: 'KPIT_TC_DRT_BZA_013 : 'Test Env Issue'.

2026-03-19 20:20:13,959 | INFO | ⏳ Updating 'A15-3417: KPIT_TC_DRT_BT_003'...
2026-03-19 20:20:13,960 | ERROR | [ERROR] Could not process A15-3417: 'KPIT_TC_DRT_BT_003 : 'Test Env Issue'.

2026-03-19 20:20:14,251 | INFO | ⏳ Updating 'A15-3424: KPIT_TC_DRT_BT_033'...
2026-03-19 20:20:14,252 | ERROR | [ERROR] Could not process A15-3424: 'KPIT_TC_DRT_BT_033 : 'ICB Issue (Always)'.

2026-03-19 20:20:14,552 | INFO | ⏳ Updating 'A15-3414: KPIT_TC_DRT_VEND_114'...
2026-03-19 20:20:14,552 | ERROR | [ERROR] Could not process A15-3414: 'KPIT_TC_DRT_VEND_114 : 'Test Env Issue'.

2026-03-19 20:20:14,898 | INFO | ⏳ Updating 'A15-3425: KPIT_TC_DRT_INL_006'...
2026-03-19 20:20:14,898 | ERROR | [ERROR] Could not process A15-3425: 'KPIT_TC_DRT_INL_006 : 'ICB Issue (Always)'.

2026-03-19 20:20:15,547 | INFO | ⏳ Updating 'A15-3429: KPIT_TC_DRT_SPCAA_074'...
2026-03-19 20:20:15,548 | ERROR | [ERROR] Could not process A15-3429: 'KPIT_TC_DRT_SPCAA_074 : 'Test Env Issue'.

2026-03-19 20:20:16,211 | INFO | ⏳ Updating 'A15-3430: KPIT_TC_DRT_SPCAA_075'...
2026-03-19 20:20:16,212 | ERROR | [ERROR] Could not process A15-3430: 'KPIT_TC_DRT_SPCAA_075 : 'Test Env Issue'.

2026-03-19 20:20:17,025 | INFO | ⏳ Updating 'A15-3431: KPIT_TC_DRT_HFT_020'...
2026-03-19 20:20:17,026 | ERROR | [ERROR] Could not process A15-3431: 'KPIT_TC_DRT_HFT_020 : 'Test Env Issue'.

2026-03-19 20:20:17,720 | INFO | ⏳ Updating 'A15-3415: KPIT_TC_DRT_BTA_052'...
2026-03-19 20:20:17,721 | ERROR | [ERROR] Could not process A15-3415: 'KPIT_TC_DRT_BTA_052 : 'ICB Issue (Always)'.

2026-03-19 20:20:18,018 | INFO | ⏳ Updating 'A15-3416: KPIT_TC_DRT_BT_010'...
2026-03-19 20:20:18,019 | ERROR | [ERROR] Could not process A15-3416: 'KPIT_TC_DRT_BT_010 : 'ICB Issue (Once)'.

2026-03-19 20:20:18,351 | INFO | ⏳ Updating 'A15-3418: KPIT_TC_DRT_HFT_015'...
2026-03-19 20:20:18,352 | ERROR | [ERROR] Could not process A15-3418: 'KPIT_TC_DRT_HFT_015 : 'Test Env Issue'.

2026-03-19 20:20:18,353 | INFO |   ✅ JIRA UPDATE COMPLETED...

