2026-03-19 02:04:24,805 | INFO | ⏳ Updating 'DRT-7527: 12345'...
2026-03-19 02:04:24,806 | INFO |   🔄 Updating fields for DRT-7527: '12345...
2026-03-19 02:04:24,807 | INFO |     Failure Category : Human error
2026-03-19 02:04:24,807 | INFO |     Failure Sub Category : -
2026-03-19 02:04:24,808 | INFO |     Previous Failure Category : ['KITE Issue', 'Human Error', 'SRL/CR Changes']
2026-03-19 02:04:24,808 | INFO |     Root Cause Details : Root Cause Details
2026-03-19 02:04:24,809 | INFO |     Fixation Performed : Fixation Performed
2026-03-19 02:04:25,729 | INFO |   ✅ Updated fields for DRT-7527: '12345.
2026-03-19 02:04:25,730 | INFO |   🔄 Commenting on DRT-7527: '12345...
2026-03-19 02:04:25,730 | INFO |     Date Build : Date
2026-03-19 02:04:25,741 | INFO |     Result : Fail
2026-03-19 02:04:25,742 | INFO |     Failure Category : Human error
2026-03-19 02:04:25,743 | INFO |     Failure Sub Category : -
2026-03-19 02:04:25,743 | INFO |     Root Cause Details : Root Cause Details
2026-03-19 02:04:25,743 | INFO |     Fixation Performed : Fixation Performed
2026-03-19 02:04:25,744 | INFO |     Remarks : Remarks
2026-03-19 02:04:25,744 | INFO |     Reviewer : Reviewer
2026-03-19 02:04:26,305 | INFO |   ✅ Commented on DRT-7527: '12345.

2026-03-19 02:04:26,598 | INFO | ⏳ Updating 'DRT-7527: 12345'...
2026-03-19 02:04:26,598 | INFO |   🔄 Updating fields for DRT-7527: '12345...
2026-03-19 02:04:26,599 | INFO |     Failure Category : KITE issue
2026-03-19 02:04:26,599 | INFO |     Failure Sub Category : Device Mapping issue
2026-03-19 02:04:26,600 | INFO |     Previous Failure Category : ['KITE Issue', 'Human Error', 'SRL/CR Changes']
2026-03-19 02:04:26,600 | INFO |     Root Cause Details : Root Cause Details
2026-03-19 02:04:26,601 | INFO |     Fixation Performed : Fixation Performed
2026-03-19 02:04:27,461 | INFO |   ✅ Updated fields for DRT-7527: '12345.
2026-03-19 02:04:27,462 | INFO |   🔄 Commenting on DRT-7527: '12345...
2026-03-19 02:04:27,462 | INFO |     Date Build : Date
2026-03-19 02:04:27,462 | INFO |     Result : Fail
2026-03-19 02:04:27,463 | INFO |     Failure Category : KITE issue
2026-03-19 02:04:27,463 | INFO |     Failure Sub Category : Device Mapping issue
2026-03-19 02:04:27,464 | INFO |     Root Cause Details : Root Cause Details
2026-03-19 02:04:27,464 | INFO |     Fixation Performed : Fixation Performed
2026-03-19 02:04:27,465 | INFO |     Remarks : Remarks
2026-03-19 02:04:27,465 | INFO |     Reviewer : Reviewer
2026-03-19 02:04:27,916 | INFO |   ✅ Commented on DRT-7527: '12345.

2026-03-19 02:04:27,918 | INFO |   ✅ JIRA UPDATE COMPLETED...

