2026-03-20 00:28:16,009 | INFO | ⏳ Updating 'DRT-2538: KPIT_TC_DRT_USB_134'...
2026-03-20 00:28:16,010 | INFO |   🔄 Updating fields for DRT-2538: 'KPIT_TC_DRT_USB_134...
2026-03-20 00:28:16,011 | INFO |     Failure Category : Test Env issue
2026-03-20 00:28:16,012 | INFO |     Failure Sub Category : External HW
2026-03-20 00:28:16,013 | INFO |     Previous Failure Category : ['Test Env Issue', 'ICB Issue (Always)', 'ICB Issue (Once)']
2026-03-20 00:28:16,014 | INFO |     Root Cause Details : ACC Cycle not performed, as ICB power switches are set to manual.
2026-03-20 00:28:16,014 | INFO |     Fixation Performed : Changed the relay hardware.
2026-03-20 00:28:16,015 | INFO |   ✅ Updated fields for DRT-2538: 'KPIT_TC_DRT_USB_134.
2026-03-20 00:28:16,016 | INFO |   🔄 Commenting on DRT-2538: 'KPIT_TC_DRT_USB_134...
2026-03-20 00:28:16,017 | INFO |     Date AEA1415R1.260319.1 : 2026-03-19
2026-03-20 00:28:16,017 | INFO |     Result : Fail
2026-03-20 00:28:16,018 | INFO |     Failure Category : Test Env issue
2026-03-20 00:28:16,018 | INFO |     Failure Sub Category : External HW
2026-03-20 00:28:16,019 | INFO |     Root Cause Details : ACC Cycle not performed, as ICB power switches are set to manual.
2026-03-20 00:28:16,019 | INFO |     Fixation Performed : Changed the relay hardware.
2026-03-20 00:28:16,020 | INFO |     Remarks : Executed and chekced Battery cycle and ACC cycle in 10 iteration, by manually as well as via automation.
2026-03-20 00:28:16,020 | INFO |     Reviewer : Rajashri
2026-03-20 00:28:16,934 | INFO |   ✅ Commented on DRT-2538: 'KPIT_TC_DRT_USB_134.

2026-03-20 00:28:17,224 | INFO | ⏳ Updating 'DRT-1816: KPIT_TC_DRT_USB_140'...
2026-03-20 00:28:17,225 | INFO |   🔄 Updating fields for DRT-1816: 'KPIT_TC_DRT_USB_140...
2026-03-20 00:28:17,226 | INFO |     Failure Category : Test Env issue
2026-03-20 00:28:17,226 | INFO |     Failure Sub Category : External HW
2026-03-20 00:28:17,227 | INFO |     Previous Failure Category : ['Test Env Issue']
2026-03-20 00:28:17,228 | INFO |     Root Cause Details : ACC Cycle not performed, as ICB power switches are set to manual.
2026-03-20 00:28:17,228 | INFO |     Fixation Performed : Changed the relay hardware.
2026-03-20 00:28:17,229 | INFO |   ✅ Updated fields for DRT-1816: 'KPIT_TC_DRT_USB_140.
2026-03-20 00:28:17,230 | INFO |   🔄 Commenting on DRT-1816: 'KPIT_TC_DRT_USB_140...
2026-03-20 00:28:17,231 | INFO |     Date AEA1415R1.260319.1 : 2026-03-19
2026-03-20 00:28:17,231 | INFO |     Result : Fail
2026-03-20 00:28:17,232 | INFO |     Failure Category : Test Env issue
2026-03-20 00:28:17,232 | INFO |     Failure Sub Category : External HW
2026-03-20 00:28:17,233 | INFO |     Root Cause Details : ACC Cycle not performed, as ICB power switches are set to manual.
2026-03-20 00:28:17,233 | INFO |     Fixation Performed : Changed the relay hardware.
2026-03-20 00:28:17,234 | INFO |     Remarks : Executed and chekced Battery cycle and ACC cycle in 10 iteration, by manually as well as via automation.
2026-03-20 00:28:17,234 | INFO |     Reviewer : Rajashri
2026-03-20 00:28:18,219 | INFO |   ✅ Commented on DRT-1816: 'KPIT_TC_DRT_USB_140.

2026-03-20 00:28:18,899 | INFO | ⏳ Updating 'DRT-3838: KPIT_TC_DRT_AMFM_017'...
2026-03-20 00:28:18,899 | INFO |   🔄 Updating fields for DRT-3838: 'KPIT_TC_DRT_AMFM_017...
2026-03-20 00:28:18,900 | INFO |     Failure Category : Test Env issue
2026-03-20 00:28:18,901 | INFO |     Failure Sub Category : External HW
2026-03-20 00:28:18,902 | INFO |     Previous Failure Category : ['KITE Issue', 'ICB Issue (Always)', 'Test Env Issue']
2026-03-20 00:28:18,902 | INFO |     Root Cause Details : Battery Cycle not performed, as ICB power switches are set to manual.
2026-03-20 00:28:18,903 | INFO |     Fixation Performed : Changed the relay hardware.
2026-03-20 00:28:18,904 | INFO |   ✅ Updated fields for DRT-3838: 'KPIT_TC_DRT_AMFM_017.
2026-03-20 00:28:18,904 | INFO |   🔄 Commenting on DRT-3838: 'KPIT_TC_DRT_AMFM_017...
2026-03-20 00:28:18,905 | INFO |     Date AEA1415R1.260319.1 : 2026-03-19
2026-03-20 00:28:18,906 | INFO |     Result : Fail
2026-03-20 00:28:18,906 | INFO |     Failure Category : Test Env issue
2026-03-20 00:28:18,917 | INFO |     Failure Sub Category : External HW
2026-03-20 00:28:18,917 | INFO |     Root Cause Details : Battery Cycle not performed, as ICB power switches are set to manual.
2026-03-20 00:28:18,918 | INFO |     Fixation Performed : Changed the relay hardware.
2026-03-20 00:28:18,918 | INFO |     Remarks : Executed and chekced Battery cycle and ACC cycle in 10 iteration, by manually as well as via automation.
2026-03-20 00:28:18,918 | INFO |     Reviewer : Rajashri
2026-03-20 00:28:19,475 | INFO |   ✅ Commented on DRT-3838: 'KPIT_TC_DRT_AMFM_017.

2026-03-20 00:28:20,092 | INFO | ⏳ Updating 'DRT-3942: KPIT_TC_DRT_AMFM_195'...
2026-03-20 00:28:20,092 | INFO |   🔄 Updating fields for DRT-3942: 'KPIT_TC_DRT_AMFM_195...
2026-03-20 00:28:20,093 | INFO |     Failure Category : Test Env issue
2026-03-20 00:28:20,093 | INFO |     Failure Sub Category : External HW
2026-03-20 00:28:20,094 | INFO |     Previous Failure Category : ['TS Issue']
2026-03-20 00:28:20,094 | INFO |     Root Cause Details : ACC Cycle not performed, as ICB power switches are set to manual.
2026-03-20 00:28:20,095 | INFO |     Fixation Performed : Changed the relay hardware.
2026-03-20 00:28:20,096 | INFO |   ✅ Updated fields for DRT-3942: 'KPIT_TC_DRT_AMFM_195.
2026-03-20 00:28:20,096 | INFO |   🔄 Commenting on DRT-3942: 'KPIT_TC_DRT_AMFM_195...
2026-03-20 00:28:20,097 | INFO |     Date AEA1415R1.260319.1 : 2026-03-19
2026-03-20 00:28:20,097 | INFO |     Result : Fail
2026-03-20 00:28:20,098 | INFO |     Failure Category : Test Env issue
2026-03-20 00:28:20,098 | INFO |     Failure Sub Category : External HW
2026-03-20 00:28:20,099 | INFO |     Root Cause Details : ACC Cycle not performed, as ICB power switches are set to manual.
2026-03-20 00:28:20,099 | INFO |     Fixation Performed : Changed the relay hardware.
2026-03-20 00:28:20,100 | INFO |     Remarks : Executed and chekced Battery cycle and ACC cycle in 10 iteration, by manually as well as via automation.
2026-03-20 00:28:20,100 | INFO |     Reviewer : Rajashri
2026-03-20 00:28:21,011 | INFO |   ✅ Commented on DRT-3942: 'KPIT_TC_DRT_AMFM_195.

2026-03-20 00:28:21,630 | INFO | ⏳ Updating 'DRT-3941: KPIT_TC_DRT_AMFM_196'...
2026-03-20 00:28:21,642 | INFO |   🔄 Updating fields for DRT-3941: 'KPIT_TC_DRT_AMFM_196...
2026-03-20 00:28:21,642 | INFO |     Failure Category : Test Env issue
2026-03-20 00:28:21,643 | INFO |     Failure Sub Category : External HW
2026-03-20 00:28:21,644 | INFO |     Previous Failure Category : ['TS Issue']
2026-03-20 00:28:21,645 | INFO |     Root Cause Details : Battery Cycle not performed, as ICB power switches are set to manual.
2026-03-20 00:28:21,646 | INFO |     Fixation Performed : Changed the relay hardware.
2026-03-20 00:28:21,647 | INFO |   ✅ Updated fields for DRT-3941: 'KPIT_TC_DRT_AMFM_196.
2026-03-20 00:28:21,648 | INFO |   🔄 Commenting on DRT-3941: 'KPIT_TC_DRT_AMFM_196...
2026-03-20 00:28:21,648 | INFO |     Date AEA1415R1.260319.1 : 2026-03-19
2026-03-20 00:28:21,649 | INFO |     Result : Fail
2026-03-20 00:28:21,650 | INFO |     Failure Category : Test Env issue
2026-03-20 00:28:21,650 | INFO |     Failure Sub Category : External HW
2026-03-20 00:28:21,651 | INFO |     Root Cause Details : Battery Cycle not performed, as ICB power switches are set to manual.
2026-03-20 00:28:21,651 | INFO |     Fixation Performed : Changed the relay hardware.
2026-03-20 00:28:21,652 | INFO |     Remarks : Executed and chekced Battery cycle and ACC cycle in 10 iteration, by manually as well as via automation.
2026-03-20 00:28:21,653 | INFO |     Reviewer : Rajashri
2026-03-20 00:28:22,199 | INFO |   ✅ Commented on DRT-3941: 'KPIT_TC_DRT_AMFM_196.

2026-03-20 00:28:22,460 | INFO | ⏳ Updating 'DRT-3948: KPIT_TC_DRT_DAB_047'...
2026-03-20 00:28:22,460 | INFO |   🔄 Updating fields for DRT-3948: 'KPIT_TC_DRT_DAB_047...
2026-03-20 00:28:22,461 | INFO |     Failure Category : Test Env issue
2026-03-20 00:28:22,462 | INFO |     Failure Sub Category : External HW
2026-03-20 00:28:22,462 | INFO |     Previous Failure Category : ['Test Env Issue']
2026-03-20 00:28:22,463 | INFO |     Root Cause Details : ACC Cycle not performed, as ICB power switches are set to manual.
2026-03-20 00:28:22,464 | INFO |     Fixation Performed : Changed the relay hardware.
2026-03-20 00:28:22,464 | INFO |   ✅ Updated fields for DRT-3948: 'KPIT_TC_DRT_DAB_047.
2026-03-20 00:28:22,465 | INFO |   🔄 Commenting on DRT-3948: 'KPIT_TC_DRT_DAB_047...
2026-03-20 00:28:22,465 | INFO |     Date AEA1415R1.260319.1 : 2026-03-19
2026-03-20 00:28:22,465 | INFO |     Result : Fail
2026-03-20 00:28:22,466 | INFO |     Failure Category : Test Env issue
2026-03-20 00:28:22,466 | INFO |     Failure Sub Category : External HW
2026-03-20 00:28:22,466 | INFO |     Root Cause Details : ACC Cycle not performed, as ICB power switches are set to manual.
2026-03-20 00:28:22,467 | INFO |     Fixation Performed : Changed the relay hardware.
2026-03-20 00:28:22,467 | INFO |     Remarks : Executed and chekced Battery cycle and ACC cycle in 10 iteration, by manually as well as via automation.
2026-03-20 00:28:22,467 | INFO |     Reviewer : Rajashri
2026-03-20 00:28:23,515 | INFO |   ✅ Commented on DRT-3948: 'KPIT_TC_DRT_DAB_047.

2026-03-20 00:28:24,188 | INFO | ⏳ Updating 'DRT-2044: KPIT_TC_DRT_SPCCP_103'...
2026-03-20 00:28:24,188 | INFO |   🔄 Updating fields for DRT-2044: 'KPIT_TC_DRT_SPCCP_103...
2026-03-20 00:28:24,189 | INFO |     Failure Category : Test Env issue
2026-03-20 00:28:24,189 | INFO |     Failure Sub Category : External HW
2026-03-20 00:28:24,190 | INFO |     Previous Failure Category : ['Test Env Issue']
2026-03-20 00:28:24,190 | INFO |     Root Cause Details : In precondition "To Enable DD VSP Error ON from Dealer Diag Screen", As unable to set multi touch down as as ICB power switches are set to manual, Hence due to further operation of long pess on home screen, "Reboot to Safe Mode" popup displayed.
2026-03-20 00:28:24,191 | INFO |     Fixation Performed : Changed the relay hardware.
2026-03-20 00:28:24,192 | INFO |   ✅ Updated fields for DRT-2044: 'KPIT_TC_DRT_SPCCP_103.
2026-03-20 00:28:24,193 | INFO |   🔄 Commenting on DRT-2044: 'KPIT_TC_DRT_SPCCP_103...
2026-03-20 00:28:24,193 | INFO |     Date AEA1415R1.260319.1 : 2026-03-19
2026-03-20 00:28:24,194 | INFO |     Result : Fail
2026-03-20 00:28:24,194 | INFO |     Failure Category : Test Env issue
2026-03-20 00:28:24,194 | INFO |     Failure Sub Category : External HW
2026-03-20 00:28:24,194 | INFO |     Root Cause Details : In precondition "To Enable DD VSP Error ON from Dealer Diag Screen", As unable to set multi touch down as as ICB power switches are set to manual, Hence due to further operation of long pess on home screen, "Reboot to Safe Mode" popup displayed.
2026-03-20 00:28:24,195 | INFO |     Fixation Performed : Changed the relay hardware.
2026-03-20 00:28:24,195 | INFO |     Remarks : Executed and chekced Battery cycle and ACC cycle in 10 iteration, by manually as well as via automation.
2026-03-20 00:28:24,196 | INFO |     Reviewer : Rajashri
2026-03-20 00:28:25,202 | INFO |   ✅ Commented on DRT-2044: 'KPIT_TC_DRT_SPCCP_103.

2026-03-20 00:28:25,864 | INFO | ⏳ Updating 'DRT-2046: KPIT_TC_DRT_SPCCP_096'...
2026-03-20 00:28:25,865 | INFO |   🔄 Updating fields for DRT-2046: 'KPIT_TC_DRT_SPCCP_096...
2026-03-20 00:28:25,865 | INFO |     Failure Category : Test Env issue
2026-03-20 00:28:25,866 | INFO |     Failure Sub Category : External HW
2026-03-20 00:28:25,866 | INFO |     Previous Failure Category : ['Test Env Issue']
2026-03-20 00:28:25,867 | INFO |     Root Cause Details : In precondition "To Enable DD VSP Error ON from Dealer Diag Screen", As unable to set multi touch down as as ICB power switches are set to manual, Hence due to further operation of long pess on home screen, "Reboot to Safe Mode" popup displayed.
2026-03-20 00:28:25,867 | INFO |     Fixation Performed : Changed the relay hardware.
2026-03-20 00:28:25,868 | INFO |   ✅ Updated fields for DRT-2046: 'KPIT_TC_DRT_SPCCP_096.
2026-03-20 00:28:25,868 | INFO |   🔄 Commenting on DRT-2046: 'KPIT_TC_DRT_SPCCP_096...
2026-03-20 00:28:25,868 | INFO |     Date AEA1415R1.260319.1 : 2026-03-19
2026-03-20 00:28:25,870 | INFO |     Result : Fail
2026-03-20 00:28:25,870 | INFO |     Failure Category : Test Env issue
2026-03-20 00:28:25,870 | INFO |     Failure Sub Category : External HW
2026-03-20 00:28:25,871 | INFO |     Root Cause Details : In precondition "To Enable DD VSP Error ON from Dealer Diag Screen", As unable to set multi touch down as as ICB power switches are set to manual, Hence due to further operation of long pess on home screen, "Reboot to Safe Mode" popup displayed.
2026-03-20 00:28:25,871 | INFO |     Fixation Performed : Changed the relay hardware.
2026-03-20 00:28:25,872 | INFO |     Remarks : Executed and chekced Battery cycle and ACC cycle in 10 iteration, by manually as well as via automation.
2026-03-20 00:28:25,872 | INFO |     Reviewer : Rajashri
2026-03-20 00:28:26,805 | INFO |   ✅ Commented on DRT-2046: 'KPIT_TC_DRT_SPCCP_096.

2026-03-20 00:28:27,471 | INFO | ⏳ Updating 'DRT-2037: KPIT_TC_DRT_SPCCP_037'...
2026-03-20 00:28:27,472 | INFO |   🔄 Updating fields for DRT-2037: 'KPIT_TC_DRT_SPCCP_037...
2026-03-20 00:28:27,472 | INFO |     Failure Category : Test Env issue
2026-03-20 00:28:27,474 | INFO |     Failure Sub Category : External HW
2026-03-20 00:28:27,475 | INFO |     Previous Failure Category : ['Test Env Issue']
2026-03-20 00:28:27,476 | INFO |     Root Cause Details : In precondition "To Enable DD VSP Error ON from Dealer Diag Screen", As unable to set multi touch down as as ICB power switches are set to manual, Hence due to further operation of long pess on home screen, "Reboot to Safe Mode" popup displayed.
2026-03-20 00:28:27,477 | INFO |     Fixation Performed : Changed the relay hardware.
2026-03-20 00:28:27,478 | INFO |   ✅ Updated fields for DRT-2037: 'KPIT_TC_DRT_SPCCP_037.
2026-03-20 00:28:27,478 | INFO |   🔄 Commenting on DRT-2037: 'KPIT_TC_DRT_SPCCP_037...
2026-03-20 00:28:27,479 | INFO |     Date AEA1415R1.260319.1 : 2026-03-19
2026-03-20 00:28:27,480 | INFO |     Result : Fail
2026-03-20 00:28:27,481 | INFO |     Failure Category : Test Env issue
2026-03-20 00:28:27,482 | INFO |     Failure Sub Category : External HW
2026-03-20 00:28:27,482 | INFO |     Root Cause Details : In precondition "To Enable DD VSP Error ON from Dealer Diag Screen", As unable to set multi touch down as as ICB power switches are set to manual, Hence due to further operation of long pess on home screen, "Reboot to Safe Mode" popup displayed.
2026-03-20 00:28:27,483 | INFO |     Fixation Performed : Changed the relay hardware.
2026-03-20 00:28:27,484 | INFO |     Remarks : Executed and chekced Battery cycle and ACC cycle in 10 iteration, by manually as well as via automation.
2026-03-20 00:28:27,485 | INFO |     Reviewer : Rajashri
2026-03-20 00:28:28,017 | INFO |   ✅ Commented on DRT-2037: 'KPIT_TC_DRT_SPCCP_037.

2026-03-20 00:28:28,359 | INFO | ⏳ Updating 'DRT-2045: KPIT_TC_DRT_SPCCP_097'...
2026-03-20 00:28:28,359 | INFO |   🔄 Updating fields for DRT-2045: 'KPIT_TC_DRT_SPCCP_097...
2026-03-20 00:28:28,360 | INFO |     Failure Category : Test Env issue
2026-03-20 00:28:28,360 | INFO |     Failure Sub Category : External HW
2026-03-20 00:28:28,361 | INFO |     Previous Failure Category : ['Test Env Issue']
2026-03-20 00:28:28,362 | INFO |     Root Cause Details : In precondition "To Enable DD VSP Error ON from Dealer Diag Screen", As unable to set multi touch down as as ICB power switches are set to manual, Hence due to further operation of long pess on home screen, "Reboot to Safe Mode" popup displayed.
2026-03-20 00:28:28,362 | INFO |     Fixation Performed : Changed the relay hardware.
2026-03-20 00:28:28,363 | INFO |   ✅ Updated fields for DRT-2045: 'KPIT_TC_DRT_SPCCP_097.
2026-03-20 00:28:28,363 | INFO |   🔄 Commenting on DRT-2045: 'KPIT_TC_DRT_SPCCP_097...
2026-03-20 00:28:28,363 | INFO |     Date AEA1415R1.260319.1 : 2026-03-19
2026-03-20 00:28:28,364 | INFO |     Result : Fail
2026-03-20 00:28:28,364 | INFO |     Failure Category : Test Env issue
2026-03-20 00:28:28,365 | INFO |     Failure Sub Category : External HW
2026-03-20 00:28:28,365 | INFO |     Root Cause Details : In precondition "To Enable DD VSP Error ON from Dealer Diag Screen", As unable to set multi touch down as as ICB power switches are set to manual, Hence due to further operation of long pess on home screen, "Reboot to Safe Mode" popup displayed.
2026-03-20 00:28:28,366 | INFO |     Fixation Performed : Changed the relay hardware.
2026-03-20 00:28:28,366 | INFO |     Remarks : Executed and chekced Battery cycle and ACC cycle in 10 iteration, by manually as well as via automation.
2026-03-20 00:28:28,366 | INFO |     Reviewer : Rajashri
2026-03-20 00:28:29,313 | INFO |   ✅ Commented on DRT-2045: 'KPIT_TC_DRT_SPCCP_097.

2026-03-20 00:28:29,545 | INFO | ⏳ Updating 'DRT-7601: KPIT_TC_DRT_IVI_046'...
2026-03-20 00:28:29,546 | INFO |   🔄 Updating fields for DRT-7601: 'KPIT_TC_DRT_IVI_046...
2026-03-20 00:28:29,546 | INFO |     Failure Category : Test Env issue
2026-03-20 00:28:29,546 | INFO |     Failure Sub Category : External HW
2026-03-20 00:28:29,547 | INFO |     Previous Failure Category : []
2026-03-20 00:28:29,547 | INFO |     Root Cause Details : ACC Cycle not performed, as ICB power switches are set to manual.
2026-03-20 00:28:29,548 | INFO |     Fixation Performed : Changed the relay hardware.
2026-03-20 00:28:29,548 | INFO |   ✅ Updated fields for DRT-7601: 'KPIT_TC_DRT_IVI_046.
2026-03-20 00:28:29,548 | INFO |   🔄 Commenting on DRT-7601: 'KPIT_TC_DRT_IVI_046...
2026-03-20 00:28:29,549 | INFO |     Date AEA1415R1.260319.1 : 2026-03-19
2026-03-20 00:28:29,549 | INFO |     Result : Fail
2026-03-20 00:28:29,550 | INFO |     Failure Category : Test Env issue
2026-03-20 00:28:29,550 | INFO |     Failure Sub Category : External HW
2026-03-20 00:28:29,551 | INFO |     Root Cause Details : ACC Cycle not performed, as ICB power switches are set to manual.
2026-03-20 00:28:29,551 | INFO |     Fixation Performed : Changed the relay hardware.
2026-03-20 00:28:29,552 | INFO |     Remarks : Executed and chekced Battery cycle and ACC cycle in 10 iteration, by manually as well as via automation.
2026-03-20 00:28:29,552 | INFO |     Reviewer : Rajashri
2026-03-20 00:28:30,466 | INFO |   ✅ Commented on DRT-7601: 'KPIT_TC_DRT_IVI_046.

2026-03-20 00:28:31,122 | INFO | ⏳ Updating 'DRT-3478: KPIT_TC_DRT_INL_008'...
2026-03-20 00:28:31,123 | INFO |   🔄 Updating fields for DRT-3478: 'KPIT_TC_DRT_INL_008...
2026-03-20 00:28:31,123 | INFO |     Failure Category : Test Env issue
2026-03-20 00:28:31,124 | INFO |     Failure Sub Category : External HW
2026-03-20 00:28:31,125 | INFO |     Previous Failure Category : ['Test Env Issue']
2026-03-20 00:28:31,126 | INFO |     Root Cause Details : In precondition "To Enable DD VSP Error ON from Dealer Diag Screen", As unable to set multi touch down as as ICB power switches are set to manual, Hence due to further operation of long pess on home screen, "Reboot to Safe Mode" popup displayed.
2026-03-20 00:28:31,127 | INFO |     Fixation Performed : Changed the relay hardware.
2026-03-20 00:28:31,127 | INFO |   ✅ Updated fields for DRT-3478: 'KPIT_TC_DRT_INL_008.
2026-03-20 00:28:31,128 | INFO |   🔄 Commenting on DRT-3478: 'KPIT_TC_DRT_INL_008...
2026-03-20 00:28:31,129 | INFO |     Date AEA1415R1.260319.1 : 2026-03-19
2026-03-20 00:28:31,130 | INFO |     Result : Fail
2026-03-20 00:28:31,131 | INFO |     Failure Category : Test Env issue
2026-03-20 00:28:31,131 | INFO |     Failure Sub Category : External HW
2026-03-20 00:28:31,132 | INFO |     Root Cause Details : In precondition "To Enable DD VSP Error ON from Dealer Diag Screen", As unable to set multi touch down as as ICB power switches are set to manual, Hence due to further operation of long pess on home screen, "Reboot to Safe Mode" popup displayed.
2026-03-20 00:28:31,133 | INFO |     Fixation Performed : Changed the relay hardware.
2026-03-20 00:28:31,134 | INFO |     Remarks : Executed and chekced Battery cycle and ACC cycle in 10 iteration, by manually as well as via automation.
2026-03-20 00:28:31,135 | INFO |     Reviewer : Rajashri
2026-03-20 00:28:32,089 | INFO |   ✅ Commented on DRT-3478: 'KPIT_TC_DRT_INL_008.

2026-03-20 00:28:32,347 | INFO | ⏳ Updating 'DRT-3523: KPIT_TC_DRT_INL_010'...
2026-03-20 00:28:32,348 | INFO |   🔄 Updating fields for DRT-3523: 'KPIT_TC_DRT_INL_010...
2026-03-20 00:28:32,349 | INFO |     Failure Category : Test Env issue
2026-03-20 00:28:32,349 | INFO |     Failure Sub Category : External HW
2026-03-20 00:28:32,349 | INFO |     Previous Failure Category : ['Test Env Issue']
2026-03-20 00:28:32,350 | INFO |     Root Cause Details : In precondition "To Enable DD VSP Error ON from Dealer Diag Screen", As unable to set multi touch down as as ICB power switches are set to manual, Hence due to further operation of long pess on home screen, "Reboot to Safe Mode" popup displayed.
2026-03-20 00:28:32,350 | INFO |     Fixation Performed : Changed the relay hardware.
2026-03-20 00:28:32,351 | INFO |   ✅ Updated fields for DRT-3523: 'KPIT_TC_DRT_INL_010.
2026-03-20 00:28:32,351 | INFO |   🔄 Commenting on DRT-3523: 'KPIT_TC_DRT_INL_010...
2026-03-20 00:28:32,352 | INFO |     Date AEA1415R1.260319.1 : 2026-03-19
2026-03-20 00:28:32,352 | INFO |     Result : Fail
2026-03-20 00:28:32,353 | INFO |     Failure Category : Test Env issue
2026-03-20 00:28:32,354 | INFO |     Failure Sub Category : External HW
2026-03-20 00:28:32,354 | INFO |     Root Cause Details : In precondition "To Enable DD VSP Error ON from Dealer Diag Screen", As unable to set multi touch down as as ICB power switches are set to manual, Hence due to further operation of long pess on home screen, "Reboot to Safe Mode" popup displayed.
2026-03-20 00:28:32,354 | INFO |     Fixation Performed : Changed the relay hardware.
2026-03-20 00:28:32,355 | INFO |     Remarks : Executed and chekced Battery cycle and ACC cycle in 10 iteration, by manually as well as via automation.
2026-03-20 00:28:32,355 | INFO |     Reviewer : Rajashri
2026-03-20 00:28:32,901 | INFO |   ✅ Commented on DRT-3523: 'KPIT_TC_DRT_INL_010.

2026-03-20 00:28:33,149 | INFO | ⏳ Updating 'DRT-3477: KPIT_TC_DRT_INL_024'...
2026-03-20 00:28:33,150 | INFO |   🔄 Updating fields for DRT-3477: 'KPIT_TC_DRT_INL_024...
2026-03-20 00:28:33,150 | INFO |     Failure Category : Test Env issue
2026-03-20 00:28:33,151 | INFO |     Failure Sub Category : External HW
2026-03-20 00:28:33,151 | INFO |     Previous Failure Category : []
2026-03-20 00:28:33,152 | INFO |     Root Cause Details : In precondition "To Enable DD VSP Error ON from Dealer Diag Screen", As unable to set multi touch down as as ICB power switches are set to manual, Hence due to further operation of long pess on home screen, "Reboot to Safe Mode" popup displayed.
2026-03-20 00:28:33,152 | INFO |     Fixation Performed : Changed the relay hardware.
2026-03-20 00:28:33,153 | INFO |   ✅ Updated fields for DRT-3477: 'KPIT_TC_DRT_INL_024.
2026-03-20 00:28:33,154 | INFO |   🔄 Commenting on DRT-3477: 'KPIT_TC_DRT_INL_024...
2026-03-20 00:28:33,154 | INFO |     Date AEA1415R1.260319.1 : 2026-03-19
2026-03-20 00:28:33,155 | INFO |     Result : Fail
2026-03-20 00:28:33,155 | INFO |     Failure Category : Test Env issue
2026-03-20 00:28:33,155 | INFO |     Failure Sub Category : External HW
2026-03-20 00:28:33,156 | INFO |     Root Cause Details : In precondition "To Enable DD VSP Error ON from Dealer Diag Screen", As unable to set multi touch down as as ICB power switches are set to manual, Hence due to further operation of long pess on home screen, "Reboot to Safe Mode" popup displayed.
2026-03-20 00:28:33,156 | INFO |     Fixation Performed : Changed the relay hardware.
2026-03-20 00:28:33,156 | INFO |     Remarks : Executed and chekced Battery cycle and ACC cycle in 10 iteration, by manually as well as via automation.
2026-03-20 00:28:33,157 | INFO |     Reviewer : Rajashri
2026-03-20 00:28:33,657 | INFO |   ✅ Commented on DRT-3477: 'KPIT_TC_DRT_INL_024.

2026-03-20 00:28:33,918 | INFO | ⏳ Updating 'DRT-2300: KPIT_TC_DRT_LWC_001'...
2026-03-20 00:28:33,919 | INFO |   🔄 Updating fields for DRT-2300: 'KPIT_TC_DRT_LWC_001...
2026-03-20 00:28:33,920 | INFO |     Failure Category : Test Env issue
2026-03-20 00:28:33,921 | INFO |     Failure Sub Category : External HW
2026-03-20 00:28:33,922 | INFO |     Previous Failure Category : ['Test Env Issue', 'ICB Issue (Once)']
2026-03-20 00:28:33,922 | INFO |     Root Cause Details : LWC camera image validation failed as LED strip is off and ICB power switches are set to manual.
2026-03-20 00:28:33,923 | INFO |     Fixation Performed : Changed the relay hardware.
2026-03-20 00:28:33,923 | INFO |   ✅ Updated fields for DRT-2300: 'KPIT_TC_DRT_LWC_001.
2026-03-20 00:28:33,924 | INFO |   🔄 Commenting on DRT-2300: 'KPIT_TC_DRT_LWC_001...
2026-03-20 00:28:33,925 | INFO |     Date AEA1415R1.260319.1 : 2026-03-19
2026-03-20 00:28:33,925 | INFO |     Result : Fail
2026-03-20 00:28:33,926 | INFO |     Failure Category : Test Env issue
2026-03-20 00:28:33,927 | INFO |     Failure Sub Category : External HW
2026-03-20 00:28:33,927 | INFO |     Root Cause Details : LWC camera image validation failed as LED strip is off and ICB power switches are set to manual.
2026-03-20 00:28:33,928 | INFO |     Fixation Performed : Changed the relay hardware.
2026-03-20 00:28:33,929 | INFO |     Remarks : Executed and chekced Battery cycle and ACC cycle in 10 iteration, by manually as well as via automation.
2026-03-20 00:28:33,929 | INFO |     Reviewer : Rajashri
2026-03-20 00:28:34,464 | INFO |   ✅ Commented on DRT-2300: 'KPIT_TC_DRT_LWC_001.

2026-03-20 00:28:34,710 | INFO | ⏳ Updating 'DRT-2299: KPIT_TC_DRT_LWC_002'...
2026-03-20 00:28:34,711 | INFO |   🔄 Updating fields for DRT-2299: 'KPIT_TC_DRT_LWC_002...
2026-03-20 00:28:34,711 | INFO |     Failure Category : Test Env issue
2026-03-20 00:28:34,712 | INFO |     Failure Sub Category : External HW
2026-03-20 00:28:34,713 | INFO |     Previous Failure Category : ['Test Env Issue', 'ICB Issue (Once)']
2026-03-20 00:28:34,713 | INFO |     Root Cause Details : LWC camera image validation failed as LED strip is off and ICB power switches are set to manual.
2026-03-20 00:28:34,713 | INFO |     Fixation Performed : Changed the relay hardware.
2026-03-20 00:28:34,714 | INFO |   ✅ Updated fields for DRT-2299: 'KPIT_TC_DRT_LWC_002.
2026-03-20 00:28:34,714 | INFO |   🔄 Commenting on DRT-2299: 'KPIT_TC_DRT_LWC_002...
2026-03-20 00:28:34,715 | INFO |     Date AEA1415R1.260319.1 : 2026-03-19
2026-03-20 00:28:34,715 | INFO |     Result : Fail
2026-03-20 00:28:34,716 | INFO |     Failure Category : Test Env issue
2026-03-20 00:28:34,717 | INFO |     Failure Sub Category : External HW
2026-03-20 00:28:34,717 | INFO |     Root Cause Details : LWC camera image validation failed as LED strip is off and ICB power switches are set to manual.
2026-03-20 00:28:34,718 | INFO |     Fixation Performed : Changed the relay hardware.
2026-03-20 00:28:34,719 | INFO |     Remarks : Executed and chekced Battery cycle and ACC cycle in 10 iteration, by manually as well as via automation.
2026-03-20 00:28:34,719 | INFO |     Reviewer : Rajashri
2026-03-20 00:28:35,630 | INFO |   ✅ Commented on DRT-2299: 'KPIT_TC_DRT_LWC_002.

2026-03-20 00:28:35,907 | INFO | ⏳ Updating 'DRT-2302: KPIT_TC_DRT_LWC_003'...
2026-03-20 00:28:35,908 | INFO |   🔄 Updating fields for DRT-2302: 'KPIT_TC_DRT_LWC_003...
2026-03-20 00:28:35,909 | INFO |     Failure Category : Test Env issue
2026-03-20 00:28:35,910 | INFO |     Failure Sub Category : External HW
2026-03-20 00:28:35,912 | INFO |     Previous Failure Category : ['Test Env Issue', 'ICB Issue (Once)']
2026-03-20 00:28:35,913 | INFO |     Root Cause Details : LWC camera image validation failed as LED strip is off and ICB power switches are set to manual.
2026-03-20 00:28:35,914 | INFO |     Fixation Performed : Changed the relay hardware.
2026-03-20 00:28:35,915 | INFO |   ✅ Updated fields for DRT-2302: 'KPIT_TC_DRT_LWC_003.
2026-03-20 00:28:35,916 | INFO |   🔄 Commenting on DRT-2302: 'KPIT_TC_DRT_LWC_003...
2026-03-20 00:28:35,917 | INFO |     Date AEA1415R1.260319.1 : 2026-03-19
2026-03-20 00:28:35,918 | INFO |     Result : Fail
2026-03-20 00:28:35,919 | INFO |     Failure Category : Test Env issue
2026-03-20 00:28:35,920 | INFO |     Failure Sub Category : External HW
2026-03-20 00:28:35,921 | INFO |     Root Cause Details : LWC camera image validation failed as LED strip is off and ICB power switches are set to manual.
2026-03-20 00:28:35,922 | INFO |     Fixation Performed : Changed the relay hardware.
2026-03-20 00:28:35,923 | INFO |     Remarks : Executed and chekced Battery cycle and ACC cycle in 10 iteration, by manually as well as via automation.
2026-03-20 00:28:35,923 | INFO |     Reviewer : Rajashri
2026-03-20 00:28:36,583 | INFO |   ✅ Commented on DRT-2302: 'KPIT_TC_DRT_LWC_003.

2026-03-20 00:28:36,894 | INFO | ⏳ Updating 'DRT-2301: KPIT_TC_DRT_LWC_004'...
2026-03-20 00:28:36,895 | INFO |   🔄 Updating fields for DRT-2301: 'KPIT_TC_DRT_LWC_004...
2026-03-20 00:28:36,896 | INFO |     Failure Category : Test Env issue
2026-03-20 00:28:36,897 | INFO |     Failure Sub Category : External HW
2026-03-20 00:28:36,898 | INFO |     Previous Failure Category : ['Test Env Issue']
2026-03-20 00:28:36,899 | INFO |     Root Cause Details : LWC camera image validation failed as LED strip is off and ICB power switches are set to manual.
2026-03-20 00:28:36,900 | INFO |     Fixation Performed : Changed the relay hardware.
2026-03-20 00:28:36,901 | INFO |   ✅ Updated fields for DRT-2301: 'KPIT_TC_DRT_LWC_004.
2026-03-20 00:28:36,901 | INFO |   🔄 Commenting on DRT-2301: 'KPIT_TC_DRT_LWC_004...
2026-03-20 00:28:36,902 | INFO |     Date AEA1415R1.260319.1 : 2026-03-19
2026-03-20 00:28:36,903 | INFO |     Result : Fail
2026-03-20 00:28:36,904 | INFO |     Failure Category : Test Env issue
2026-03-20 00:28:36,905 | INFO |     Failure Sub Category : External HW
2026-03-20 00:28:36,906 | INFO |     Root Cause Details : LWC camera image validation failed as LED strip is off and ICB power switches are set to manual.
2026-03-20 00:28:36,907 | INFO |     Fixation Performed : Changed the relay hardware.
2026-03-20 00:28:36,908 | INFO |     Remarks : Executed and chekced Battery cycle and ACC cycle in 10 iteration, by manually as well as via automation.
2026-03-20 00:28:36,908 | INFO |     Reviewer : Rajashri
2026-03-20 00:28:37,538 | INFO |   ✅ Commented on DRT-2301: 'KPIT_TC_DRT_LWC_004.

2026-03-20 00:28:37,831 | INFO | ⏳ Updating 'DRT-2303: KPIT_TC_DRT_PKS_011'...
2026-03-20 00:28:37,831 | INFO |   🔄 Updating fields for DRT-2303: 'KPIT_TC_DRT_PKS_011...
2026-03-20 00:28:37,832 | INFO |     Failure Category : Test Env issue
2026-03-20 00:28:37,832 | INFO |     Failure Sub Category : External HW
2026-03-20 00:28:37,833 | INFO |     Previous Failure Category : ['Test Env Issue', 'ICB Issue (Once)']
2026-03-20 00:28:37,833 | INFO |     Root Cause Details : LWC camera image validation failed as LED strip is off and ICB power switches are set to manual.
2026-03-20 00:28:37,834 | INFO |     Fixation Performed : Changed the relay hardware.
2026-03-20 00:28:37,834 | INFO |   ✅ Updated fields for DRT-2303: 'KPIT_TC_DRT_PKS_011.
2026-03-20 00:28:37,835 | INFO |   🔄 Commenting on DRT-2303: 'KPIT_TC_DRT_PKS_011...
2026-03-20 00:28:37,835 | INFO |     Date AEA1415R1.260319.1 : 2026-03-19
2026-03-20 00:28:37,836 | INFO |     Result : Fail
2026-03-20 00:28:37,837 | INFO |     Failure Category : Test Env issue
2026-03-20 00:28:37,837 | INFO |     Failure Sub Category : External HW
2026-03-20 00:28:37,837 | INFO |     Root Cause Details : LWC camera image validation failed as LED strip is off and ICB power switches are set to manual.
2026-03-20 00:28:37,838 | INFO |     Fixation Performed : Changed the relay hardware.
2026-03-20 00:28:37,838 | INFO |     Remarks : Executed and chekced Battery cycle and ACC cycle in 10 iteration, by manually as well as via automation.
2026-03-20 00:28:37,839 | INFO |     Reviewer : Rajashri
2026-03-20 00:28:38,789 | INFO |   ✅ Commented on DRT-2303: 'KPIT_TC_DRT_PKS_011.

2026-03-20 00:28:39,477 | INFO | ⏳ Updating 'DRT-3309: KPIT_TC_DRT_AVC_060'...
2026-03-20 00:28:39,478 | INFO |   🔄 Updating fields for DRT-3309: 'KPIT_TC_DRT_AVC_060...
2026-03-20 00:28:39,478 | INFO |     Failure Category : Test Env issue
2026-03-20 00:28:39,479 | INFO |     Failure Sub Category : External HW
2026-03-20 00:28:39,480 | INFO |     Previous Failure Category : ['Test Env Issue', 'KITE Issue', 'ICB Issue (Always)', 'ICB Issue (Once)']
2026-03-20 00:28:39,480 | INFO |     Root Cause Details : In precondition "To Enable DD VSP Error ON from Dealer Diag Screen", As unable to set multi touch down as as ICB power switches are set to manual, Hence due to further operation of long pess on home screen, "Reboot to Safe Mode" popup displayed.
2026-03-20 00:28:39,481 | INFO |     Fixation Performed : Changed the relay hardware.
2026-03-20 00:28:39,482 | INFO |   ✅ Updated fields for DRT-3309: 'KPIT_TC_DRT_AVC_060.
2026-03-20 00:28:39,482 | INFO |   🔄 Commenting on DRT-3309: 'KPIT_TC_DRT_AVC_060...
2026-03-20 00:28:39,483 | INFO |     Date AEA1415R1.260319.1 : 2026-03-19
2026-03-20 00:28:39,483 | INFO |     Result : Fail
2026-03-20 00:28:39,484 | INFO |     Failure Category : Test Env issue
2026-03-20 00:28:39,484 | INFO |     Failure Sub Category : External HW
2026-03-20 00:28:39,485 | INFO |     Root Cause Details : In precondition "To Enable DD VSP Error ON from Dealer Diag Screen", As unable to set multi touch down as as ICB power switches are set to manual, Hence due to further operation of long pess on home screen, "Reboot to Safe Mode" popup displayed.
2026-03-20 00:28:39,485 | INFO |     Fixation Performed : Changed the relay hardware.
2026-03-20 00:28:39,486 | INFO |     Remarks : Executed and chekced Battery cycle and ACC cycle in 10 iteration, by manually as well as via automation.
2026-03-20 00:28:39,486 | INFO |     Reviewer : Rajashri
2026-03-20 00:28:40,168 | INFO |   ✅ Commented on DRT-3309: 'KPIT_TC_DRT_AVC_060.

2026-03-20 00:28:40,516 | INFO | ⏳ Updating 'DRT-4426: KPIT_TC_DRT_AVC_219'...
2026-03-20 00:28:40,517 | INFO |   🔄 Updating fields for DRT-4426: 'KPIT_TC_DRT_AVC_219...
2026-03-20 00:28:40,518 | INFO |     Failure Category : Test Env issue
2026-03-20 00:28:40,518 | INFO |     Failure Sub Category : External HW
2026-03-20 00:28:40,518 | INFO |     Previous Failure Category : ['Test Env Issue', 'SRL/CR Changes']
2026-03-20 00:28:40,519 | INFO |     Root Cause Details : In precondition "To Enable DD VSP Error ON from Dealer Diag Screen", As unable to set multi touch down as as ICB power switches are set to manual, Hence due to further operation of long pess on home screen, "Reboot to Safe Mode" popup displayed.
2026-03-20 00:28:40,519 | INFO |     Fixation Performed : Changed the relay hardware.
2026-03-20 00:28:40,520 | INFO |   ✅ Updated fields for DRT-4426: 'KPIT_TC_DRT_AVC_219.
2026-03-20 00:28:40,520 | INFO |   🔄 Commenting on DRT-4426: 'KPIT_TC_DRT_AVC_219...
2026-03-20 00:28:40,521 | INFO |     Date AEA1415R1.260319.1 : 2026-03-19
2026-03-20 00:28:40,521 | INFO |     Result : Fail
2026-03-20 00:28:40,522 | INFO |     Failure Category : Test Env issue
2026-03-20 00:28:40,522 | INFO |     Failure Sub Category : External HW
2026-03-20 00:28:40,522 | INFO |     Root Cause Details : In precondition "To Enable DD VSP Error ON from Dealer Diag Screen", As unable to set multi touch down as as ICB power switches are set to manual, Hence due to further operation of long pess on home screen, "Reboot to Safe Mode" popup displayed.
2026-03-20 00:28:40,523 | INFO |     Fixation Performed : Changed the relay hardware.
2026-03-20 00:28:40,523 | INFO |     Remarks : Executed and chekced Battery cycle and ACC cycle in 10 iteration, by manually as well as via automation.
2026-03-20 00:28:40,524 | INFO |     Reviewer : Rajashri
2026-03-20 00:28:41,116 | INFO |   ✅ Commented on DRT-4426: 'KPIT_TC_DRT_AVC_219.

2026-03-20 00:28:41,799 | INFO | ⏳ Updating 'DRT-1841: KPIT_TC_DRT_AVC_091'...
2026-03-20 00:28:41,800 | INFO |   🔄 Updating fields for DRT-1841: 'KPIT_TC_DRT_AVC_091...
2026-03-20 00:28:41,801 | INFO |     Failure Category : Test Env issue
2026-03-20 00:28:41,802 | INFO |     Failure Sub Category : External HW
2026-03-20 00:28:41,802 | INFO |     Previous Failure Category : ['Test Env Issue', 'KITE Issue', 'TS Issue']
2026-03-20 00:28:41,803 | INFO |     Root Cause Details : In precondition "To Enable DD VSP Error ON from Dealer Diag Screen", As unable to set multi touch down as as ICB power switches are set to manual, Hence due to further operation of long pess on home screen, "Reboot to Safe Mode" popup displayed.
2026-03-20 00:28:41,804 | INFO |     Fixation Performed : Changed the relay hardware.
2026-03-20 00:28:41,804 | INFO |   ✅ Updated fields for DRT-1841: 'KPIT_TC_DRT_AVC_091.
2026-03-20 00:28:41,805 | INFO |   🔄 Commenting on DRT-1841: 'KPIT_TC_DRT_AVC_091...
2026-03-20 00:28:41,806 | INFO |     Date AEA1415R1.260319.1 : 2026-03-19
2026-03-20 00:28:41,806 | INFO |     Result : Fail
2026-03-20 00:28:41,807 | INFO |     Failure Category : Test Env issue
2026-03-20 00:28:41,808 | INFO |     Failure Sub Category : External HW
2026-03-20 00:28:41,808 | INFO |     Root Cause Details : In precondition "To Enable DD VSP Error ON from Dealer Diag Screen", As unable to set multi touch down as as ICB power switches are set to manual, Hence due to further operation of long pess on home screen, "Reboot to Safe Mode" popup displayed.
2026-03-20 00:28:41,809 | INFO |     Fixation Performed : Changed the relay hardware.
2026-03-20 00:28:41,809 | INFO |     Remarks : Executed and chekced Battery cycle and ACC cycle in 10 iteration, by manually as well as via automation.
2026-03-20 00:28:41,810 | INFO |     Reviewer : Rajashri
2026-03-20 00:28:42,885 | INFO |   ✅ Commented on DRT-1841: 'KPIT_TC_DRT_AVC_091.

2026-03-20 00:28:43,181 | INFO | ⏳ Updating 'DRT-4091: KPIT_TC_DRT_KEY_001'...
2026-03-20 00:28:43,181 | INFO |   🔄 Updating fields for DRT-4091: 'KPIT_TC_DRT_KEY_001...
2026-03-20 00:28:43,182 | INFO |     Failure Category : Test Env issue
2026-03-20 00:28:43,182 | INFO |     Failure Sub Category : External HW
2026-03-20 00:28:43,182 | INFO |     Previous Failure Category : ['Test Env Issue', 'TS Issue']
2026-03-20 00:28:43,183 | INFO |     Root Cause Details : In precondition "To Enable DD VSP Error ON from Dealer Diag Screen", As unable to set multi touch down as as ICB power switches are set to manual, Hence due to further operation of long pess on home screen, "Reboot to Safe Mode" popup displayed.
2026-03-20 00:28:43,183 | INFO |     Fixation Performed : Changed the relay hardware.
2026-03-20 00:28:43,184 | INFO |   ✅ Updated fields for DRT-4091: 'KPIT_TC_DRT_KEY_001.
2026-03-20 00:28:43,184 | INFO |   🔄 Commenting on DRT-4091: 'KPIT_TC_DRT_KEY_001...
2026-03-20 00:28:43,185 | INFO |     Date AEA1415R1.260319.1 : 2026-03-19
2026-03-20 00:28:43,186 | INFO |     Result : Fail
2026-03-20 00:28:43,186 | INFO |     Failure Category : Test Env issue
2026-03-20 00:28:43,187 | INFO |     Failure Sub Category : External HW
2026-03-20 00:28:43,188 | INFO |     Root Cause Details : In precondition "To Enable DD VSP Error ON from Dealer Diag Screen", As unable to set multi touch down as as ICB power switches are set to manual, Hence due to further operation of long pess on home screen, "Reboot to Safe Mode" popup displayed.
2026-03-20 00:28:43,188 | INFO |     Fixation Performed : Changed the relay hardware.
2026-03-20 00:28:43,188 | INFO |     Remarks : Executed and chekced Battery cycle and ACC cycle in 10 iteration, by manually as well as via automation.
2026-03-20 00:28:43,190 | INFO |     Reviewer : Rajashri
2026-03-20 00:28:43,829 | INFO |   ✅ Commented on DRT-4091: 'KPIT_TC_DRT_KEY_001.

2026-03-20 00:28:44,108 | INFO | ⏳ Updating 'DRT-4090: KPIT_TC_DRT_KEY_002'...
2026-03-20 00:28:44,108 | INFO |   🔄 Updating fields for DRT-4090: 'KPIT_TC_DRT_KEY_002...
2026-03-20 00:28:44,109 | INFO |     Failure Category : Test Env issue
2026-03-20 00:28:44,110 | INFO |     Failure Sub Category : External HW
2026-03-20 00:28:44,110 | INFO |     Previous Failure Category : ['Test Env Issue', 'TS Issue']
2026-03-20 00:28:44,111 | INFO |     Root Cause Details : In precondition "To Enable DD VSP Error ON from Dealer Diag Screen", As unable to set multi touch down as as ICB power switches are set to manual, Hence due to further operation of long pess on home screen, "Reboot to Safe Mode" popup displayed.
2026-03-20 00:28:44,111 | INFO |     Fixation Performed : Changed the relay hardware.
2026-03-20 00:28:44,112 | INFO |   ✅ Updated fields for DRT-4090: 'KPIT_TC_DRT_KEY_002.
2026-03-20 00:28:44,113 | INFO |   🔄 Commenting on DRT-4090: 'KPIT_TC_DRT_KEY_002...
2026-03-20 00:28:44,113 | INFO |     Date AEA1415R1.260319.1 : 2026-03-19
2026-03-20 00:28:44,114 | INFO |     Result : Fail
2026-03-20 00:28:44,115 | INFO |     Failure Category : Test Env issue
2026-03-20 00:28:44,115 | INFO |     Failure Sub Category : External HW
2026-03-20 00:28:44,116 | INFO |     Root Cause Details : In precondition "To Enable DD VSP Error ON from Dealer Diag Screen", As unable to set multi touch down as as ICB power switches are set to manual, Hence due to further operation of long pess on home screen, "Reboot to Safe Mode" popup displayed.
2026-03-20 00:28:44,117 | INFO |     Fixation Performed : Changed the relay hardware.
2026-03-20 00:28:44,117 | INFO |     Remarks : Executed and chekced Battery cycle and ACC cycle in 10 iteration, by manually as well as via automation.
2026-03-20 00:28:44,118 | INFO |     Reviewer : Rajashri
2026-03-20 00:28:45,041 | INFO |   ✅ Commented on DRT-4090: 'KPIT_TC_DRT_KEY_002.

2026-03-20 00:28:45,305 | INFO | ⏳ Updating 'DRT-4092: KPIT_TC_DRT_KEY_022'...
2026-03-20 00:28:45,305 | INFO |   🔄 Updating fields for DRT-4092: 'KPIT_TC_DRT_KEY_022...
2026-03-20 00:28:45,306 | INFO |     Failure Category : Test Env issue
2026-03-20 00:28:45,306 | INFO |     Failure Sub Category : External HW
2026-03-20 00:28:45,307 | INFO |     Previous Failure Category : ['Test Env Issue', 'TS Issue']
2026-03-20 00:28:45,307 | INFO |     Root Cause Details : In precondition "To Enable DD VSP Error ON from Dealer Diag Screen", As unable to set multi touch down as as ICB power switches are set to manual, Hence due to further operation of long pess on home screen, "Reboot to Safe Mode" popup displayed.
2026-03-20 00:28:45,307 | INFO |     Fixation Performed : Changed the relay hardware.
2026-03-20 00:28:45,308 | INFO |   ✅ Updated fields for DRT-4092: 'KPIT_TC_DRT_KEY_022.
2026-03-20 00:28:45,308 | INFO |   🔄 Commenting on DRT-4092: 'KPIT_TC_DRT_KEY_022...
2026-03-20 00:28:45,309 | INFO |     Date AEA1415R1.260319.1 : 2026-03-19
2026-03-20 00:28:45,309 | INFO |     Result : Fail
2026-03-20 00:28:45,309 | INFO |     Failure Category : Test Env issue
2026-03-20 00:28:45,310 | INFO |     Failure Sub Category : External HW
2026-03-20 00:28:45,310 | INFO |     Root Cause Details : In precondition "To Enable DD VSP Error ON from Dealer Diag Screen", As unable to set multi touch down as as ICB power switches are set to manual, Hence due to further operation of long pess on home screen, "Reboot to Safe Mode" popup displayed.
2026-03-20 00:28:45,311 | INFO |     Fixation Performed : Changed the relay hardware.
2026-03-20 00:28:45,311 | INFO |     Remarks : Executed and chekced Battery cycle and ACC cycle in 10 iteration, by manually as well as via automation.
2026-03-20 00:28:45,311 | INFO |     Reviewer : Rajashri
2026-03-20 00:28:46,165 | INFO |   ✅ Commented on DRT-4092: 'KPIT_TC_DRT_KEY_022.

2026-03-20 00:28:46,465 | INFO | ⏳ Updating 'DRT-1840: KPIT_TC_DRT_KEY_013'...
2026-03-20 00:28:46,465 | INFO |   🔄 Updating fields for DRT-1840: 'KPIT_TC_DRT_KEY_013...
2026-03-20 00:28:46,466 | INFO |     Failure Category : Test Env issue
2026-03-20 00:28:46,467 | INFO |     Failure Sub Category : External HW
2026-03-20 00:28:46,467 | INFO |     Previous Failure Category : ['Test Env Issue', 'ICB Issue (Always)', 'TS Issue']
2026-03-20 00:28:46,467 | INFO |     Root Cause Details : In precondition "To Enable DD VSP Error ON from Dealer Diag Screen", As unable to set multi touch down as as ICB power switches are set to manual, Hence due to further operation of long pess on home screen, "Reboot to Safe Mode" popup displayed.
2026-03-20 00:28:46,468 | INFO |     Fixation Performed : Changed the relay hardware.
2026-03-20 00:28:46,468 | INFO |   ✅ Updated fields for DRT-1840: 'KPIT_TC_DRT_KEY_013.
2026-03-20 00:28:46,469 | INFO |   🔄 Commenting on DRT-1840: 'KPIT_TC_DRT_KEY_013...
2026-03-20 00:28:46,469 | INFO |     Date AEA1415R1.260319.1 : 2026-03-19
2026-03-20 00:28:46,470 | INFO |     Result : Fail
2026-03-20 00:28:46,470 | INFO |     Failure Category : Test Env issue
2026-03-20 00:28:46,471 | INFO |     Failure Sub Category : External HW
2026-03-20 00:28:46,471 | INFO |     Root Cause Details : In precondition "To Enable DD VSP Error ON from Dealer Diag Screen", As unable to set multi touch down as as ICB power switches are set to manual, Hence due to further operation of long pess on home screen, "Reboot to Safe Mode" popup displayed.
2026-03-20 00:28:46,472 | INFO |     Fixation Performed : Changed the relay hardware.
2026-03-20 00:28:46,472 | INFO |     Remarks : Executed and chekced Battery cycle and ACC cycle in 10 iteration, by manually as well as via automation.
2026-03-20 00:28:46,472 | INFO |     Reviewer : Rajashri
2026-03-20 00:28:47,083 | INFO |   ✅ Commented on DRT-1840: 'KPIT_TC_DRT_KEY_013.

2026-03-20 00:28:47,748 | INFO | ⏳ Updating 'DRT-5308: KPIT_TC_DRT_KEY_021'...
2026-03-20 00:28:47,749 | INFO |   🔄 Updating fields for DRT-5308: 'KPIT_TC_DRT_KEY_021...
2026-03-20 00:28:47,749 | INFO |     Failure Category : Test Env issue
2026-03-20 00:28:47,750 | INFO |     Failure Sub Category : External HW
2026-03-20 00:28:47,750 | INFO |     Previous Failure Category : ['TS Issue', 'Test Env Issue']
2026-03-20 00:28:47,750 | INFO |     Root Cause Details : In precondition "To Enable DD VSP Error ON from Dealer Diag Screen", As unable to set multi touch down as as ICB power switches are set to manual, Hence due to further operation of long pess on home screen, "Reboot to Safe Mode" popup displayed.
2026-03-20 00:28:47,751 | INFO |     Fixation Performed : Changed the relay hardware.
2026-03-20 00:28:47,751 | INFO |   ✅ Updated fields for DRT-5308: 'KPIT_TC_DRT_KEY_021.
2026-03-20 00:28:47,751 | INFO |   🔄 Commenting on DRT-5308: 'KPIT_TC_DRT_KEY_021...
2026-03-20 00:28:47,752 | INFO |     Date AEA1415R1.260319.1 : 2026-03-19
2026-03-20 00:28:47,752 | INFO |     Result : Fail
2026-03-20 00:28:47,753 | INFO |     Failure Category : Test Env issue
2026-03-20 00:28:47,753 | INFO |     Failure Sub Category : External HW
2026-03-20 00:28:47,754 | INFO |     Root Cause Details : In precondition "To Enable DD VSP Error ON from Dealer Diag Screen", As unable to set multi touch down as as ICB power switches are set to manual, Hence due to further operation of long pess on home screen, "Reboot to Safe Mode" popup displayed.
2026-03-20 00:28:47,754 | INFO |     Fixation Performed : Changed the relay hardware.
2026-03-20 00:28:47,755 | INFO |     Remarks : Executed and chekced Battery cycle and ACC cycle in 10 iteration, by manually as well as via automation.
2026-03-20 00:28:47,755 | INFO |     Reviewer : Rajashri
2026-03-20 00:28:48,275 | INFO |   ✅ Commented on DRT-5308: 'KPIT_TC_DRT_KEY_021.

2026-03-20 00:28:48,276 | INFO |   ✅ JIRA UPDATE COMPLETED...

