2026-03-19 02:16:19,703 | INFO | ⏳ Updating 'DRT-7527: 12345'...
2026-03-19 02:16:19,704 | INFO |   🔄 Updating fields for DRT-7527: '12345...
2026-03-19 02:16:19,705 | INFO |     Failure Category : Human error
2026-03-19 02:16:19,705 | INFO |     Failure Sub Category : -
2026-03-19 02:16:19,706 | INFO |     Previous Failure Category : ['KITE Issue', 'Human Error', 'SRL/CR Changes']
2026-03-19 02:16:19,706 | INFO |     Root Cause Details : Root Cause Details
2026-03-19 02:16:19,707 | INFO |     Fixation Performed : Fixation Performed
2026-03-19 02:16:21,386 | INFO |   ✅ Updated fields for DRT-7527: '12345.
2026-03-19 02:16:21,387 | INFO |   🔄 Commenting on DRT-7527: '12345...
2026-03-19 02:16:21,387 | INFO |     Date Build : Date
2026-03-19 02:16:21,398 | INFO |     Result : Fail
2026-03-19 02:16:21,398 | INFO |     Failure Category : Human error
2026-03-19 02:16:21,398 | INFO |     Failure Sub Category : -
2026-03-19 02:16:21,399 | INFO |     Root Cause Details : Root Cause Details
2026-03-19 02:16:21,400 | INFO |     Fixation Performed : Fixation Performed
2026-03-19 02:16:21,400 | INFO |     Remarks : Remarks
2026-03-19 02:16:21,401 | INFO |     Reviewer : Reviewer
2026-03-19 02:16:22,526 | INFO |   ✅ Commented on DRT-7527: '12345.

2026-03-19 02:16:22,835 | INFO | ⏳ Updating 'DRT-7527: 12345'...
2026-03-19 02:16:22,836 | INFO |   🔄 Updating fields for DRT-7527: '12345...
2026-03-19 02:16:22,836 | INFO |     Failure Category : KITE issue
2026-03-19 02:16:22,837 | INFO |     Failure Sub Category : Device Mapping issue
2026-03-19 02:16:22,837 | INFO |     Previous Failure Category : ['KITE Issue', 'Human Error', 'SRL/CR Changes']
2026-03-19 02:16:22,838 | INFO |     Root Cause Details : Root Cause Details
2026-03-19 02:16:22,839 | INFO |     Fixation Performed : Fixation Performed
2026-03-19 02:16:24,480 | INFO |   ✅ Updated fields for DRT-7527: '12345.
2026-03-19 02:16:24,480 | INFO |   🔄 Commenting on DRT-7527: '12345...
2026-03-19 02:16:24,481 | INFO |     Date Build : Date
2026-03-19 02:16:24,481 | INFO |     Result : Fail
2026-03-19 02:16:24,482 | INFO |     Failure Category : KITE issue
2026-03-19 02:16:24,483 | INFO |     Failure Sub Category : Device Mapping issue
2026-03-19 02:16:24,483 | INFO |     Root Cause Details : Root Cause Details
2026-03-19 02:16:24,484 | INFO |     Fixation Performed : Fixation Performed
2026-03-19 02:16:24,485 | INFO |     Remarks : Remarks
2026-03-19 02:16:24,486 | INFO |     Reviewer : Reviewer
2026-03-19 02:16:25,000 | INFO |   ✅ Commented on DRT-7527: '12345.

2026-03-19 02:16:25,001 | INFO |   ✅ JIRA UPDATE COMPLETED...

