2026-03-19 02:12:12,964 | INFO | ⏳ Updating 'DRT-7527: 12345'...
2026-03-19 02:12:12,965 | INFO |   🔄 Updating fields for DRT-7527: '12345...
2026-03-19 02:12:12,966 | INFO |     Failure Category : Human error
2026-03-19 02:12:12,966 | INFO |     Failure Sub Category : -
2026-03-19 02:12:12,967 | INFO |     Previous Failure Category : ['KITE Issue', 'Human Error', 'SRL/CR Changes']
2026-03-19 02:12:12,967 | INFO |     Root Cause Details : Root Cause Details
2026-03-19 02:12:12,968 | INFO |     Fixation Performed : Fixation Performed
2026-03-19 02:12:14,618 | INFO |   ✅ Updated fields for DRT-7527: '12345.
2026-03-19 02:12:14,618 | INFO |   🔄 Commenting on DRT-7527: '12345...
2026-03-19 02:12:14,619 | INFO |     Date Build : Date
2026-03-19 02:12:14,630 | INFO |     Result : Fail
2026-03-19 02:12:14,630 | INFO |     Failure Category : Human error
2026-03-19 02:12:14,631 | INFO |     Failure Sub Category : -
2026-03-19 02:12:14,631 | INFO |     Root Cause Details : Root Cause Details
2026-03-19 02:12:14,632 | INFO |     Fixation Performed : Fixation Performed
2026-03-19 02:12:14,633 | INFO |     Remarks : Remarks
2026-03-19 02:12:14,633 | INFO |     Reviewer : Reviewer
2026-03-19 02:12:15,507 | INFO |   ✅ Commented on DRT-7527: '12345.

2026-03-19 02:12:16,184 | INFO | ⏳ Updating 'DRT-7527: 12345'...
2026-03-19 02:12:16,184 | INFO |   🔄 Updating fields for DRT-7527: '12345...
2026-03-19 02:12:16,185 | INFO |     Failure Category : KITE issue
2026-03-19 02:12:16,185 | INFO |     Failure Sub Category : Device Mapping issue
2026-03-19 02:12:16,186 | INFO |     Previous Failure Category : ['KITE Issue', 'Human Error', 'SRL/CR Changes']
2026-03-19 02:12:16,186 | INFO |     Root Cause Details : Root Cause Details
2026-03-19 02:12:16,186 | INFO |     Fixation Performed : Fixation Performed
2026-03-19 02:12:17,447 | INFO |   ✅ Updated fields for DRT-7527: '12345.
2026-03-19 02:12:17,448 | INFO |   🔄 Commenting on DRT-7527: '12345...
2026-03-19 02:12:17,448 | INFO |     Date Build : Date
2026-03-19 02:12:17,449 | INFO |     Result : Fail
2026-03-19 02:12:17,450 | INFO |     Failure Category : KITE issue
2026-03-19 02:12:17,450 | INFO |     Failure Sub Category : Device Mapping issue
2026-03-19 02:12:17,450 | INFO |     Root Cause Details : Root Cause Details
2026-03-19 02:12:17,450 | INFO |     Fixation Performed : Fixation Performed
2026-03-19 02:12:17,451 | INFO |     Remarks : Remarks
2026-03-19 02:12:17,451 | INFO |     Reviewer : Reviewer
2026-03-19 02:12:17,952 | INFO |   ✅ Commented on DRT-7527: '12345.

2026-03-19 02:12:17,953 | INFO |   ✅ JIRA UPDATE COMPLETED...

