2026-03-19 02:07:48,318 | INFO | ⏳ Updating 'DRT-7527: 12345'...
2026-03-19 02:07:48,318 | INFO |   🔄 Updating fields for DRT-7527: '12345...
2026-03-19 02:07:48,320 | INFO |     Failure Category : Human error
2026-03-19 02:07:48,320 | INFO |     Failure Sub Category : -
2026-03-19 02:07:48,321 | INFO |     Previous Failure Category : ['KITE Issue', 'Human Error', 'SRL/CR Changes']
2026-03-19 02:07:48,321 | INFO |     Root Cause Details : Root Cause Details
2026-03-19 02:07:48,322 | INFO |     Fixation Performed : Fixation Performed
2026-03-19 02:07:49,283 | INFO |   ✅ Updated fields for DRT-7527: '12345.
2026-03-19 02:07:49,284 | INFO |   🔄 Commenting on DRT-7527: '12345...
2026-03-19 02:07:49,284 | INFO |     Date Build : Date
2026-03-19 02:07:49,285 | INFO |     Result : Fail
2026-03-19 02:07:49,286 | INFO |     Failure Category : Human error
2026-03-19 02:07:49,286 | INFO |     Failure Sub Category : -
2026-03-19 02:07:49,287 | INFO |     Root Cause Details : Root Cause Details
2026-03-19 02:07:49,287 | INFO |     Fixation Performed : Fixation Performed
2026-03-19 02:07:49,288 | INFO |     Remarks : Remarks
2026-03-19 02:07:49,288 | INFO |     Reviewer : Reviewer
2026-03-19 02:07:49,833 | INFO |   ✅ Commented on DRT-7527: '12345.

2026-03-19 02:07:50,504 | INFO | ⏳ Updating 'DRT-7527: 12345'...
2026-03-19 02:07:50,505 | INFO |   🔄 Updating fields for DRT-7527: '12345...
2026-03-19 02:07:50,505 | INFO |     Failure Category : KITE issue
2026-03-19 02:07:50,506 | INFO |     Failure Sub Category : Device Mapping issue
2026-03-19 02:07:50,506 | INFO |     Previous Failure Category : ['KITE Issue', 'Human Error', 'SRL/CR Changes']
2026-03-19 02:07:50,507 | INFO |     Root Cause Details : Root Cause Details
2026-03-19 02:07:50,507 | INFO |     Fixation Performed : Fixation Performed
2026-03-19 02:07:51,711 | INFO |   ✅ Updated fields for DRT-7527: '12345.
2026-03-19 02:07:51,711 | INFO |   🔄 Commenting on DRT-7527: '12345...
2026-03-19 02:07:51,712 | INFO |     Date Build : Date
2026-03-19 02:07:51,712 | INFO |     Result : Fail
2026-03-19 02:07:51,713 | INFO |     Failure Category : KITE issue
2026-03-19 02:07:51,713 | INFO |     Failure Sub Category : Device Mapping issue
2026-03-19 02:07:51,714 | INFO |     Root Cause Details : Root Cause Details
2026-03-19 02:07:51,714 | INFO |     Fixation Performed : Fixation Performed
2026-03-19 02:07:51,715 | INFO |     Remarks : Remarks
2026-03-19 02:07:51,715 | INFO |     Reviewer : Reviewer
2026-03-19 02:07:52,205 | INFO |   ✅ Commented on DRT-7527: '12345.

2026-03-19 02:07:52,205 | INFO |   ✅ JIRA UPDATE COMPLETED...

