2026-03-18 01:54:34,596 | INFO | ⏳ Updating 'DRT-7527: 12345'...
2026-03-18 01:54:34,597 | INFO |   🔄 Updating fields for DRT-7527: '12345...
2026-03-18 01:54:34,598 | INFO |     Failure Category : Human error
2026-03-18 01:54:34,598 | INFO |     Failure Sub Category : -
2026-03-18 01:54:34,599 | INFO |     Previous Failure Category : []
2026-03-18 01:54:34,599 | INFO |     Root Cause Details : Root Cause Details
2026-03-18 01:54:34,600 | INFO |     Fixation Performed : Fixation Performed
2026-03-18 01:54:36,108 | INFO |   ✅ Updated fields for DRT-7527: '12345.
2026-03-18 01:54:36,109 | INFO |   🔄 Commenting on DRT-7527: '12345...
2026-03-18 01:54:36,109 | INFO |     Date Build : Date
2026-03-18 01:54:36,111 | INFO |     Result : Fail
2026-03-18 01:54:36,111 | INFO |     Failure Category : Human error
2026-03-18 01:54:36,112 | INFO |     Failure Sub Category : -
2026-03-18 01:54:36,112 | INFO |     Root Cause Details : Root Cause Details
2026-03-18 01:54:36,113 | INFO |     Fixation Performed : Fixation Performed
2026-03-18 01:54:36,113 | INFO |     Remarks : Remarks
2026-03-18 01:54:36,114 | INFO |     Reviewer : Reviewer
2026-03-18 01:54:37,103 | INFO |   ✅ Commented on DRT-7527: '12345.

2026-03-18 01:54:37,846 | INFO | ⏳ Updating 'DRT-7527: 12345'...
2026-03-18 01:54:37,847 | INFO |   🔄 Updating fields for DRT-7527: '12345...
2026-03-18 01:54:37,847 | INFO |     Failure Category : KITE issue
2026-03-18 01:54:37,848 | INFO |     Failure Sub Category : Device Mapping issue
2026-03-18 01:54:37,848 | INFO |     Previous Failure Category : []
2026-03-18 01:54:37,849 | INFO |     Root Cause Details : Root Cause Details
2026-03-18 01:54:37,849 | INFO |     Fixation Performed : Fixation Performed
2026-03-18 01:54:39,533 | INFO |   ✅ Updated fields for DRT-7527: '12345.
2026-03-18 01:54:39,534 | INFO |   🔄 Commenting on DRT-7527: '12345...
2026-03-18 01:54:39,535 | INFO |     Date Build : Date
2026-03-18 01:54:39,536 | INFO |     Result : Fail
2026-03-18 01:54:39,537 | INFO |     Failure Category : KITE issue
2026-03-18 01:54:39,538 | INFO |     Failure Sub Category : Device Mapping issue
2026-03-18 01:54:39,538 | INFO |     Root Cause Details : Root Cause Details
2026-03-18 01:54:39,539 | INFO |     Fixation Performed : Fixation Performed
2026-03-18 01:54:39,540 | INFO |     Remarks : Remarks
2026-03-18 01:54:39,541 | INFO |     Reviewer : Reviewer
2026-03-18 01:54:40,552 | INFO |   ✅ Commented on DRT-7527: '12345.

2026-03-18 01:54:40,553 | INFO |   ✅ JIRA UPDATE COMPLETED...

