2026-03-19 02:40:41,943 | INFO | ⏳ Updating 'DRT-7527: 12345'...
2026-03-19 02:40:41,944 | INFO |   🔄 Updating fields for DRT-7527: '12345...
2026-03-19 02:40:41,945 | INFO |     Failure Category : ICB issue
2026-03-19 02:40:41,946 | INFO |     Failure Sub Category : Once seen
2026-03-19 02:40:41,948 | INFO |     Previous Failure Category : ['KITE Issue', 'Human Error', 'SRL/CR Changes']
2026-03-19 02:40:41,948 | INFO |     Root Cause Details : Root Cause Details
2026-03-19 02:40:41,949 | INFO |     Fixation Performed : Fixation Performed
2026-03-19 02:40:43,566 | INFO |   ✅ Updated fields for DRT-7527: '12345.
2026-03-19 02:40:43,567 | INFO |   🔄 Commenting on DRT-7527: '12345...
2026-03-19 02:40:43,568 | INFO |     Date Build : Date
2026-03-19 02:40:43,568 | INFO |     Result : Fail
2026-03-19 02:40:43,568 | INFO |     Failure Category : ICB issue
2026-03-19 02:40:43,569 | INFO |     Failure Sub Category : Once seen
2026-03-19 02:40:43,569 | INFO |     Root Cause Details : Root Cause Details
2026-03-19 02:40:43,570 | INFO |     Fixation Performed : Fixation Performed
2026-03-19 02:40:43,570 | INFO |     Remarks : Remarks
2026-03-19 02:40:43,570 | INFO |     Reviewer : Reviewer
2026-03-19 02:40:44,052 | INFO |   ✅ Commented on DRT-7527: '12345.

2026-03-19 02:40:44,700 | INFO | ⏳ Updating 'DRT-7527: 12345'...
2026-03-19 02:40:44,702 | INFO |   🔄 Updating fields for DRT-7527: '12345...
2026-03-19 02:40:44,702 | INFO |     Failure Category : ICB issue
2026-03-19 02:40:44,703 | INFO |     Failure Sub Category : Always
2026-03-19 02:40:44,703 | INFO |     Previous Failure Category : ['KITE Issue', 'Human Error', 'SRL/CR Changes']
2026-03-19 02:40:44,704 | INFO |     Root Cause Details : Root Cause Details
2026-03-19 02:40:44,704 | INFO |     Fixation Performed : Fixation Performed
2026-03-19 02:40:45,887 | INFO |   ✅ Updated fields for DRT-7527: '12345.
2026-03-19 02:40:45,888 | INFO |   🔄 Commenting on DRT-7527: '12345...
2026-03-19 02:40:45,888 | INFO |     Date Build : Date
2026-03-19 02:40:45,889 | INFO |     Result : Fail
2026-03-19 02:40:45,889 | INFO |     Failure Category : ICB issue
2026-03-19 02:40:45,890 | INFO |     Failure Sub Category : Always
2026-03-19 02:40:45,890 | INFO |     Root Cause Details : Root Cause Details
2026-03-19 02:40:45,891 | INFO |     Fixation Performed : Fixation Performed
2026-03-19 02:40:45,891 | INFO |     Remarks : Remarks
2026-03-19 02:40:45,891 | INFO |     Reviewer : Reviewer
2026-03-19 02:40:46,685 | INFO |   ✅ Commented on DRT-7527: '12345.

2026-03-19 02:40:46,686 | INFO |   ✅ JIRA UPDATE COMPLETED...

