2026-03-19 02:16:40,725 | INFO | ⏳ Updating 'DRT-7527: 12345'...
2026-03-19 02:16:40,726 | INFO |   🔄 Updating fields for DRT-7527: '12345...
2026-03-19 02:16:40,726 | INFO |     Failure Category : Human error
2026-03-19 02:16:40,727 | INFO |     Failure Sub Category : -
2026-03-19 02:16:40,727 | INFO |     Previous Failure Category : ['KITE Issue', 'Human Error', 'SRL/CR Changes']
2026-03-19 02:16:40,728 | INFO |     Root Cause Details : Root Cause Details
2026-03-19 02:16:40,729 | INFO |     Fixation Performed : Fixation Performed
2026-03-19 02:16:41,630 | INFO |   ✅ Updated fields for DRT-7527: '12345.
2026-03-19 02:16:41,631 | INFO |   🔄 Commenting on DRT-7527: '12345...
2026-03-19 02:16:41,631 | INFO |     Date Build : Date
2026-03-19 02:16:41,642 | INFO |     Result : Fail
2026-03-19 02:16:41,643 | INFO |     Failure Category : Human error
2026-03-19 02:16:41,643 | INFO |     Failure Sub Category : -
2026-03-19 02:16:41,644 | INFO |     Root Cause Details : Root Cause Details
2026-03-19 02:16:41,644 | INFO |     Fixation Performed : Fixation Performed
2026-03-19 02:16:41,644 | INFO |     Remarks : Remarks
2026-03-19 02:16:41,645 | INFO |     Reviewer : Reviewer
2026-03-19 02:16:42,500 | INFO |   ✅ Commented on DRT-7527: '12345.

2026-03-19 02:16:42,797 | INFO | ⏳ Updating 'DRT-7527: 12345'...
2026-03-19 02:16:42,797 | INFO |   🔄 Updating fields for DRT-7527: '12345...
2026-03-19 02:16:42,798 | INFO |     Failure Category : KITE issue
2026-03-19 02:16:42,798 | INFO |     Failure Sub Category : Device Mapping issue
2026-03-19 02:16:42,798 | INFO |     Previous Failure Category : ['KITE Issue', 'Human Error', 'SRL/CR Changes']
2026-03-19 02:16:42,799 | INFO |     Root Cause Details : Root Cause Details
2026-03-19 02:16:42,799 | INFO |     Fixation Performed : Fixation Performed
2026-03-19 02:16:44,119 | INFO |   ✅ Updated fields for DRT-7527: '12345.
2026-03-19 02:16:44,120 | INFO |   🔄 Commenting on DRT-7527: '12345...
2026-03-19 02:16:44,120 | INFO |     Date Build : Date
2026-03-19 02:16:44,121 | INFO |     Result : Fail
2026-03-19 02:16:44,122 | INFO |     Failure Category : KITE issue
2026-03-19 02:16:44,122 | INFO |     Failure Sub Category : Device Mapping issue
2026-03-19 02:16:44,123 | INFO |     Root Cause Details : Root Cause Details
2026-03-19 02:16:44,123 | INFO |     Fixation Performed : Fixation Performed
2026-03-19 02:16:44,124 | INFO |     Remarks : Remarks
2026-03-19 02:16:44,125 | INFO |     Reviewer : Reviewer
2026-03-19 02:16:44,979 | INFO |   ✅ Commented on DRT-7527: '12345.

2026-03-19 02:16:44,979 | INFO |   ✅ JIRA UPDATE COMPLETED...

