2026-03-18 01:37:34,832 | INFO | ⏳ Updating 'DRT-7527: 12345'...
2026-03-18 01:37:34,832 | INFO |   🔄 Updating fields for DRT-7527: '12345...
2026-03-18 01:37:34,833 | INFO |     Failure Category : Human error
2026-03-18 01:37:34,834 | INFO |     Failure Sub Category : -
2026-03-18 01:37:34,834 | INFO |     Previous Failure Category : []
2026-03-18 01:37:34,835 | INFO |     Root Cause Details : Root Cause Details
2026-03-18 01:37:34,836 | INFO |     Fixation Performed : Fixation Performed
2026-03-18 01:37:36,207 | INFO |   ✅ Updated fields for DRT-7527: '12345.
2026-03-18 01:37:36,208 | INFO |   🔄 Commenting on DRT-7527: '12345...
2026-03-18 01:37:36,209 | INFO |     Date Build : Date
2026-03-18 01:37:36,219 | INFO |     Result : Fail
2026-03-18 01:37:36,220 | INFO |     Failure Category : Human error
2026-03-18 01:37:36,221 | INFO |     Failure Sub Category : -
2026-03-18 01:37:36,221 | INFO |     Root Cause Details : Root Cause Details
2026-03-18 01:37:36,222 | INFO |     Fixation Performed : Fixation Performed
2026-03-18 01:37:36,222 | INFO |     Remarks : Remarks
2026-03-18 01:37:36,223 | INFO |     Reviewer : Reviewer
2026-03-18 01:37:37,224 | INFO |   ✅ Commented on DRT-7527: '12345.

2026-03-18 01:37:37,921 | INFO | ⏳ Updating 'DRT-7527: 12345'...
2026-03-18 01:37:37,921 | INFO |   🔄 Updating fields for DRT-7527: '12345...
2026-03-18 01:37:37,922 | INFO |     Failure Category : KITE issue
2026-03-18 01:37:37,922 | INFO |     Failure Sub Category : Device Mapping issue
2026-03-18 01:37:37,923 | INFO |     Previous Failure Category : []
2026-03-18 01:37:37,923 | INFO |     Root Cause Details : Root Cause Details
2026-03-18 01:37:37,924 | INFO |     Fixation Performed : Fixation Performed
2026-03-18 01:37:39,179 | INFO |   ✅ Updated fields for DRT-7527: '12345.
2026-03-18 01:37:39,180 | INFO |   🔄 Commenting on DRT-7527: '12345...
2026-03-18 01:37:39,181 | INFO |     Date Build : Date
2026-03-18 01:37:39,182 | INFO |     Result : Fail
2026-03-18 01:37:39,183 | INFO |     Failure Category : KITE issue
2026-03-18 01:37:39,183 | INFO |     Failure Sub Category : Device Mapping issue
2026-03-18 01:37:39,184 | INFO |     Root Cause Details : Root Cause Details
2026-03-18 01:37:39,185 | INFO |     Fixation Performed : Fixation Performed
2026-03-18 01:37:39,186 | INFO |     Remarks : Remarks
2026-03-18 01:37:39,187 | INFO |     Reviewer : Reviewer
2026-03-18 01:37:40,165 | INFO |   ✅ Commented on DRT-7527: '12345.

2026-03-18 01:37:40,166 | INFO |   ✅ JIRA UPDATE COMPLETED...

