2026-03-19 02:09:18,776 | INFO | ⏳ Updating 'DRT-7527: 12345'...
2026-03-19 02:09:18,777 | INFO |   🔄 Updating fields for DRT-7527: '12345...
2026-03-19 02:09:18,778 | INFO |     Failure Category : Human error
2026-03-19 02:09:18,779 | INFO |     Failure Sub Category : -
2026-03-19 02:09:18,779 | INFO |     Previous Failure Category : ['KITE Issue', 'Human Error', 'SRL/CR Changes']
2026-03-19 02:09:18,780 | INFO |     Root Cause Details : Root Cause Details
2026-03-19 02:09:18,781 | INFO |     Fixation Performed : Fixation Performed
2026-03-19 02:09:20,058 | INFO |   ✅ Updated fields for DRT-7527: '12345.
2026-03-19 02:09:20,059 | INFO |   🔄 Commenting on DRT-7527: '12345...
2026-03-19 02:09:20,059 | INFO |     Date Build : Date
2026-03-19 02:09:20,061 | INFO |     Result : Fail
2026-03-19 02:09:20,061 | INFO |     Failure Category : Human error
2026-03-19 02:09:20,062 | INFO |     Failure Sub Category : -
2026-03-19 02:09:20,062 | INFO |     Root Cause Details : Root Cause Details
2026-03-19 02:09:20,063 | INFO |     Fixation Performed : Fixation Performed
2026-03-19 02:09:20,063 | INFO |     Remarks : Remarks
2026-03-19 02:09:20,064 | INFO |     Reviewer : Reviewer
2026-03-19 02:09:20,949 | INFO |   ✅ Commented on DRT-7527: '12345.

2026-03-19 02:09:21,246 | INFO | ⏳ Updating 'DRT-7527: 12345'...
2026-03-19 02:09:21,247 | INFO |   🔄 Updating fields for DRT-7527: '12345...
2026-03-19 02:09:21,248 | INFO |     Failure Category : KITE issue
2026-03-19 02:09:21,248 | INFO |     Failure Sub Category : Device Mapping issue
2026-03-19 02:09:21,248 | INFO |     Previous Failure Category : ['KITE Issue', 'Human Error', 'SRL/CR Changes']
2026-03-19 02:09:21,249 | INFO |     Root Cause Details : Root Cause Details
2026-03-19 02:09:21,249 | INFO |     Fixation Performed : Fixation Performed
2026-03-19 02:09:22,092 | INFO |   ✅ Updated fields for DRT-7527: '12345.
2026-03-19 02:09:22,093 | INFO |   🔄 Commenting on DRT-7527: '12345...
2026-03-19 02:09:22,093 | INFO |     Date Build : Date
2026-03-19 02:09:22,094 | INFO |     Result : Fail
2026-03-19 02:09:22,094 | INFO |     Failure Category : KITE issue
2026-03-19 02:09:22,095 | INFO |     Failure Sub Category : Device Mapping issue
2026-03-19 02:09:22,095 | INFO |     Root Cause Details : Root Cause Details
2026-03-19 02:09:22,096 | INFO |     Fixation Performed : Fixation Performed
2026-03-19 02:09:22,096 | INFO |     Remarks : Remarks
2026-03-19 02:09:22,097 | INFO |     Reviewer : Reviewer
2026-03-19 02:09:22,948 | INFO |   ✅ Commented on DRT-7527: '12345.

2026-03-19 02:09:22,949 | INFO |   ✅ JIRA UPDATE COMPLETED...

