2026-03-19 02:46:06,421 | INFO | ⏳ Updating 'DRT-7527: 12345'...
2026-03-19 02:46:06,422 | INFO |   🔄 Updating fields for DRT-7527: '12345...
2026-03-19 02:46:06,422 | INFO |     Failure Category : ICB issue
2026-03-19 02:46:06,423 | INFO |     Failure Sub Category : Once seen
2026-03-19 02:46:06,423 | INFO |     Previous Failure Category : ['KITE Issue', 'Human Error', 'SRL/CR Changes']
2026-03-19 02:46:06,424 | INFO |     Root Cause Details : Root Cause Details
2026-03-19 02:46:06,424 | INFO |     Fixation Performed : Fixation Performed
2026-03-19 02:46:07,597 | INFO |   ✅ Updated fields for DRT-7527: '12345.
2026-03-19 02:46:07,599 | INFO |   🔄 Commenting on DRT-7527: '12345...
2026-03-19 02:46:07,612 | INFO |     Date Build : Date
2026-03-19 02:46:07,613 | INFO |     Result : Fail
2026-03-19 02:46:07,613 | INFO |     Failure Category : ICB issue
2026-03-19 02:46:07,614 | INFO |     Failure Sub Category : Once seen
2026-03-19 02:46:07,615 | INFO |     Root Cause Details : Root Cause Details
2026-03-19 02:46:07,616 | INFO |     Fixation Performed : Fixation Performed
2026-03-19 02:46:07,616 | INFO |     Remarks : Remarks
2026-03-19 02:46:07,617 | INFO |     Reviewer : Reviewer
2026-03-19 02:46:08,535 | INFO |   ✅ Commented on DRT-7527: '12345.

2026-03-19 02:46:09,196 | INFO | ⏳ Updating 'DRT-7527: 12345'...
2026-03-19 02:46:09,198 | INFO |   🔄 Updating fields for DRT-7527: '12345...
2026-03-19 02:46:09,198 | INFO |     Failure Category : ICB issue
2026-03-19 02:46:09,199 | INFO |     Failure Sub Category : Always
2026-03-19 02:46:09,199 | INFO |     Previous Failure Category : ['KITE Issue', 'Human Error', 'SRL/CR Changes']
2026-03-19 02:46:09,199 | INFO |     Root Cause Details : Root Cause Details
2026-03-19 02:46:09,200 | INFO |     Fixation Performed : Fixation Performed
2026-03-19 02:46:10,112 | INFO |   ✅ Updated fields for DRT-7527: '12345.
2026-03-19 02:46:10,113 | INFO |   🔄 Commenting on DRT-7527: '12345...
2026-03-19 02:46:10,114 | INFO |     Date Build : Date
2026-03-19 02:46:10,114 | INFO |     Result : Fail
2026-03-19 02:46:10,115 | INFO |     Failure Category : ICB issue
2026-03-19 02:46:10,115 | INFO |     Failure Sub Category : Always
2026-03-19 02:46:10,116 | INFO |     Root Cause Details : Root Cause Details
2026-03-19 02:46:10,116 | INFO |     Fixation Performed : Fixation Performed
2026-03-19 02:46:10,117 | INFO |     Remarks : Remarks
2026-03-19 02:46:10,117 | INFO |     Reviewer : Reviewer
2026-03-19 02:46:10,583 | INFO |   ✅ Commented on DRT-7527: '12345.

2026-03-19 02:46:10,583 | INFO |   ✅ JIRA UPDATE COMPLETED...

