2026-03-19 02:19:46,748 | INFO | ⏳ Updating 'DRT-7527: 12345'...
2026-03-19 02:19:46,749 | INFO |   🔄 Updating fields for DRT-7527: '12345...
2026-03-19 02:19:46,749 | INFO |     Failure Category : ICB issue
2026-03-19 02:19:46,750 | INFO |     Failure Sub Category : Once seen
2026-03-19 02:19:46,751 | INFO |     Previous Failure Category : ['KITE Issue', 'Human Error', 'SRL/CR Changes']
2026-03-19 02:19:46,752 | INFO |     Root Cause Details : Root Cause Details
2026-03-19 02:19:46,753 | INFO |     Fixation Performed : Fixation Performed
2026-03-19 02:19:48,050 | INFO |   ✅ Updated fields for DRT-7527: '12345.
2026-03-19 02:19:48,051 | INFO |   🔄 Commenting on DRT-7527: '12345...
2026-03-19 02:19:48,061 | INFO |     Date Build : Date
2026-03-19 02:19:48,062 | INFO |     Result : Fail
2026-03-19 02:19:48,062 | INFO |     Failure Category : ICB issue
2026-03-19 02:19:48,063 | INFO |     Failure Sub Category : Once seen
2026-03-19 02:19:48,063 | INFO |     Root Cause Details : Root Cause Details
2026-03-19 02:19:48,064 | INFO |     Fixation Performed : Fixation Performed
2026-03-19 02:19:48,064 | INFO |     Remarks : Remarks
2026-03-19 02:19:48,065 | INFO |     Reviewer : Reviewer
2026-03-19 02:19:48,555 | INFO |   ✅ Commented on DRT-7527: '12345.

2026-03-19 02:19:49,263 | INFO | ⏳ Updating 'DRT-7527: 12345'...
2026-03-19 02:19:49,264 | INFO |   🔄 Updating fields for DRT-7527: '12345...
2026-03-19 02:19:49,264 | INFO |     Failure Category : ICB issue
2026-03-19 02:19:49,264 | INFO |     Failure Sub Category : Always
2026-03-19 02:19:49,265 | INFO |     Previous Failure Category : ['KITE Issue', 'Human Error', 'SRL/CR Changes']
2026-03-19 02:19:49,265 | INFO |     Root Cause Details : Root Cause Details
2026-03-19 02:19:49,266 | INFO |     Fixation Performed : Fixation Performed
2026-03-19 02:19:50,533 | INFO |   ✅ Updated fields for DRT-7527: '12345.
2026-03-19 02:19:50,534 | INFO |   🔄 Commenting on DRT-7527: '12345...
2026-03-19 02:19:50,534 | INFO |     Date Build : Date
2026-03-19 02:19:50,535 | INFO |     Result : Fail
2026-03-19 02:19:50,535 | INFO |     Failure Category : ICB issue
2026-03-19 02:19:50,536 | INFO |     Failure Sub Category : Always
2026-03-19 02:19:50,536 | INFO |     Root Cause Details : Root Cause Details
2026-03-19 02:19:50,537 | INFO |     Fixation Performed : Fixation Performed
2026-03-19 02:19:50,537 | INFO |     Remarks : Remarks
2026-03-19 02:19:50,538 | INFO |     Reviewer : Reviewer
2026-03-19 02:19:51,388 | INFO |   ✅ Commented on DRT-7527: '12345.

2026-03-19 02:19:51,389 | INFO |   ✅ JIRA UPDATE COMPLETED...

