2026-03-18 01:58:45,668 | INFO | ⏳ Updating 'DRT-7527: 12345'...
2026-03-18 01:58:45,669 | INFO |   🔄 Updating fields for DRT-7527: '12345...
2026-03-18 01:58:45,670 | INFO |     Failure Category : Human error
2026-03-18 01:58:45,671 | INFO |     Failure Sub Category : -
2026-03-18 01:58:45,672 | INFO |     Previous Failure Category : []
2026-03-18 01:58:45,673 | INFO |     Root Cause Details : Root Cause Details
2026-03-18 01:58:45,674 | INFO |     Fixation Performed : Fixation Performed
2026-03-18 01:58:46,828 | INFO |   ✅ Updated fields for DRT-7527: '12345.
2026-03-18 01:58:46,829 | INFO |   🔄 Commenting on DRT-7527: '12345...
2026-03-18 01:58:46,829 | INFO |     Date Build : Date
2026-03-18 01:58:46,830 | INFO |     Result : Fail
2026-03-18 01:58:46,831 | INFO |     Failure Category : Human error
2026-03-18 01:58:46,831 | INFO |     Failure Sub Category : -
2026-03-18 01:58:46,832 | INFO |     Root Cause Details : Root Cause Details
2026-03-18 01:58:46,832 | INFO |     Fixation Performed : Fixation Performed
2026-03-18 01:58:46,833 | INFO |     Remarks : Remarks
2026-03-18 01:58:46,833 | INFO |     Reviewer : Reviewer
2026-03-18 01:58:47,389 | INFO |   ✅ Commented on DRT-7527: '12345.

2026-03-18 01:58:47,692 | INFO | ⏳ Updating 'DRT-7527: 12345'...
2026-03-18 01:58:47,692 | INFO |   🔄 Updating fields for DRT-7527: '12345...
2026-03-18 01:58:47,693 | INFO |     Failure Category : KITE issue
2026-03-18 01:58:47,693 | INFO |     Failure Sub Category : Device Mapping issue
2026-03-18 01:58:47,694 | INFO |     Previous Failure Category : []
2026-03-18 01:58:47,694 | INFO |     Root Cause Details : Root Cause Details
2026-03-18 01:58:47,695 | INFO |     Fixation Performed : Fixation Performed
2026-03-18 01:58:48,721 | INFO |   ✅ Updated fields for DRT-7527: '12345.
2026-03-18 01:58:48,721 | INFO |   🔄 Commenting on DRT-7527: '12345...
2026-03-18 01:58:48,722 | INFO |     Date Build : Date
2026-03-18 01:58:48,722 | INFO |     Result : Fail
2026-03-18 01:58:48,723 | INFO |     Failure Category : KITE issue
2026-03-18 01:58:48,723 | INFO |     Failure Sub Category : Device Mapping issue
2026-03-18 01:58:48,723 | INFO |     Root Cause Details : Root Cause Details
2026-03-18 01:58:48,724 | INFO |     Fixation Performed : Fixation Performed
2026-03-18 01:58:48,724 | INFO |     Remarks : Remarks
2026-03-18 01:58:48,725 | INFO |     Reviewer : Reviewer
2026-03-18 01:58:49,698 | INFO |   ✅ Commented on DRT-7527: '12345.

2026-03-18 01:58:49,699 | INFO |   ✅ JIRA UPDATE COMPLETED...

