2026-03-19 02:36:44,989 | INFO | ⏳ Updating 'DRT-7527: 12345'...
2026-03-19 02:36:44,990 | INFO |   🔄 Updating fields for DRT-7527: '12345...
2026-03-19 02:36:44,990 | INFO |     Failure Category : ICB issue
2026-03-19 02:36:44,991 | INFO |     Failure Sub Category : Once seen
2026-03-19 02:36:44,992 | INFO |     Previous Failure Category : ['KITE Issue', 'Human Error', 'SRL/CR Changes']
2026-03-19 02:36:44,992 | INFO |     Root Cause Details : Root Cause Details
2026-03-19 02:36:44,993 | INFO |     Fixation Performed : Fixation Performed
2026-03-19 02:36:46,300 | INFO |   ✅ Updated fields for DRT-7527: '12345.
2026-03-19 02:36:46,301 | INFO |   🔄 Commenting on DRT-7527: '12345...
2026-03-19 02:36:46,312 | INFO |     Date Build : Date
2026-03-19 02:36:46,312 | INFO |     Result : Fail
2026-03-19 02:36:46,313 | INFO |     Failure Category : ICB issue
2026-03-19 02:36:46,314 | INFO |     Failure Sub Category : Once seen
2026-03-19 02:36:46,315 | INFO |     Root Cause Details : Root Cause Details
2026-03-19 02:36:46,315 | INFO |     Fixation Performed : Fixation Performed
2026-03-19 02:36:46,316 | INFO |     Remarks : Remarks
2026-03-19 02:36:46,317 | INFO |     Reviewer : Reviewer
2026-03-19 02:36:46,796 | INFO |   ✅ Commented on DRT-7527: '12345.

2026-03-19 02:36:47,163 | INFO | ⏳ Updating 'DRT-7527: 12345'...
2026-03-19 02:36:47,164 | INFO |   🔄 Updating fields for DRT-7527: '12345...
2026-03-19 02:36:47,164 | INFO |     Failure Category : ICB issue
2026-03-19 02:36:47,165 | INFO |     Failure Sub Category : Always
2026-03-19 02:36:47,166 | INFO |     Previous Failure Category : ['KITE Issue', 'Human Error', 'SRL/CR Changes']
2026-03-19 02:36:47,167 | INFO |     Root Cause Details : Root Cause Details
2026-03-19 02:36:47,167 | INFO |     Fixation Performed : Fixation Performed
2026-03-19 02:36:48,816 | INFO |   ✅ Updated fields for DRT-7527: '12345.
2026-03-19 02:36:48,817 | INFO |   🔄 Commenting on DRT-7527: '12345...
2026-03-19 02:36:48,817 | INFO |     Date Build : Date
2026-03-19 02:36:48,818 | INFO |     Result : Fail
2026-03-19 02:36:48,818 | INFO |     Failure Category : ICB issue
2026-03-19 02:36:48,819 | INFO |     Failure Sub Category : Always
2026-03-19 02:36:48,819 | INFO |     Root Cause Details : Root Cause Details
2026-03-19 02:36:48,819 | INFO |     Fixation Performed : Fixation Performed
2026-03-19 02:36:48,820 | INFO |     Remarks : Remarks
2026-03-19 02:36:48,820 | INFO |     Reviewer : Reviewer
2026-03-19 02:36:49,619 | INFO |   ✅ Commented on DRT-7527: '12345.

2026-03-19 02:36:49,619 | INFO |   ✅ JIRA UPDATE COMPLETED...

