2026-03-19 02:44:35,744 | INFO | ⏳ Updating 'DRT-7527: 12345'...
2026-03-19 02:44:35,745 | INFO |   🔄 Updating fields for DRT-7527: '12345...
2026-03-19 02:44:35,745 | INFO |     Failure Category : ICB issue
2026-03-19 02:44:35,746 | INFO |     Failure Sub Category : Once seen
2026-03-19 02:44:35,746 | INFO |     Previous Failure Category : ['KITE Issue', 'Human Error', 'SRL/CR Changes']
2026-03-19 02:44:35,747 | INFO |     Root Cause Details : Root Cause Details
2026-03-19 02:44:35,748 | INFO |     Fixation Performed : Fixation Performed
2026-03-19 02:44:37,147 | INFO |   ✅ Updated fields for DRT-7527: '12345.
2026-03-19 02:44:37,148 | INFO |   🔄 Commenting on DRT-7527: '12345...
2026-03-19 02:44:37,159 | INFO |     Date Build : Date
2026-03-19 02:44:37,159 | INFO |     Result : Fail
2026-03-19 02:44:37,160 | INFO |     Failure Category : ICB issue
2026-03-19 02:44:37,160 | INFO |     Failure Sub Category : Once seen
2026-03-19 02:44:37,160 | INFO |     Root Cause Details : Root Cause Details
2026-03-19 02:44:37,160 | INFO |     Fixation Performed : Fixation Performed
2026-03-19 02:44:37,161 | INFO |     Remarks : Remarks
2026-03-19 02:44:37,161 | INFO |     Reviewer : Reviewer
2026-03-19 02:44:37,997 | INFO |   ✅ Commented on DRT-7527: '12345.

2026-03-19 02:44:38,652 | INFO | ⏳ Updating 'DRT-7527: 12345'...
2026-03-19 02:44:38,652 | INFO |   🔄 Updating fields for DRT-7527: '12345...
2026-03-19 02:44:38,653 | INFO |     Failure Category : ICB issue
2026-03-19 02:44:38,653 | INFO |     Failure Sub Category : Always
2026-03-19 02:44:38,653 | INFO |     Previous Failure Category : ['KITE Issue', 'Human Error', 'SRL/CR Changes']
2026-03-19 02:44:38,653 | INFO |     Root Cause Details : Root Cause Details
2026-03-19 02:44:38,654 | INFO |     Fixation Performed : Fixation Performed
2026-03-19 02:44:39,988 | INFO |   ✅ Updated fields for DRT-7527: '12345.
2026-03-19 02:44:39,989 | INFO |   🔄 Commenting on DRT-7527: '12345...
2026-03-19 02:44:39,990 | INFO |     Date Build : Date
2026-03-19 02:44:39,990 | INFO |     Result : Fail
2026-03-19 02:44:39,991 | INFO |     Failure Category : ICB issue
2026-03-19 02:44:39,992 | INFO |     Failure Sub Category : Always
2026-03-19 02:44:39,992 | INFO |     Root Cause Details : Root Cause Details
2026-03-19 02:44:39,993 | INFO |     Fixation Performed : Fixation Performed
2026-03-19 02:44:39,994 | INFO |     Remarks : Remarks
2026-03-19 02:44:39,994 | INFO |     Reviewer : Reviewer
2026-03-19 02:44:40,842 | INFO |   ✅ Commented on DRT-7527: '12345.

2026-03-19 02:44:40,843 | INFO |   ✅ JIRA UPDATE COMPLETED...

