2026-03-19 02:14:42,130 | INFO | ⏳ Updating 'DRT-7527: 12345'...
2026-03-19 02:14:42,131 | INFO |   🔄 Updating fields for DRT-7527: '12345...
2026-03-19 02:14:42,132 | INFO |     Failure Category : Human error
2026-03-19 02:14:42,132 | INFO |     Failure Sub Category : -
2026-03-19 02:14:42,133 | INFO |     Previous Failure Category : ['KITE Issue', 'Human Error', 'SRL/CR Changes']
2026-03-19 02:14:42,134 | INFO |     Root Cause Details : Root Cause Details
2026-03-19 02:14:42,134 | INFO |     Fixation Performed : Fixation Performed
2026-03-19 02:14:43,590 | INFO |   ✅ Updated fields for DRT-7527: '12345.
2026-03-19 02:14:43,591 | INFO |   🔄 Commenting on DRT-7527: '12345...
2026-03-19 02:14:43,592 | INFO |     Date Build : Date
2026-03-19 02:14:43,604 | INFO |     Result : Fail
2026-03-19 02:14:43,605 | INFO |     Failure Category : Human error
2026-03-19 02:14:43,606 | INFO |     Failure Sub Category : -
2026-03-19 02:14:43,607 | INFO |     Root Cause Details : Root Cause Details
2026-03-19 02:14:43,607 | INFO |     Fixation Performed : Fixation Performed
2026-03-19 02:14:43,608 | INFO |     Remarks : Remarks
2026-03-19 02:14:43,609 | INFO |     Reviewer : Reviewer
2026-03-19 02:14:44,074 | INFO |   ✅ Commented on DRT-7527: '12345.

2026-03-19 02:14:44,731 | INFO | ⏳ Updating 'DRT-7527: 12345'...
2026-03-19 02:14:44,732 | INFO |   🔄 Updating fields for DRT-7527: '12345...
2026-03-19 02:14:44,732 | INFO |     Failure Category : KITE issue
2026-03-19 02:14:44,732 | INFO |     Failure Sub Category : Device Mapping issue
2026-03-19 02:14:44,733 | INFO |     Previous Failure Category : ['KITE Issue', 'Human Error', 'SRL/CR Changes']
2026-03-19 02:14:44,733 | INFO |     Root Cause Details : Root Cause Details
2026-03-19 02:14:44,734 | INFO |     Fixation Performed : Fixation Performed
2026-03-19 02:14:46,031 | INFO |   ✅ Updated fields for DRT-7527: '12345.
2026-03-19 02:14:46,031 | INFO |   🔄 Commenting on DRT-7527: '12345...
2026-03-19 02:14:46,032 | INFO |     Date Build : Date
2026-03-19 02:14:46,033 | INFO |     Result : Fail
2026-03-19 02:14:46,033 | INFO |     Failure Category : KITE issue
2026-03-19 02:14:46,034 | INFO |     Failure Sub Category : Device Mapping issue
2026-03-19 02:14:46,035 | INFO |     Root Cause Details : Root Cause Details
2026-03-19 02:14:46,035 | INFO |     Fixation Performed : Fixation Performed
2026-03-19 02:14:46,036 | INFO |     Remarks : Remarks
2026-03-19 02:14:46,036 | INFO |     Reviewer : Reviewer
2026-03-19 02:14:46,475 | INFO |   ✅ Commented on DRT-7527: '12345.

2026-03-19 02:14:46,476 | INFO |   ✅ JIRA UPDATE COMPLETED...

