2026-03-19 02:44:08,290 | INFO | ⏳ Updating 'DRT-7527: 12345'...
2026-03-19 02:44:08,291 | INFO |   🔄 Updating fields for DRT-7527: '12345...
2026-03-19 02:44:08,291 | INFO |     Failure Category : ICB issue
2026-03-19 02:44:08,292 | INFO |     Failure Sub Category : Once seen
2026-03-19 02:44:08,292 | INFO |     Previous Failure Category : ['KITE Issue', 'Human Error', 'SRL/CR Changes']
2026-03-19 02:44:08,293 | INFO |     Root Cause Details : Root Cause Details
2026-03-19 02:44:08,293 | INFO |     Fixation Performed : Fixation Performed
2026-03-19 02:44:09,554 | INFO |   ✅ Updated fields for DRT-7527: '12345.
2026-03-19 02:44:09,555 | INFO |   🔄 Commenting on DRT-7527: '12345...
2026-03-19 02:44:09,556 | INFO |     Date Build : Date
2026-03-19 02:44:09,556 | INFO |     Result : Fail
2026-03-19 02:44:09,557 | INFO |     Failure Category : ICB issue
2026-03-19 02:44:09,558 | INFO |     Failure Sub Category : Once seen
2026-03-19 02:44:09,558 | INFO |     Root Cause Details : Root Cause Details
2026-03-19 02:44:09,558 | INFO |     Fixation Performed : Fixation Performed
2026-03-19 02:44:09,559 | INFO |     Remarks : Remarks
2026-03-19 02:44:09,560 | INFO |     Reviewer : Reviewer
2026-03-19 02:44:10,039 | INFO |   ✅ Commented on DRT-7527: '12345.

2026-03-19 02:44:10,355 | INFO | ⏳ Updating 'DRT-7527: 12345'...
2026-03-19 02:44:10,356 | INFO |   🔄 Updating fields for DRT-7527: '12345...
2026-03-19 02:44:10,357 | INFO |     Failure Category : ICB issue
2026-03-19 02:44:10,357 | INFO |     Failure Sub Category : Always
2026-03-19 02:44:10,357 | INFO |     Previous Failure Category : ['KITE Issue', 'Human Error', 'SRL/CR Changes']
2026-03-19 02:44:10,358 | INFO |     Root Cause Details : Root Cause Details
2026-03-19 02:44:10,358 | INFO |     Fixation Performed : Fixation Performed
2026-03-19 02:44:12,128 | INFO |   ✅ Updated fields for DRT-7527: '12345.
2026-03-19 02:44:12,129 | INFO |   🔄 Commenting on DRT-7527: '12345...
2026-03-19 02:44:12,130 | INFO |     Date Build : Date
2026-03-19 02:44:12,130 | INFO |     Result : Fail
2026-03-19 02:44:12,130 | INFO |     Failure Category : ICB issue
2026-03-19 02:44:12,131 | INFO |     Failure Sub Category : Always
2026-03-19 02:44:12,131 | INFO |     Root Cause Details : Root Cause Details
2026-03-19 02:44:12,131 | INFO |     Fixation Performed : Fixation Performed
2026-03-19 02:44:12,132 | INFO |     Remarks : Remarks
2026-03-19 02:44:12,132 | INFO |     Reviewer : Reviewer
2026-03-19 02:44:12,637 | INFO |   ✅ Commented on DRT-7527: '12345.

2026-03-19 02:44:12,638 | INFO |   ✅ JIRA UPDATE COMPLETED...

