2026-03-19 02:14:21,321 | INFO | ⏳ Updating 'DRT-7527: 12345'...
2026-03-19 02:14:21,322 | INFO |   🔄 Updating fields for DRT-7527: '12345...
2026-03-19 02:14:21,323 | INFO |     Failure Category : Human error
2026-03-19 02:14:21,324 | INFO |     Failure Sub Category : -
2026-03-19 02:14:21,324 | INFO |     Previous Failure Category : ['KITE Issue', 'Human Error', 'SRL/CR Changes']
2026-03-19 02:14:21,325 | INFO |     Root Cause Details : Root Cause Details
2026-03-19 02:14:21,325 | INFO |     Fixation Performed : Fixation Performed
2026-03-19 02:14:22,760 | INFO |   ✅ Updated fields for DRT-7527: '12345.
2026-03-19 02:14:22,761 | INFO |   🔄 Commenting on DRT-7527: '12345...
2026-03-19 02:14:22,761 | INFO |     Date Build : Date
2026-03-19 02:14:22,772 | INFO |     Result : Fail
2026-03-19 02:14:22,773 | INFO |     Failure Category : Human error
2026-03-19 02:14:22,773 | INFO |     Failure Sub Category : -
2026-03-19 02:14:22,774 | INFO |     Root Cause Details : Root Cause Details
2026-03-19 02:14:22,774 | INFO |     Fixation Performed : Fixation Performed
2026-03-19 02:14:22,775 | INFO |     Remarks : Remarks
2026-03-19 02:14:22,775 | INFO |     Reviewer : Reviewer
2026-03-19 02:14:23,292 | INFO |   ✅ Commented on DRT-7527: '12345.

2026-03-19 02:14:23,600 | INFO | ⏳ Updating 'DRT-7527: 12345'...
2026-03-19 02:14:23,600 | INFO |   🔄 Updating fields for DRT-7527: '12345...
2026-03-19 02:14:23,601 | INFO |     Failure Category : KITE issue
2026-03-19 02:14:23,601 | INFO |     Failure Sub Category : Device Mapping issue
2026-03-19 02:14:23,602 | INFO |     Previous Failure Category : ['KITE Issue', 'Human Error', 'SRL/CR Changes']
2026-03-19 02:14:23,602 | INFO |     Root Cause Details : Root Cause Details
2026-03-19 02:14:23,603 | INFO |     Fixation Performed : Fixation Performed
2026-03-19 02:14:24,853 | INFO |   ✅ Updated fields for DRT-7527: '12345.
2026-03-19 02:14:24,854 | INFO |   🔄 Commenting on DRT-7527: '12345...
2026-03-19 02:14:24,854 | INFO |     Date Build : Date
2026-03-19 02:14:24,855 | INFO |     Result : Fail
2026-03-19 02:14:24,855 | INFO |     Failure Category : KITE issue
2026-03-19 02:14:24,856 | INFO |     Failure Sub Category : Device Mapping issue
2026-03-19 02:14:24,856 | INFO |     Root Cause Details : Root Cause Details
2026-03-19 02:14:24,857 | INFO |     Fixation Performed : Fixation Performed
2026-03-19 02:14:24,857 | INFO |     Remarks : Remarks
2026-03-19 02:14:24,857 | INFO |     Reviewer : Reviewer
2026-03-19 02:14:25,302 | INFO |   ✅ Commented on DRT-7527: '12345.

2026-03-19 02:14:25,302 | INFO |   ✅ JIRA UPDATE COMPLETED...

