2026-03-21 11:58:54,195 | INFO | ⏳ Updating 'DRT-1737: KPIT_TC_DRT_USB_065'...
2026-03-21 11:58:54,198 | INFO |   🔄 Updating fields for DRT-1737: 'KPIT_TC_DRT_USB_065...
2026-03-21 11:58:54,199 | INFO |     Failure Category : Test Env issue
2026-03-21 11:58:54,201 | INFO |     Failure Sub Category : Automation Setup malfunction
2026-03-21 11:58:54,202 | INFO |     Previous Failure Category : ['Test Env Issue', 'KITE Issue']
2026-03-21 11:58:54,203 | INFO |     Root Cause Details : Video comparison failed due camera calibration difference.
2026-03-21 11:58:54,204 | INFO |     Fixation Performed : Camera and Dobot calibration were performed.
2026-03-21 11:58:56,096 | INFO |   ✅ Updated fields for DRT-1737: 'KPIT_TC_DRT_USB_065.
2026-03-21 11:58:56,098 | INFO |   🔄 Commenting on DRT-1737: 'KPIT_TC_DRT_USB_065...
2026-03-21 11:58:56,098 | INFO |     Date [Build] :  2026-03-19[AEA1414S0.260319.1]
2026-03-21 11:58:56,099 | INFO |     Result : Fail
2026-03-21 11:58:56,100 | INFO |     Failure Category : Test Env issue
2026-03-21 11:58:56,100 | INFO |     Failure Sub Category : Automation Setup malfunction
2026-03-21 11:58:56,101 | INFO |     Root Cause Details : Video comparison failed due camera calibration difference.
2026-03-21 11:58:56,102 | INFO |     Fixation Performed : Camera and Dobot calibration were performed.
2026-03-21 11:58:56,103 | INFO |     Remarks : Checked camera and Dobot calibration after performing calibration; it is working as expected. We will monitor this in the next overnight execution.
2026-03-21 11:58:56,103 | INFO |     Reviewer : Rajashri
2026-03-21 11:58:58,491 | INFO |   ✅ Commented on DRT-1737: 'KPIT_TC_DRT_USB_065.

2026-03-21 11:58:59,132 | INFO | ⏳ Updating 'DRT-3863: KPIT_TC_DRT_USB_100'...
2026-03-21 11:58:59,133 | INFO |   🔄 Updating fields for DRT-3863: 'KPIT_TC_DRT_USB_100...
2026-03-21 11:58:59,133 | INFO |     Failure Category : Test Env issue
2026-03-21 11:58:59,133 | INFO |     Failure Sub Category : Automation Setup malfunction
2026-03-21 11:58:59,134 | INFO |     Previous Failure Category : ['Test Env Issue', 'ICB Issue (Once)']
2026-03-21 11:58:59,134 | INFO |     Root Cause Details : Video comparison failed due camera calibration difference.
2026-03-21 11:58:59,135 | INFO |     Fixation Performed : Camera and Dobot calibration were performed.
2026-03-21 11:59:00,566 | INFO |   ✅ Updated fields for DRT-3863: 'KPIT_TC_DRT_USB_100.
2026-03-21 11:59:00,567 | INFO |   🔄 Commenting on DRT-3863: 'KPIT_TC_DRT_USB_100...
2026-03-21 11:59:00,567 | INFO |     Date [Build] :  2026-03-19[AEA1414S0.260319.1]
2026-03-21 11:59:00,568 | INFO |     Result : Fail
2026-03-21 11:59:00,568 | INFO |     Failure Category : Test Env issue
2026-03-21 11:59:00,568 | INFO |     Failure Sub Category : Automation Setup malfunction
2026-03-21 11:59:00,569 | INFO |     Root Cause Details : Video comparison failed due camera calibration difference.
2026-03-21 11:59:00,569 | INFO |     Fixation Performed : Camera and Dobot calibration were performed.
2026-03-21 11:59:00,569 | INFO |     Remarks : Checked camera and Dobot calibration after performing calibration; it is working as expected. We will monitor this in the next overnight execution.
2026-03-21 11:59:00,571 | INFO |     Reviewer : Rajashri
2026-03-21 11:59:01,052 | INFO |   ✅ Commented on DRT-3863: 'KPIT_TC_DRT_USB_100.

2026-03-21 11:59:01,684 | INFO | ⏳ Updating 'DRT-7509: KPIT_TC_DRT_USB_042'...
2026-03-21 11:59:01,685 | INFO |   🔄 Updating fields for DRT-7509: 'KPIT_TC_DRT_USB_042...
2026-03-21 11:59:01,686 | INFO |     Failure Category : Test Env issue
2026-03-21 11:59:01,686 | INFO |     Failure Sub Category : Automation Setup malfunction
2026-03-21 11:59:01,687 | INFO |     Previous Failure Category : ['Test Env Issue']
2026-03-21 11:59:01,688 | INFO |     Root Cause Details : Video comparison failed due camera calibration difference.
2026-03-21 11:59:01,689 | INFO |     Fixation Performed : Camera and Dobot calibration were performed.
2026-03-21 11:59:03,153 | INFO |   ✅ Updated fields for DRT-7509: 'KPIT_TC_DRT_USB_042.
2026-03-21 11:59:03,153 | INFO |   🔄 Commenting on DRT-7509: 'KPIT_TC_DRT_USB_042...
2026-03-21 11:59:03,153 | INFO |     Date [Build] :  2026-03-19[AEA1414S0.260319.1]
2026-03-21 11:59:03,154 | INFO |     Result : Fail
2026-03-21 11:59:03,156 | INFO |     Failure Category : Test Env issue
2026-03-21 11:59:03,156 | INFO |     Failure Sub Category : Automation Setup malfunction
2026-03-21 11:59:03,156 | INFO |     Root Cause Details : Video comparison failed due camera calibration difference.
2026-03-21 11:59:03,157 | INFO |     Fixation Performed : Camera and Dobot calibration were performed.
2026-03-21 11:59:03,158 | INFO |     Remarks : Checked camera and Dobot calibration after performing calibration; it is working as expected. We will monitor this in the next overnight execution.
2026-03-21 11:59:03,158 | INFO |     Reviewer : Rajashri
2026-03-21 11:59:03,645 | INFO |   ✅ Commented on DRT-7509: 'KPIT_TC_DRT_USB_042.

2026-03-21 11:59:04,276 | INFO | ⏳ Updating 'DRT-7510: KPIT_TC_DRT_USB_157'...
2026-03-21 11:59:04,277 | INFO |   🔄 Updating fields for DRT-7510: 'KPIT_TC_DRT_USB_157...
2026-03-21 11:59:04,278 | INFO |     Failure Category : Test Env issue
2026-03-21 11:59:04,278 | INFO |     Failure Sub Category : Automation Setup malfunction
2026-03-21 11:59:04,279 | INFO |     Previous Failure Category : ['Test Env Issue']
2026-03-21 11:59:04,279 | INFO |     Root Cause Details : Video comparison failed due camera calibration difference.
2026-03-21 11:59:04,280 | INFO |     Fixation Performed : Camera and Dobot calibration were performed.
2026-03-21 11:59:05,639 | INFO |   ✅ Updated fields for DRT-7510: 'KPIT_TC_DRT_USB_157.
2026-03-21 11:59:05,641 | INFO |   🔄 Commenting on DRT-7510: 'KPIT_TC_DRT_USB_157...
2026-03-21 11:59:05,641 | INFO |     Date [Build] :  2026-03-19[AEA1414S0.260319.1]
2026-03-21 11:59:05,642 | INFO |     Result : Fail
2026-03-21 11:59:05,642 | INFO |     Failure Category : Test Env issue
2026-03-21 11:59:05,642 | INFO |     Failure Sub Category : Automation Setup malfunction
2026-03-21 11:59:05,643 | INFO |     Root Cause Details : Video comparison failed due camera calibration difference.
2026-03-21 11:59:05,643 | INFO |     Fixation Performed : Camera and Dobot calibration were performed.
2026-03-21 11:59:05,643 | INFO |     Remarks : Checked camera and Dobot calibration after performing calibration; it is working as expected. We will monitor this in the next overnight execution.
2026-03-21 11:59:05,644 | INFO |     Reviewer : Rajashri
2026-03-21 11:59:06,601 | INFO |   ✅ Commented on DRT-7510: 'KPIT_TC_DRT_USB_157.

2026-03-21 11:59:07,279 | INFO | ⏳ Updating 'DRT-6294: KPIT_TC_DRT_USB_073'...
2026-03-21 11:59:07,280 | INFO |   🔄 Updating fields for DRT-6294: 'KPIT_TC_DRT_USB_073...
2026-03-21 11:59:07,280 | INFO |     Failure Category : Test Env issue
2026-03-21 11:59:07,281 | INFO |     Failure Sub Category : Automation Setup malfunction
2026-03-21 11:59:07,281 | INFO |     Previous Failure Category : ['Test Env Issue']
2026-03-21 11:59:07,281 | INFO |     Root Cause Details : Video comparison failed due camera calibration difference.
2026-03-21 11:59:07,282 | INFO |     Fixation Performed : Camera and Dobot calibration were performed.
2026-03-21 11:59:08,613 | INFO |   ✅ Updated fields for DRT-6294: 'KPIT_TC_DRT_USB_073.
2026-03-21 11:59:08,614 | INFO |   🔄 Commenting on DRT-6294: 'KPIT_TC_DRT_USB_073...
2026-03-21 11:59:08,614 | INFO |     Date [Build] :  2026-03-19[AEA1414S0.260319.1]
2026-03-21 11:59:08,614 | INFO |     Result : Fail
2026-03-21 11:59:08,615 | INFO |     Failure Category : Test Env issue
2026-03-21 11:59:08,615 | INFO |     Failure Sub Category : Automation Setup malfunction
2026-03-21 11:59:08,615 | INFO |     Root Cause Details : Video comparison failed due camera calibration difference.
2026-03-21 11:59:08,615 | INFO |     Fixation Performed : Camera and Dobot calibration were performed.
2026-03-21 11:59:08,616 | INFO |     Remarks : Checked camera and Dobot calibration after performing calibration; it is working as expected. We will monitor this in the next overnight execution.
2026-03-21 11:59:08,616 | INFO |     Reviewer : Rajashri
2026-03-21 11:59:09,297 | INFO |   ✅ Commented on DRT-6294: 'KPIT_TC_DRT_USB_073.

2026-03-21 11:59:10,195 | INFO | ⏳ Updating 'DRT-3253: KPIT_TC_DRT_USB_074'...
2026-03-21 11:59:10,196 | INFO |   🔄 Updating fields for DRT-3253: 'KPIT_TC_DRT_USB_074...
2026-03-21 11:59:10,197 | INFO |     Failure Category : Test Env issue
2026-03-21 11:59:10,198 | INFO |     Failure Sub Category : Automation Setup malfunction
2026-03-21 11:59:10,200 | INFO |     Previous Failure Category : []
2026-03-21 11:59:10,200 | INFO |     Root Cause Details : Video comparison failed due camera calibration difference.
2026-03-21 11:59:10,201 | INFO |     Fixation Performed : Camera and Dobot calibration were performed.
2026-03-21 11:59:11,156 | INFO |   ✅ Updated fields for DRT-3253: 'KPIT_TC_DRT_USB_074.
2026-03-21 11:59:11,157 | INFO |   🔄 Commenting on DRT-3253: 'KPIT_TC_DRT_USB_074...
2026-03-21 11:59:11,158 | INFO |     Date [Build] :  2026-03-19[AEA1414S0.260319.1]
2026-03-21 11:59:11,158 | INFO |     Result : Fail
2026-03-21 11:59:11,159 | INFO |     Failure Category : Test Env issue
2026-03-21 11:59:11,159 | INFO |     Failure Sub Category : Automation Setup malfunction
2026-03-21 11:59:11,160 | INFO |     Root Cause Details : Video comparison failed due camera calibration difference.
2026-03-21 11:59:11,160 | INFO |     Fixation Performed : Camera and Dobot calibration were performed.
2026-03-21 11:59:11,160 | INFO |     Remarks : Checked camera and Dobot calibration after performing calibration; it is working as expected. We will monitor this in the next overnight execution.
2026-03-21 11:59:11,161 | INFO |     Reviewer : Rajashri
2026-03-21 11:59:11,938 | INFO |   ✅ Commented on DRT-3253: 'KPIT_TC_DRT_USB_074.

2026-03-21 11:59:12,420 | INFO | ⏳ Updating 'DRT-2551: KPIT_TC_FNC_USB_0796_0001'...
2026-03-21 11:59:12,422 | INFO |   🔄 Updating fields for DRT-2551: 'KPIT_TC_FNC_USB_0796_0001...
2026-03-21 11:59:12,422 | INFO |     Failure Category : Test Env issue
2026-03-21 11:59:12,423 | INFO |     Failure Sub Category : Automation Setup malfunction
2026-03-21 11:59:12,424 | INFO |     Previous Failure Category : ['Test Env Issue']
2026-03-21 11:59:12,424 | INFO |     Root Cause Details : Video comparison failed due camera calibration difference.
2026-03-21 11:59:12,425 | INFO |     Fixation Performed : Camera and Dobot calibration were performed.
2026-03-21 11:59:13,891 | INFO |   ✅ Updated fields for DRT-2551: 'KPIT_TC_FNC_USB_0796_0001.
2026-03-21 11:59:13,892 | INFO |   🔄 Commenting on DRT-2551: 'KPIT_TC_FNC_USB_0796_0001...
2026-03-21 11:59:13,893 | INFO |     Date [Build] :  2026-03-19[AEA1414S0.260319.1]
2026-03-21 11:59:13,894 | INFO |     Result : Fail
2026-03-21 11:59:13,894 | INFO |     Failure Category : Test Env issue
2026-03-21 11:59:13,895 | INFO |     Failure Sub Category : Automation Setup malfunction
2026-03-21 11:59:13,896 | INFO |     Root Cause Details : Video comparison failed due camera calibration difference.
2026-03-21 11:59:13,897 | INFO |     Fixation Performed : Camera and Dobot calibration were performed.
2026-03-21 11:59:13,897 | INFO |     Remarks : Checked camera and Dobot calibration after performing calibration; it is working as expected. We will monitor this in the next overnight execution.
2026-03-21 11:59:13,898 | INFO |     Reviewer : Rajashri
2026-03-21 11:59:14,562 | INFO |   ✅ Commented on DRT-2551: 'KPIT_TC_FNC_USB_0796_0001.

2026-03-21 11:59:14,977 | INFO | ⏳ Updating 'DRT-1754: KPIT_TC_DRT_DAB_048'...
2026-03-21 11:59:14,979 | INFO |   🔄 Updating fields for DRT-1754: 'KPIT_TC_DRT_DAB_048...
2026-03-21 11:59:14,980 | INFO |     Failure Category : Test Env issue
2026-03-21 11:59:14,981 | INFO |     Failure Sub Category : Automation Setup malfunction
2026-03-21 11:59:14,982 | INFO |     Previous Failure Category : ['Test Env Issue', 'Human Error']
2026-03-21 11:59:14,983 | INFO |     Root Cause Details : Change Language screen was not displayed after selecting the Change Language button on the Arabic Disclaimer popup. It seems to be a soft touch issue due to robot calibration.
2026-03-21 11:59:14,984 | INFO |     Fixation Performed : Camera and Dobot calibration were performed.
2026-03-21 11:59:16,338 | INFO |   ✅ Updated fields for DRT-1754: 'KPIT_TC_DRT_DAB_048.
2026-03-21 11:59:16,339 | INFO |   🔄 Commenting on DRT-1754: 'KPIT_TC_DRT_DAB_048...
2026-03-21 11:59:16,339 | INFO |     Date [Build] :  2026-03-19[AEA1414S0.260319.1]
2026-03-21 11:59:16,340 | INFO |     Result : Fail
2026-03-21 11:59:16,340 | INFO |     Failure Category : Test Env issue
2026-03-21 11:59:16,341 | INFO |     Failure Sub Category : Automation Setup malfunction
2026-03-21 11:59:16,344 | INFO |     Root Cause Details : Change Language screen was not displayed after selecting the Change Language button on the Arabic Disclaimer popup. It seems to be a soft touch issue due to robot calibration.
2026-03-21 11:59:16,345 | INFO |     Fixation Performed : Camera and Dobot calibration were performed.
2026-03-21 11:59:16,346 | INFO |     Remarks : Checked camera and Dobot calibration after performing calibration; it is working as expected. We will monitor this in the next overnight execution.
2026-03-21 11:59:16,347 | INFO |     Reviewer : Rajashri
2026-03-21 11:59:17,257 | INFO |   ✅ Commented on DRT-1754: 'KPIT_TC_DRT_DAB_048.

2026-03-21 11:59:17,562 | INFO | ⏳ Updating 'DRT-2009: KPIT_TC_DRT_SPCCP_103'...
2026-03-21 11:59:17,563 | INFO |   🔄 Updating fields for DRT-2009: 'KPIT_TC_DRT_SPCCP_103...
2026-03-21 11:59:17,564 | INFO |     Failure Category : Test Env issue
2026-03-21 11:59:17,565 | INFO |     Failure Sub Category : Automation Setup malfunction
2026-03-21 11:59:17,566 | INFO |     Previous Failure Category : ['Test Env Issue', 'ICB Issue (Always)']
2026-03-21 11:59:17,567 | INFO |     Root Cause Details : In precondition, while connecting the CarPlay device to ICB, after selecting the Home button twice, the ICB screen did not transition to Home screen page 1. It seems to be a soft touch issue due to robot calibration.
2026-03-21 11:59:17,568 | INFO |     Fixation Performed : Camera and Dobot calibration were performed.
2026-03-21 11:59:18,509 | INFO |   ✅ Updated fields for DRT-2009: 'KPIT_TC_DRT_SPCCP_103.
2026-03-21 11:59:18,510 | INFO |   🔄 Commenting on DRT-2009: 'KPIT_TC_DRT_SPCCP_103...
2026-03-21 11:59:18,511 | INFO |     Date [Build] :  2026-03-19[AEA1414S0.260319.1]
2026-03-21 11:59:18,512 | INFO |     Result : Fail
2026-03-21 11:59:18,512 | INFO |     Failure Category : Test Env issue
2026-03-21 11:59:18,513 | INFO |     Failure Sub Category : Automation Setup malfunction
2026-03-21 11:59:18,514 | INFO |     Root Cause Details : In precondition, while connecting the CarPlay device to ICB, after selecting the Home button twice, the ICB screen did not transition to Home screen page 1. It seems to be a soft touch issue due to robot calibration.
2026-03-21 11:59:18,514 | INFO |     Fixation Performed : Camera and Dobot calibration were performed.
2026-03-21 11:59:18,515 | INFO |     Remarks : Checked camera and Dobot calibration after performing calibration; it is working as expected. We will monitor this in the next overnight execution.
2026-03-21 11:59:18,516 | INFO |     Reviewer : Rajashri
2026-03-21 11:59:19,160 | INFO |   ✅ Commented on DRT-2009: 'KPIT_TC_DRT_SPCCP_103.

2026-03-21 11:59:19,994 | INFO | ⏳ Updating 'DRT-2011: KPIT_TC_DRT_SPCCP_096'...
2026-03-21 11:59:19,995 | INFO |   🔄 Updating fields for DRT-2011: 'KPIT_TC_DRT_SPCCP_096...
2026-03-21 11:59:19,995 | INFO |     Failure Category : Test Env issue
2026-03-21 11:59:19,996 | INFO |     Failure Sub Category : Automation Setup malfunction
2026-03-21 11:59:19,997 | INFO |     Previous Failure Category : ['Test Env Issue', 'ICB Issue (Always)']
2026-03-21 11:59:19,998 | INFO |     Root Cause Details : In precondition, while connecting the CarPlay device to ICB, after selecting the Home button twice, the ICB screen did not transition to Home screen page 1. It seems to be a soft touch issue due to robot calibration.
2026-03-21 11:59:19,999 | INFO |     Fixation Performed : Camera and Dobot calibration were performed.
2026-03-21 11:59:20,990 | INFO |   ✅ Updated fields for DRT-2011: 'KPIT_TC_DRT_SPCCP_096.
2026-03-21 11:59:20,991 | INFO |   🔄 Commenting on DRT-2011: 'KPIT_TC_DRT_SPCCP_096...
2026-03-21 11:59:20,991 | INFO |     Date [Build] :  2026-03-19[AEA1414S0.260319.1]
2026-03-21 11:59:20,991 | INFO |     Result : Fail
2026-03-21 11:59:20,992 | INFO |     Failure Category : Test Env issue
2026-03-21 11:59:20,993 | INFO |     Failure Sub Category : Automation Setup malfunction
2026-03-21 11:59:20,994 | INFO |     Root Cause Details : In precondition, while connecting the CarPlay device to ICB, after selecting the Home button twice, the ICB screen did not transition to Home screen page 1. It seems to be a soft touch issue due to robot calibration.
2026-03-21 11:59:20,994 | INFO |     Fixation Performed : Camera and Dobot calibration were performed.
2026-03-21 11:59:20,995 | INFO |     Remarks : Checked camera and Dobot calibration after performing calibration; it is working as expected. We will monitor this in the next overnight execution.
2026-03-21 11:59:20,996 | INFO |     Reviewer : Rajashri
2026-03-21 11:59:21,853 | INFO |   ✅ Commented on DRT-2011: 'KPIT_TC_DRT_SPCCP_096.

2026-03-21 11:59:22,179 | INFO | ⏳ Updating 'DRT-1998: KPIT_TC_DRT_SPCCP_037'...
2026-03-21 11:59:22,179 | INFO |   🔄 Updating fields for DRT-1998: 'KPIT_TC_DRT_SPCCP_037...
2026-03-21 11:59:22,179 | INFO |     Failure Category : Test Env issue
2026-03-21 11:59:22,179 | INFO |     Failure Sub Category : Automation Setup malfunction
2026-03-21 11:59:22,180 | INFO |     Previous Failure Category : ['Test Env Issue']
2026-03-21 11:59:22,180 | INFO |     Root Cause Details : In precondition, while connecting the CarPlay device to ICB, after selecting the Home button twice, the ICB screen did not transition to Home screen page 1. It seems to be a soft touch issue due to robot calibration.
2026-03-21 11:59:22,180 | INFO |     Fixation Performed : Camera and Dobot calibration were performed.
2026-03-21 11:59:23,463 | INFO |   ✅ Updated fields for DRT-1998: 'KPIT_TC_DRT_SPCCP_037.
2026-03-21 11:59:23,464 | INFO |   🔄 Commenting on DRT-1998: 'KPIT_TC_DRT_SPCCP_037...
2026-03-21 11:59:23,464 | INFO |     Date [Build] :  2026-03-19[AEA1414S0.260319.1]
2026-03-21 11:59:23,465 | INFO |     Result : Fail
2026-03-21 11:59:23,465 | INFO |     Failure Category : Test Env issue
2026-03-21 11:59:23,465 | INFO |     Failure Sub Category : Automation Setup malfunction
2026-03-21 11:59:23,466 | INFO |     Root Cause Details : In precondition, while connecting the CarPlay device to ICB, after selecting the Home button twice, the ICB screen did not transition to Home screen page 1. It seems to be a soft touch issue due to robot calibration.
2026-03-21 11:59:23,466 | INFO |     Fixation Performed : Camera and Dobot calibration were performed.
2026-03-21 11:59:23,466 | INFO |     Remarks : Checked camera and Dobot calibration after performing calibration; it is working as expected. We will monitor this in the next overnight execution.
2026-03-21 11:59:23,467 | INFO |     Reviewer : Rajashri
2026-03-21 11:59:24,303 | INFO |   ✅ Commented on DRT-1998: 'KPIT_TC_DRT_SPCCP_037.

2026-03-21 11:59:24,615 | INFO | ⏳ Updating 'DRT-2010: KPIT_TC_DRT_SPCCP_097'...
2026-03-21 11:59:24,616 | INFO |   🔄 Updating fields for DRT-2010: 'KPIT_TC_DRT_SPCCP_097...
2026-03-21 11:59:24,616 | INFO |     Failure Category : Test Env issue
2026-03-21 11:59:24,617 | INFO |     Failure Sub Category : Automation Setup malfunction
2026-03-21 11:59:24,617 | INFO |     Previous Failure Category : ['Test Env Issue', 'ICB Issue (Always)']
2026-03-21 11:59:24,618 | INFO |     Root Cause Details : In precondition, while connecting the CarPlay device to ICB, after selecting the Home button twice, the ICB screen did not transition to Home screen page 1. It seems to be a soft touch issue due to robot calibration.
2026-03-21 11:59:24,618 | INFO |     Fixation Performed : Camera and Dobot calibration were performed.
2026-03-21 11:59:25,440 | INFO |   ✅ Updated fields for DRT-2010: 'KPIT_TC_DRT_SPCCP_097.
2026-03-21 11:59:25,441 | INFO |   🔄 Commenting on DRT-2010: 'KPIT_TC_DRT_SPCCP_097...
2026-03-21 11:59:25,441 | INFO |     Date [Build] :  2026-03-19[AEA1414S0.260319.1]
2026-03-21 11:59:25,441 | INFO |     Result : Fail
2026-03-21 11:59:25,441 | INFO |     Failure Category : Test Env issue
2026-03-21 11:59:25,442 | INFO |     Failure Sub Category : Automation Setup malfunction
2026-03-21 11:59:25,442 | INFO |     Root Cause Details : In precondition, while connecting the CarPlay device to ICB, after selecting the Home button twice, the ICB screen did not transition to Home screen page 1. It seems to be a soft touch issue due to robot calibration.
2026-03-21 11:59:25,442 | INFO |     Fixation Performed : Camera and Dobot calibration were performed.
2026-03-21 11:59:25,444 | INFO |     Remarks : Checked camera and Dobot calibration after performing calibration; it is working as expected. We will monitor this in the next overnight execution.
2026-03-21 11:59:25,444 | INFO |     Reviewer : Rajashri
2026-03-21 11:59:25,923 | INFO |   ✅ Commented on DRT-2010: 'KPIT_TC_DRT_SPCCP_097.

2026-03-21 11:59:26,351 | INFO | ⏳ Updating 'DRT-3526: KPIT_TC_DRT_INL_010'...
2026-03-21 11:59:26,352 | INFO |   🔄 Updating fields for DRT-3526: 'KPIT_TC_DRT_INL_010...
2026-03-21 11:59:26,353 | INFO |     Failure Category : Test Env issue
2026-03-21 11:59:26,353 | INFO |     Failure Sub Category : Automation Setup malfunction
2026-03-21 11:59:26,353 | INFO |     Previous Failure Category : ['Test Env Issue', 'ICB Issue (Always)', 'Human Error']
2026-03-21 11:59:26,354 | INFO |     Root Cause Details : Image comparison failed due to color differences caused by camera calibration.
2026-03-21 11:59:26,354 | INFO |     Fixation Performed : Camera and Dobot calibration were performed.
2026-03-21 11:59:27,251 | INFO |   ✅ Updated fields for DRT-3526: 'KPIT_TC_DRT_INL_010.
2026-03-21 11:59:27,253 | INFO |   🔄 Commenting on DRT-3526: 'KPIT_TC_DRT_INL_010...
2026-03-21 11:59:27,253 | INFO |     Date [Build] :  2026-03-19[AEA1414S0.260319.1]
2026-03-21 11:59:27,253 | INFO |     Result : Fail
2026-03-21 11:59:27,253 | INFO |     Failure Category : Test Env issue
2026-03-21 11:59:27,254 | INFO |     Failure Sub Category : Automation Setup malfunction
2026-03-21 11:59:27,254 | INFO |     Root Cause Details : Image comparison failed due to color differences caused by camera calibration.
2026-03-21 11:59:27,254 | INFO |     Fixation Performed : Camera and Dobot calibration were performed.
2026-03-21 11:59:27,255 | INFO |     Remarks : Checked camera and Dobot calibration after performing calibration; it is working as expected. We will monitor this in the next overnight execution.
2026-03-21 11:59:27,261 | INFO |     Reviewer : Rajashri
2026-03-21 11:59:27,770 | INFO |   ✅ Commented on DRT-3526: 'KPIT_TC_DRT_INL_010.

2026-03-21 11:59:28,043 | INFO | ⏳ Updating 'DRT-3405: KPIT_TC_DRT_INL_024'...
2026-03-21 11:59:28,044 | INFO |   🔄 Updating fields for DRT-3405: 'KPIT_TC_DRT_INL_024...
2026-03-21 11:59:28,044 | INFO |     Failure Category : Test Env issue
2026-03-21 11:59:28,045 | INFO |     Failure Sub Category : Automation Setup malfunction
2026-03-21 11:59:28,045 | INFO |     Previous Failure Category : ['Test Env Issue', 'KITE Issue', 'ICB Issue (Always)', 'Human Error']
2026-03-21 11:59:28,046 | INFO |     Root Cause Details : Image comparison failed due to color differences caused by camera calibration.
2026-03-21 11:59:28,046 | INFO |     Fixation Performed : Camera and Dobot calibration were performed.
2026-03-21 11:59:29,005 | INFO |   ✅ Updated fields for DRT-3405: 'KPIT_TC_DRT_INL_024.
2026-03-21 11:59:29,005 | INFO |   🔄 Commenting on DRT-3405: 'KPIT_TC_DRT_INL_024...
2026-03-21 11:59:29,006 | INFO |     Date [Build] :  2026-03-19[AEA1414S0.260319.1]
2026-03-21 11:59:29,006 | INFO |     Result : Fail
2026-03-21 11:59:29,006 | INFO |     Failure Category : Test Env issue
2026-03-21 11:59:29,007 | INFO |     Failure Sub Category : Automation Setup malfunction
2026-03-21 11:59:29,007 | INFO |     Root Cause Details : Image comparison failed due to color differences caused by camera calibration.
2026-03-21 11:59:29,007 | INFO |     Fixation Performed : Camera and Dobot calibration were performed.
2026-03-21 11:59:29,007 | INFO |     Remarks : Checked camera and Dobot calibration after performing calibration; it is working as expected. We will monitor this in the next overnight execution.
2026-03-21 11:59:29,007 | INFO |     Reviewer : Rajashri
2026-03-21 11:59:29,921 | INFO |   ✅ Commented on DRT-3405: 'KPIT_TC_DRT_INL_024.

2026-03-21 11:59:30,319 | INFO | ⏳ Updating 'DRT-1787: KPIT_TC_DRT_AVC_091'...
2026-03-21 11:59:30,319 | INFO |   🔄 Updating fields for DRT-1787: 'KPIT_TC_DRT_AVC_091...
2026-03-21 11:59:30,320 | INFO |     Failure Category : Test Env issue
2026-03-21 11:59:30,320 | INFO |     Failure Sub Category : Automation Setup malfunction
2026-03-21 11:59:30,321 | INFO |     Previous Failure Category : ['Test Env Issue', 'ICB Issue (Once)', 'TS Issue']
2026-03-21 11:59:30,321 | INFO |     Root Cause Details : In precondition, while setting volume to 20 from Tuner on Dealer Diag screen, it failed to return to the home screen due to OCR validation failure caused by camera calibration. Hence, setting Smart Phone Projection screen to normal failed as ICB remained on System Links screen.
2026-03-21 11:59:30,322 | INFO |     Fixation Performed : Camera and Dobot calibration were performed.
2026-03-21 11:59:30,722 | ERROR | [ERROR] Could not process DRT-1787: 'KPIT_TC_DRT_AVC_091 : JiraError HTTP 400 url: https://kpithondajapan.atlassian.net/rest/api/2/issue/17929
	
	response headers = {'Content-Type': 'application/json;charset=UTF-8', 'Transfer-Encoding': 'chunked', 'Connection': 'keep-alive', 'Date': 'Sat, 21 Mar 2026 06:29:30 GMT', 'Server': 'AtlassianEdge', 'Timing-Allow-Origin': '*', 'X-Arequestid': '9707059748a8ad44c977fa12932bb13b', 'X-Aaccountid': '712020%3A7ebd6444-898e-4d1e-ba7a-2710a262ffa7', 'Cache-Control': 'no-store, no-cache', 'X-Ratelimit-Limit': '300', 'X-Ratelimit-Remaining': '299', 'X-Content-Type-Options': 'nosniff', 'X-Xss-Protection': '1; mode=block', 'Atl-Traceid': 'b2f4ced03b224101a5e641812eba6bb5', 'Atl-Request-Id': 'b2f4ced0-3b22-4101-a5e6-41812eba6bb5', 'Strict-Transport-Security': 'max-age=63072000; includeSubDomains; preload', 'Report-To': '{"endpoints": [{"url": "https://dz8aopenkvv6s.cloudfront.net"}], "group": "endpoint-1", "include_subdomains": true, "max_age": 600}', 'Nel': '{"failure_fraction": 0.01, "include_subdomains": true, "max_age": 600, "report_to": "endpoint-1"}', 'Content-Encoding': 'br', 'Vary': 'Accept-Encoding', 'Server-Timing': 'atl-edge;dur=169,atl-edge-internal;dur=15,atl-edge-upstream;dur=154,atl-edge-pop;desc="aws-eu-west-1"', 'X-Cache': 'Error from cloudfront', 'Via': '1.1 d73fd9e8922bacf5e37e5ab82f5d370c.cloudfront.net (CloudFront)', 'X-Amz-Cf-Pop': 'BOM78-P11', 'X-Amz-Cf-Id': 'jG2OGefpEhk6qPYOqahbXae99Goqm8cb1DcZMvAYaSeeo-b4Ve26Ig=='}
	response text = {"errorMessages":[],"errors":{"customfield_10614":"Root Cause Details can't exceed 255 characters"}}.

2026-03-21 11:59:31,035 | INFO | ⏳ Updating 'DRT-2130: KPIT_TC_DRT_KEY_001'...
2026-03-21 11:59:31,035 | INFO |   🔄 Updating fields for DRT-2130: 'KPIT_TC_DRT_KEY_001...
2026-03-21 11:59:31,036 | INFO |     Failure Category : Test Env issue
2026-03-21 11:59:31,038 | INFO |     Failure Sub Category : Automation Setup malfunction
2026-03-21 11:59:31,039 | INFO |     Previous Failure Category : ['Test Env Issue', 'TS Issue']
2026-03-21 11:59:31,039 | INFO |     Root Cause Details : In precondition, while setting volume to 20 from Tuner on the Dealer Diag screen, it failed to return to the home screen due to OCR validation failure caused by camera calibration. Hence, ICB remained on the System Links screen, and further operations failed.
2026-03-21 11:59:31,040 | INFO |     Fixation Performed : Camera and Dobot calibration were performed.
2026-03-21 11:59:31,439 | ERROR | [ERROR] Could not process DRT-2130: 'KPIT_TC_DRT_KEY_001 : JiraError HTTP 400 url: https://kpithondajapan.atlassian.net/rest/api/2/issue/18520
	
	response headers = {'Content-Type': 'application/json;charset=UTF-8', 'Transfer-Encoding': 'chunked', 'Connection': 'keep-alive', 'Date': 'Sat, 21 Mar 2026 06:29:31 GMT', 'Server': 'AtlassianEdge', 'Timing-Allow-Origin': '*', 'X-Arequestid': 'ee2fbefddb9204e54e62eb3485ecf862', 'X-Aaccountid': '712020%3A7ebd6444-898e-4d1e-ba7a-2710a262ffa7', 'Cache-Control': 'no-store, no-cache', 'X-Ratelimit-Limit': '300', 'X-Ratelimit-Remaining': '298', 'X-Content-Type-Options': 'nosniff', 'X-Xss-Protection': '1; mode=block', 'Atl-Traceid': '4f8718597765400bb33768efbf87fe53', 'Atl-Request-Id': '4f871859-7765-400b-b337-68efbf87fe53', 'Strict-Transport-Security': 'max-age=63072000; includeSubDomains; preload', 'Report-To': '{"endpoints": [{"url": "https://dz8aopenkvv6s.cloudfront.net"}], "group": "endpoint-1", "include_subdomains": true, "max_age": 600}', 'Nel': '{"failure_fraction": 0.01, "include_subdomains": true, "max_age": 600, "report_to": "endpoint-1"}', 'Content-Encoding': 'br', 'Vary': 'Accept-Encoding', 'Server-Timing': 'atl-edge;dur=153,atl-edge-internal;dur=14,atl-edge-upstream;dur=139,atl-edge-pop;desc="aws-eu-west-1"', 'X-Cache': 'Error from cloudfront', 'Via': '1.1 d73fd9e8922bacf5e37e5ab82f5d370c.cloudfront.net (CloudFront)', 'X-Amz-Cf-Pop': 'BOM78-P11', 'X-Amz-Cf-Id': 'CtdSWy9FMF8E7rGUDZmfCccsHJLuYkppQpQqBoJiShZ1UcD-JDbuwQ=='}
	response text = {"errorMessages":[],"errors":{"customfield_10614":"Root Cause Details can't exceed 255 characters"}}.

2026-03-21 11:59:31,737 | INFO | ⏳ Updating 'DRT-6123: KPIT_TC_DRT_IDS_012'...
2026-03-21 11:59:31,737 | INFO |   🔄 Updating fields for DRT-6123: 'KPIT_TC_DRT_IDS_012...
2026-03-21 11:59:31,738 | INFO |     Failure Category : Test Env issue
2026-03-21 11:59:31,738 | INFO |     Failure Sub Category : Automation Setup malfunction
2026-03-21 11:59:31,739 | INFO |     Previous Failure Category : ['ICB Issue (Once)', 'Test Env Issue']
2026-03-21 11:59:31,739 | INFO |     Root Cause Details : CAN signals were not reflected to display IDS Individual Mode Customization screen on ICB.
2026-03-21 11:59:31,739 | INFO |     Fixation Performed : NA
2026-03-21 11:59:33,087 | INFO |   ✅ Updated fields for DRT-6123: 'KPIT_TC_DRT_IDS_012.
2026-03-21 11:59:33,088 | INFO |   🔄 Commenting on DRT-6123: 'KPIT_TC_DRT_IDS_012...
2026-03-21 11:59:33,089 | INFO |     Date [Build] :  2026-03-19[AEA1414S0.260319.1]
2026-03-21 11:59:33,089 | INFO |     Result : Fail
2026-03-21 11:59:33,091 | INFO |     Failure Category : Test Env issue
2026-03-21 11:59:33,091 | INFO |     Failure Sub Category : Automation Setup malfunction
2026-03-21 11:59:33,092 | INFO |     Root Cause Details : CAN signals were not reflected to display IDS Individual Mode Customization screen on ICB.
2026-03-21 11:59:33,092 | INFO |     Fixation Performed : NA
2026-03-21 11:59:33,093 | INFO |     Remarks : Executed in daytime, result: Pass.
2026-03-21 11:59:33,093 | INFO |     Reviewer : Rajashri
2026-03-21 11:59:33,700 | INFO |   ✅ Commented on DRT-6123: 'KPIT_TC_DRT_IDS_012.

2026-03-21 11:59:33,700 | INFO |   ✅ JIRA UPDATE COMPLETED...

