2026-03-19 03:11:40,250 | INFO | ⏳ Updating 'DRT-7527: 12345'...
2026-03-19 03:11:40,252 | INFO |   🔄 Updating fields for DRT-7527: '12345...
2026-03-19 03:11:40,253 | INFO |     Failure Category : ICB issue
2026-03-19 03:11:40,253 | INFO |     Failure Sub Category : Once seen
2026-03-19 03:11:40,254 | INFO |     Previous Failure Category : ['KITE Issue', 'Human Error', 'SRL/CR Changes']
2026-03-19 03:11:40,254 | INFO |     Root Cause Details : Root Cause Details
2026-03-19 03:11:40,255 | INFO |     Fixation Performed : Fixation Performed
2026-03-19 03:11:41,577 | INFO |   ✅ Updated fields for DRT-7527: '12345.
2026-03-19 03:11:41,578 | INFO |   🔄 Commenting on DRT-7527: '12345...
2026-03-19 03:11:41,579 | INFO |     Date Build : Date
2026-03-19 03:11:41,580 | INFO |     Result : Fail
2026-03-19 03:11:41,580 | INFO |     Failure Category : ICB issue
2026-03-19 03:11:41,581 | INFO |     Failure Sub Category : Once seen
2026-03-19 03:11:41,581 | INFO |     Root Cause Details : Root Cause Details
2026-03-19 03:11:41,582 | INFO |     Fixation Performed : Fixation Performed
2026-03-19 03:11:41,582 | INFO |     Remarks : Remarks
2026-03-19 03:11:41,582 | INFO |     Reviewer : Reviewer
2026-03-19 03:11:42,084 | INFO |   ✅ Commented on DRT-7527: '12345.

2026-03-19 03:11:42,397 | INFO | ⏳ Updating 'DRT-7527: 12345'...
2026-03-19 03:11:42,397 | INFO |   🔄 Updating fields for DRT-7527: '12345...
2026-03-19 03:11:42,398 | INFO |     Failure Category : ICB issue
2026-03-19 03:11:42,398 | INFO |     Failure Sub Category : Always
2026-03-19 03:11:42,399 | INFO |     Previous Failure Category : ['KITE Issue', 'Human Error', 'SRL/CR Changes']
2026-03-19 03:11:42,399 | INFO |     Root Cause Details : Root Cause Details
2026-03-19 03:11:42,399 | INFO |     Fixation Performed : Fixation Performed
2026-03-19 03:11:43,989 | INFO |   ✅ Updated fields for DRT-7527: '12345.
2026-03-19 03:11:43,990 | INFO |   🔄 Commenting on DRT-7527: '12345...
2026-03-19 03:11:43,990 | INFO |     Date Build : Date
2026-03-19 03:11:43,991 | INFO |     Result : Fail
2026-03-19 03:11:43,991 | INFO |     Failure Category : ICB issue
2026-03-19 03:11:43,991 | INFO |     Failure Sub Category : Always
2026-03-19 03:11:43,991 | INFO |     Root Cause Details : Root Cause Details
2026-03-19 03:11:43,992 | INFO |     Fixation Performed : Fixation Performed
2026-03-19 03:11:43,992 | INFO |     Remarks : Remarks
2026-03-19 03:11:43,992 | INFO |     Reviewer : Reviewer
2026-03-19 03:11:44,817 | INFO |   ✅ Commented on DRT-7527: '12345.

2026-03-19 03:11:44,818 | INFO |   ✅ JIRA UPDATE COMPLETED...

