2026-03-17 04:06:09,997 | INFO | ⏳ Updating 'DRT-7527: 12345'...
2026-03-17 04:06:09,998 | INFO |   🔄 Updating fields for DRT-7527: '12345...
2026-03-17 04:06:09,998 | INFO |     Failure Category : Human error
2026-03-17 04:06:09,999 | INFO |     Failure Sub Category : -
2026-03-17 04:06:09,999 | INFO |     Previous Failure Category : ['TS Issue', 'ICB Issue (Once)', 'Human Error', 'SRL/CR Changes', 'ICB Issue (Always)', 'Human error', 'KITE Issue', 'Test Env Issue']
2026-03-17 04:06:10,000 | INFO |     Root Cause Details : Root Cause Details
2026-03-17 04:06:10,000 | INFO |     Fixation Performed : Fixation Performed
2026-03-17 04:06:10,760 | ERROR | [ERROR] Could not process DRT-7527: '12345 : JiraError HTTP 400 url: https://kpithondajapan.atlassian.net/rest/api/2/issue/3284918
	
	response headers = {'Content-Type': 'application/json;charset=UTF-8', 'Transfer-Encoding': 'chunked', 'Connection': 'keep-alive', 'Date': 'Mon, 16 Mar 2026 22:36:10 GMT', 'Server': 'AtlassianEdge', 'Timing-Allow-Origin': '*', 'X-Arequestid': 'c2a1905186e1d30a60f8f64283bcc289', 'X-Aaccountid': '712020%3A7ebd6444-898e-4d1e-ba7a-2710a262ffa7', 'Cache-Control': 'no-store, no-cache', 'X-Ratelimit-Limit': '300', 'X-Ratelimit-Remaining': '299', 'X-Content-Type-Options': 'nosniff', 'X-Xss-Protection': '1; mode=block', 'Atl-Traceid': 'cedf5c5e7daf466b890f780fdfa0f0ed', 'Atl-Request-Id': 'cedf5c5e-7daf-466b-890f-780fdfa0f0ed', 'Strict-Transport-Security': 'max-age=63072000; includeSubDomains; preload', 'Report-To': '{"endpoints": [{"url": "https://dz8aopenkvv6s.cloudfront.net"}], "group": "endpoint-1", "include_subdomains": true, "max_age": 600}', 'Nel': '{"failure_fraction": 0.01, "include_subdomains": true, "max_age": 600, "report_to": "endpoint-1"}', 'Content-Encoding': 'br', 'Vary': 'Accept-Encoding', 'Server-Timing': 'atl-edge;dur=255,atl-edge-internal;dur=15,atl-edge-upstream;dur=240,atl-edge-pop;desc="aws-eu-west-1"', 'X-Cache': 'Error from cloudfront', 'Via': '1.1 d73fe43a0a2e6638e0427bc7769f5c74.cloudfront.net (CloudFront)', 'X-Amz-Cf-Pop': 'BOM78-P10', 'X-Amz-Cf-Id': 'lAQjCRXEsQPHUv8EC9_3uFQXsCT1aOS8uYMgcDr8uOBTCW9OxfW_qw=='}
	response text = {"errorMessages":[],"errors":{"customfield_12208":"Option value 'Human error' is not valid"}}.

2026-03-17 04:06:11,458 | INFO | ⏳ Updating 'DRT-7527: 12345'...
2026-03-17 04:06:11,459 | INFO |   🔄 Updating fields for DRT-7527: '12345...
2026-03-17 04:06:11,460 | INFO |     Failure Category : KITE issue
2026-03-17 04:06:11,460 | INFO |     Failure Sub Category : Device Mapping issue
2026-03-17 04:06:11,461 | INFO |     Previous Failure Category : ['TS Issue', 'ICB Issue (Once)', 'Human Error', 'SRL/CR Changes', 'ICB Issue (Always)', 'Human error', 'KITE Issue', 'Test Env Issue']
2026-03-17 04:06:11,461 | INFO |     Root Cause Details : Root Cause Details
2026-03-17 04:06:11,462 | INFO |     Fixation Performed : Fixation Performed
2026-03-17 04:06:12,121 | ERROR | [ERROR] Could not process DRT-7527: '12345 : JiraError HTTP 400 url: https://kpithondajapan.atlassian.net/rest/api/2/issue/3284918
	
	response headers = {'Content-Type': 'application/json;charset=UTF-8', 'Transfer-Encoding': 'chunked', 'Connection': 'keep-alive', 'Date': 'Mon, 16 Mar 2026 22:36:11 GMT', 'Server': 'AtlassianEdge', 'Timing-Allow-Origin': '*', 'X-Arequestid': '2f84b57b51c4a92a7215936785b86a0d', 'X-Aaccountid': '712020%3A7ebd6444-898e-4d1e-ba7a-2710a262ffa7', 'Cache-Control': 'no-store, no-cache', 'X-Ratelimit-Limit': '300', 'X-Ratelimit-Remaining': '299', 'X-Content-Type-Options': 'nosniff', 'X-Xss-Protection': '1; mode=block', 'Atl-Traceid': 'ec3d82bd79b54f5f9429fb97e28bb437', 'Atl-Request-Id': 'ec3d82bd-79b5-4f5f-9429-fb97e28bb437', 'Strict-Transport-Security': 'max-age=63072000; includeSubDomains; preload', 'Report-To': '{"endpoints": [{"url": "https://dz8aopenkvv6s.cloudfront.net"}], "group": "endpoint-1", "include_subdomains": true, "max_age": 600}', 'Nel': '{"failure_fraction": 0.01, "include_subdomains": true, "max_age": 600, "report_to": "endpoint-1"}', 'Content-Encoding': 'br', 'Vary': 'Accept-Encoding', 'Server-Timing': 'atl-edge;dur=150,atl-edge-internal;dur=15,atl-edge-upstream;dur=135,atl-edge-pop;desc="aws-eu-west-1"', 'X-Cache': 'Error from cloudfront', 'Via': '1.1 d73fe43a0a2e6638e0427bc7769f5c74.cloudfront.net (CloudFront)', 'X-Amz-Cf-Pop': 'BOM78-P10', 'X-Amz-Cf-Id': 'vLFPqWSZr7OHfNf-JcPsfSewqM84wYiCNDQN-m4uNgt1TBjOFPkvzA=='}
	response text = {"errorMessages":[],"errors":{"customfield_12208":"Option value 'Human error' is not valid"}}.

2026-03-17 04:06:12,122 | INFO |   ✅ JIRA UPDATE COMPLETED...

