2026-03-18 01:53:25,637 | INFO | ⏳ Updating 'DRT-7527: 12345'...
2026-03-18 01:53:25,638 | INFO |   🔄 Updating fields for DRT-7527: '12345...
2026-03-18 01:53:25,638 | INFO |     Failure Category : Human error
2026-03-18 01:53:25,639 | INFO |     Failure Sub Category : -
2026-03-18 01:53:25,639 | INFO |     Previous Failure Category : []
2026-03-18 01:53:25,640 | INFO |     Root Cause Details : Root Cause Details
2026-03-18 01:53:25,640 | INFO |     Fixation Performed : Fixation Performed
2026-03-18 01:53:27,327 | INFO |   ✅ Updated fields for DRT-7527: '12345.
2026-03-18 01:53:27,328 | INFO |   🔄 Commenting on DRT-7527: '12345...
2026-03-18 01:53:27,328 | INFO |     Date Build : Date
2026-03-18 01:53:27,329 | INFO |     Result : Fail
2026-03-18 01:53:27,330 | INFO |     Failure Category : Human error
2026-03-18 01:53:27,330 | INFO |     Failure Sub Category : -
2026-03-18 01:53:27,330 | INFO |     Root Cause Details : Root Cause Details
2026-03-18 01:53:27,331 | INFO |     Fixation Performed : Fixation Performed
2026-03-18 01:53:27,331 | INFO |     Remarks : Remarks
2026-03-18 01:53:27,331 | INFO |     Reviewer : Reviewer
2026-03-18 01:53:28,320 | INFO |   ✅ Commented on DRT-7527: '12345.

2026-03-18 01:53:29,015 | INFO | ⏳ Updating 'DRT-7527: 12345'...
2026-03-18 01:53:29,015 | INFO |   🔄 Updating fields for DRT-7527: '12345...
2026-03-18 01:53:29,016 | INFO |     Failure Category : KITE issue
2026-03-18 01:53:29,016 | INFO |     Failure Sub Category : Device Mapping issue
2026-03-18 01:53:29,017 | INFO |     Previous Failure Category : []
2026-03-18 01:53:29,017 | INFO |     Root Cause Details : Root Cause Details
2026-03-18 01:53:29,018 | INFO |     Fixation Performed : Fixation Performed
2026-03-18 01:53:30,299 | INFO |   ✅ Updated fields for DRT-7527: '12345.
2026-03-18 01:53:30,300 | INFO |   🔄 Commenting on DRT-7527: '12345...
2026-03-18 01:53:30,301 | INFO |     Date Build : Date
2026-03-18 01:53:30,301 | INFO |     Result : Fail
2026-03-18 01:53:30,302 | INFO |     Failure Category : KITE issue
2026-03-18 01:53:30,303 | INFO |     Failure Sub Category : Device Mapping issue
2026-03-18 01:53:30,303 | INFO |     Root Cause Details : Root Cause Details
2026-03-18 01:53:30,304 | INFO |     Fixation Performed : Fixation Performed
2026-03-18 01:53:30,304 | INFO |     Remarks : Remarks
2026-03-18 01:53:30,305 | INFO |     Reviewer : Reviewer
2026-03-18 01:53:31,305 | INFO |   ✅ Commented on DRT-7527: '12345.

2026-03-18 01:53:31,306 | INFO |   ✅ JIRA UPDATE COMPLETED...

