2026-03-19 03:16:27,521 | INFO | ⏳ Updating 'DRT-7527: 12345'...
2026-03-19 03:16:27,522 | INFO |   🔄 Updating fields for DRT-7527: '12345...
2026-03-19 03:16:27,523 | INFO |     Failure Category : ICB issue
2026-03-19 03:16:27,524 | INFO |     Failure Sub Category : Once seen
2026-03-19 03:16:27,525 | INFO |     Previous Failure Category : ['ICB Issue (Always)', 'SRL/CR Changes', 'Human Error', 'ICB Issue (Once)', 'KITE Issue']
2026-03-19 03:16:27,526 | INFO |     Root Cause Details : Root Cause Details
2026-03-19 03:16:27,526 | INFO |     Fixation Performed : Fixation Performed
2026-03-19 03:16:28,860 | INFO |   ✅ Updated fields for DRT-7527: '12345.
2026-03-19 03:16:28,861 | INFO |   🔄 Commenting on DRT-7527: '12345...
2026-03-19 03:16:28,872 | INFO |     Date Build : Date
2026-03-19 03:16:28,873 | INFO |     Result : Fail
2026-03-19 03:16:28,873 | INFO |     Failure Category : ICB issue
2026-03-19 03:16:28,874 | INFO |     Failure Sub Category : Once seen
2026-03-19 03:16:28,874 | INFO |     Root Cause Details : Root Cause Details
2026-03-19 03:16:28,874 | INFO |     Fixation Performed : Fixation Performed
2026-03-19 03:16:28,874 | INFO |     Remarks : Remarks
2026-03-19 03:16:28,875 | INFO |     Reviewer : Reviewer
2026-03-19 03:16:29,440 | INFO |   ✅ Commented on DRT-7527: '12345.

2026-03-19 03:16:30,095 | INFO | ⏳ Updating 'DRT-7527: 12345'...
2026-03-19 03:16:30,095 | INFO |   🔄 Updating fields for DRT-7527: '12345...
2026-03-19 03:16:30,095 | INFO |     Failure Category : ICB issue
2026-03-19 03:16:30,096 | INFO |     Failure Sub Category : Always
2026-03-19 03:16:30,096 | INFO |     Previous Failure Category : ['ICB Issue (Always)', 'SRL/CR Changes', 'Human Error', 'ICB Issue (Once)', 'KITE Issue']
2026-03-19 03:16:30,096 | INFO |     Root Cause Details : Root Cause Details
2026-03-19 03:16:30,097 | INFO |     Fixation Performed : Fixation Performed
2026-03-19 03:16:31,709 | INFO |   ✅ Updated fields for DRT-7527: '12345.
2026-03-19 03:16:31,710 | INFO |   🔄 Commenting on DRT-7527: '12345...
2026-03-19 03:16:31,711 | INFO |     Date Build : Date
2026-03-19 03:16:31,712 | INFO |     Result : Fail
2026-03-19 03:16:31,712 | INFO |     Failure Category : ICB issue
2026-03-19 03:16:31,715 | INFO |     Failure Sub Category : Always
2026-03-19 03:16:31,716 | INFO |     Root Cause Details : Root Cause Details
2026-03-19 03:16:31,717 | INFO |     Fixation Performed : Fixation Performed
2026-03-19 03:16:31,718 | INFO |     Remarks : Remarks
2026-03-19 03:16:31,719 | INFO |     Reviewer : Reviewer
2026-03-19 03:16:32,598 | INFO |   ✅ Commented on DRT-7527: '12345.

2026-03-19 03:16:32,599 | INFO |   ✅ JIRA UPDATE COMPLETED...

