2026-03-19 02:45:26,105 | INFO | ⏳ Updating 'DRT-7527: 12345'...
2026-03-19 02:45:26,106 | INFO |   🔄 Updating fields for DRT-7527: '12345...
2026-03-19 02:45:26,106 | INFO |     Failure Category : ICB issue
2026-03-19 02:45:26,107 | INFO |     Failure Sub Category : Once seen
2026-03-19 02:45:26,107 | INFO |     Previous Failure Category : ['KITE Issue', 'Human Error', 'SRL/CR Changes']
2026-03-19 02:45:26,108 | INFO |     Root Cause Details : Root Cause Details
2026-03-19 02:45:26,108 | INFO |     Fixation Performed : Fixation Performed
2026-03-19 02:45:27,404 | INFO |   ✅ Updated fields for DRT-7527: '12345.
2026-03-19 02:45:27,405 | INFO |   🔄 Commenting on DRT-7527: '12345...
2026-03-19 02:45:27,415 | INFO |     Date Build : Date
2026-03-19 02:45:27,416 | INFO |     Result : Fail
2026-03-19 02:45:27,418 | INFO |     Failure Category : ICB issue
2026-03-19 02:45:27,419 | INFO |     Failure Sub Category : Once seen
2026-03-19 02:45:27,420 | INFO |     Root Cause Details : Root Cause Details
2026-03-19 02:45:27,420 | INFO |     Fixation Performed : Fixation Performed
2026-03-19 02:45:27,423 | INFO |     Remarks : Remarks
2026-03-19 02:45:27,424 | INFO |     Reviewer : Reviewer
2026-03-19 02:45:28,274 | INFO |   ✅ Commented on DRT-7527: '12345.

2026-03-19 02:45:28,579 | INFO | ⏳ Updating 'DRT-7527: 12345'...
2026-03-19 02:45:28,580 | INFO |   🔄 Updating fields for DRT-7527: '12345...
2026-03-19 02:45:28,580 | INFO |     Failure Category : ICB issue
2026-03-19 02:45:28,580 | INFO |     Failure Sub Category : Always
2026-03-19 02:45:28,580 | INFO |     Previous Failure Category : ['KITE Issue', 'Human Error', 'SRL/CR Changes']
2026-03-19 02:45:28,581 | INFO |     Root Cause Details : Root Cause Details
2026-03-19 02:45:28,581 | INFO |     Fixation Performed : Fixation Performed
2026-03-19 02:45:30,172 | INFO |   ✅ Updated fields for DRT-7527: '12345.
2026-03-19 02:45:30,173 | INFO |   🔄 Commenting on DRT-7527: '12345...
2026-03-19 02:45:30,173 | INFO |     Date Build : Date
2026-03-19 02:45:30,174 | INFO |     Result : Fail
2026-03-19 02:45:30,174 | INFO |     Failure Category : ICB issue
2026-03-19 02:45:30,175 | INFO |     Failure Sub Category : Always
2026-03-19 02:45:30,175 | INFO |     Root Cause Details : Root Cause Details
2026-03-19 02:45:30,176 | INFO |     Fixation Performed : Fixation Performed
2026-03-19 02:45:30,176 | INFO |     Remarks : Remarks
2026-03-19 02:45:30,176 | INFO |     Reviewer : Reviewer
2026-03-19 02:45:31,029 | INFO |   ✅ Commented on DRT-7527: '12345.

2026-03-19 02:45:31,030 | INFO |   ✅ JIRA UPDATE COMPLETED...

