2026-03-19 02:07:17,234 | INFO | ⏳ Updating 'DRT-7527: 12345'...
2026-03-19 02:07:17,234 | INFO |   🔄 Updating fields for DRT-7527: '12345...
2026-03-19 02:07:17,235 | INFO |     Failure Category : Human error
2026-03-19 02:07:17,235 | INFO |     Failure Sub Category : -
2026-03-19 02:07:17,236 | INFO |     Previous Failure Category : ['KITE Issue', 'Human Error', 'SRL/CR Changes']
2026-03-19 02:07:17,236 | INFO |     Root Cause Details : Root Cause Details
2026-03-19 02:07:17,237 | INFO |     Fixation Performed : Fixation Performed
2026-03-19 02:07:18,228 | INFO |   ✅ Updated fields for DRT-7527: '12345.
2026-03-19 02:07:18,229 | INFO |   🔄 Commenting on DRT-7527: '12345...
2026-03-19 02:07:18,229 | INFO |     Date Build : Date
2026-03-19 02:07:18,230 | INFO |     Result : Fail
2026-03-19 02:07:18,230 | INFO |     Failure Category : Human error
2026-03-19 02:07:18,231 | INFO |     Failure Sub Category : -
2026-03-19 02:07:18,231 | INFO |     Root Cause Details : Root Cause Details
2026-03-19 02:07:18,232 | INFO |     Fixation Performed : Fixation Performed
2026-03-19 02:07:18,233 | INFO |     Remarks : Remarks
2026-03-19 02:07:18,234 | INFO |     Reviewer : Reviewer
2026-03-19 02:07:19,058 | INFO |   ✅ Commented on DRT-7527: '12345.

2026-03-19 02:07:19,403 | INFO | ⏳ Updating 'DRT-7527: 12345'...
2026-03-19 02:07:19,404 | INFO |   🔄 Updating fields for DRT-7527: '12345...
2026-03-19 02:07:19,404 | INFO |     Failure Category : KITE issue
2026-03-19 02:07:19,405 | INFO |     Failure Sub Category : Device Mapping issue
2026-03-19 02:07:19,406 | INFO |     Previous Failure Category : ['KITE Issue', 'Human Error', 'SRL/CR Changes']
2026-03-19 02:07:19,406 | INFO |     Root Cause Details : Root Cause Details
2026-03-19 02:07:19,407 | INFO |     Fixation Performed : Fixation Performed
2026-03-19 02:07:21,145 | INFO |   ✅ Updated fields for DRT-7527: '12345.
2026-03-19 02:07:21,146 | INFO |   🔄 Commenting on DRT-7527: '12345...
2026-03-19 02:07:21,146 | INFO |     Date Build : Date
2026-03-19 02:07:21,147 | INFO |     Result : Fail
2026-03-19 02:07:21,147 | INFO |     Failure Category : KITE issue
2026-03-19 02:07:21,148 | INFO |     Failure Sub Category : Device Mapping issue
2026-03-19 02:07:21,148 | INFO |     Root Cause Details : Root Cause Details
2026-03-19 02:07:21,148 | INFO |     Fixation Performed : Fixation Performed
2026-03-19 02:07:21,149 | INFO |     Remarks : Remarks
2026-03-19 02:07:21,149 | INFO |     Reviewer : Reviewer
2026-03-19 02:07:22,020 | INFO |   ✅ Commented on DRT-7527: '12345.

2026-03-19 02:07:22,021 | INFO |   ✅ JIRA UPDATE COMPLETED...

