2026-03-18 01:57:08,992 | INFO | ⏳ Updating 'DRT-7527: 12345'...
2026-03-18 01:57:08,993 | INFO |   🔄 Updating fields for DRT-7527: '12345...
2026-03-18 01:57:08,993 | INFO |     Failure Category : Human error
2026-03-18 01:57:08,993 | INFO |     Failure Sub Category : -
2026-03-18 01:57:08,994 | INFO |     Previous Failure Category : []
2026-03-18 01:57:08,994 | INFO |     Root Cause Details : Root Cause Details
2026-03-18 01:57:08,995 | INFO |     Fixation Performed : Fixation Performed
2026-03-18 01:57:10,416 | INFO |   ✅ Updated fields for DRT-7527: '12345.
2026-03-18 01:57:10,417 | INFO |   🔄 Commenting on DRT-7527: '12345...
2026-03-18 01:57:10,418 | INFO |     Date Build : Date
2026-03-18 01:57:10,419 | INFO |     Result : Fail
2026-03-18 01:57:10,420 | INFO |     Failure Category : Human error
2026-03-18 01:57:10,420 | INFO |     Failure Sub Category : -
2026-03-18 01:57:10,421 | INFO |     Root Cause Details : Root Cause Details
2026-03-18 01:57:10,421 | INFO |     Fixation Performed : Fixation Performed
2026-03-18 01:57:10,422 | INFO |     Remarks : Remarks
2026-03-18 01:57:10,423 | INFO |     Reviewer : Reviewer
2026-03-18 01:57:11,045 | INFO |   ✅ Commented on DRT-7527: '12345.

2026-03-18 01:57:11,386 | INFO | ⏳ Updating 'DRT-7527: 12345'...
2026-03-18 01:57:11,387 | INFO |   🔄 Updating fields for DRT-7527: '12345...
2026-03-18 01:57:11,387 | INFO |     Failure Category : KITE issue
2026-03-18 01:57:11,387 | INFO |     Failure Sub Category : Device Mapping issue
2026-03-18 01:57:11,388 | INFO |     Previous Failure Category : []
2026-03-18 01:57:11,388 | INFO |     Root Cause Details : Root Cause Details
2026-03-18 01:57:11,389 | INFO |     Fixation Performed : Fixation Performed
2026-03-18 01:57:13,033 | INFO |   ✅ Updated fields for DRT-7527: '12345.
2026-03-18 01:57:13,034 | INFO |   🔄 Commenting on DRT-7527: '12345...
2026-03-18 01:57:13,035 | INFO |     Date Build : Date
2026-03-18 01:57:13,036 | INFO |     Result : Fail
2026-03-18 01:57:13,036 | INFO |     Failure Category : KITE issue
2026-03-18 01:57:13,037 | INFO |     Failure Sub Category : Device Mapping issue
2026-03-18 01:57:13,038 | INFO |     Root Cause Details : Root Cause Details
2026-03-18 01:57:13,038 | INFO |     Fixation Performed : Fixation Performed
2026-03-18 01:57:13,039 | INFO |     Remarks : Remarks
2026-03-18 01:57:13,040 | INFO |     Reviewer : Reviewer
2026-03-18 01:57:13,714 | INFO |   ✅ Commented on DRT-7527: '12345.

2026-03-18 01:57:13,715 | INFO |   ✅ JIRA UPDATE COMPLETED...

