2026-03-19 02:02:35,955 | INFO | ⏳ Updating 'DRT-7527: 12345'...
2026-03-19 02:02:35,955 | INFO |   🔄 Updating fields for DRT-7527: '12345...
2026-03-19 02:02:35,956 | INFO |     Failure Category : Human error
2026-03-19 02:02:35,956 | INFO |     Failure Sub Category : -
2026-03-19 02:02:35,956 | INFO |     Previous Failure Category : ['KITE Issue', 'Human Error', 'SRL/CR Changes']
2026-03-19 02:02:35,957 | INFO |     Root Cause Details : Root Cause Details
2026-03-19 02:02:35,957 | INFO |     Fixation Performed : Fixation Performed
2026-03-19 02:02:37,281 | INFO |   ✅ Updated fields for DRT-7527: '12345.
2026-03-19 02:02:37,281 | INFO |   🔄 Commenting on DRT-7527: '12345...
2026-03-19 02:02:37,282 | INFO |     Date Build : Date
2026-03-19 02:02:37,292 | INFO |     Result : Fail
2026-03-19 02:02:37,293 | INFO |     Failure Category : Human error
2026-03-19 02:02:37,294 | INFO |     Failure Sub Category : -
2026-03-19 02:02:37,294 | INFO |     Root Cause Details : Root Cause Details
2026-03-19 02:02:37,295 | INFO |     Fixation Performed : Fixation Performed
2026-03-19 02:02:37,295 | INFO |     Remarks : Remarks
2026-03-19 02:02:37,295 | INFO |     Reviewer : Reviewer
2026-03-19 02:02:38,151 | INFO |   ✅ Commented on DRT-7527: '12345.

2026-03-19 02:02:38,449 | INFO | ⏳ Updating 'DRT-7527: 12345'...
2026-03-19 02:02:38,449 | INFO |   🔄 Updating fields for DRT-7527: '12345...
2026-03-19 02:02:38,450 | INFO |     Failure Category : KITE issue
2026-03-19 02:02:38,450 | INFO |     Failure Sub Category : Device Mapping issue
2026-03-19 02:02:38,451 | INFO |     Previous Failure Category : ['KITE Issue', 'Human Error', 'SRL/CR Changes']
2026-03-19 02:02:38,451 | INFO |     Root Cause Details : Root Cause Details
2026-03-19 02:02:38,451 | INFO |     Fixation Performed : Fixation Performed
2026-03-19 02:02:40,057 | INFO |   ✅ Updated fields for DRT-7527: '12345.
2026-03-19 02:02:40,058 | INFO |   🔄 Commenting on DRT-7527: '12345...
2026-03-19 02:02:40,058 | INFO |     Date Build : Date
2026-03-19 02:02:40,060 | INFO |     Result : Fail
2026-03-19 02:02:40,060 | INFO |     Failure Category : KITE issue
2026-03-19 02:02:40,061 | INFO |     Failure Sub Category : Device Mapping issue
2026-03-19 02:02:40,061 | INFO |     Root Cause Details : Root Cause Details
2026-03-19 02:02:40,062 | INFO |     Fixation Performed : Fixation Performed
2026-03-19 02:02:40,062 | INFO |     Remarks : Remarks
2026-03-19 02:02:40,062 | INFO |     Reviewer : Reviewer
2026-03-19 02:02:40,935 | INFO |   ✅ Commented on DRT-7527: '12345.

2026-03-19 02:02:40,936 | INFO |   ✅ JIRA UPDATE COMPLETED...

