2026-03-19 03:06:59,234 | INFO | ⏳ Updating 'DRT-7527: 12345'...
2026-03-19 03:06:59,235 | INFO |   🔄 Updating fields for DRT-7527: '12345...
2026-03-19 03:06:59,237 | INFO |     Failure Category : ICB issue
2026-03-19 03:06:59,238 | INFO |     Failure Sub Category : Once seen
2026-03-19 03:06:59,239 | INFO |     Previous Failure Category : ['KITE Issue', 'Human Error', 'SRL/CR Changes']
2026-03-19 03:06:59,239 | INFO |     Root Cause Details : Root Cause Details
2026-03-19 03:06:59,240 | INFO |     Fixation Performed : Fixation Performed
2026-03-19 03:07:00,156 | INFO |   ✅ Updated fields for DRT-7527: '12345.
2026-03-19 03:07:00,158 | INFO |   🔄 Commenting on DRT-7527: '12345...
2026-03-19 03:07:00,160 | INFO |     Date Build : Date
2026-03-19 03:07:00,161 | INFO |     Result : Fail
2026-03-19 03:07:00,162 | INFO |     Failure Category : ICB issue
2026-03-19 03:07:00,163 | INFO |     Failure Sub Category : Once seen
2026-03-19 03:07:00,164 | INFO |     Root Cause Details : Root Cause Details
2026-03-19 03:07:00,164 | INFO |     Fixation Performed : Fixation Performed
2026-03-19 03:07:00,165 | INFO |     Remarks : Remarks
2026-03-19 03:07:00,166 | INFO |     Reviewer : Reviewer
2026-03-19 03:07:01,019 | INFO |   ✅ Commented on DRT-7527: '12345.

2026-03-19 03:07:01,315 | INFO | ⏳ Updating 'DRT-7527: 12345'...
2026-03-19 03:07:01,316 | INFO |   🔄 Updating fields for DRT-7527: '12345...
2026-03-19 03:07:01,316 | INFO |     Failure Category : ICB issue
2026-03-19 03:07:01,317 | INFO |     Failure Sub Category : Always
2026-03-19 03:07:01,317 | INFO |     Previous Failure Category : ['KITE Issue', 'Human Error', 'SRL/CR Changes']
2026-03-19 03:07:01,318 | INFO |     Root Cause Details : Root Cause Details
2026-03-19 03:07:01,318 | INFO |     Fixation Performed : Fixation Performed
2026-03-19 03:07:02,488 | INFO |   ✅ Updated fields for DRT-7527: '12345.
2026-03-19 03:07:02,489 | INFO |   🔄 Commenting on DRT-7527: '12345...
2026-03-19 03:07:02,489 | INFO |     Date Build : Date
2026-03-19 03:07:02,490 | INFO |     Result : Fail
2026-03-19 03:07:02,490 | INFO |     Failure Category : ICB issue
2026-03-19 03:07:02,491 | INFO |     Failure Sub Category : Always
2026-03-19 03:07:02,491 | INFO |     Root Cause Details : Root Cause Details
2026-03-19 03:07:02,492 | INFO |     Fixation Performed : Fixation Performed
2026-03-19 03:07:02,492 | INFO |     Remarks : Remarks
2026-03-19 03:07:02,493 | INFO |     Reviewer : Reviewer
2026-03-19 03:07:03,368 | INFO |   ✅ Commented on DRT-7527: '12345.

2026-03-19 03:07:03,368 | INFO |   ✅ JIRA UPDATE COMPLETED...

