2026-03-14 16:01:13,784 | INFO | ⏳ Updating 'DRT-7527: 12345'...
2026-03-14 16:01:13,785 | INFO |   🔄 Updating fields for DRT-7527: '12345...
2026-03-14 16:01:13,786 | INFO |     Failure Category : Human error
2026-03-14 16:01:13,786 | INFO |     Failure Sub Category : -
2026-03-14 16:01:13,787 | INFO |     Previous Failure Category : ['Test Env Issue']
2026-03-14 16:01:13,787 | INFO |     Root Cause Details : Root Cause Details
2026-03-14 16:01:13,788 | INFO |     Fixation Performed : Fixation Performed
2026-03-14 16:01:14,858 | INFO |   ✅ Updated fields for DRT-7527: '12345.
2026-03-14 16:01:14,859 | INFO |   🔄 Commenting on DRT-7527: '12345...
2026-03-14 16:01:14,860 | INFO |     Date Build : Date
2026-03-14 16:01:14,861 | INFO |     Result : Fail
2026-03-14 16:01:14,862 | INFO |     Failure Category : Human error
2026-03-14 16:01:14,862 | INFO |     Failure Sub Category : -
2026-03-14 16:01:14,863 | INFO |     Root Cause Details : Root Cause Details
2026-03-14 16:01:14,864 | INFO |     Fixation Performed : Fixation Performed
2026-03-14 16:01:14,864 | INFO |     Remarks : Remarks
2026-03-14 16:01:14,865 | INFO |     Reviewer : Reviewer
2026-03-14 16:01:15,360 | INFO |   ✅ Commented on DRT-7527: '12345.

2026-03-14 16:01:16,000 | INFO | ⏳ Updating 'DRT-7527: 12345'...
2026-03-14 16:01:16,001 | INFO |   🔄 Updating fields for DRT-7527: '12345...
2026-03-14 16:01:16,001 | INFO |     Failure Category : KITE issue
2026-03-14 16:01:16,002 | INFO |     Failure Sub Category : Device Mapping issue
2026-03-14 16:01:16,002 | INFO |     Previous Failure Category : ['Test Env Issue']
2026-03-14 16:01:16,003 | INFO |     Root Cause Details : Root Cause Details
2026-03-14 16:01:16,004 | INFO |     Fixation Performed : Fixation Performed
2026-03-14 16:01:17,600 | INFO |   ✅ Updated fields for DRT-7527: '12345.
2026-03-14 16:01:17,601 | INFO |   🔄 Commenting on DRT-7527: '12345...
2026-03-14 16:01:17,602 | INFO |     Date Build : Date
2026-03-14 16:01:17,602 | INFO |     Result : Fail
2026-03-14 16:01:17,602 | INFO |     Failure Category : KITE issue
2026-03-14 16:01:17,603 | INFO |     Failure Sub Category : Device Mapping issue
2026-03-14 16:01:17,603 | INFO |     Root Cause Details : Root Cause Details
2026-03-14 16:01:17,603 | INFO |     Fixation Performed : Fixation Performed
2026-03-14 16:01:17,604 | INFO |     Remarks : Remarks
2026-03-14 16:01:17,604 | INFO |     Reviewer : Reviewer
2026-03-14 16:01:18,103 | INFO |   ✅ Commented on DRT-7527: '12345.

2026-03-14 16:01:18,103 | INFO |   ✅ JIRA UPDATE COMPLETED...

