2026-03-19 02:15:32,626 | INFO | ⏳ Updating 'DRT-7527: 12345'...
2026-03-19 02:15:32,628 | INFO |   🔄 Updating fields for DRT-7527: '12345...
2026-03-19 02:15:32,629 | INFO |     Failure Category : Human error
2026-03-19 02:15:32,629 | INFO |     Failure Sub Category : -
2026-03-19 02:15:32,630 | INFO |     Previous Failure Category : ['KITE Issue', 'Human Error', 'SRL/CR Changes']
2026-03-19 02:15:32,630 | INFO |     Root Cause Details : Root Cause Details
2026-03-19 02:15:32,630 | INFO |     Fixation Performed : Fixation Performed
2026-03-19 02:15:33,918 | INFO |   ✅ Updated fields for DRT-7527: '12345.
2026-03-19 02:15:33,919 | INFO |   🔄 Commenting on DRT-7527: '12345...
2026-03-19 02:15:33,919 | INFO |     Date Build : Date
2026-03-19 02:15:33,929 | INFO |     Result : Fail
2026-03-19 02:15:33,930 | INFO |     Failure Category : Human error
2026-03-19 02:15:33,930 | INFO |     Failure Sub Category : -
2026-03-19 02:15:33,930 | INFO |     Root Cause Details : Root Cause Details
2026-03-19 02:15:33,931 | INFO |     Fixation Performed : Fixation Performed
2026-03-19 02:15:33,931 | INFO |     Remarks : Remarks
2026-03-19 02:15:33,931 | INFO |     Reviewer : Reviewer
2026-03-19 02:15:34,420 | INFO |   ✅ Commented on DRT-7527: '12345.

2026-03-19 02:15:35,119 | INFO | ⏳ Updating 'DRT-7527: 12345'...
2026-03-19 02:15:35,119 | INFO |   🔄 Updating fields for DRT-7527: '12345...
2026-03-19 02:15:35,119 | INFO |     Failure Category : KITE issue
2026-03-19 02:15:35,119 | INFO |     Failure Sub Category : Device Mapping issue
2026-03-19 02:15:35,119 | INFO |     Previous Failure Category : ['KITE Issue', 'Human Error', 'SRL/CR Changes']
2026-03-19 02:15:35,121 | INFO |     Root Cause Details : Root Cause Details
2026-03-19 02:15:35,121 | INFO |     Fixation Performed : Fixation Performed
2026-03-19 02:15:35,980 | INFO |   ✅ Updated fields for DRT-7527: '12345.
2026-03-19 02:15:35,981 | INFO |   🔄 Commenting on DRT-7527: '12345...
2026-03-19 02:15:35,981 | INFO |     Date Build : Date
2026-03-19 02:15:35,982 | INFO |     Result : Fail
2026-03-19 02:15:35,982 | INFO |     Failure Category : KITE issue
2026-03-19 02:15:35,982 | INFO |     Failure Sub Category : Device Mapping issue
2026-03-19 02:15:35,983 | INFO |     Root Cause Details : Root Cause Details
2026-03-19 02:15:35,983 | INFO |     Fixation Performed : Fixation Performed
2026-03-19 02:15:35,983 | INFO |     Remarks : Remarks
2026-03-19 02:15:35,984 | INFO |     Reviewer : Reviewer
2026-03-19 02:15:36,481 | INFO |   ✅ Commented on DRT-7527: '12345.

2026-03-19 02:15:36,481 | INFO |   ✅ JIRA UPDATE COMPLETED...

