2026-03-19 02:20:03,640 | INFO | ⏳ Updating 'DRT-7527: 12345'...
2026-03-19 02:20:03,641 | INFO |   🔄 Updating fields for DRT-7527: '12345...
2026-03-19 02:20:03,642 | INFO |     Failure Category : ICB issue
2026-03-19 02:20:03,643 | INFO |     Failure Sub Category : Once seen
2026-03-19 02:20:03,644 | INFO |     Previous Failure Category : ['KITE Issue', 'Human Error', 'SRL/CR Changes']
2026-03-19 02:20:03,645 | INFO |     Root Cause Details : Root Cause Details
2026-03-19 02:20:03,646 | INFO |     Fixation Performed : Fixation Performed
2026-03-19 02:20:04,939 | INFO |   ✅ Updated fields for DRT-7527: '12345.
2026-03-19 02:20:04,940 | INFO |   🔄 Commenting on DRT-7527: '12345...
2026-03-19 02:20:04,950 | INFO |     Date Build : Date
2026-03-19 02:20:04,951 | INFO |     Result : Fail
2026-03-19 02:20:04,952 | INFO |     Failure Category : ICB issue
2026-03-19 02:20:04,952 | INFO |     Failure Sub Category : Once seen
2026-03-19 02:20:04,953 | INFO |     Root Cause Details : Root Cause Details
2026-03-19 02:20:04,953 | INFO |     Fixation Performed : Fixation Performed
2026-03-19 02:20:04,953 | INFO |     Remarks : Remarks
2026-03-19 02:20:04,954 | INFO |     Reviewer : Reviewer
2026-03-19 02:20:05,861 | INFO |   ✅ Commented on DRT-7527: '12345.

2026-03-19 02:20:06,525 | INFO | ⏳ Updating 'DRT-7527: 12345'...
2026-03-19 02:20:06,526 | INFO |   🔄 Updating fields for DRT-7527: '12345...
2026-03-19 02:20:06,526 | INFO |     Failure Category : ICB issue
2026-03-19 02:20:06,527 | INFO |     Failure Sub Category : Always
2026-03-19 02:20:06,527 | INFO |     Previous Failure Category : ['KITE Issue', 'Human Error', 'SRL/CR Changes']
2026-03-19 02:20:06,528 | INFO |     Root Cause Details : Root Cause Details
2026-03-19 02:20:06,529 | INFO |     Fixation Performed : Fixation Performed
2026-03-19 02:20:08,165 | INFO |   ✅ Updated fields for DRT-7527: '12345.
2026-03-19 02:20:08,166 | INFO |   🔄 Commenting on DRT-7527: '12345...
2026-03-19 02:20:08,167 | INFO |     Date Build : Date
2026-03-19 02:20:08,167 | INFO |     Result : Fail
2026-03-19 02:20:08,168 | INFO |     Failure Category : ICB issue
2026-03-19 02:20:08,168 | INFO |     Failure Sub Category : Always
2026-03-19 02:20:08,169 | INFO |     Root Cause Details : Root Cause Details
2026-03-19 02:20:08,169 | INFO |     Fixation Performed : Fixation Performed
2026-03-19 02:20:08,170 | INFO |     Remarks : Remarks
2026-03-19 02:20:08,170 | INFO |     Reviewer : Reviewer
2026-03-19 02:20:08,972 | INFO |   ✅ Commented on DRT-7527: '12345.

2026-03-19 02:20:08,973 | INFO |   ✅ JIRA UPDATE COMPLETED...

