2026-03-19 02:00:36,970 | INFO | ⏳ Updating 'DRT-7527: 12345'...
2026-03-19 02:00:36,971 | INFO |   🔄 Updating fields for DRT-7527: '12345...
2026-03-19 02:00:36,972 | INFO |     Failure Category : Human error
2026-03-19 02:00:36,972 | INFO |     Failure Sub Category : -
2026-03-19 02:00:36,973 | INFO |     Previous Failure Category : ['KITE Issue']
2026-03-19 02:00:36,973 | INFO |     Root Cause Details : Root Cause Details
2026-03-19 02:00:36,974 | INFO |     Fixation Performed : Fixation Performed
2026-03-19 02:00:38,218 | INFO |   ✅ Updated fields for DRT-7527: '12345.
2026-03-19 02:00:38,218 | INFO |   🔄 Commenting on DRT-7527: '12345...
2026-03-19 02:00:38,219 | INFO |     Date Build : Date
2026-03-19 02:00:38,220 | INFO |     Result : Fail
2026-03-19 02:00:38,221 | INFO |     Failure Category : Human error
2026-03-19 02:00:38,221 | INFO |     Failure Sub Category : -
2026-03-19 02:00:38,222 | INFO |     Root Cause Details : Root Cause Details
2026-03-19 02:00:38,222 | INFO |     Fixation Performed : Fixation Performed
2026-03-19 02:00:38,223 | INFO |     Remarks : Remarks
2026-03-19 02:00:38,223 | INFO |     Reviewer : Reviewer
2026-03-19 02:00:39,132 | INFO |   ✅ Commented on DRT-7527: '12345.

2026-03-19 02:00:39,849 | INFO | ⏳ Updating 'DRT-7527: 12345'...
2026-03-19 02:00:39,850 | INFO |   🔄 Updating fields for DRT-7527: '12345...
2026-03-19 02:00:39,850 | INFO |     Failure Category : KITE issue
2026-03-19 02:00:39,851 | INFO |     Failure Sub Category : Device Mapping issue
2026-03-19 02:00:39,851 | INFO |     Previous Failure Category : ['Human Error']
2026-03-19 02:00:39,852 | INFO |     Root Cause Details : Root Cause Details
2026-03-19 02:00:39,852 | INFO |     Fixation Performed : Fixation Performed
2026-03-19 02:00:41,429 | INFO |   ✅ Updated fields for DRT-7527: '12345.
2026-03-19 02:00:41,429 | INFO |   🔄 Commenting on DRT-7527: '12345...
2026-03-19 02:00:41,430 | INFO |     Date Build : Date
2026-03-19 02:00:41,430 | INFO |     Result : Fail
2026-03-19 02:00:41,431 | INFO |     Failure Category : KITE issue
2026-03-19 02:00:41,432 | INFO |     Failure Sub Category : Device Mapping issue
2026-03-19 02:00:41,433 | INFO |     Root Cause Details : Root Cause Details
2026-03-19 02:00:41,433 | INFO |     Fixation Performed : Fixation Performed
2026-03-19 02:00:41,434 | INFO |     Remarks : Remarks
2026-03-19 02:00:41,434 | INFO |     Reviewer : Reviewer
2026-03-19 02:00:42,538 | INFO |   ✅ Commented on DRT-7527: '12345.

2026-03-19 02:00:42,539 | INFO |   ✅ JIRA UPDATE COMPLETED...

