2026-03-19 02:10:35,495 | INFO | ⏳ Updating 'DRT-7527: 12345'...
2026-03-19 02:10:35,496 | INFO |   🔄 Updating fields for DRT-7527: '12345...
2026-03-19 02:10:35,497 | INFO |     Failure Category : Human error
2026-03-19 02:10:35,497 | INFO |     Failure Sub Category : -
2026-03-19 02:10:35,498 | INFO |     Previous Failure Category : ['KITE Issue', 'Human Error', 'SRL/CR Changes']
2026-03-19 02:10:35,498 | INFO |     Root Cause Details : Root Cause Details
2026-03-19 02:10:35,499 | INFO |     Fixation Performed : Fixation Performed
2026-03-19 02:10:37,180 | INFO |   ✅ Updated fields for DRT-7527: '12345.
2026-03-19 02:10:37,180 | INFO |   🔄 Commenting on DRT-7527: '12345...
2026-03-19 02:10:37,181 | INFO |     Date Build : Date
2026-03-19 02:10:37,192 | INFO |     Result : Fail
2026-03-19 02:10:37,192 | INFO |     Failure Category : Human error
2026-03-19 02:10:37,194 | INFO |     Failure Sub Category : -
2026-03-19 02:10:37,194 | INFO |     Root Cause Details : Root Cause Details
2026-03-19 02:10:37,194 | INFO |     Fixation Performed : Fixation Performed
2026-03-19 02:10:37,195 | INFO |     Remarks : Remarks
2026-03-19 02:10:37,195 | INFO |     Reviewer : Reviewer
2026-03-19 02:10:37,730 | INFO |   ✅ Commented on DRT-7527: '12345.

2026-03-19 02:10:38,062 | INFO | ⏳ Updating 'DRT-7527: 12345'...
2026-03-19 02:10:38,062 | INFO |   🔄 Updating fields for DRT-7527: '12345...
2026-03-19 02:10:38,063 | INFO |     Failure Category : KITE issue
2026-03-19 02:10:38,064 | INFO |     Failure Sub Category : Device Mapping issue
2026-03-19 02:10:38,065 | INFO |     Previous Failure Category : ['KITE Issue', 'Human Error', 'SRL/CR Changes']
2026-03-19 02:10:38,066 | INFO |     Root Cause Details : Root Cause Details
2026-03-19 02:10:38,066 | INFO |     Fixation Performed : Fixation Performed
2026-03-19 02:10:39,655 | INFO |   ✅ Updated fields for DRT-7527: '12345.
2026-03-19 02:10:39,656 | INFO |   🔄 Commenting on DRT-7527: '12345...
2026-03-19 02:10:39,656 | INFO |     Date Build : Date
2026-03-19 02:10:39,657 | INFO |     Result : Fail
2026-03-19 02:10:39,657 | INFO |     Failure Category : KITE issue
2026-03-19 02:10:39,658 | INFO |     Failure Sub Category : Device Mapping issue
2026-03-19 02:10:39,658 | INFO |     Root Cause Details : Root Cause Details
2026-03-19 02:10:39,658 | INFO |     Fixation Performed : Fixation Performed
2026-03-19 02:10:39,659 | INFO |     Remarks : Remarks
2026-03-19 02:10:39,660 | INFO |     Reviewer : Reviewer
2026-03-19 02:10:40,127 | INFO |   ✅ Commented on DRT-7527: '12345.

2026-03-19 02:10:40,128 | INFO |   ✅ JIRA UPDATE COMPLETED...

