2026-03-19 03:12:59,233 | INFO | ⏳ Updating 'DRT-7527: 12345'...
2026-03-19 03:12:59,234 | INFO |   🔄 Updating fields for DRT-7527: '12345...
2026-03-19 03:12:59,235 | INFO |     Failure Category : ICB issue
2026-03-19 03:12:59,235 | INFO |     Failure Sub Category : Once seen
2026-03-19 03:12:59,236 | INFO |     Previous Failure Category : ['KITE Issue', 'Human Error', 'SRL/CR Changes']
2026-03-19 03:12:59,236 | INFO |     Root Cause Details : Root Cause Details
2026-03-19 03:12:59,237 | INFO |     Fixation Performed : Fixation Performed
2026-03-19 03:13:00,180 | INFO |   ✅ Updated fields for DRT-7527: '12345.
2026-03-19 03:13:00,182 | INFO |   🔄 Commenting on DRT-7527: '12345...
2026-03-19 03:13:00,192 | INFO |     Date Build : Date
2026-03-19 03:13:00,193 | INFO |     Result : Fail
2026-03-19 03:13:00,194 | INFO |     Failure Category : ICB issue
2026-03-19 03:13:00,194 | INFO |     Failure Sub Category : Once seen
2026-03-19 03:13:00,195 | INFO |     Root Cause Details : Root Cause Details
2026-03-19 03:13:00,195 | INFO |     Fixation Performed : Fixation Performed
2026-03-19 03:13:00,196 | INFO |     Remarks : Remarks
2026-03-19 03:13:00,196 | INFO |     Reviewer : Reviewer
2026-03-19 03:13:00,647 | INFO |   ✅ Commented on DRT-7527: '12345.

2026-03-19 03:13:00,998 | INFO | ⏳ Updating 'DRT-7527: 12345'...
2026-03-19 03:13:00,999 | INFO |   🔄 Updating fields for DRT-7527: '12345...
2026-03-19 03:13:00,999 | INFO |     Failure Category : ICB issue
2026-03-19 03:13:01,000 | INFO |     Failure Sub Category : Always
2026-03-19 03:13:01,000 | INFO |     Previous Failure Category : ['KITE Issue', 'Human Error', 'SRL/CR Changes']
2026-03-19 03:13:01,001 | INFO |     Root Cause Details : Root Cause Details
2026-03-19 03:13:01,001 | INFO |     Fixation Performed : Fixation Performed
2026-03-19 03:13:01,904 | INFO |   ✅ Updated fields for DRT-7527: '12345.
2026-03-19 03:13:01,905 | INFO |   🔄 Commenting on DRT-7527: '12345...
2026-03-19 03:13:01,906 | INFO |     Date Build : Date
2026-03-19 03:13:01,906 | INFO |     Result : Fail
2026-03-19 03:13:01,907 | INFO |     Failure Category : ICB issue
2026-03-19 03:13:01,907 | INFO |     Failure Sub Category : Always
2026-03-19 03:13:01,907 | INFO |     Root Cause Details : Root Cause Details
2026-03-19 03:13:01,907 | INFO |     Fixation Performed : Fixation Performed
2026-03-19 03:13:01,908 | INFO |     Remarks : Remarks
2026-03-19 03:13:01,908 | INFO |     Reviewer : Reviewer
2026-03-19 03:13:02,426 | INFO |   ✅ Commented on DRT-7527: '12345.

2026-03-19 03:13:02,427 | INFO |   ✅ JIRA UPDATE COMPLETED...

