2026-03-19 03:08:33,727 | INFO | ⏳ Updating 'DRT-7527: 12345'...
2026-03-19 03:08:33,728 | INFO |   🔄 Updating fields for DRT-7527: '12345...
2026-03-19 03:08:33,729 | INFO |     Failure Category : ICB issue
2026-03-19 03:08:33,729 | INFO |     Failure Sub Category : Once seen
2026-03-19 03:08:33,730 | INFO |     Previous Failure Category : ['KITE Issue', 'Human Error', 'SRL/CR Changes']
2026-03-19 03:08:33,730 | INFO |     Root Cause Details : Root Cause Details
2026-03-19 03:08:33,731 | INFO |     Fixation Performed : Fixation Performed
2026-03-19 03:08:35,112 | INFO |   ✅ Updated fields for DRT-7527: '12345.
2026-03-19 03:08:35,112 | INFO |   🔄 Commenting on DRT-7527: '12345...
2026-03-19 03:08:35,115 | INFO |     Date Build : Date
2026-03-19 03:08:35,115 | INFO |     Result : Fail
2026-03-19 03:08:35,116 | INFO |     Failure Category : ICB issue
2026-03-19 03:08:35,116 | INFO |     Failure Sub Category : Once seen
2026-03-19 03:08:35,116 | INFO |     Root Cause Details : Root Cause Details
2026-03-19 03:08:35,117 | INFO |     Fixation Performed : Fixation Performed
2026-03-19 03:08:35,117 | INFO |     Remarks : Remarks
2026-03-19 03:08:35,118 | INFO |     Reviewer : Reviewer
2026-03-19 03:08:35,955 | INFO |   ✅ Commented on DRT-7527: '12345.

2026-03-19 03:08:36,263 | INFO | ⏳ Updating 'DRT-7527: 12345'...
2026-03-19 03:08:36,263 | INFO |   🔄 Updating fields for DRT-7527: '12345...
2026-03-19 03:08:36,264 | INFO |     Failure Category : ICB issue
2026-03-19 03:08:36,264 | INFO |     Failure Sub Category : Always
2026-03-19 03:08:36,264 | INFO |     Previous Failure Category : ['KITE Issue', 'Human Error', 'SRL/CR Changes']
2026-03-19 03:08:36,265 | INFO |     Root Cause Details : Root Cause Details
2026-03-19 03:08:36,265 | INFO |     Fixation Performed : Fixation Performed
2026-03-19 03:08:37,182 | INFO |   ✅ Updated fields for DRT-7527: '12345.
2026-03-19 03:08:37,182 | INFO |   🔄 Commenting on DRT-7527: '12345...
2026-03-19 03:08:37,183 | INFO |     Date Build : Date
2026-03-19 03:08:37,183 | INFO |     Result : Fail
2026-03-19 03:08:37,184 | INFO |     Failure Category : ICB issue
2026-03-19 03:08:37,184 | INFO |     Failure Sub Category : Always
2026-03-19 03:08:37,185 | INFO |     Root Cause Details : Root Cause Details
2026-03-19 03:08:37,185 | INFO |     Fixation Performed : Fixation Performed
2026-03-19 03:08:37,186 | INFO |     Remarks : Remarks
2026-03-19 03:08:37,186 | INFO |     Reviewer : Reviewer
2026-03-19 03:08:38,034 | INFO |   ✅ Commented on DRT-7527: '12345.

2026-03-19 03:08:38,035 | INFO |   ✅ JIRA UPDATE COMPLETED...

