2026-03-14 18:51:54,111 | INFO | ⏳ Updating 'DRT-7527: 12345'...
2026-03-14 18:51:54,112 | INFO |   🔄 Updating fields for DRT-7527: '12345...
2026-03-14 18:51:54,112 | INFO |     Failure Category : Human error
2026-03-14 18:51:54,113 | INFO |     Failure Sub Category : -
2026-03-14 18:51:54,113 | INFO |     Previous Failure Category : ['SRL/CR Changes', 'Human error', 'Test Env Issue', 'TS Issue', 'ICB Issue (Always)', 'KITE Issue', 'Human Error', 'ICB Issue (Once)']
2026-03-14 18:51:54,114 | INFO |     Root Cause Details : Root Cause Details
2026-03-14 18:51:54,114 | INFO |     Fixation Performed : Fixation Performed
2026-03-14 18:51:54,473 | ERROR | [ERROR] Could not process DRT-7527: '12345 : JiraError HTTP 400 url: https://kpithondajapan.atlassian.net/rest/api/2/issue/3284918
	
	response headers = {'Content-Type': 'application/json;charset=UTF-8', 'Transfer-Encoding': 'chunked', 'Connection': 'keep-alive', 'Date': 'Sat, 14 Mar 2026 13:21:54 GMT', 'Server': 'AtlassianEdge', 'Timing-Allow-Origin': '*', 'X-Arequestid': '27ba9497a3294ae137e739fa9c8e8b58', 'X-Aaccountid': '712020%3A7ebd6444-898e-4d1e-ba7a-2710a262ffa7', 'Cache-Control': 'no-store, no-cache', 'X-Ratelimit-Limit': '300', 'X-Ratelimit-Remaining': '299', 'X-Content-Type-Options': 'nosniff', 'X-Xss-Protection': '1; mode=block', 'Atl-Traceid': '9c128d129c65472580397fa6d43b1929', 'Atl-Request-Id': '9c128d12-9c65-4725-8039-7fa6d43b1929', 'Strict-Transport-Security': 'max-age=63072000; includeSubDomains; preload', 'Report-To': '{"endpoints": [{"url": "https://dz8aopenkvv6s.cloudfront.net"}], "group": "endpoint-1", "include_subdomains": true, "max_age": 600}', 'Nel': '{"failure_fraction": 0.01, "include_subdomains": true, "max_age": 600, "report_to": "endpoint-1"}', 'Content-Encoding': 'br', 'Vary': 'Accept-Encoding', 'Server-Timing': 'atl-edge;dur=216,atl-edge-internal;dur=15,atl-edge-upstream;dur=201,atl-edge-pop;desc="aws-eu-west-1"', 'X-Cache': 'Error from cloudfront', 'Via': '1.1 0d0c9a98d2447493d68e84893d87f91a.cloudfront.net (CloudFront)', 'X-Amz-Cf-Pop': 'BOM54-P1', 'X-Amz-Cf-Id': 'p6zOYuDRPn9zZcgj10g2QjeJivWb4LiCpfToq59Q7X04_7ArPuuOUg=='}
	response text = {"errorMessages":[],"errors":{"customfield_12208":"Option value 'Human error' is not valid"}}.

2026-03-14 18:51:55,148 | INFO | ⏳ Updating 'DRT-7527: 12345'...
2026-03-14 18:51:55,149 | INFO |   🔄 Updating fields for DRT-7527: '12345...
2026-03-14 18:51:55,149 | INFO |     Failure Category : KITE issue
2026-03-14 18:51:55,150 | INFO |     Failure Sub Category : Device Mapping issue
2026-03-14 18:51:55,150 | INFO |     Previous Failure Category : ['SRL/CR Changes', 'Human error', 'Test Env Issue', 'TS Issue', 'ICB Issue (Always)', 'KITE Issue', 'Human Error', 'ICB Issue (Once)']
2026-03-14 18:51:55,151 | INFO |     Root Cause Details : Root Cause Details
2026-03-14 18:51:55,152 | INFO |     Fixation Performed : Fixation Performed
2026-03-14 18:51:55,841 | ERROR | [ERROR] Could not process DRT-7527: '12345 : JiraError HTTP 400 url: https://kpithondajapan.atlassian.net/rest/api/2/issue/3284918
	
	response headers = {'Content-Type': 'application/json;charset=UTF-8', 'Transfer-Encoding': 'chunked', 'Connection': 'keep-alive', 'Date': 'Sat, 14 Mar 2026 13:21:55 GMT', 'Server': 'AtlassianEdge', 'Timing-Allow-Origin': '*', 'X-Arequestid': '0f760a9a539a801485ce95576beb9dad', 'X-Aaccountid': '712020%3A7ebd6444-898e-4d1e-ba7a-2710a262ffa7', 'Cache-Control': 'no-store, no-cache', 'X-Ratelimit-Limit': '300', 'X-Ratelimit-Remaining': '299', 'X-Content-Type-Options': 'nosniff', 'X-Xss-Protection': '1; mode=block', 'Atl-Traceid': '7952b1b5d5c642b4b1da7a885514cf90', 'Atl-Request-Id': '7952b1b5-d5c6-42b4-b1da-7a885514cf90', 'Strict-Transport-Security': 'max-age=63072000; includeSubDomains; preload', 'Report-To': '{"endpoints": [{"url": "https://dz8aopenkvv6s.cloudfront.net"}], "group": "endpoint-1", "include_subdomains": true, "max_age": 600}', 'Nel': '{"failure_fraction": 0.01, "include_subdomains": true, "max_age": 600, "report_to": "endpoint-1"}', 'Content-Encoding': 'br', 'Vary': 'Accept-Encoding', 'Server-Timing': 'atl-edge;dur=187,atl-edge-internal;dur=16,atl-edge-upstream;dur=170,atl-edge-pop;desc="aws-eu-west-1"', 'X-Cache': 'Error from cloudfront', 'Via': '1.1 0d0c9a98d2447493d68e84893d87f91a.cloudfront.net (CloudFront)', 'X-Amz-Cf-Pop': 'BOM54-P1', 'X-Amz-Cf-Id': '5H2NQwHFv_VGEuB4OVk5jRjKZChIuIxwOqOZwumghRXXUIRoHD782g=='}
	response text = {"errorMessages":[],"errors":{"customfield_12208":"Option value 'Human error' is not valid"}}.

2026-03-14 18:51:55,842 | INFO |   ✅ JIRA UPDATE COMPLETED...

