2025-12-06 22:22:56,456 | INFO | Token loaded from Environment Variable
2025-12-06 22:22:57,173 | INFO | Successfully connected to Jira server: https://kpithondajapan.atlassian.net
2025-12-06 22:22:58,976 | INFO | Successfully read Excel file: Transite_Issues.xlsx
2025-12-06 22:22:59,694 | INFO | Processing ticket DRT-1880 with current status: In_Progress
2025-12-06 22:23:01,627 | INFO | Transitioned DRT-1880 from 'In_Progress' to 'Issue Analysis In Progress'
2025-12-06 22:23:04,329 | INFO | Transitioned DRT-1880 from 'Issue Analysis In Progress' to 'Issue Analysis Completed'
2025-12-06 22:23:05,999 | INFO | Transitioned DRT-1880 from 'Issue Analysis Completed' to 'Overnight Issue Fixed'
2025-12-06 22:23:07,700 | INFO | Transitioned DRT-1880 from 'Overnight Issue Fixed' to 'Ready for review'
2025-12-06 22:23:09,002 | INFO | Ticket DRT-1880 is transited till status: Ready for review
2025-12-06 22:23:09,308 | INFO | Processing ticket DRT-1732 with current status: In_Progress
2025-12-06 22:23:10,735 | INFO | Transitioned DRT-1732 from 'In_Progress' to 'Issue Analysis In Progress'
2025-12-06 22:23:12,385 | INFO | Transitioned DRT-1732 from 'Issue Analysis In Progress' to 'Issue Analysis Completed'
2025-12-06 22:23:14,817 | INFO | Transitioned DRT-1732 from 'Issue Analysis Completed' to 'Overnight Issue Fixed'
2025-12-06 22:23:16,902 | INFO | Transitioned DRT-1732 from 'Overnight Issue Fixed' to 'Ready for review'
2025-12-06 22:23:17,974 | INFO | Ticket DRT-1732 is transited till status: Ready for review
2025-12-06 22:23:19,356 | INFO | Ticket DRT-1732 is transited till status: Ready for review
2025-12-06 22:23:20,294 | INFO | Ticket DRT-1732 is transited till status: Ready for review
2025-12-06 22:23:20,931 | INFO | Ticket DRT-1732 is transited till status: Ready for review
2025-12-06 22:23:21,559 | INFO | Ticket DRT-1880 is transited till status: Ready for review
2025-12-06 22:23:22,155 | INFO | Ticket DRT-1732 is transited till status: Ready for review
2025-12-06 22:23:23,137 | INFO | Ticket DRT-1732 is transited till status: Ready for review
2025-12-06 22:23:23,137 | INFO | ✅ JIRA TRANSITION COMPLETED...

