2025-12-20 15:59:38,232 | INFO | Token loaded from Environment Variable
2025-12-20 15:59:38,877 | INFO | Successfully connected to Jira server: https://kpithondajapan.atlassian.net
2025-12-20 15:59:39,968 | INFO | Successfully read Excel file: Transite_Issues.xlsx
2025-12-20 15:59:40,271 | INFO | Processing ticket DRT-2038 with current status: In_Progress
2025-12-20 15:59:41,674 | INFO | Transitioned DRT-2038 from 'In_Progress' to 'Issue Analysis In Progress'
2025-12-20 15:59:43,614 | INFO | Transitioned DRT-2038 from 'Issue Analysis In Progress' to 'Issue Analysis Completed'
2025-12-20 15:59:45,577 | INFO | Transitioned DRT-2038 from 'Issue Analysis Completed' to 'No Fixation Required'
2025-12-20 15:59:47,939 | INFO | Transitioned DRT-2038 from 'No Fixation Required' to 'Ready for review'
2025-12-20 15:59:48,874 | INFO | Ticket DRT-2038 is transited till status: Ready for review
2025-12-20 15:59:49,155 | INFO | Processing ticket DRT-1810 with current status: In_Progress
2025-12-20 15:59:50,166 | INFO | Transitioned DRT-1810 from 'In_Progress' to 'Issue Analysis In Progress'
2025-12-20 15:59:51,886 | INFO | Transitioned DRT-1810 from 'Issue Analysis In Progress' to 'Issue Analysis Completed'
2025-12-20 15:59:53,931 | INFO | Transitioned DRT-1810 from 'Issue Analysis Completed' to 'No Fixation Required'
2025-12-20 15:59:55,589 | INFO | Transitioned DRT-1810 from 'No Fixation Required' to 'Ready for review'
2025-12-20 15:59:56,877 | INFO | Ticket DRT-1810 is transited till status: Ready for review
2025-12-20 15:59:57,516 | INFO | Processing ticket DRT-4840 with current status: In_Progress
2025-12-20 15:59:58,884 | INFO | Transitioned DRT-4840 from 'In_Progress' to 'Issue Analysis In Progress'
2025-12-20 16:00:00,557 | INFO | Transitioned DRT-4840 from 'Issue Analysis In Progress' to 'Issue Analysis Completed'
2025-12-20 16:00:02,288 | INFO | Transitioned DRT-4840 from 'Issue Analysis Completed' to 'No Fixation Required'
2025-12-20 16:00:03,680 | INFO | Transitioned DRT-4840 from 'No Fixation Required' to 'Ready for review'
2025-12-20 16:00:04,222 | INFO | Ticket DRT-4840 is transited till status: Ready for review
2025-12-20 16:00:04,496 | INFO | Processing ticket DRT-4839 with current status: In_Progress
2025-12-20 16:00:05,865 | INFO | Transitioned DRT-4839 from 'In_Progress' to 'Issue Analysis In Progress'
2025-12-20 16:00:07,463 | INFO | Transitioned DRT-4839 from 'Issue Analysis In Progress' to 'Issue Analysis Completed'
2025-12-20 16:00:09,113 | INFO | Transitioned DRT-4839 from 'Issue Analysis Completed' to 'No Fixation Required'
2025-12-20 16:00:10,387 | INFO | Transitioned DRT-4839 from 'No Fixation Required' to 'Ready for review'
2025-12-20 16:00:10,968 | INFO | Ticket DRT-4839 is transited till status: Ready for review
2025-12-20 16:00:11,266 | INFO | Processing ticket DRT-4830 with current status: In_Progress
2025-12-20 16:00:12,851 | INFO | Transitioned DRT-4830 from 'In_Progress' to 'Issue Analysis In Progress'
2025-12-20 16:00:14,227 | INFO | Transitioned DRT-4830 from 'Issue Analysis In Progress' to 'Issue Analysis Completed'
2025-12-20 16:00:15,706 | INFO | Transitioned DRT-4830 from 'Issue Analysis Completed' to 'No Fixation Required'
2025-12-20 16:00:17,443 | INFO | Transitioned DRT-4830 from 'No Fixation Required' to 'Ready for review'
2025-12-20 16:00:18,417 | INFO | Ticket DRT-4830 is transited till status: Ready for review
2025-12-20 16:00:18,697 | INFO | Processing ticket DRT-5769 with current status: In_Progress
2025-12-20 16:00:19,683 | INFO | Transitioned DRT-5769 from 'In_Progress' to 'Issue Analysis In Progress'
2025-12-20 16:00:21,325 | INFO | Transitioned DRT-5769 from 'Issue Analysis In Progress' to 'Issue Analysis Completed'
2025-12-20 16:00:22,610 | INFO | Transitioned DRT-5769 from 'Issue Analysis Completed' to 'No Fixation Required'
2025-12-20 16:00:23,924 | INFO | Transitioned DRT-5769 from 'No Fixation Required' to 'Ready for review'
2025-12-20 16:00:24,482 | INFO | Ticket DRT-5769 is transited till status: Ready for review
2025-12-20 16:00:24,796 | INFO | Processing ticket DRT-1848 with current status: In_Progress
2025-12-20 16:00:26,200 | INFO | Transitioned DRT-1848 from 'In_Progress' to 'Issue Analysis In Progress'
2025-12-20 16:00:27,508 | INFO | Transitioned DRT-1848 from 'Issue Analysis In Progress' to 'Issue Analysis Completed'
2025-12-20 16:00:28,864 | INFO | Transitioned DRT-1848 from 'Issue Analysis Completed' to 'No Fixation Required'
2025-12-20 16:00:30,258 | INFO | Transitioned DRT-1848 from 'No Fixation Required' to 'Ready for review'
2025-12-20 16:00:31,205 | INFO | Ticket DRT-1848 is transited till status: Ready for review
2025-12-20 16:00:31,206 | INFO | ✅ JIRA TRANSITION COMPLETED...

