2025-12-06 22:35:22,288 | INFO | Token loaded from Environment Variable
2025-12-06 22:35:23,308 | INFO | Successfully connected to Jira server: https://kpithondajapan.atlassian.net
2025-12-06 22:35:24,682 | INFO | Successfully read Excel file: Transite_Issues.xlsx
2025-12-06 22:35:25,366 | INFO | Processing ticket DRT-3831 with current status: In_Progress
2025-12-06 22:35:27,356 | INFO | Transitioned DRT-3831 from 'In_Progress' to 'Issue Analysis In Progress'
2025-12-06 22:35:29,790 | INFO | Transitioned DRT-3831 from 'Issue Analysis In Progress' to 'Issue Analysis Completed'
2025-12-06 22:35:32,193 | INFO | Transitioned DRT-3831 from 'Issue Analysis Completed' to 'Overnight Issue Fixed'
2025-12-06 22:35:34,218 | INFO | Transitioned DRT-3831 from 'Overnight Issue Fixed' to 'Ready for review'
2025-12-06 22:35:35,197 | INFO | Ticket DRT-3831 is transited till status: Ready for review
2025-12-06 22:35:35,838 | INFO | Processing ticket DRT-6166 with current status: In_Progress
2025-12-06 22:35:36,831 | INFO | Transitioned DRT-6166 from 'In_Progress' to 'Issue Analysis In Progress'
2025-12-06 22:35:38,892 | INFO | Transitioned DRT-6166 from 'Issue Analysis In Progress' to 'Issue Analysis Completed'
2025-12-06 22:35:40,629 | INFO | Transitioned DRT-6166 from 'Issue Analysis Completed' to 'Overnight Issue Fixed'
2025-12-06 22:35:42,701 | INFO | Transitioned DRT-6166 from 'Overnight Issue Fixed' to 'Ready for review'
2025-12-06 22:35:43,609 | INFO | Ticket DRT-6166 is transited till status: Ready for review
2025-12-06 22:35:44,630 | INFO | Ticket DRT-1732 is transited till status: Ready for review
2025-12-06 22:35:44,934 | INFO | Processing ticket DRT-3915 with current status: In_Progress
2025-12-06 22:35:46,209 | INFO | Transitioned DRT-3915 from 'In_Progress' to 'Issue Analysis In Progress'
2025-12-06 22:35:47,898 | INFO | Transitioned DRT-3915 from 'Issue Analysis In Progress' to 'Issue Analysis Completed'
2025-12-06 22:35:49,809 | INFO | Transitioned DRT-3915 from 'Issue Analysis Completed' to 'Overnight Issue Fixed'
2025-12-06 22:35:51,136 | INFO | Transitioned DRT-3915 from 'Overnight Issue Fixed' to 'Ready for review'
2025-12-06 22:35:51,748 | INFO | Ticket DRT-3915 is transited till status: Ready for review
2025-12-06 22:35:52,483 | INFO | Processing ticket DRT-3914 with current status: In_Progress
2025-12-06 22:35:53,589 | INFO | Transitioned DRT-3914 from 'In_Progress' to 'Issue Analysis In Progress'
2025-12-06 22:35:55,365 | INFO | Transitioned DRT-3914 from 'Issue Analysis In Progress' to 'Issue Analysis Completed'
2025-12-06 22:35:57,182 | INFO | Transitioned DRT-3914 from 'Issue Analysis Completed' to 'Overnight Issue Fixed'
2025-12-06 22:35:58,970 | INFO | Transitioned DRT-3914 from 'Overnight Issue Fixed' to 'Ready for review'
2025-12-06 22:35:59,655 | INFO | Ticket DRT-3914 is transited till status: Ready for review
2025-12-06 22:36:00,667 | INFO | Ticket DRT-1880 is transited till status: Ready for review
2025-12-06 22:36:00,981 | INFO | Processing ticket DRT-3980 with current status: In_Progress
2025-12-06 22:36:02,063 | INFO | Transitioned DRT-3980 from 'In_Progress' to 'Issue Analysis In Progress'
2025-12-06 22:36:03,520 | INFO | Transitioned DRT-3980 from 'Issue Analysis In Progress' to 'Issue Analysis Completed'
2025-12-06 22:36:04,811 | INFO | Transitioned DRT-3980 from 'Issue Analysis Completed' to 'No Fixation Required'
2025-12-06 22:36:06,628 | INFO | Transitioned DRT-3980 from 'No Fixation Required' to 'Ready for review'
2025-12-06 22:36:07,283 | INFO | Ticket DRT-3980 is transited till status: Ready for review
2025-12-06 22:36:07,599 | INFO | Processing ticket DRT-2125 with current status: In_Progress
2025-12-06 22:36:09,058 | INFO | Transitioned DRT-2125 from 'In_Progress' to 'Issue Analysis In Progress'
2025-12-06 22:36:10,828 | INFO | Transitioned DRT-2125 from 'Issue Analysis In Progress' to 'Issue Analysis Completed'
2025-12-06 22:36:12,633 | INFO | Transitioned DRT-2125 from 'Issue Analysis Completed' to 'No Fixation Required'
2025-12-06 22:36:14,030 | INFO | Transitioned DRT-2125 from 'No Fixation Required' to 'Ready for review'
2025-12-06 22:36:14,649 | INFO | Ticket DRT-2125 is transited till status: Ready for review
2025-12-06 22:36:14,650 | INFO | ✅ JIRA TRANSITION COMPLETED...

