2026-02-05 18:30:51,485 | INFO | Token loaded from Environment Variable
2026-02-05 18:30:51,790 | INFO | Successfully connected to Jira server: https://kpithondajapan.atlassian.net
2026-02-05 18:30:52,664 | INFO | Successfully read Excel file: Transite_Issues.xlsx
2026-02-05 18:30:52,998 | INFO | Processing ticket DRT-3932 with current status: In_Progress
2026-02-05 18:30:54,487 | INFO | Transitioned DRT-3932 from 'In_Progress' to 'Issue Analysis In Progress'
2026-02-05 18:30:56,942 | INFO | Transitioned DRT-3932 from 'Issue Analysis In Progress' to 'Issue Analysis Completed'
2026-02-05 18:30:59,127 | INFO | Transitioned DRT-3932 from 'Issue Analysis Completed' to 'Overnight Issue Fixed'
2026-02-05 18:31:00,523 | INFO | Transitioned DRT-3932 from 'Overnight Issue Fixed' to 'Ready for review'
2026-02-05 18:31:01,133 | INFO | Ticket DRT-3932 is transited till status: Ready for review
2026-02-05 18:31:01,891 | INFO | Processing ticket DRT-3931 with current status: In_Progress
2026-02-05 18:31:03,709 | INFO | Transitioned DRT-3931 from 'In_Progress' to 'Issue Analysis In Progress'
2026-02-05 18:31:06,442 | INFO | Transitioned DRT-3931 from 'Issue Analysis In Progress' to 'Issue Analysis Completed'
2026-02-05 18:31:08,513 | INFO | Transitioned DRT-3931 from 'Issue Analysis Completed' to 'Overnight Issue Fixed'
2026-02-05 18:31:10,292 | INFO | Transitioned DRT-3931 from 'Overnight Issue Fixed' to 'Ready for review'
2026-02-05 18:31:11,270 | INFO | Ticket DRT-3931 is transited till status: Ready for review
2026-02-05 18:31:11,594 | INFO | Processing ticket DRT-2139 with current status: In_Progress
2026-02-05 18:31:13,456 | INFO | Transitioned DRT-2139 from 'In_Progress' to 'Issue Analysis In Progress'
2026-02-05 18:31:15,614 | INFO | Transitioned DRT-2139 from 'Issue Analysis In Progress' to 'Issue Analysis Completed'
2026-02-05 18:31:17,001 | INFO | Transitioned DRT-2139 from 'Issue Analysis Completed' to 'Overnight Issue Fixed'
2026-02-05 18:31:18,659 | INFO | Transitioned DRT-2139 from 'Overnight Issue Fixed' to 'Ready for review'
2026-02-05 18:31:19,704 | INFO | Ticket DRT-2139 is transited till status: Ready for review
2026-02-05 18:31:19,979 | INFO | Processing ticket DRT-1811 with current status: In_Progress
2026-02-05 18:31:20,962 | INFO | Transitioned DRT-1811 from 'In_Progress' to 'Issue Analysis In Progress'
2026-02-05 18:31:22,652 | INFO | Transitioned DRT-1811 from 'Issue Analysis In Progress' to 'Issue Analysis Completed'
2026-02-05 18:31:24,365 | INFO | Transitioned DRT-1811 from 'Issue Analysis Completed' to 'Overnight Issue Fixed'
2026-02-05 18:31:25,729 | INFO | Transitioned DRT-1811 from 'Overnight Issue Fixed' to 'Ready for review'
2026-02-05 18:31:26,538 | INFO | Ticket DRT-1811 is transited till status: Ready for review
2026-02-05 18:31:27,197 | INFO | Processing ticket DRT-1800 with current status: In_Progress
2026-02-05 18:31:28,290 | INFO | Transitioned DRT-1800 from 'In_Progress' to 'Issue Analysis In Progress'
2026-02-05 18:31:30,028 | INFO | Transitioned DRT-1800 from 'Issue Analysis In Progress' to 'Issue Analysis Completed'
2026-02-05 18:31:32,080 | INFO | Transitioned DRT-1800 from 'Issue Analysis Completed' to 'Overnight Issue Fixed'
2026-02-05 18:31:33,852 | INFO | Transitioned DRT-1800 from 'Overnight Issue Fixed' to 'Ready for review'
2026-02-05 18:31:34,433 | INFO | Ticket DRT-1800 is transited till status: Ready for review
2026-02-05 18:31:34,729 | INFO | Processing ticket DRT-1818 with current status: In_Progress
2026-02-05 18:31:35,777 | INFO | Transitioned DRT-1818 from 'In_Progress' to 'Issue Analysis In Progress'
2026-02-05 18:31:37,093 | INFO | Transitioned DRT-1818 from 'Issue Analysis In Progress' to 'Issue Analysis Completed'
2026-02-05 18:31:38,807 | INFO | Transitioned DRT-1818 from 'Issue Analysis Completed' to 'Overnight Issue Fixed'
2026-02-05 18:31:40,228 | INFO | Transitioned DRT-1818 from 'Overnight Issue Fixed' to 'Ready for review'
2026-02-05 18:31:40,803 | INFO | Ticket DRT-1818 is transited till status: Ready for review
2026-02-05 18:31:41,449 | INFO | Processing ticket DRT-2305 with current status: In_Progress
2026-02-05 18:31:42,913 | INFO | Transitioned DRT-2305 from 'In_Progress' to 'Issue Analysis In Progress'
2026-02-05 18:31:44,235 | INFO | Transitioned DRT-2305 from 'Issue Analysis In Progress' to 'Issue Analysis Completed'
2026-02-05 18:31:45,940 | INFO | Transitioned DRT-2305 from 'Issue Analysis Completed' to 'Overnight Issue Fixed'
2026-02-05 18:31:47,416 | INFO | Transitioned DRT-2305 from 'Overnight Issue Fixed' to 'Ready for review'
2026-02-05 18:31:48,029 | INFO | Ticket DRT-2305 is transited till status: Ready for review
2026-02-05 18:31:48,337 | INFO | Processing ticket DRT-2304 with current status: In_Progress
2026-02-05 18:31:49,759 | INFO | Transitioned DRT-2304 from 'In_Progress' to 'Issue Analysis In Progress'
2026-02-05 18:31:51,519 | INFO | Transitioned DRT-2304 from 'Issue Analysis In Progress' to 'Issue Analysis Completed'
2026-02-05 18:31:52,947 | INFO | Transitioned DRT-2304 from 'Issue Analysis Completed' to 'Overnight Issue Fixed'
2026-02-05 18:31:54,731 | INFO | Transitioned DRT-2304 from 'Overnight Issue Fixed' to 'Ready for review'
2026-02-05 18:31:55,368 | INFO | Ticket DRT-2304 is transited till status: Ready for review
2026-02-05 18:31:55,676 | INFO | Processing ticket DRT-3933 with current status: In_Progress
2026-02-05 18:31:56,736 | INFO | Transitioned DRT-3933 from 'In_Progress' to 'Issue Analysis In Progress'
2026-02-05 18:31:58,114 | INFO | Transitioned DRT-3933 from 'Issue Analysis In Progress' to 'Issue Analysis Completed'
2026-02-05 18:31:59,806 | INFO | Transitioned DRT-3933 from 'Issue Analysis Completed' to 'Overnight Issue Fixed'
2026-02-05 18:32:01,243 | INFO | Transitioned DRT-3933 from 'Overnight Issue Fixed' to 'Ready for review'
2026-02-05 18:32:01,896 | INFO | Ticket DRT-3933 is transited till status: Ready for review
2026-02-05 18:32:02,196 | INFO | Processing ticket DRT-2309 with current status: In_Progress
2026-02-05 18:32:03,299 | INFO | Transitioned DRT-2309 from 'In_Progress' to 'Issue Analysis In Progress'
2026-02-05 18:32:04,729 | INFO | Transitioned DRT-2309 from 'Issue Analysis In Progress' to 'Issue Analysis Completed'
2026-02-05 18:32:06,635 | INFO | Transitioned DRT-2309 from 'Issue Analysis Completed' to 'Overnight Issue Fixed'
2026-02-05 18:32:08,087 | INFO | Transitioned DRT-2309 from 'Overnight Issue Fixed' to 'Ready for review'
2026-02-05 18:32:08,722 | INFO | Ticket DRT-2309 is transited till status: Ready for review
2026-02-05 18:32:09,047 | INFO | Processing ticket DRT-2306 with current status: In_Progress
2026-02-05 18:32:10,129 | INFO | Transitioned DRT-2306 from 'In_Progress' to 'Issue Analysis In Progress'
2026-02-05 18:32:11,539 | INFO | Transitioned DRT-2306 from 'Issue Analysis In Progress' to 'Issue Analysis Completed'
2026-02-05 18:32:13,189 | INFO | Transitioned DRT-2306 from 'Issue Analysis Completed' to 'Overnight Issue Fixed'
2026-02-05 18:32:14,634 | INFO | Transitioned DRT-2306 from 'Overnight Issue Fixed' to 'Ready for review'
2026-02-05 18:32:15,400 | INFO | Ticket DRT-2306 is transited till status: Ready for review
2026-02-05 18:32:15,711 | INFO | Processing ticket DRT-1820 with current status: In_Progress
2026-02-05 18:32:16,889 | INFO | Transitioned DRT-1820 from 'In_Progress' to 'Issue Analysis In Progress'
2026-02-05 18:32:18,337 | INFO | Transitioned DRT-1820 from 'Issue Analysis In Progress' to 'Issue Analysis Completed'
2026-02-05 18:32:20,258 | INFO | Transitioned DRT-1820 from 'Issue Analysis Completed' to 'Overnight Issue Fixed'
2026-02-05 18:32:21,518 | INFO | Transitioned DRT-1820 from 'Overnight Issue Fixed' to 'Ready for review'
2026-02-05 18:32:22,069 | INFO | Ticket DRT-1820 is transited till status: Ready for review
2026-02-05 18:32:22,332 | INFO | Processing ticket DRT-3517 with current status: In_Progress
2026-02-05 18:32:23,432 | INFO | Transitioned DRT-3517 from 'In_Progress' to 'Issue Analysis In Progress'
2026-02-05 18:32:24,736 | INFO | Transitioned DRT-3517 from 'Issue Analysis In Progress' to 'Issue Analysis Completed'
2026-02-05 18:32:26,121 | INFO | Transitioned DRT-3517 from 'Issue Analysis Completed' to 'Overnight Issue Fixed'
2026-02-05 18:32:27,612 | INFO | Transitioned DRT-3517 from 'Overnight Issue Fixed' to 'Ready for review'
2026-02-05 18:32:28,143 | INFO | Ticket DRT-3517 is transited till status: Ready for review
2026-02-05 18:32:28,425 | INFO | Processing ticket DRT-6284 with current status: In_Progress
2026-02-05 18:32:29,513 | INFO | Transitioned DRT-6284 from 'In_Progress' to 'Issue Analysis In Progress'
2026-02-05 18:32:31,324 | INFO | Transitioned DRT-6284 from 'Issue Analysis In Progress' to 'Issue Analysis Completed'
2026-02-05 18:32:32,648 | INFO | Transitioned DRT-6284 from 'Issue Analysis Completed' to 'Overnight Issue Fixed'
2026-02-05 18:32:33,976 | INFO | Transitioned DRT-6284 from 'Overnight Issue Fixed' to 'Ready for review'
2026-02-05 18:32:34,516 | INFO | Ticket DRT-6284 is transited till status: Ready for review
2026-02-05 18:32:34,827 | INFO | Processing ticket DRT-4428 with current status: In_Progress
2026-02-05 18:32:36,250 | INFO | Transitioned DRT-4428 from 'In_Progress' to 'Issue Analysis In Progress'
2026-02-05 18:32:37,629 | INFO | Transitioned DRT-4428 from 'Issue Analysis In Progress' to 'Issue Analysis Completed'
2026-02-05 18:32:39,092 | INFO | Transitioned DRT-4428 from 'Issue Analysis Completed' to 'Overnight Issue Fixed'
2026-02-05 18:32:40,586 | INFO | Transitioned DRT-4428 from 'Overnight Issue Fixed' to 'Ready for review'
2026-02-05 18:32:41,183 | INFO | Ticket DRT-4428 is transited till status: Ready for review
2026-02-05 18:32:41,478 | INFO | Processing ticket DRT-6030 with current status: In_Progress
2026-02-05 18:32:42,474 | INFO | Transitioned DRT-6030 from 'In_Progress' to 'Issue Analysis In Progress'
2026-02-05 18:32:43,793 | INFO | Transitioned DRT-6030 from 'Issue Analysis In Progress' to 'Issue Analysis Completed'
2026-02-05 18:32:45,160 | INFO | Transitioned DRT-6030 from 'Issue Analysis Completed' to 'Overnight Issue Fixed'
2026-02-05 18:32:46,497 | INFO | Transitioned DRT-6030 from 'Overnight Issue Fixed' to 'Ready for review'
2026-02-05 18:32:47,051 | INFO | Ticket DRT-6030 is transited till status: Ready for review
2026-02-05 18:32:47,052 | INFO | ✅ JIRA TRANSITION COMPLETED...

