2026-03-19 10:31:30,273 | INFO | Token loaded from Environment Variable
2026-03-19 10:31:30,742 | INFO | Successfully connected to Jira server: https://kpithondajapan.atlassian.net
2026-03-19 10:31:32,856 | INFO | Successfully read Excel file: Transite_Issues.xlsx
2026-03-19 10:31:33,202 | INFO | Processing ticket A15-3448 with current status: OVERNIGHT ISSUE FIXED
2026-03-19 10:31:34,323 | INFO | Transitioned A15-3448 from 'OVERNIGHT ISSUE FIXED' to 'Ready for review'
2026-03-19 10:31:34,960 | INFO | Ticket A15-3448 is transited till status: Ready for review
2026-03-19 10:31:35,297 | INFO | Processing ticket A15-3449 with current status: OVERNIGHT ISSUE FIXED
2026-03-19 10:31:36,426 | INFO | Transitioned A15-3449 from 'OVERNIGHT ISSUE FIXED' to 'Ready for review'
2026-03-19 10:31:37,385 | INFO | Ticket A15-3449 is transited till status: Ready for review
2026-03-19 10:31:37,850 | INFO | Processing ticket A15-3466 with current status: OVERNIGHT ISSUE FIXED
2026-03-19 10:31:39,051 | INFO | Transitioned A15-3466 from 'OVERNIGHT ISSUE FIXED' to 'Ready for review'
2026-03-19 10:31:39,681 | INFO | Ticket A15-3466 is transited till status: Ready for review
2026-03-19 10:31:40,014 | INFO | Processing ticket A15-3474 with current status: NO FIXATION REQUIRED
2026-03-19 10:31:41,352 | INFO | Transitioned A15-3474 from 'NO FIXATION REQUIRED' to 'Ready for review'
2026-03-19 10:31:41,994 | INFO | Ticket A15-3474 is transited till status: Ready for review
2026-03-19 10:31:42,304 | INFO | Processing ticket A15-3470 with current status: NO FIXATION REQUIRED
2026-03-19 10:31:43,805 | INFO | Transitioned A15-3470 from 'NO FIXATION REQUIRED' to 'Ready for review'
2026-03-19 10:31:44,564 | INFO | Ticket A15-3470 is transited till status: Ready for review
2026-03-19 10:31:44,893 | INFO | Processing ticket A15-3451 with current status: OVERNIGHT ISSUE FIXED
2026-03-19 10:31:46,089 | INFO | Transitioned A15-3451 from 'OVERNIGHT ISSUE FIXED' to 'Ready for review'
2026-03-19 10:31:46,655 | INFO | Ticket A15-3451 is transited till status: Ready for review
2026-03-19 10:31:47,001 | INFO | Processing ticket A15-3452 with current status: OVERNIGHT ISSUE FIXED
2026-03-19 10:31:48,209 | INFO | Transitioned A15-3452 from 'OVERNIGHT ISSUE FIXED' to 'Ready for review'
2026-03-19 10:31:48,864 | INFO | Ticket A15-3452 is transited till status: Ready for review
2026-03-19 10:31:49,207 | INFO | Processing ticket A15-3453 with current status: OVERNIGHT ISSUE FIXED
2026-03-19 10:31:50,568 | INFO | Transitioned A15-3453 from 'OVERNIGHT ISSUE FIXED' to 'Ready for review'
2026-03-19 10:31:51,243 | INFO | Ticket A15-3453 is transited till status: Ready for review
2026-03-19 10:31:51,588 | INFO | Processing ticket A15-3454 with current status: OVERNIGHT ISSUE FIXED
2026-03-19 10:31:52,718 | INFO | Transitioned A15-3454 from 'OVERNIGHT ISSUE FIXED' to 'Ready for review'
2026-03-19 10:31:53,450 | INFO | Ticket A15-3454 is transited till status: Ready for review
2026-03-19 10:31:53,788 | INFO | Processing ticket A15-3455 with current status: OVERNIGHT ISSUE FIXED
2026-03-19 10:31:54,928 | INFO | Transitioned A15-3455 from 'OVERNIGHT ISSUE FIXED' to 'Ready for review'
2026-03-19 10:31:55,567 | INFO | Ticket A15-3455 is transited till status: Ready for review
2026-03-19 10:31:55,919 | INFO | Processing ticket A15-3467 with current status: OVERNIGHT ISSUE FIXED
2026-03-19 10:31:57,005 | INFO | Transitioned A15-3467 from 'OVERNIGHT ISSUE FIXED' to 'Ready for review'
2026-03-19 10:31:57,781 | INFO | Ticket A15-3467 is transited till status: Ready for review
2026-03-19 10:31:58,205 | INFO | Processing ticket A15-3468 with current status: OVERNIGHT ISSUE FIXED
2026-03-19 10:31:59,432 | INFO | Transitioned A15-3468 from 'OVERNIGHT ISSUE FIXED' to 'Ready for review'
2026-03-19 10:32:00,035 | INFO | Ticket A15-3468 is transited till status: Ready for review
2026-03-19 10:32:00,350 | INFO | Processing ticket A15-3444 with current status: NO FIXATION REQUIRED
2026-03-19 10:32:01,646 | INFO | Transitioned A15-3444 from 'NO FIXATION REQUIRED' to 'Ready for review'
2026-03-19 10:32:02,355 | INFO | Ticket A15-3444 is transited till status: Ready for review
2026-03-19 10:32:02,738 | INFO | Processing ticket A15-3445 with current status: NO FIXATION REQUIRED
2026-03-19 10:32:04,181 | INFO | Transitioned A15-3445 from 'NO FIXATION REQUIRED' to 'Ready for review'
2026-03-19 10:32:05,015 | INFO | Ticket A15-3445 is transited till status: Ready for review
2026-03-19 10:32:05,429 | INFO | Processing ticket A15-3446 with current status: NO FIXATION REQUIRED
2026-03-19 10:32:06,795 | INFO | Transitioned A15-3446 from 'NO FIXATION REQUIRED' to 'Ready for review'
2026-03-19 10:32:07,918 | INFO | Ticket A15-3446 is transited till status: Ready for review
2026-03-19 10:32:08,231 | INFO | Processing ticket A15-3447 with current status: OVERNIGHT ISSUE FIXED
2026-03-19 10:32:09,374 | INFO | Transitioned A15-3447 from 'OVERNIGHT ISSUE FIXED' to 'Ready for review'
2026-03-19 10:32:10,102 | INFO | Ticket A15-3447 is transited till status: Ready for review
2026-03-19 10:32:10,557 | INFO | Processing ticket A15-3450 with current status: NO FIXATION REQUIRED
2026-03-19 10:32:11,929 | INFO | Transitioned A15-3450 from 'NO FIXATION REQUIRED' to 'Ready for review'
2026-03-19 10:32:12,636 | INFO | Ticket A15-3450 is transited till status: Ready for review
2026-03-19 10:32:12,937 | INFO | Processing ticket A15-3471 with current status: OVERNIGHT ISSUE FIXED
2026-03-19 10:32:14,097 | INFO | Transitioned A15-3471 from 'OVERNIGHT ISSUE FIXED' to 'Ready for review'
2026-03-19 10:32:14,807 | INFO | Ticket A15-3471 is transited till status: Ready for review
2026-03-19 10:32:15,104 | INFO | Processing ticket A15-3465 with current status: OVERNIGHT ISSUE FIXED
2026-03-19 10:32:16,595 | INFO | Transitioned A15-3465 from 'OVERNIGHT ISSUE FIXED' to 'Ready for review'
2026-03-19 10:32:17,304 | INFO | Ticket A15-3465 is transited till status: Ready for review
2026-03-19 10:32:17,604 | INFO | Processing ticket A15-3463 with current status: OVERNIGHT ISSUE FIXED
2026-03-19 10:32:18,806 | INFO | Transitioned A15-3463 from 'OVERNIGHT ISSUE FIXED' to 'Ready for review'
2026-03-19 10:32:19,447 | INFO | Ticket A15-3463 is transited till status: Ready for review
2026-03-19 10:32:19,768 | INFO | Processing ticket A15-3458 with current status: OVERNIGHT ISSUE FIXED
2026-03-19 10:32:20,940 | INFO | Transitioned A15-3458 from 'OVERNIGHT ISSUE FIXED' to 'Ready for review'
2026-03-19 10:32:21,521 | INFO | Ticket A15-3458 is transited till status: Ready for review
2026-03-19 10:32:21,805 | INFO | Processing ticket A15-3464 with current status: OVERNIGHT ISSUE FIXED
2026-03-19 10:32:22,898 | INFO | Transitioned A15-3464 from 'OVERNIGHT ISSUE FIXED' to 'Ready for review'
2026-03-19 10:32:23,534 | INFO | Ticket A15-3464 is transited till status: Ready for review
2026-03-19 10:32:23,827 | INFO | Processing ticket A15-3461 with current status: OVERNIGHT ISSUE FIXED
2026-03-19 10:32:24,892 | INFO | Transitioned A15-3461 from 'OVERNIGHT ISSUE FIXED' to 'Ready for review'
2026-03-19 10:32:25,779 | INFO | Ticket A15-3461 is transited till status: Ready for review
2026-03-19 10:32:26,131 | INFO | Processing ticket A15-3460 with current status: OVERNIGHT ISSUE FIXED
2026-03-19 10:32:27,365 | INFO | Transitioned A15-3460 from 'OVERNIGHT ISSUE FIXED' to 'Ready for review'
2026-03-19 10:32:27,981 | INFO | Ticket A15-3460 is transited till status: Ready for review
2026-03-19 10:32:28,305 | INFO | Processing ticket A15-3462 with current status: In Progress
2026-03-19 10:32:29,697 | INFO | Transitioned A15-3462 from 'In Progress' to 'ISSUE ANALYSIS IN PROGRESS'
2026-03-19 10:32:31,370 | INFO | Transitioned A15-3462 from 'ISSUE ANALYSIS IN PROGRESS' to 'ISSUE ANALYSIS COMPLETED'
2026-03-19 10:32:32,833 | INFO | Transitioned A15-3462 from 'ISSUE ANALYSIS COMPLETED' to 'OVERNIGHT ISSUE FIXED'
2026-03-19 10:32:34,263 | INFO | Transitioned A15-3462 from 'OVERNIGHT ISSUE FIXED' to 'Ready for review'
2026-03-19 10:32:34,918 | INFO | Ticket A15-3462 is transited till status: Ready for review
2026-03-19 10:32:35,208 | INFO | Processing ticket A15-3456 with current status: In Progress
2026-03-19 10:32:36,292 | INFO | Transitioned A15-3456 from 'In Progress' to 'ISSUE ANALYSIS IN PROGRESS'
2026-03-19 10:32:38,611 | INFO | Transitioned A15-3456 from 'ISSUE ANALYSIS IN PROGRESS' to 'ISSUE ANALYSIS COMPLETED'
2026-03-19 10:32:40,283 | INFO | Transitioned A15-3456 from 'ISSUE ANALYSIS COMPLETED' to 'OVERNIGHT ISSUE FIXED'
2026-03-19 10:32:42,079 | INFO | Transitioned A15-3456 from 'OVERNIGHT ISSUE FIXED' to 'Ready for review'
2026-03-19 10:32:42,709 | INFO | Ticket A15-3456 is transited till status: Ready for review
2026-03-19 10:32:43,024 | INFO | Processing ticket A15-3457 with current status: In Progress
2026-03-19 10:32:44,159 | INFO | Transitioned A15-3457 from 'In Progress' to 'ISSUE ANALYSIS IN PROGRESS'
2026-03-19 10:32:45,888 | INFO | Transitioned A15-3457 from 'ISSUE ANALYSIS IN PROGRESS' to 'ISSUE ANALYSIS COMPLETED'
2026-03-19 10:32:47,349 | INFO | Transitioned A15-3457 from 'ISSUE ANALYSIS COMPLETED' to 'OVERNIGHT ISSUE FIXED'
2026-03-19 10:32:48,808 | INFO | Transitioned A15-3457 from 'OVERNIGHT ISSUE FIXED' to 'Ready for review'
2026-03-19 10:32:49,370 | INFO | Ticket A15-3457 is transited till status: Ready for review
2026-03-19 10:32:49,692 | INFO | Processing ticket A15-3459 with current status: In Progress
2026-03-19 10:32:50,704 | INFO | Transitioned A15-3459 from 'In Progress' to 'ISSUE ANALYSIS IN PROGRESS'
2026-03-19 10:32:52,130 | INFO | Transitioned A15-3459 from 'ISSUE ANALYSIS IN PROGRESS' to 'ISSUE ANALYSIS COMPLETED'
2026-03-19 10:32:53,573 | INFO | Transitioned A15-3459 from 'ISSUE ANALYSIS COMPLETED' to 'OVERNIGHT ISSUE FIXED'
2026-03-19 10:32:55,259 | INFO | Transitioned A15-3459 from 'OVERNIGHT ISSUE FIXED' to 'Ready for review'
2026-03-19 10:32:55,852 | INFO | Ticket A15-3459 is transited till status: Ready for review
2026-03-19 10:32:56,129 | INFO | Processing ticket A15-3473 with current status: In Progress
2026-03-19 10:32:57,121 | INFO | Transitioned A15-3473 from 'In Progress' to 'ISSUE ANALYSIS IN PROGRESS'
2026-03-19 10:32:58,892 | INFO | Transitioned A15-3473 from 'ISSUE ANALYSIS IN PROGRESS' to 'ISSUE ANALYSIS COMPLETED'
2026-03-19 10:33:00,351 | INFO | Transitioned A15-3473 from 'ISSUE ANALYSIS COMPLETED' to 'OVERNIGHT ISSUE FIXED'
2026-03-19 10:33:01,736 | INFO | Transitioned A15-3473 from 'OVERNIGHT ISSUE FIXED' to 'Ready for review'
2026-03-19 10:33:02,327 | INFO | Ticket A15-3473 is transited till status: Ready for review
2026-03-19 10:33:02,647 | INFO | Processing ticket A15-3475 with current status: In Progress
2026-03-19 10:33:03,669 | INFO | Transitioned A15-3475 from 'In Progress' to 'ISSUE ANALYSIS IN PROGRESS'
2026-03-19 10:33:05,518 | INFO | Transitioned A15-3475 from 'ISSUE ANALYSIS IN PROGRESS' to 'ISSUE ANALYSIS COMPLETED'
2026-03-19 10:33:06,952 | INFO | Transitioned A15-3475 from 'ISSUE ANALYSIS COMPLETED' to 'OVERNIGHT ISSUE FIXED'
2026-03-19 10:33:08,350 | INFO | Transitioned A15-3475 from 'OVERNIGHT ISSUE FIXED' to 'Ready for review'
2026-03-19 10:33:08,929 | INFO | Ticket A15-3475 is transited till status: Ready for review
2026-03-19 10:33:09,207 | INFO | Processing ticket A15-3472 with current status: In Progress
2026-03-19 10:33:10,233 | INFO | Transitioned A15-3472 from 'In Progress' to 'ISSUE ANALYSIS IN PROGRESS'
2026-03-19 10:33:11,525 | INFO | Transitioned A15-3472 from 'ISSUE ANALYSIS IN PROGRESS' to 'ISSUE ANALYSIS COMPLETED'
2026-03-19 10:33:13,064 | INFO | Transitioned A15-3472 from 'ISSUE ANALYSIS COMPLETED' to 'OVERNIGHT ISSUE FIXED'
2026-03-19 10:33:14,592 | INFO | Transitioned A15-3472 from 'OVERNIGHT ISSUE FIXED' to 'Ready for review'
2026-03-19 10:33:15,175 | INFO | Ticket A15-3472 is transited till status: Ready for review
2026-03-19 10:33:15,481 | INFO | Processing ticket A15-3469 with current status: In Progress
2026-03-19 10:33:16,490 | INFO | Transitioned A15-3469 from 'In Progress' to 'ISSUE ANALYSIS IN PROGRESS'
2026-03-19 10:33:18,247 | INFO | Transitioned A15-3469 from 'ISSUE ANALYSIS IN PROGRESS' to 'ISSUE ANALYSIS COMPLETED'
2026-03-19 10:33:19,659 | INFO | Transitioned A15-3469 from 'ISSUE ANALYSIS COMPLETED' to 'OVERNIGHT ISSUE FIXED'
2026-03-19 10:33:21,047 | INFO | Transitioned A15-3469 from 'OVERNIGHT ISSUE FIXED' to 'Ready for review'
2026-03-19 10:33:21,664 | INFO | Ticket A15-3469 is transited till status: Ready for review
2026-03-19 10:33:21,665 | INFO | ✅ JIRA TRANSITION COMPLETED...

