2026-01-20 18:32:11,803 | INFO | Token loaded from Environment Variable
2026-01-20 18:32:12,094 | INFO | Successfully connected to Jira server: https://kpithondajapan.atlassian.net
2026-01-20 18:32:12,667 | INFO | Successfully read Excel file: Transite_Issues.xlsx
2026-01-20 18:32:12,968 | INFO | Processing ticket DRT-3831 with current status: In_Progress
2026-01-20 18:32:14,081 | INFO | Transitioned DRT-3831 from 'In_Progress' to 'Issue Analysis In Progress'
2026-01-20 18:32:15,475 | INFO | Transitioned DRT-3831 from 'Issue Analysis In Progress' to 'Issue Analysis Completed'
2026-01-20 18:32:17,265 | INFO | Transitioned DRT-3831 from 'Issue Analysis Completed' to 'Overnight Issue Fixed'
2026-01-20 18:32:19,007 | INFO | Transitioned DRT-3831 from 'Overnight Issue Fixed' to 'Ready for review'
2026-01-20 18:32:19,934 | INFO | Ticket DRT-3831 is transited till status: Ready for review
2026-01-20 18:32:20,211 | INFO | Processing ticket DRT-6166 with current status: In_Progress
2026-01-20 18:32:21,621 | INFO | Transitioned DRT-6166 from 'In_Progress' to 'Issue Analysis In Progress'
2026-01-20 18:32:23,676 | INFO | Transitioned DRT-6166 from 'Issue Analysis In Progress' to 'Issue Analysis Completed'
2026-01-20 18:32:25,353 | INFO | Transitioned DRT-6166 from 'Issue Analysis Completed' to 'Overnight Issue Fixed'
2026-01-20 18:32:27,037 | INFO | Transitioned DRT-6166 from 'Overnight Issue Fixed' to 'Ready for review'
2026-01-20 18:32:27,621 | INFO | Ticket DRT-6166 is transited till status: Ready for review
2026-01-20 18:32:27,941 | INFO | Processing ticket DRT-1759 with current status: In_Progress
2026-01-20 18:32:29,515 | INFO | Transitioned DRT-1759 from 'In_Progress' to 'Issue Analysis In Progress'
2026-01-20 18:32:30,936 | INFO | Transitioned DRT-1759 from 'Issue Analysis In Progress' to 'Issue Analysis Completed'
2026-01-20 18:32:32,718 | INFO | Transitioned DRT-1759 from 'Issue Analysis Completed' to 'No Fixation Required'
2026-01-20 18:32:35,017 | INFO | Transitioned DRT-1759 from 'No Fixation Required' to 'Ready for review'
2026-01-20 18:32:35,626 | INFO | Ticket DRT-1759 is transited till status: Ready for review
2026-01-20 18:32:35,931 | INFO | Processing ticket DRT-1732 with current status: In_Progress
2026-01-20 18:32:37,424 | INFO | Transitioned DRT-1732 from 'In_Progress' to 'Issue Analysis In Progress'
2026-01-20 18:32:39,529 | INFO | Transitioned DRT-1732 from 'Issue Analysis In Progress' to 'Issue Analysis Completed'
2026-01-20 18:32:41,112 | INFO | Transitioned DRT-1732 from 'Issue Analysis Completed' to 'No Fixation Required'
2026-01-20 18:32:42,567 | INFO | Transitioned DRT-1732 from 'No Fixation Required' to 'Ready for review'
2026-01-20 18:32:43,238 | INFO | Ticket DRT-1732 is transited till status: Ready for review
2026-01-20 18:32:43,512 | INFO | Processing ticket DRT-1731 with current status: In_Progress
2026-01-20 18:32:44,595 | INFO | Transitioned DRT-1731 from 'In_Progress' to 'Issue Analysis In Progress'
2026-01-20 18:32:45,937 | INFO | Transitioned DRT-1731 from 'Issue Analysis In Progress' to 'Issue Analysis Completed'
2026-01-20 18:32:47,906 | INFO | Transitioned DRT-1731 from 'Issue Analysis Completed' to 'No Fixation Required'
2026-01-20 18:32:49,221 | INFO | Transitioned DRT-1731 from 'No Fixation Required' to 'Ready for review'
2026-01-20 18:32:49,762 | INFO | Ticket DRT-1731 is transited till status: Ready for review
2026-01-20 18:32:50,037 | INFO | Processing ticket DRT-4639 with current status: In_Progress
2026-01-20 18:32:51,240 | INFO | Transitioned DRT-4639 from 'In_Progress' to 'Issue Analysis In Progress'
2026-01-20 18:32:52,592 | INFO | Transitioned DRT-4639 from 'Issue Analysis In Progress' to 'Issue Analysis Completed'
2026-01-20 18:32:54,124 | INFO | Transitioned DRT-4639 from 'Issue Analysis Completed' to 'No Fixation Required'
2026-01-20 18:32:55,494 | INFO | Transitioned DRT-4639 from 'No Fixation Required' to 'Ready for review'
2026-01-20 18:32:56,087 | INFO | Ticket DRT-4639 is transited till status: Ready for review
2026-01-20 18:32:56,373 | INFO | Processing ticket DRT-3915 with current status: In_Progress
2026-01-20 18:32:57,575 | INFO | Transitioned DRT-3915 from 'In_Progress' to 'Issue Analysis In Progress'
2026-01-20 18:32:59,323 | INFO | Transitioned DRT-3915 from 'Issue Analysis In Progress' to 'Issue Analysis Completed'
2026-01-20 18:33:01,125 | INFO | Transitioned DRT-3915 from 'Issue Analysis Completed' to 'Overnight Issue Fixed'
2026-01-20 18:33:02,497 | INFO | Transitioned DRT-3915 from 'Overnight Issue Fixed' to 'Ready for review'
2026-01-20 18:33:03,087 | INFO | Ticket DRT-3915 is transited till status: Ready for review
2026-01-20 18:33:03,393 | INFO | Processing ticket DRT-3914 with current status: In_Progress
2026-01-20 18:33:04,495 | INFO | Transitioned DRT-3914 from 'In_Progress' to 'Issue Analysis In Progress'
2026-01-20 18:33:06,117 | INFO | Transitioned DRT-3914 from 'Issue Analysis In Progress' to 'Issue Analysis Completed'
2026-01-20 18:33:07,571 | INFO | Transitioned DRT-3914 from 'Issue Analysis Completed' to 'No Fixation Required'
2026-01-20 18:33:08,996 | INFO | Transitioned DRT-3914 from 'No Fixation Required' to 'Ready for review'
2026-01-20 18:33:09,641 | INFO | Ticket DRT-3914 is transited till status: Ready for review
2026-01-20 18:33:09,918 | INFO | Processing ticket DRT-3981 with current status: In_Progress
2026-01-20 18:33:11,220 | INFO | Transitioned DRT-3981 from 'In_Progress' to 'Issue Analysis In Progress'
2026-01-20 18:33:12,931 | INFO | Transitioned DRT-3981 from 'Issue Analysis In Progress' to 'Issue Analysis Completed'
2026-01-20 18:33:14,307 | INFO | Transitioned DRT-3981 from 'Issue Analysis Completed' to 'No Fixation Required'
2026-01-20 18:33:16,008 | INFO | Transitioned DRT-3981 from 'No Fixation Required' to 'Ready for review'
2026-01-20 18:33:16,963 | INFO | Ticket DRT-3981 is transited till status: Ready for review
2026-01-20 18:33:17,242 | INFO | Processing ticket DRT-1965 with current status: In_Progress
2026-01-20 18:33:18,452 | INFO | Transitioned DRT-1965 from 'In_Progress' to 'Issue Analysis In Progress'
2026-01-20 18:33:19,752 | INFO | Transitioned DRT-1965 from 'Issue Analysis In Progress' to 'Issue Analysis Completed'
2026-01-20 18:33:21,148 | INFO | Transitioned DRT-1965 from 'Issue Analysis Completed' to 'No Fixation Required'
2026-01-20 18:33:22,528 | INFO | Transitioned DRT-1965 from 'No Fixation Required' to 'Ready for review'
2026-01-20 18:33:23,105 | INFO | Ticket DRT-1965 is transited till status: Ready for review
2026-01-20 18:33:23,404 | INFO | Processing ticket DRT-2122 with current status: In_Progress
2026-01-20 18:33:24,472 | INFO | Transitioned DRT-2122 from 'In_Progress' to 'Issue Analysis In Progress'
2026-01-20 18:33:25,844 | INFO | Transitioned DRT-2122 from 'Issue Analysis In Progress' to 'Issue Analysis Completed'
2026-01-20 18:33:27,224 | INFO | Transitioned DRT-2122 from 'Issue Analysis Completed' to 'No Fixation Required'
2026-01-20 18:33:28,963 | INFO | Transitioned DRT-2122 from 'No Fixation Required' to 'Ready for review'
2026-01-20 18:33:29,925 | INFO | Ticket DRT-2122 is transited till status: Ready for review
2026-01-20 18:33:30,251 | INFO | Processing ticket DRT-2119 with current status: In_Progress
2026-01-20 18:33:31,315 | INFO | Transitioned DRT-2119 from 'In_Progress' to 'Issue Analysis In Progress'
2026-01-20 18:33:32,697 | INFO | Transitioned DRT-2119 from 'Issue Analysis In Progress' to 'Issue Analysis Completed'
2026-01-20 18:33:34,223 | INFO | Transitioned DRT-2119 from 'Issue Analysis Completed' to 'No Fixation Required'
2026-01-20 18:33:35,585 | INFO | Transitioned DRT-2119 from 'No Fixation Required' to 'Ready for review'
2026-01-20 18:33:36,383 | INFO | Ticket DRT-2119 is transited till status: Ready for review
2026-01-20 18:33:36,691 | INFO | Processing ticket DRT-3980 with current status: In_Progress
2026-01-20 18:33:37,938 | INFO | Transitioned DRT-3980 from 'In_Progress' to 'Issue Analysis In Progress'
2026-01-20 18:33:39,259 | INFO | Transitioned DRT-3980 from 'Issue Analysis In Progress' to 'Issue Analysis Completed'
2026-01-20 18:33:40,687 | INFO | Transitioned DRT-3980 from 'Issue Analysis Completed' to 'No Fixation Required'
2026-01-20 18:33:42,071 | INFO | Transitioned DRT-3980 from 'No Fixation Required' to 'Ready for review'
2026-01-20 18:33:42,706 | INFO | Ticket DRT-3980 is transited till status: Ready for review
2026-01-20 18:33:43,012 | INFO | Processing ticket DRT-2127 with current status: In_Progress
2026-01-20 18:33:44,199 | INFO | Transitioned DRT-2127 from 'In_Progress' to 'Issue Analysis In Progress'
2026-01-20 18:33:45,622 | INFO | Transitioned DRT-2127 from 'Issue Analysis In Progress' to 'Issue Analysis Completed'
2026-01-20 18:33:46,947 | INFO | Transitioned DRT-2127 from 'Issue Analysis Completed' to 'No Fixation Required'
2026-01-20 18:33:48,440 | INFO | Transitioned DRT-2127 from 'No Fixation Required' to 'Ready for review'
2026-01-20 18:33:49,108 | INFO | Ticket DRT-2127 is transited till status: Ready for review
2026-01-20 18:33:49,390 | INFO | Processing ticket DRT-2132 with current status: In_Progress
2026-01-20 18:33:50,851 | INFO | Transitioned DRT-2132 from 'In_Progress' to 'Issue Analysis In Progress'
2026-01-20 18:33:52,213 | INFO | Transitioned DRT-2132 from 'Issue Analysis In Progress' to 'Issue Analysis Completed'
2026-01-20 18:33:53,589 | INFO | Transitioned DRT-2132 from 'Issue Analysis Completed' to 'No Fixation Required'
2026-01-20 18:33:54,956 | INFO | Transitioned DRT-2132 from 'No Fixation Required' to 'Ready for review'
2026-01-20 18:33:55,582 | INFO | Ticket DRT-2132 is transited till status: Ready for review
2026-01-20 18:33:55,900 | INFO | Processing ticket DRT-2125 with current status: In_Progress
2026-01-20 18:33:56,985 | INFO | Transitioned DRT-2125 from 'In_Progress' to 'Issue Analysis In Progress'
2026-01-20 18:33:58,385 | INFO | Transitioned DRT-2125 from 'Issue Analysis In Progress' to 'Issue Analysis Completed'
2026-01-20 18:34:00,744 | INFO | Transitioned DRT-2125 from 'Issue Analysis Completed' to 'No Fixation Required'
2026-01-20 18:34:02,557 | INFO | Transitioned DRT-2125 from 'No Fixation Required' to 'Ready for review'
2026-01-20 18:34:03,170 | INFO | Ticket DRT-2125 is transited till status: Ready for review
2026-01-20 18:34:03,797 | INFO | Processing ticket DRT-6404 with current status: In_Progress
2026-01-20 18:34:04,864 | INFO | Transitioned DRT-6404 from 'In_Progress' to 'Issue Analysis In Progress'
2026-01-20 18:34:06,182 | INFO | Transitioned DRT-6404 from 'Issue Analysis In Progress' to 'Issue Analysis Completed'
2026-01-20 18:34:07,866 | INFO | Transitioned DRT-6404 from 'Issue Analysis Completed' to 'Overnight Issue Fixed'
2026-01-20 18:34:09,212 | INFO | Transitioned DRT-6404 from 'Overnight Issue Fixed' to 'Ready for review'
2026-01-20 18:34:09,749 | INFO | Ticket DRT-6404 is transited till status: Ready for review
2026-01-20 18:34:10,044 | INFO | Processing ticket DRT-1789 with current status: In_Progress
2026-01-20 18:34:11,135 | INFO | Transitioned DRT-1789 from 'In_Progress' to 'Issue Analysis In Progress'
2026-01-20 18:34:12,505 | INFO | Transitioned DRT-1789 from 'Issue Analysis In Progress' to 'Issue Analysis Completed'
2026-01-20 18:34:13,797 | INFO | Transitioned DRT-1789 from 'Issue Analysis Completed' to 'No Fixation Required'
2026-01-20 18:34:15,129 | INFO | Transitioned DRT-1789 from 'No Fixation Required' to 'Ready for review'
2026-01-20 18:34:15,681 | INFO | Ticket DRT-1789 is transited till status: Ready for review
2026-01-20 18:34:15,682 | INFO | ✅ JIRA TRANSITION COMPLETED...

