2026-02-13 19:28:29,712 | INFO | Token loaded from Environment Variable
2026-02-13 19:28:30,062 | INFO | Successfully connected to Jira server: https://kpithondajapan.atlassian.net
2026-02-13 19:28:30,428 | INFO | Successfully read Excel file: Transite_Issues.xlsx
2026-02-13 19:28:30,730 | INFO | Processing ticket DRT-3933 with current status: In_Progress
2026-02-13 19:28:32,798 | INFO | Transitioned DRT-3933 from 'In_Progress' to 'Issue Analysis In Progress'
2026-02-13 19:28:35,305 | INFO | Transitioned DRT-3933 from 'Issue Analysis In Progress' to 'Issue Analysis Completed'
2026-02-13 19:28:37,122 | INFO | Transitioned DRT-3933 from 'Issue Analysis Completed' to 'No Fixation Required'
2026-02-13 19:28:38,834 | INFO | Transitioned DRT-3933 from 'No Fixation Required' to 'Ready for review'
2026-02-13 19:28:39,814 | INFO | Ticket DRT-3933 is transited till status: Ready for review
2026-02-13 19:28:40,473 | INFO | Processing ticket DRT-3931 with current status: In_Progress
2026-02-13 19:28:42,072 | INFO | Transitioned DRT-3931 from 'In_Progress' to 'Issue Analysis In Progress'
2026-02-13 19:28:43,979 | INFO | Transitioned DRT-3931 from 'Issue Analysis In Progress' to 'Issue Analysis Completed'
2026-02-13 19:28:46,092 | INFO | Transitioned DRT-3931 from 'Issue Analysis Completed' to 'No Fixation Required'
2026-02-13 19:28:47,955 | INFO | Transitioned DRT-3931 from 'No Fixation Required' to 'Ready for review'
2026-02-13 19:28:48,569 | INFO | Ticket DRT-3931 is transited till status: Ready for review
2026-02-13 19:28:49,214 | INFO | Processing ticket DRT-2306 with current status: In_Progress
2026-02-13 19:28:50,392 | INFO | Transitioned DRT-2306 from 'In_Progress' to 'Issue Analysis In Progress'
2026-02-13 19:28:52,205 | INFO | Transitioned DRT-2306 from 'Issue Analysis In Progress' to 'Issue Analysis Completed'
2026-02-13 19:28:53,908 | INFO | Transitioned DRT-2306 from 'Issue Analysis Completed' to 'No Fixation Required'
2026-02-13 19:28:55,242 | INFO | Transitioned DRT-2306 from 'No Fixation Required' to 'Ready for review'
2026-02-13 19:28:55,877 | INFO | Ticket DRT-2306 is transited till status: Ready for review
2026-02-13 19:28:55,878 | INFO | ✅ JIRA TRANSITION COMPLETED...

