2026-02-05 18:32:54,638 | INFO | Token loaded from Environment Variable
2026-02-05 18:32:54,900 | INFO | Successfully connected to Jira server: https://kpithondajapan.atlassian.net
2026-02-05 18:32:55,895 | INFO | Successfully read Excel file: Transite_Issues.xlsx
2026-02-05 18:32:56,476 | INFO | Ticket DRT-3932 is transited till status: Ready for review
2026-02-05 18:32:57,143 | INFO | Ticket DRT-3931 is transited till status: Ready for review
2026-02-05 18:32:57,819 | INFO | Ticket DRT-2139 is transited till status: Ready for review
2026-02-05 18:32:58,394 | INFO | Ticket DRT-1811 is transited till status: Ready for review
2026-02-05 18:32:59,307 | INFO | Ticket DRT-1800 is transited till status: Ready for review
2026-02-05 18:32:59,861 | INFO | Ticket DRT-1818 is transited till status: Ready for review
2026-02-05 18:33:00,491 | INFO | Ticket DRT-2305 is transited till status: Ready for review
2026-02-05 18:33:01,108 | INFO | Ticket DRT-2304 is transited till status: Ready for review
2026-02-05 18:33:01,708 | INFO | Ticket DRT-3933 is transited till status: Ready for review
2026-02-05 18:33:02,290 | INFO | Ticket DRT-2309 is transited till status: Ready for review
2026-02-05 18:33:02,917 | INFO | Ticket DRT-2306 is transited till status: Ready for review
2026-02-05 18:33:03,496 | INFO | Ticket DRT-1820 is transited till status: Ready for review
2026-02-05 18:33:04,058 | INFO | Ticket DRT-3517 is transited till status: Ready for review
2026-02-05 18:33:04,612 | INFO | Ticket DRT-6284 is transited till status: Ready for review
2026-02-05 18:33:05,207 | INFO | Ticket DRT-4428 is transited till status: Ready for review
2026-02-05 18:33:05,777 | INFO | Ticket DRT-6030 is transited till status: Ready for review
2026-02-05 18:33:05,778 | INFO | ✅ JIRA TRANSITION COMPLETED...

