2026-03-26 22:51:57,037 | INFO | Token loaded from Environment Variable
2026-03-26 22:51:58,173 | INFO | Successfully connected to Jira server: https://kpithondajapan.atlassian.net
2026-03-26 22:52:00,243 | INFO | Successfully read Excel file: Transite_Issues.xlsx
2026-03-26 22:52:00,657 | INFO | Processing ticket A15-3718 with current status: In Progress
2026-03-26 22:52:03,044 | INFO | Transitioned A15-3718 from 'In Progress' to 'ISSUE ANALYSIS IN PROGRESS'
2026-03-26 22:52:06,213 | INFO | Transitioned A15-3718 from 'ISSUE ANALYSIS IN PROGRESS' to 'ISSUE ANALYSIS COMPLETED'
2026-03-26 22:52:09,313 | INFO | Transitioned A15-3718 from 'ISSUE ANALYSIS COMPLETED' to 'OVERNIGHT ISSUE FIXED'
2026-03-26 22:52:11,879 | INFO | Transitioned A15-3718 from 'OVERNIGHT ISSUE FIXED' to 'Ready for review'
2026-03-26 22:52:12,981 | INFO | Ticket A15-3718 is transited till status: Ready for review
2026-03-26 22:52:13,723 | INFO | Processing ticket A15-3722 with current status: In Progress
2026-03-26 22:52:15,002 | INFO | Transitioned A15-3722 from 'In Progress' to 'ISSUE ANALYSIS IN PROGRESS'
2026-03-26 22:52:17,736 | INFO | Transitioned A15-3722 from 'ISSUE ANALYSIS IN PROGRESS' to 'ISSUE ANALYSIS COMPLETED'
2026-03-26 22:52:19,672 | INFO | Transitioned A15-3722 from 'ISSUE ANALYSIS COMPLETED' to 'NO FIXATION REQUIRED'
2026-03-26 22:52:21,944 | INFO | Transitioned A15-3722 from 'NO FIXATION REQUIRED' to 'Ready for review'
2026-03-26 22:52:22,864 | INFO | Ticket A15-3722 is transited till status: Ready for review
2026-03-26 22:52:23,306 | INFO | Processing ticket A15-3721 with current status: In Progress
2026-03-26 22:52:24,594 | INFO | Transitioned A15-3721 from 'In Progress' to 'ISSUE ANALYSIS IN PROGRESS'
2026-03-26 22:52:27,344 | INFO | Transitioned A15-3721 from 'ISSUE ANALYSIS IN PROGRESS' to 'ISSUE ANALYSIS COMPLETED'
2026-03-26 22:52:29,492 | INFO | Transitioned A15-3721 from 'ISSUE ANALYSIS COMPLETED' to 'NO FIXATION REQUIRED'
2026-03-26 22:52:31,354 | INFO | Transitioned A15-3721 from 'NO FIXATION REQUIRED' to 'Ready for review'
2026-03-26 22:52:32,580 | INFO | Ticket A15-3721 is transited till status: Ready for review
2026-03-26 22:52:33,061 | INFO | Processing ticket A15-3715 with current status: In Progress
2026-03-26 22:52:34,506 | INFO | Transitioned A15-3715 from 'In Progress' to 'ISSUE ANALYSIS IN PROGRESS'
2026-03-26 22:52:36,548 | INFO | Transitioned A15-3715 from 'ISSUE ANALYSIS IN PROGRESS' to 'ISSUE ANALYSIS COMPLETED'
2026-03-26 22:52:38,619 | INFO | Transitioned A15-3715 from 'ISSUE ANALYSIS COMPLETED' to 'NO FIXATION REQUIRED'
2026-03-26 22:52:41,124 | INFO | Transitioned A15-3715 from 'NO FIXATION REQUIRED' to 'Ready for review'
2026-03-26 22:52:42,199 | INFO | Ticket A15-3715 is transited till status: Ready for review
2026-03-26 22:52:42,534 | INFO | Processing ticket A15-3720 with current status: In Progress
2026-03-26 22:52:45,702 | INFO | Transitioned A15-3720 from 'In Progress' to 'ISSUE ANALYSIS IN PROGRESS'
2026-03-26 22:52:47,387 | INFO | Transitioned A15-3720 from 'ISSUE ANALYSIS IN PROGRESS' to 'ISSUE ANALYSIS COMPLETED'
2026-03-26 22:52:49,433 | INFO | Transitioned A15-3720 from 'ISSUE ANALYSIS COMPLETED' to 'OVERNIGHT ISSUE FIXED'
2026-03-26 22:52:51,306 | INFO | Transitioned A15-3720 from 'OVERNIGHT ISSUE FIXED' to 'Ready for review'
2026-03-26 22:52:52,499 | INFO | Ticket A15-3720 is transited till status: Ready for review
2026-03-26 22:52:52,985 | INFO | Processing ticket A15-3717 with current status: In Progress
2026-03-26 22:52:54,305 | INFO | Transitioned A15-3717 from 'In Progress' to 'ISSUE ANALYSIS IN PROGRESS'
2026-03-26 22:52:56,140 | INFO | Transitioned A15-3717 from 'ISSUE ANALYSIS IN PROGRESS' to 'ISSUE ANALYSIS COMPLETED'
2026-03-26 22:52:57,904 | INFO | Transitioned A15-3717 from 'ISSUE ANALYSIS COMPLETED' to 'OVERNIGHT ISSUE FIXED'
2026-03-26 22:53:00,008 | INFO | Transitioned A15-3717 from 'OVERNIGHT ISSUE FIXED' to 'Ready for review'
2026-03-26 22:53:00,676 | INFO | Ticket A15-3717 is transited till status: Ready for review
2026-03-26 22:53:00,998 | INFO | Processing ticket A15-3719 with current status: In Progress
2026-03-26 22:53:02,283 | INFO | Transitioned A15-3719 from 'In Progress' to 'ISSUE ANALYSIS IN PROGRESS'
2026-03-26 22:53:04,603 | INFO | Transitioned A15-3719 from 'ISSUE ANALYSIS IN PROGRESS' to 'ISSUE ANALYSIS COMPLETED'
2026-03-26 22:53:06,533 | INFO | Transitioned A15-3719 from 'ISSUE ANALYSIS COMPLETED' to 'OVERNIGHT ISSUE FIXED'
2026-03-26 22:53:08,224 | INFO | Transitioned A15-3719 from 'OVERNIGHT ISSUE FIXED' to 'Ready for review'
2026-03-26 22:53:09,022 | INFO | Ticket A15-3719 is transited till status: Ready for review
2026-03-26 22:53:09,547 | INFO | Processing ticket A15-3716 with current status: In Progress
2026-03-26 22:53:10,774 | INFO | Transitioned A15-3716 from 'In Progress' to 'ISSUE ANALYSIS IN PROGRESS'
2026-03-26 22:53:12,945 | INFO | Transitioned A15-3716 from 'ISSUE ANALYSIS IN PROGRESS' to 'ISSUE ANALYSIS COMPLETED'
2026-03-26 22:53:14,758 | INFO | Transitioned A15-3716 from 'ISSUE ANALYSIS COMPLETED' to 'NO FIXATION REQUIRED'
2026-03-26 22:53:16,574 | INFO | Transitioned A15-3716 from 'NO FIXATION REQUIRED' to 'Ready for review'
2026-03-26 22:53:17,683 | INFO | Ticket A15-3716 is transited till status: Ready for review
2026-03-26 22:53:18,018 | INFO | Processing ticket A15-3726 with current status: In Progress
2026-03-26 22:53:19,358 | INFO | Transitioned A15-3726 from 'In Progress' to 'ISSUE ANALYSIS IN PROGRESS'
2026-03-26 22:53:21,216 | INFO | Transitioned A15-3726 from 'ISSUE ANALYSIS IN PROGRESS' to 'ISSUE ANALYSIS COMPLETED'
2026-03-26 22:53:23,077 | INFO | Transitioned A15-3726 from 'ISSUE ANALYSIS COMPLETED' to 'NO FIXATION REQUIRED'
2026-03-26 22:53:24,985 | INFO | Transitioned A15-3726 from 'NO FIXATION REQUIRED' to 'Ready for review'
2026-03-26 22:53:25,703 | INFO | Ticket A15-3726 is transited till status: Ready for review
2026-03-26 22:53:26,038 | INFO | Processing ticket A15-3727 with current status: In Progress
2026-03-26 22:53:27,335 | INFO | Transitioned A15-3727 from 'In Progress' to 'ISSUE ANALYSIS IN PROGRESS'
2026-03-26 22:53:29,426 | INFO | Transitioned A15-3727 from 'ISSUE ANALYSIS IN PROGRESS' to 'ISSUE ANALYSIS COMPLETED'
2026-03-26 22:53:31,130 | INFO | Transitioned A15-3727 from 'ISSUE ANALYSIS COMPLETED' to 'NO FIXATION REQUIRED'
2026-03-26 22:53:33,209 | INFO | Transitioned A15-3727 from 'NO FIXATION REQUIRED' to 'Ready for review'
2026-03-26 22:53:33,946 | INFO | Ticket A15-3727 is transited till status: Ready for review
2026-03-26 22:53:34,291 | INFO | Processing ticket A15-3572 with current status: In Progress
2026-03-26 22:53:35,633 | INFO | Transitioned A15-3572 from 'In Progress' to 'ISSUE ANALYSIS IN PROGRESS'
2026-03-26 22:53:37,291 | INFO | Transitioned A15-3572 from 'ISSUE ANALYSIS IN PROGRESS' to 'ISSUE ANALYSIS COMPLETED'
2026-03-26 22:53:39,045 | INFO | Transitioned A15-3572 from 'ISSUE ANALYSIS COMPLETED' to 'OVERNIGHT ISSUE FIXED'
2026-03-26 22:53:40,765 | INFO | Transitioned A15-3572 from 'OVERNIGHT ISSUE FIXED' to 'Ready for review'
2026-03-26 22:53:41,428 | INFO | Ticket A15-3572 is transited till status: Ready for review
2026-03-26 22:53:41,762 | INFO | Processing ticket A15-3730 with current status: In Progress
2026-03-26 22:53:43,026 | INFO | Transitioned A15-3730 from 'In Progress' to 'ISSUE ANALYSIS IN PROGRESS'
2026-03-26 22:53:44,820 | INFO | Transitioned A15-3730 from 'ISSUE ANALYSIS IN PROGRESS' to 'ISSUE ANALYSIS COMPLETED'
2026-03-26 22:53:46,705 | INFO | Transitioned A15-3730 from 'ISSUE ANALYSIS COMPLETED' to 'NO FIXATION REQUIRED'
2026-03-26 22:53:49,090 | INFO | Transitioned A15-3730 from 'NO FIXATION REQUIRED' to 'Ready for review'
2026-03-26 22:53:49,867 | INFO | Ticket A15-3730 is transited till status: Ready for review
2026-03-26 22:53:50,340 | INFO | Processing ticket A15-3731 with current status: In Progress
2026-03-26 22:53:51,664 | INFO | Transitioned A15-3731 from 'In Progress' to 'ISSUE ANALYSIS IN PROGRESS'
2026-03-26 22:53:53,403 | INFO | Transitioned A15-3731 from 'ISSUE ANALYSIS IN PROGRESS' to 'ISSUE ANALYSIS COMPLETED'
2026-03-26 22:53:55,179 | INFO | Transitioned A15-3731 from 'ISSUE ANALYSIS COMPLETED' to 'NO FIXATION REQUIRED'
2026-03-26 22:53:57,205 | INFO | Transitioned A15-3731 from 'NO FIXATION REQUIRED' to 'Ready for review'
2026-03-26 22:53:57,945 | INFO | Ticket A15-3731 is transited till status: Ready for review
2026-03-26 22:53:58,387 | INFO | Processing ticket A15-3732 with current status: In Progress
2026-03-26 22:53:59,827 | INFO | Transitioned A15-3732 from 'In Progress' to 'ISSUE ANALYSIS IN PROGRESS'
2026-03-26 22:54:01,571 | INFO | Transitioned A15-3732 from 'ISSUE ANALYSIS IN PROGRESS' to 'ISSUE ANALYSIS COMPLETED'
2026-03-26 22:54:03,345 | INFO | Transitioned A15-3732 from 'ISSUE ANALYSIS COMPLETED' to 'OVERNIGHT ISSUE FIXED'
2026-03-26 22:54:05,035 | INFO | Transitioned A15-3732 from 'OVERNIGHT ISSUE FIXED' to 'Ready for review'
2026-03-26 22:54:05,791 | INFO | Ticket A15-3732 is transited till status: Ready for review
2026-03-26 22:54:06,130 | INFO | Processing ticket A15-3733 with current status: In Progress
2026-03-26 22:54:07,445 | INFO | Transitioned A15-3733 from 'In Progress' to 'ISSUE ANALYSIS IN PROGRESS'
2026-03-26 22:54:09,510 | INFO | Transitioned A15-3733 from 'ISSUE ANALYSIS IN PROGRESS' to 'ISSUE ANALYSIS COMPLETED'
2026-03-26 22:54:11,898 | INFO | Transitioned A15-3733 from 'ISSUE ANALYSIS COMPLETED' to 'OVERNIGHT ISSUE FIXED'
2026-03-26 22:54:13,653 | INFO | Transitioned A15-3733 from 'OVERNIGHT ISSUE FIXED' to 'Ready for review'
2026-03-26 22:54:14,785 | INFO | Ticket A15-3733 is transited till status: Ready for review
2026-03-26 22:54:15,507 | INFO | Processing ticket A15-3723 with current status: In Progress
2026-03-26 22:54:17,679 | INFO | Transitioned A15-3723 from 'In Progress' to 'ISSUE ANALYSIS IN PROGRESS'
2026-03-26 22:54:19,567 | INFO | Transitioned A15-3723 from 'ISSUE ANALYSIS IN PROGRESS' to 'ISSUE ANALYSIS COMPLETED'
2026-03-26 22:54:21,414 | INFO | Transitioned A15-3723 from 'ISSUE ANALYSIS COMPLETED' to 'OVERNIGHT ISSUE FIXED'
2026-03-26 22:54:24,363 | INFO | Transitioned A15-3723 from 'OVERNIGHT ISSUE FIXED' to 'Ready for review'
2026-03-26 22:54:25,430 | INFO | Ticket A15-3723 is transited till status: Ready for review
2026-03-26 22:54:25,895 | INFO | Processing ticket A15-3728 with current status: In Progress
2026-03-26 22:54:27,306 | INFO | Transitioned A15-3728 from 'In Progress' to 'ISSUE ANALYSIS IN PROGRESS'
2026-03-26 22:54:30,055 | INFO | Transitioned A15-3728 from 'ISSUE ANALYSIS IN PROGRESS' to 'ISSUE ANALYSIS COMPLETED'
2026-03-26 22:54:32,027 | INFO | Transitioned A15-3728 from 'ISSUE ANALYSIS COMPLETED' to 'OVERNIGHT ISSUE FIXED'
2026-03-26 22:54:35,046 | INFO | Transitioned A15-3728 from 'OVERNIGHT ISSUE FIXED' to 'Ready for review'
2026-03-26 22:54:35,755 | INFO | Ticket A15-3728 is transited till status: Ready for review
2026-03-26 22:54:36,134 | INFO | Processing ticket A15-3729 with current status: In Progress
2026-03-26 22:54:38,567 | INFO | Transitioned A15-3729 from 'In Progress' to 'ISSUE ANALYSIS IN PROGRESS'
2026-03-26 22:54:40,397 | INFO | Transitioned A15-3729 from 'ISSUE ANALYSIS IN PROGRESS' to 'ISSUE ANALYSIS COMPLETED'
2026-03-26 22:54:42,105 | INFO | Transitioned A15-3729 from 'ISSUE ANALYSIS COMPLETED' to 'OVERNIGHT ISSUE FIXED'
2026-03-26 22:54:43,895 | INFO | Transitioned A15-3729 from 'OVERNIGHT ISSUE FIXED' to 'Ready for review'
2026-03-26 22:54:44,631 | INFO | Ticket A15-3729 is transited till status: Ready for review
2026-03-26 22:54:45,116 | INFO | Processing ticket A15-3734 with current status: In Progress
2026-03-26 22:54:46,538 | INFO | Transitioned A15-3734 from 'In Progress' to 'ISSUE ANALYSIS IN PROGRESS'
2026-03-26 22:54:48,385 | INFO | Transitioned A15-3734 from 'ISSUE ANALYSIS IN PROGRESS' to 'ISSUE ANALYSIS COMPLETED'
2026-03-26 22:54:50,387 | INFO | Transitioned A15-3734 from 'ISSUE ANALYSIS COMPLETED' to 'OVERNIGHT ISSUE FIXED'
2026-03-26 22:54:52,168 | INFO | Transitioned A15-3734 from 'OVERNIGHT ISSUE FIXED' to 'Ready for review'
2026-03-26 22:54:52,854 | INFO | Ticket A15-3734 is transited till status: Ready for review
2026-03-26 22:54:53,190 | INFO | Processing ticket A15-3735 with current status: In Progress
2026-03-26 22:54:54,601 | INFO | Transitioned A15-3735 from 'In Progress' to 'ISSUE ANALYSIS IN PROGRESS'
2026-03-26 22:54:56,387 | INFO | Transitioned A15-3735 from 'ISSUE ANALYSIS IN PROGRESS' to 'ISSUE ANALYSIS COMPLETED'
2026-03-26 22:54:58,238 | INFO | Transitioned A15-3735 from 'ISSUE ANALYSIS COMPLETED' to 'NO FIXATION REQUIRED'
2026-03-26 22:54:59,899 | INFO | Transitioned A15-3735 from 'NO FIXATION REQUIRED' to 'Ready for review'
2026-03-26 22:55:00,613 | INFO | Ticket A15-3735 is transited till status: Ready for review
2026-03-26 22:55:00,956 | INFO | Processing ticket A15-3724 with current status: In Progress
2026-03-26 22:55:02,389 | INFO | Transitioned A15-3724 from 'In Progress' to 'ISSUE ANALYSIS IN PROGRESS'
2026-03-26 22:55:04,138 | INFO | Transitioned A15-3724 from 'ISSUE ANALYSIS IN PROGRESS' to 'ISSUE ANALYSIS COMPLETED'
2026-03-26 22:55:06,064 | INFO | Transitioned A15-3724 from 'ISSUE ANALYSIS COMPLETED' to 'NO FIXATION REQUIRED'
2026-03-26 22:55:07,977 | INFO | Transitioned A15-3724 from 'NO FIXATION REQUIRED' to 'Ready for review'
2026-03-26 22:55:08,713 | INFO | Ticket A15-3724 is transited till status: Ready for review
2026-03-26 22:55:09,147 | INFO | Processing ticket A15-3725 with current status: In Progress
2026-03-26 22:55:10,499 | INFO | Transitioned A15-3725 from 'In Progress' to 'ISSUE ANALYSIS IN PROGRESS'
2026-03-26 22:55:12,219 | INFO | Transitioned A15-3725 from 'ISSUE ANALYSIS IN PROGRESS' to 'ISSUE ANALYSIS COMPLETED'
2026-03-26 22:55:14,066 | INFO | Transitioned A15-3725 from 'ISSUE ANALYSIS COMPLETED' to 'OVERNIGHT ISSUE FIXED'
2026-03-26 22:55:15,816 | INFO | Transitioned A15-3725 from 'OVERNIGHT ISSUE FIXED' to 'Ready for review'
2026-03-26 22:55:16,593 | INFO | Ticket A15-3725 is transited till status: Ready for review
2026-03-26 22:55:17,059 | INFO | Processing ticket A15-3571 with current status: In Progress
2026-03-26 22:55:18,458 | INFO | Transitioned A15-3571 from 'In Progress' to 'ISSUE ANALYSIS IN PROGRESS'
2026-03-26 22:55:20,298 | INFO | Transitioned A15-3571 from 'ISSUE ANALYSIS IN PROGRESS' to 'ISSUE ANALYSIS COMPLETED'
2026-03-26 22:55:21,988 | INFO | Transitioned A15-3571 from 'ISSUE ANALYSIS COMPLETED' to 'OVERNIGHT ISSUE FIXED'
2026-03-26 22:55:23,692 | INFO | Transitioned A15-3571 from 'OVERNIGHT ISSUE FIXED' to 'Ready for review'
2026-03-26 22:55:24,342 | INFO | Ticket A15-3571 is transited till status: Ready for review
2026-03-26 22:55:24,778 | INFO | Processing ticket A15-3570 with current status: In Progress
2026-03-26 22:55:26,239 | INFO | Transitioned A15-3570 from 'In Progress' to 'ISSUE ANALYSIS IN PROGRESS'
2026-03-26 22:55:28,448 | INFO | Transitioned A15-3570 from 'ISSUE ANALYSIS IN PROGRESS' to 'ISSUE ANALYSIS COMPLETED'
2026-03-26 22:55:30,209 | INFO | Transitioned A15-3570 from 'ISSUE ANALYSIS COMPLETED' to 'NO FIXATION REQUIRED'
2026-03-26 22:55:31,982 | INFO | Transitioned A15-3570 from 'NO FIXATION REQUIRED' to 'Ready for review'
2026-03-26 22:55:32,675 | INFO | Ticket A15-3570 is transited till status: Ready for review
2026-03-26 22:55:33,002 | INFO | Processing ticket A15-3682 with current status: In Progress
2026-03-26 22:55:34,359 | INFO | Transitioned A15-3682 from 'In Progress' to 'ISSUE ANALYSIS IN PROGRESS'
2026-03-26 22:55:36,369 | INFO | Transitioned A15-3682 from 'ISSUE ANALYSIS IN PROGRESS' to 'ISSUE ANALYSIS COMPLETED'
2026-03-26 22:55:38,060 | INFO | Transitioned A15-3682 from 'ISSUE ANALYSIS COMPLETED' to 'NO FIXATION REQUIRED'
2026-03-26 22:55:39,807 | INFO | Transitioned A15-3682 from 'NO FIXATION REQUIRED' to 'Ready for review'
2026-03-26 22:55:40,512 | INFO | Ticket A15-3682 is transited till status: Ready for review
2026-03-26 22:55:40,910 | INFO | Processing ticket A15-3687 with current status: In Progress
2026-03-26 22:55:42,409 | INFO | Transitioned A15-3687 from 'In Progress' to 'ISSUE ANALYSIS IN PROGRESS'
2026-03-26 22:55:44,147 | INFO | Transitioned A15-3687 from 'ISSUE ANALYSIS IN PROGRESS' to 'ISSUE ANALYSIS COMPLETED'
2026-03-26 22:55:45,902 | INFO | Transitioned A15-3687 from 'ISSUE ANALYSIS COMPLETED' to 'OVERNIGHT ISSUE FIXED'
2026-03-26 22:55:47,807 | INFO | Transitioned A15-3687 from 'OVERNIGHT ISSUE FIXED' to 'Ready for review'
2026-03-26 22:55:48,533 | INFO | Ticket A15-3687 is transited till status: Ready for review
2026-03-26 22:55:48,932 | INFO | Processing ticket A15-3688 with current status: In Progress
2026-03-26 22:55:50,186 | INFO | Transitioned A15-3688 from 'In Progress' to 'ISSUE ANALYSIS IN PROGRESS'
2026-03-26 22:55:52,138 | INFO | Transitioned A15-3688 from 'ISSUE ANALYSIS IN PROGRESS' to 'ISSUE ANALYSIS COMPLETED'
2026-03-26 22:55:53,897 | INFO | Transitioned A15-3688 from 'ISSUE ANALYSIS COMPLETED' to 'OVERNIGHT ISSUE FIXED'
2026-03-26 22:55:55,664 | INFO | Transitioned A15-3688 from 'OVERNIGHT ISSUE FIXED' to 'Ready for review'
2026-03-26 22:55:56,464 | INFO | Ticket A15-3688 is transited till status: Ready for review
2026-03-26 22:55:56,825 | INFO | Processing ticket A15-3689 with current status: In Progress
2026-03-26 22:55:58,238 | INFO | Transitioned A15-3689 from 'In Progress' to 'ISSUE ANALYSIS IN PROGRESS'
2026-03-26 22:55:59,860 | INFO | Transitioned A15-3689 from 'ISSUE ANALYSIS IN PROGRESS' to 'ISSUE ANALYSIS COMPLETED'
2026-03-26 22:56:01,569 | INFO | Transitioned A15-3689 from 'ISSUE ANALYSIS COMPLETED' to 'OVERNIGHT ISSUE FIXED'
2026-03-26 22:56:03,428 | INFO | Transitioned A15-3689 from 'OVERNIGHT ISSUE FIXED' to 'Ready for review'
2026-03-26 22:56:04,428 | INFO | Ticket A15-3689 is transited till status: Ready for review
2026-03-26 22:56:04,429 | INFO | ✅ JIRA TRANSITION COMPLETED...

