2026-01-15 23:22:20,126 | INFO | Token loaded from Environment Variable
2026-01-15 23:22:20,886 | INFO | Successfully connected to Jira server: https://kpithondajapan.atlassian.net
2026-01-15 23:22:23,148 | INFO | Successfully read Excel file: Transite_Issues.xlsx
2026-01-15 23:22:23,855 | INFO | Processing ticket DRT-3915 with current status: In_Progress
2026-01-15 23:22:26,174 | INFO | Transitioned DRT-3915 from 'In_Progress' to 'Issue Analysis In Progress'
2026-01-15 23:22:29,026 | INFO | Transitioned DRT-3915 from 'Issue Analysis In Progress' to 'Issue Analysis Completed'
2026-01-15 23:22:31,142 | INFO | Transitioned DRT-3915 from 'Issue Analysis Completed' to 'No Fixation Required'
2026-01-15 23:22:33,663 | INFO | Transitioned DRT-3915 from 'No Fixation Required' to 'Ready for review'
2026-01-15 23:22:34,521 | INFO | Ticket DRT-3915 is transited till status: Ready for review
2026-01-15 23:22:34,810 | INFO | Processing ticket DRT-1880 with current status: In_Progress
2026-01-15 23:22:36,381 | INFO | Transitioned DRT-1880 from 'In_Progress' to 'Issue Analysis In Progress'
2026-01-15 23:22:38,714 | INFO | Transitioned DRT-1880 from 'Issue Analysis In Progress' to 'Issue Analysis Completed'
2026-01-15 23:22:40,444 | INFO | Transitioned DRT-1880 from 'Issue Analysis Completed' to 'No Fixation Required'
2026-01-15 23:22:42,489 | INFO | Transitioned DRT-1880 from 'No Fixation Required' to 'Ready for review'
2026-01-15 23:22:43,460 | INFO | Ticket DRT-1880 is transited till status: Ready for review
2026-01-15 23:22:44,096 | INFO | Processing ticket DRT-1758 with current status: In_Progress
2026-01-15 23:22:45,572 | INFO | Transitioned DRT-1758 from 'In_Progress' to 'Issue Analysis In Progress'
2026-01-15 23:22:46,834 | INFO | Transitioned DRT-1758 from 'Issue Analysis In Progress' to 'Issue Analysis Completed'
2026-01-15 23:22:48,532 | INFO | Transitioned DRT-1758 from 'Issue Analysis Completed' to 'No Fixation Required'
2026-01-15 23:22:50,731 | INFO | Transitioned DRT-1758 from 'No Fixation Required' to 'Ready for review'
2026-01-15 23:22:51,297 | INFO | Ticket DRT-1758 is transited till status: Ready for review
2026-01-15 23:22:51,576 | INFO | Processing ticket DRT-1743 with current status: In_Progress
2026-01-15 23:22:53,067 | INFO | Transitioned DRT-1743 from 'In_Progress' to 'Issue Analysis In Progress'
2026-01-15 23:22:54,358 | INFO | Transitioned DRT-1743 from 'Issue Analysis In Progress' to 'Issue Analysis Completed'
2026-01-15 23:22:55,722 | INFO | Transitioned DRT-1743 from 'Issue Analysis Completed' to 'No Fixation Required'
2026-01-15 23:22:57,453 | INFO | Transitioned DRT-1743 from 'No Fixation Required' to 'Ready for review'
2026-01-15 23:22:58,711 | INFO | Ticket DRT-1743 is transited till status: Ready for review
2026-01-15 23:22:58,988 | INFO | Processing ticket DRT-1742 with current status: In_Progress
2026-01-15 23:23:00,056 | INFO | Transitioned DRT-1742 from 'In_Progress' to 'Issue Analysis In Progress'
2026-01-15 23:23:01,299 | INFO | Transitioned DRT-1742 from 'Issue Analysis In Progress' to 'Issue Analysis Completed'
2026-01-15 23:23:02,949 | INFO | Transitioned DRT-1742 from 'Issue Analysis Completed' to 'No Fixation Required'
2026-01-15 23:23:04,635 | INFO | Transitioned DRT-1742 from 'No Fixation Required' to 'Ready for review'
2026-01-15 23:23:05,181 | INFO | Ticket DRT-1742 is transited till status: Ready for review
2026-01-15 23:23:05,453 | INFO | Processing ticket DRT-1740 with current status: In_Progress
2026-01-15 23:23:06,906 | INFO | Transitioned DRT-1740 from 'In_Progress' to 'Issue Analysis In Progress'
2026-01-15 23:23:08,226 | INFO | Transitioned DRT-1740 from 'Issue Analysis In Progress' to 'Issue Analysis Completed'
2026-01-15 23:23:09,913 | INFO | Transitioned DRT-1740 from 'Issue Analysis Completed' to 'No Fixation Required'
2026-01-15 23:23:11,233 | INFO | Transitioned DRT-1740 from 'No Fixation Required' to 'Ready for review'
2026-01-15 23:23:11,797 | INFO | Ticket DRT-1740 is transited till status: Ready for review
2026-01-15 23:23:12,063 | INFO | Processing ticket DRT-3831 with current status: In_Progress
2026-01-15 23:23:13,195 | INFO | Transitioned DRT-3831 from 'In_Progress' to 'Issue Analysis In Progress'
2026-01-15 23:23:14,472 | INFO | Transitioned DRT-3831 from 'Issue Analysis In Progress' to 'Issue Analysis Completed'
2026-01-15 23:23:16,207 | INFO | Transitioned DRT-3831 from 'Issue Analysis Completed' to 'No Fixation Required'
2026-01-15 23:23:17,533 | INFO | Transitioned DRT-3831 from 'No Fixation Required' to 'Ready for review'
2026-01-15 23:23:18,059 | INFO | Ticket DRT-3831 is transited till status: Ready for review
2026-01-15 23:23:18,330 | INFO | Processing ticket DRT-4777 with current status: In_Progress
2026-01-15 23:23:19,392 | INFO | Transitioned DRT-4777 from 'In_Progress' to 'Issue Analysis In Progress'
2026-01-15 23:23:20,628 | INFO | Transitioned DRT-4777 from 'Issue Analysis In Progress' to 'Issue Analysis Completed'
2026-01-15 23:23:21,969 | INFO | Transitioned DRT-4777 from 'Issue Analysis Completed' to 'Overnight Issue Fixed'
2026-01-15 23:23:23,670 | INFO | Transitioned DRT-4777 from 'Overnight Issue Fixed' to 'Ready for review'
2026-01-15 23:23:24,259 | INFO | Ticket DRT-4777 is transited till status: Ready for review
2026-01-15 23:23:24,587 | INFO | Processing ticket DRT-1759 with current status: In_Progress
2026-01-15 23:23:25,698 | INFO | Transitioned DRT-1759 from 'In_Progress' to 'Issue Analysis In Progress'
2026-01-15 23:23:27,133 | INFO | Transitioned DRT-1759 from 'Issue Analysis In Progress' to 'Issue Analysis Completed'
2026-01-15 23:23:28,540 | INFO | Transitioned DRT-1759 from 'Issue Analysis Completed' to 'No Fixation Required'
2026-01-15 23:23:30,285 | INFO | Transitioned DRT-1759 from 'No Fixation Required' to 'Ready for review'
2026-01-15 23:23:30,881 | INFO | Ticket DRT-1759 is transited till status: Ready for review
2026-01-15 23:23:31,166 | INFO | Processing ticket DRT-1732 with current status: In_Progress
2026-01-15 23:23:32,244 | INFO | Transitioned DRT-1732 from 'In_Progress' to 'Issue Analysis In Progress'
2026-01-15 23:23:33,600 | INFO | Transitioned DRT-1732 from 'Issue Analysis In Progress' to 'Issue Analysis Completed'
2026-01-15 23:23:34,962 | INFO | Transitioned DRT-1732 from 'Issue Analysis Completed' to 'No Fixation Required'
2026-01-15 23:23:36,279 | INFO | Transitioned DRT-1732 from 'No Fixation Required' to 'Ready for review'
2026-01-15 23:23:36,850 | INFO | Ticket DRT-1732 is transited till status: Ready for review
2026-01-15 23:23:37,123 | INFO | Processing ticket DRT-1731 with current status: In_Progress
2026-01-15 23:23:38,135 | INFO | Transitioned DRT-1731 from 'In_Progress' to 'Issue Analysis In Progress'
2026-01-15 23:23:39,434 | INFO | Transitioned DRT-1731 from 'Issue Analysis In Progress' to 'Issue Analysis Completed'
2026-01-15 23:23:40,739 | INFO | Transitioned DRT-1731 from 'Issue Analysis Completed' to 'No Fixation Required'
2026-01-15 23:23:42,052 | INFO | Transitioned DRT-1731 from 'No Fixation Required' to 'Ready for review'
2026-01-15 23:23:42,609 | INFO | Ticket DRT-1731 is transited till status: Ready for review
2026-01-15 23:23:42,897 | INFO | Processing ticket DRT-4639 with current status: In_Progress
2026-01-15 23:23:44,353 | INFO | Transitioned DRT-4639 from 'In_Progress' to 'Issue Analysis In Progress'
2026-01-15 23:23:45,996 | INFO | Transitioned DRT-4639 from 'Issue Analysis In Progress' to 'Issue Analysis Completed'
2026-01-15 23:23:47,290 | INFO | Transitioned DRT-4639 from 'Issue Analysis Completed' to 'No Fixation Required'
2026-01-15 23:23:48,576 | INFO | Transitioned DRT-4639 from 'No Fixation Required' to 'Ready for review'
2026-01-15 23:23:49,113 | INFO | Ticket DRT-4639 is transited till status: Ready for review
2026-01-15 23:23:49,424 | INFO | Processing ticket DRT-3914 with current status: In_Progress
2026-01-15 23:23:50,550 | INFO | Transitioned DRT-3914 from 'In_Progress' to 'Issue Analysis In Progress'
2026-01-15 23:23:51,855 | INFO | Transitioned DRT-3914 from 'Issue Analysis In Progress' to 'Issue Analysis Completed'
2026-01-15 23:23:53,602 | INFO | Transitioned DRT-3914 from 'Issue Analysis Completed' to 'No Fixation Required'
2026-01-15 23:23:54,971 | INFO | Transitioned DRT-3914 from 'No Fixation Required' to 'Ready for review'
2026-01-15 23:23:55,593 | INFO | Ticket DRT-3914 is transited till status: Ready for review
2026-01-15 23:23:55,876 | INFO | Processing ticket DRT-3981 with current status: In_Progress
2026-01-15 23:23:56,906 | INFO | Transitioned DRT-3981 from 'In_Progress' to 'Issue Analysis In Progress'
2026-01-15 23:23:58,838 | INFO | Transitioned DRT-3981 from 'Issue Analysis In Progress' to 'Issue Analysis Completed'
2026-01-15 23:24:00,630 | INFO | Transitioned DRT-3981 from 'Issue Analysis Completed' to 'No Fixation Required'
2026-01-15 23:24:01,906 | INFO | Transitioned DRT-3981 from 'No Fixation Required' to 'Ready for review'
2026-01-15 23:24:02,461 | INFO | Ticket DRT-3981 is transited till status: Ready for review
2026-01-15 23:24:02,731 | INFO | Processing ticket DRT-1965 with current status: In_Progress
2026-01-15 23:24:03,770 | INFO | Transitioned DRT-1965 from 'In_Progress' to 'Issue Analysis In Progress'
2026-01-15 23:24:05,074 | INFO | Transitioned DRT-1965 from 'Issue Analysis In Progress' to 'Issue Analysis Completed'
2026-01-15 23:24:06,338 | INFO | Transitioned DRT-1965 from 'Issue Analysis Completed' to 'No Fixation Required'
2026-01-15 23:24:07,667 | INFO | Transitioned DRT-1965 from 'No Fixation Required' to 'Ready for review'
2026-01-15 23:24:08,215 | INFO | Ticket DRT-1965 is transited till status: Ready for review
2026-01-15 23:24:08,508 | INFO | Processing ticket DRT-2122 with current status: In_Progress
2026-01-15 23:24:09,571 | INFO | Transitioned DRT-2122 from 'In_Progress' to 'Issue Analysis In Progress'
2026-01-15 23:24:10,892 | INFO | Transitioned DRT-2122 from 'Issue Analysis In Progress' to 'Issue Analysis Completed'
2026-01-15 23:24:12,145 | INFO | Transitioned DRT-2122 from 'Issue Analysis Completed' to 'No Fixation Required'
2026-01-15 23:24:13,501 | INFO | Transitioned DRT-2122 from 'No Fixation Required' to 'Ready for review'
2026-01-15 23:24:14,096 | INFO | Ticket DRT-2122 is transited till status: Ready for review
2026-01-15 23:24:14,414 | INFO | Processing ticket DRT-2119 with current status: In_Progress
2026-01-15 23:24:15,500 | INFO | Transitioned DRT-2119 from 'In_Progress' to 'Issue Analysis In Progress'
2026-01-15 23:24:16,871 | INFO | Transitioned DRT-2119 from 'Issue Analysis In Progress' to 'Issue Analysis Completed'
2026-01-15 23:24:18,241 | INFO | Transitioned DRT-2119 from 'Issue Analysis Completed' to 'No Fixation Required'
2026-01-15 23:24:19,553 | INFO | Transitioned DRT-2119 from 'No Fixation Required' to 'Ready for review'
2026-01-15 23:24:20,138 | INFO | Ticket DRT-2119 is transited till status: Ready for review
2026-01-15 23:24:20,458 | INFO | Processing ticket DRT-3980 with current status: In_Progress
2026-01-15 23:24:21,526 | INFO | Transitioned DRT-3980 from 'In_Progress' to 'Issue Analysis In Progress'
2026-01-15 23:24:22,056 | ERROR | Failed on DRT-3980: ("Connection broken: InvalidChunkLength(got length b'', 0 bytes read)", InvalidChunkLength(got length b'', 0 bytes read))
Traceback (most recent call last):
  File "C:\Users\chandrakanb\AppData\Roaming\Python\Python312\site-packages\urllib3\response.py", line 761, in _update_chunk_length
    self.chunk_left = int(line, 16)
                      ^^^^^^^^^^^^^
ValueError: invalid literal for int() with base 16: b''

During handling of the above exception, another exception occurred:

Traceback (most recent call last):
  File "C:\Users\chandrakanb\AppData\Roaming\Python\Python312\site-packages\urllib3\response.py", line 444, in _error_catcher
    yield
  File "C:\Users\chandrakanb\AppData\Roaming\Python\Python312\site-packages\urllib3\response.py", line 828, in read_chunked
    self._update_chunk_length()
  File "C:\Users\chandrakanb\AppData\Roaming\Python\Python312\site-packages\urllib3\response.py", line 765, in _update_chunk_length
    raise InvalidChunkLength(self, line)
urllib3.exceptions.InvalidChunkLength: InvalidChunkLength(got length b'', 0 bytes read)

During handling of the above exception, another exception occurred:

Traceback (most recent call last):
  File "C:\Users\chandrakanb\AppData\Roaming\Python\Python312\site-packages\requests\models.py", line 820, in generate
    yield from self.raw.stream(chunk_size, decode_content=True)
  File "C:\Users\chandrakanb\AppData\Roaming\Python\Python312\site-packages\urllib3\response.py", line 624, in stream
    for line in self.read_chunked(amt, decode_content=decode_content):
  File "C:\Users\chandrakanb\AppData\Roaming\Python\Python312\site-packages\urllib3\response.py", line 816, in read_chunked
    with self._error_catcher():
  File "C:\Program Files\Python312\Lib\contextlib.py", line 158, in __exit__
    self.gen.throw(value)
  File "C:\Users\chandrakanb\AppData\Roaming\Python\Python312\site-packages\urllib3\response.py", line 461, in _error_catcher
    raise ProtocolError("Connection broken: %r" % e, e)
urllib3.exceptions.ProtocolError: ("Connection broken: InvalidChunkLength(got length b'', 0 bytes read)", InvalidChunkLength(got length b'', 0 bytes read))

During handling of the above exception, another exception occurred:

Traceback (most recent call last):
  File "D:\chandrakanb\chandrakanb\Jira Updator\Jira_Update\Overnight Failure Ticket Update\Bulk Failure Update DRT\Transite Issues\Transite_Issues.py", line 99, in <module>
    transitions = jira.transitions(issue)
                  ^^^^^^^^^^^^^^^^^^^^^^^
  File "C:\Users\chandrakanb\AppData\Roaming\Python\Python312\site-packages\jira\client.py", line 204, in wrapper
    result = func(*arg_list, **kwargs)
             ^^^^^^^^^^^^^^^^^^^^^^^^^
  File "C:\Users\chandrakanb\AppData\Roaming\Python\Python312\site-packages\jira\client.py", line 2528, in transitions
    return self._get_json("issue/" + str(issue) + "/transitions", params=params)[
           ^^^^^^^^^^^^^^^^^^^^^^^^^^^^^^^^^^^^^^^^^^^^^^^^^^^^^^^^^^^^^^^^^^^^^
  File "C:\Users\chandrakanb\AppData\Roaming\Python\Python312\site-packages\jira\client.py", line 4358, in _get_json
    else self._session.get(url, params=params)
         ^^^^^^^^^^^^^^^^^^^^^^^^^^^^^^^^^^^^^
  File "C:\Users\chandrakanb\AppData\Roaming\Python\Python312\site-packages\requests\sessions.py", line 602, in get
    return self.request("GET", url, **kwargs)
           ^^^^^^^^^^^^^^^^^^^^^^^^^^^^^^^^^^
  File "C:\Users\chandrakanb\AppData\Roaming\Python\Python312\site-packages\jira\resilientsession.py", line 224, in request
    response = super().request(
               ^^^^^^^^^^^^^^^^
  File "C:\Users\chandrakanb\AppData\Roaming\Python\Python312\site-packages\requests\sessions.py", line 589, in request
    resp = self.send(prep, **send_kwargs)
           ^^^^^^^^^^^^^^^^^^^^^^^^^^^^^^
  File "C:\Users\chandrakanb\AppData\Roaming\Python\Python312\site-packages\requests\sessions.py", line 746, in send
    r.content
  File "C:\Users\chandrakanb\AppData\Roaming\Python\Python312\site-packages\requests\models.py", line 902, in content
    self._content = b"".join(self.iter_content(CONTENT_CHUNK_SIZE)) or b""
                    ^^^^^^^^^^^^^^^^^^^^^^^^^^^^^^^^^^^^^^^^^^^^^^^
  File "C:\Users\chandrakanb\AppData\Roaming\Python\Python312\site-packages\requests\models.py", line 822, in generate
    raise ChunkedEncodingError(e)
requests.exceptions.ChunkedEncodingError: ("Connection broken: InvalidChunkLength(got length b'', 0 bytes read)", InvalidChunkLength(got length b'', 0 bytes read))
2026-01-15 23:24:22,847 | INFO | Processing ticket DRT-2127 with current status: In_Progress
2026-01-15 23:24:24,598 | INFO | Transitioned DRT-2127 from 'In_Progress' to 'Issue Analysis In Progress'
2026-01-15 23:24:27,346 | INFO | Transitioned DRT-2127 from 'Issue Analysis In Progress' to 'Issue Analysis Completed'
2026-01-15 23:24:29,455 | INFO | Transitioned DRT-2127 from 'Issue Analysis Completed' to 'No Fixation Required'
2026-01-15 23:24:31,186 | INFO | Transitioned DRT-2127 from 'No Fixation Required' to 'Ready for review'
2026-01-15 23:24:32,470 | INFO | Ticket DRT-2127 is transited till status: Ready for review
2026-01-15 23:24:32,749 | INFO | Processing ticket DRT-2132 with current status: In_Progress
2026-01-15 23:24:34,191 | INFO | Transitioned DRT-2132 from 'In_Progress' to 'Issue Analysis In Progress'
2026-01-15 23:24:35,795 | INFO | Transitioned DRT-2132 from 'Issue Analysis In Progress' to 'Issue Analysis Completed'
2026-01-15 23:24:37,503 | INFO | Transitioned DRT-2132 from 'Issue Analysis Completed' to 'No Fixation Required'
2026-01-15 23:24:39,577 | INFO | Transitioned DRT-2132 from 'No Fixation Required' to 'Ready for review'
2026-01-15 23:24:40,472 | INFO | Ticket DRT-2132 is transited till status: Ready for review
2026-01-15 23:24:41,114 | INFO | Processing ticket DRT-2125 with current status: In_Progress
2026-01-15 23:24:42,936 | INFO | Transitioned DRT-2125 from 'In_Progress' to 'Issue Analysis In Progress'
2026-01-15 23:24:44,642 | INFO | Transitioned DRT-2125 from 'Issue Analysis In Progress' to 'Issue Analysis Completed'
2026-01-15 23:24:46,728 | INFO | Transitioned DRT-2125 from 'Issue Analysis Completed' to 'No Fixation Required'
2026-01-15 23:24:48,043 | INFO | Transitioned DRT-2125 from 'No Fixation Required' to 'Ready for review'
2026-01-15 23:24:48,984 | INFO | Ticket DRT-2125 is transited till status: Ready for review
2026-01-15 23:24:49,230 | INFO | Processing ticket DRT-5207 with current status: In_Progress
2026-01-15 23:24:50,661 | INFO | Transitioned DRT-5207 from 'In_Progress' to 'Issue Analysis In Progress'
2026-01-15 23:24:52,004 | INFO | Transitioned DRT-5207 from 'Issue Analysis In Progress' to 'Issue Analysis Completed'
2026-01-15 23:24:54,371 | INFO | Transitioned DRT-5207 from 'Issue Analysis Completed' to 'Overnight Issue Fixed'
2026-01-15 23:24:55,587 | INFO | Transitioned DRT-5207 from 'Overnight Issue Fixed' to 'Ready for review'
2026-01-15 23:24:56,108 | INFO | Ticket DRT-5207 is transited till status: Ready for review
2026-01-15 23:24:56,359 | INFO | Processing ticket DRT-5715 with current status: In_Progress
2026-01-15 23:24:57,431 | INFO | Transitioned DRT-5715 from 'In_Progress' to 'Issue Analysis In Progress'
2026-01-15 23:24:59,417 | INFO | Transitioned DRT-5715 from 'Issue Analysis In Progress' to 'Issue Analysis Completed'
2026-01-15 23:25:00,708 | INFO | Transitioned DRT-5715 from 'Issue Analysis Completed' to 'Overnight Issue Fixed'
2026-01-15 23:25:02,318 | INFO | Transitioned DRT-5715 from 'Overnight Issue Fixed' to 'Ready for review'
2026-01-15 23:25:02,838 | INFO | Ticket DRT-5715 is transited till status: Ready for review
2026-01-15 23:25:03,121 | INFO | Processing ticket DRT-1746 with current status: In_Progress
2026-01-15 23:25:04,896 | INFO | Transitioned DRT-1746 from 'In_Progress' to 'Issue Analysis In Progress'
2026-01-15 23:25:06,124 | INFO | Transitioned DRT-1746 from 'Issue Analysis In Progress' to 'Issue Analysis Completed'
2026-01-15 23:25:07,461 | INFO | Transitioned DRT-1746 from 'Issue Analysis Completed' to 'Overnight Issue Fixed'
2026-01-15 23:25:08,767 | INFO | Transitioned DRT-1746 from 'Overnight Issue Fixed' to 'Ready for review'
2026-01-15 23:25:09,288 | INFO | Ticket DRT-1746 is transited till status: Ready for review
2026-01-15 23:25:09,289 | INFO | ✅ JIRA TRANSITION COMPLETED...

