2026-02-02 19:52:37,992 | INFO | Token loaded from Environment Variable
2026-02-02 19:52:38,663 | INFO | Successfully connected to Jira server: https://kpithondajapan.atlassian.net
2026-02-02 19:52:40,229 | INFO | Successfully read Excel file: Transite_Issues.xlsx
2026-02-02 19:52:41,169 | INFO | Ticket DRT-6166 is transited till status: Ready for review
2026-02-02 19:52:41,776 | INFO | Ticket DRT-4639 is transited till status: Ready for review
2026-02-02 19:52:42,472 | INFO | Ticket DRT-3915 is transited till status: Ready for review
2026-02-02 19:52:43,250 | INFO | Ticket DRT-3914 is transited till status: Ready for review
2026-02-02 19:52:44,300 | INFO | Ticket DRT-1880 is transited till status: Ready for review
2026-02-02 19:52:44,953 | INFO | Ticket DRT-3981 is transited till status: Ready for review
2026-02-02 19:52:45,582 | INFO | Ticket DRT-3980 is transited till status: Ready for review
2026-02-02 19:52:46,236 | INFO | Ticket DRT-2125 is transited till status: Ready for review
2026-02-02 19:52:46,810 | INFO | Ticket DRT-4715 is transited till status: Ready for review
2026-02-02 19:52:47,529 | INFO | Ticket DRT-3931 is transited till status: Ready for review
2026-02-02 19:52:48,134 | INFO | Ticket DRT-2305 is transited till status: Ready for review
2026-02-02 19:52:49,154 | INFO | Ticket DRT-2304 is transited till status: Ready for review
2026-02-02 19:52:50,212 | INFO | Ticket DRT-3933 is transited till status: Ready for review
2026-02-02 19:52:51,186 | INFO | Ticket DRT-2308 is transited till status: Ready for review
2026-02-02 19:52:51,838 | INFO | Ticket DRT-2309 is transited till status: Ready for review
2026-02-02 19:52:52,462 | INFO | Ticket DRT-2306 is transited till status: Ready for review
2026-02-02 19:52:52,463 | INFO | ✅ JIRA TRANSITION COMPLETED...

