2026-01-06 09:56:43,225 | INFO | Token loaded from Environment Variable
2026-01-06 09:56:43,836 | INFO | Successfully connected to Jira server: https://kpithondajapan.atlassian.net
2026-01-06 09:56:44,192 | INFO | Successfully read Excel file: Transite_Issues.xlsx
2026-01-06 09:56:44,836 | INFO | Processing ticket DRT-3931 with current status: In_Progress
2026-01-06 09:56:45,933 | INFO | Transitioned DRT-3931 from 'In_Progress' to 'Issue Analysis In Progress'
2026-01-06 09:56:47,555 | INFO | Transitioned DRT-3931 from 'Issue Analysis In Progress' to 'Issue Analysis Completed'
2026-01-06 09:56:48,832 | INFO | Transitioned DRT-3931 from 'Issue Analysis Completed' to 'No Fixation Required'
2026-01-06 09:56:50,453 | INFO | Transitioned DRT-3931 from 'No Fixation Required' to 'Ready for review'
2026-01-06 09:56:51,050 | INFO | Ticket DRT-3931 is transited till status: Ready for review
2026-01-06 09:56:51,311 | INFO | Processing ticket DRT-3841 with current status: In_Progress
2026-01-06 09:56:52,338 | INFO | Transitioned DRT-3841 from 'In_Progress' to 'Issue Analysis In Progress'
2026-01-06 09:56:53,500 | INFO | Transitioned DRT-3841 from 'Issue Analysis In Progress' to 'Issue Analysis Completed'
2026-01-06 09:56:54,755 | INFO | Transitioned DRT-3841 from 'Issue Analysis Completed' to 'No Fixation Required'
2026-01-06 09:56:56,061 | INFO | Transitioned DRT-3841 from 'No Fixation Required' to 'Ready for review'
2026-01-06 09:56:56,601 | INFO | Ticket DRT-3841 is transited till status: Ready for review
2026-01-06 09:56:56,951 | INFO | Processing ticket DRT-2306 with current status: In_Progress
2026-01-06 09:56:58,422 | INFO | Transitioned DRT-2306 from 'In_Progress' to 'Issue Analysis In Progress'
2026-01-06 09:56:59,646 | INFO | Transitioned DRT-2306 from 'Issue Analysis In Progress' to 'Issue Analysis Completed'
2026-01-06 09:57:01,287 | INFO | Transitioned DRT-2306 from 'Issue Analysis Completed' to 'No Fixation Required'
2026-01-06 09:57:02,968 | INFO | Transitioned DRT-2306 from 'No Fixation Required' to 'Ready for review'
2026-01-06 09:57:03,938 | INFO | Ticket DRT-2306 is transited till status: Ready for review
2026-01-06 09:57:03,939 | INFO | ✅ JIRA TRANSITION COMPLETED...

